[0.024s][info][gc] Using G1
[0.025s][info][gc,init] Version: 17.0.2+8-LTS-86 (release)
[0.025s][info][gc,init] CPUs: 8 total, 8 available
[0.025s][info][gc,init] Memory: 16384M
[0.025s][info][gc,init] Large Page Support: Disabled
[0.025s][info][gc,init] NUMA Support: Disabled
[0.025s][info][gc,init] Compressed Oops: Enabled (Zero based)
[0.025s][info][gc,init] Heap Region Size: 1M
[0.025s][info][gc,init] Heap Min Capacity: 8M
[0.025s][info][gc,init] Heap Initial Capacity: 64M
[0.025s][info][gc,init] Heap Max Capacity: 64M
[0.025s][info][gc,init] Pre-touch: Disabled
[0.025s][info][gc,init] Parallel Workers: 8
[0.025s][info][gc,init] Concurrent Workers: 2
[0.025s][info][gc,init] Concurrent Refinement Workers: 8
[0.025s][info][gc,init] Periodic GC: Disabled
[0.026s][info][gc,metaspace] CDS archive(s) mapped at: [0x0000000800000000-0x0000000800bd8000-0x0000000800bd8000), size 12419072, SharedBaseAddress: 0x0000000800000000, ArchiveRelocationMode: 0.
[0.026s][info][gc,metaspace] Compressed class space mapped at: 0x0000000800c00000-0x0000000840c00000, reserved size: 1073741824
[0.026s][info][gc,metaspace] Narrow klass base: 0x0000000800000000, Narrow klass shift: 0, Narrow klass range: 0x100000000
[0,235s][info][gc,start    ] GC(0) Pause Young (Normal) (G1 Evacuation Pause)
[0,235s][info][gc,task     ] GC(0) Using 4 workers of 8 for evacuation
[0,238s][info][gc,phases   ] GC(0)   Pre Evacuate Collection Set: 0,0ms
[0,238s][info][gc,phases   ] GC(0)   Merge Heap Roots: 0,1ms
[0,238s][info][gc,phases   ] GC(0)   Evacuate Collection Set: 1,9ms
[0,238s][info][gc,phases   ] GC(0)   Post Evacuate Collection Set: 0,2ms
[0,238s][info][gc,phases   ] GC(0)   Other: 0,5ms
[0,238s][info][gc,heap     ] GC(0) Eden regions: 23->0(31)
[0,238s][info][gc,heap     ] GC(0) Survivor regions: 0->3(3)
[0,238s][info][gc,heap     ] GC(0) Old regions: 0->3
[0,238s][info][gc,heap     ] GC(0) Archive regions: 2->2
[0,238s][info][gc,heap     ] GC(0) Humongous regions: 0->0
[0,238s][info][gc,metaspace] GC(0) Metaspace: 104K(320K)->104K(320K) NonClass: 96K(192K)->96K(192K) Class: 8K(128K)->8K(128K)
[0,238s][info][gc          ] GC(0) Pause Young (Normal) (G1 Evacuation Pause) 23M->6M(64M) 2,839ms
[0,238s][info][gc,cpu      ] GC(0) User=0,00s Sys=0,01s Real=0,00s
[0,379s][info][gc,start    ] GC(1) Pause Young (Normal) (G1 Evacuation Pause)
[0,379s][info][gc,task     ] GC(1) Using 4 workers of 8 for evacuation
[0,381s][info][gc,phases   ] GC(1)   Pre Evacuate Collection Set: 0,0ms
[0,381s][info][gc,phases   ] GC(1)   Merge Heap Roots: 0,0ms
[0,381s][info][gc,phases   ] GC(1)   Evacuate Collection Set: 1,5ms
[0,381s][info][gc,phases   ] GC(1)   Post Evacuate Collection Set: 0,1ms
[0,381s][info][gc,phases   ] GC(1)   Other: 0,2ms
[0,381s][info][gc,heap     ] GC(1) Eden regions: 31->0(34)
[0,381s][info][gc,heap     ] GC(1) Survivor regions: 3->4(5)
[0,381s][info][gc,heap     ] GC(1) Old regions: 3->3
[0,381s][info][gc,heap     ] GC(1) Archive regions: 2->2
[0,381s][info][gc,heap     ] GC(1) Humongous regions: 0->0
[0,381s][info][gc,metaspace] GC(1) Metaspace: 104K(320K)->104K(320K) NonClass: 96K(192K)->96K(192K) Class: 8K(128K)->8K(128K)
[0,381s][info][gc          ] GC(1) Pause Young (Normal) (G1 Evacuation Pause) 37M->7M(64M) 1,964ms
[0,381s][info][gc,cpu      ] GC(1) User=0,00s Sys=0,00s Real=0,01s
[0,527s][info][gc,start    ] GC(2) Pause Young (Normal) (G1 Evacuation Pause)
[0,528s][info][gc,task     ] GC(2) Using 4 workers of 8 for evacuation
[0,529s][info][gc,phases   ] GC(2)   Pre Evacuate Collection Set: 0,0ms
[0,529s][info][gc,phases   ] GC(2)   Merge Heap Roots: 0,0ms
[0,529s][info][gc,phases   ] GC(2)   Evacuate Collection Set: 1,3ms
[0,529s][info][gc,phases   ] GC(2)   Post Evacuate Collection Set: 0,1ms
[0,529s][info][gc,phases   ] GC(2)   Other: 0,1ms
[0,529s][info][gc,heap     ] GC(2) Eden regions: 34->0(34)
[0,529s][info][gc,heap     ] GC(2) Survivor regions: 4->4(5)
[0,529s][info][gc,heap     ] GC(2) Old regions: 3->3
[0,529s][info][gc,heap     ] GC(2) Archive regions: 2->2
[0,529s][info][gc,heap     ] GC(2) Humongous regions: 0->0
[0,529s][info][gc,metaspace] GC(2) Metaspace: 104K(320K)->104K(320K) NonClass: 96K(192K)->96K(192K) Class: 8K(128K)->8K(128K)
[0,529s][info][gc          ] GC(2) Pause Young (Normal) (G1 Evacuation Pause) 41M->7M(64M) 1,774ms
[0,529s][info][gc,cpu      ] GC(2) User=0,00s Sys=0,01s Real=0,00s
[0,629s][info][gc,start    ] GC(3) Pause Young (Normal) (G1 Evacuation Pause)
[0,629s][info][gc,task     ] GC(3) Using 4 workers of 8 for evacuation
[0,629s][info][gc,phases   ] GC(3)   Pre Evacuate Collection Set: 0,0ms
[0,629s][info][gc,phases   ] GC(3)   Merge Heap Roots: 0,0ms
[0,629s][info][gc,phases   ] GC(3)   Evacuate Collection Set: 0,3ms
[0,629s][info][gc,phases   ] GC(3)   Post Evacuate Collection Set: 0,1ms
[0,629s][info][gc,phases   ] GC(3)   Other: 0,1ms
[0,629s][info][gc,heap     ] GC(3) Eden regions: 34->0(35)
[0,629s][info][gc,heap     ] GC(3) Survivor regions: 4->3(5)
[0,629s][info][gc,heap     ] GC(3) Old regions: 3->3
[0,629s][info][gc,heap     ] GC(3) Archive regions: 2->2
[0,629s][info][gc,heap     ] GC(3) Humongous regions: 0->0
[0,629s][info][gc,metaspace] GC(3) Metaspace: 104K(320K)->104K(320K) NonClass: 96K(192K)->96K(192K) Class: 8K(128K)->8K(128K)
[0,629s][info][gc          ] GC(3) Pause Young (Normal) (G1 Evacuation Pause) 40M->6M(64M) 0,597ms
[0,629s][info][gc,cpu      ] GC(3) User=0,00s Sys=0,00s Real=0,00s
[0,778s][info][gc,start    ] GC(4) Pause Young (Normal) (G1 Evacuation Pause)
[0,778s][info][gc,task     ] GC(4) Using 4 workers of 8 for evacuation
[0,779s][info][gc,phases   ] GC(4)   Pre Evacuate Collection Set: 0,1ms
[0,779s][info][gc,phases   ] GC(4)   Merge Heap Roots: 0,0ms
[0,779s][info][gc,phases   ] GC(4)   Evacuate Collection Set: 0,6ms
[0,779s][info][gc,phases   ] GC(4)   Post Evacuate Collection Set: 0,1ms
[0,779s][info][gc,phases   ] GC(4)   Other: 0,1ms
[0,779s][info][gc,heap     ] GC(4) Eden regions: 35->0(33)
[0,779s][info][gc,heap     ] GC(4) Survivor regions: 3->5(5)
[0,779s][info][gc,heap     ] GC(4) Old regions: 3->3
[0,779s][info][gc,heap     ] GC(4) Archive regions: 2->2
[0,779s][info][gc,heap     ] GC(4) Humongous regions: 0->0
[0,779s][info][gc,metaspace] GC(4) Metaspace: 104K(320K)->104K(320K) NonClass: 96K(192K)->96K(192K) Class: 8K(128K)->8K(128K)
[0,779s][info][gc          ] GC(4) Pause Young (Normal) (G1 Evacuation Pause) 41M->8M(64M) 1,150ms
[0,779s][info][gc,cpu      ] GC(4) User=0,00s Sys=0,00s Real=0,00s
[0,926s][info][gc,start    ] GC(5) Pause Young (Normal) (G1 Evacuation Pause)
[0,926s][info][gc,task     ] GC(5) Using 4 workers of 8 for evacuation
[0,927s][info][gc,phases   ] GC(5)   Pre Evacuate Collection Set: 0,0ms
[0,927s][info][gc,phases   ] GC(5)   Merge Heap Roots: 0,0ms
[0,927s][info][gc,phases   ] GC(5)   Evacuate Collection Set: 0,2ms
[0,927s][info][gc,phases   ] GC(5)   Post Evacuate Collection Set: 0,1ms
[0,927s][info][gc,phases   ] GC(5)   Other: 0,1ms
[0,927s][info][gc,heap     ] GC(5) Eden regions: 33->0(34)
[0,927s][info][gc,heap     ] GC(5) Survivor regions: 5->4(5)
[0,927s][info][gc,heap     ] GC(5) Old regions: 3->3
[0,927s][info][gc,heap     ] GC(5) Archive regions: 2->2
[0,927s][info][gc,heap     ] GC(5) Humongous regions: 0->0
[0,927s][info][gc,metaspace] GC(5) Metaspace: 104K(320K)->104K(320K) NonClass: 96K(192K)->96K(192K) Class: 8K(128K)->8K(128K)
[0,927s][info][gc          ] GC(5) Pause Young (Normal) (G1 Evacuation Pause) 41M->6M(64M) 0,637ms
[0,927s][info][gc,cpu      ] GC(5) User=0,00s Sys=0,00s Real=0,00s
[1,028s][info][gc,start    ] GC(6) Pause Young (Normal) (G1 Evacuation Pause)
[1,028s][info][gc,task     ] GC(6) Using 4 workers of 8 for evacuation
[1,029s][info][gc,phases   ] GC(6)   Pre Evacuate Collection Set: 0,0ms
[1,029s][info][gc,phases   ] GC(6)   Merge Heap Roots: 0,0ms
[1,029s][info][gc,phases   ] GC(6)   Evacuate Collection Set: 0,4ms
[1,029s][info][gc,phases   ] GC(6)   Post Evacuate Collection Set: 0,1ms
[1,029s][info][gc,phases   ] GC(6)   Other: 0,1ms
[1,029s][info][gc,heap     ] GC(6) Eden regions: 34->0(34)
[1,029s][info][gc,heap     ] GC(6) Survivor regions: 4->4(5)
[1,029s][info][gc,heap     ] GC(6) Old regions: 3->3
[1,029s][info][gc,heap     ] GC(6) Archive regions: 2->2
[1,029s][info][gc,heap     ] GC(6) Humongous regions: 0->0
[1,029s][info][gc,metaspace] GC(6) Metaspace: 104K(320K)->104K(320K) NonClass: 96K(192K)->96K(192K) Class: 8K(128K)->8K(128K)
[1,029s][info][gc          ] GC(6) Pause Young (Normal) (G1 Evacuation Pause) 40M->7M(64M) 0,840ms
[1,029s][info][gc,cpu      ] GC(6) User=0,00s Sys=0,00s Real=0,00s
[1,177s][info][gc,start    ] GC(7) Pause Young (Normal) (G1 Evacuation Pause)
[1,177s][info][gc,task     ] GC(7) Using 4 workers of 8 for evacuation
[1,178s][info][gc,phases   ] GC(7)   Pre Evacuate Collection Set: 0,0ms
[1,178s][info][gc,phases   ] GC(7)   Merge Heap Roots: 0,0ms
[1,178s][info][gc,phases   ] GC(7)   Evacuate Collection Set: 0,2ms
[1,178s][info][gc,phases   ] GC(7)   Post Evacuate Collection Set: 0,1ms
[1,178s][info][gc,phases   ] GC(7)   Other: 0,1ms
[1,178s][info][gc,heap     ] GC(7) Eden regions: 34->0(34)
[1,178s][info][gc,heap     ] GC(7) Survivor regions: 4->4(5)
[1,178s][info][gc,heap     ] GC(7) Old regions: 3->3
[1,178s][info][gc,heap     ] GC(7) Archive regions: 2->2
[1,178s][info][gc,heap     ] GC(7) Humongous regions: 0->0
[1,178s][info][gc,metaspace] GC(7) Metaspace: 104K(320K)->104K(320K) NonClass: 96K(192K)->96K(192K) Class: 8K(128K)->8K(128K)
[1,178s][info][gc          ] GC(7) Pause Young (Normal) (G1 Evacuation Pause) 41M->7M(64M) 0,579ms
[1,178s][info][gc,cpu      ] GC(7) User=0,00s Sys=0,00s Real=0,00s
[1,328s][info][gc,start    ] GC(8) Pause Young (Normal) (G1 Evacuation Pause)
[1,328s][info][gc,task     ] GC(8) Using 4 workers of 8 for evacuation
[1,329s][info][gc,phases   ] GC(8)   Pre Evacuate Collection Set: 0,0ms
[1,329s][info][gc,phases   ] GC(8)   Merge Heap Roots: 0,0ms
[1,329s][info][gc,phases   ] GC(8)   Evacuate Collection Set: 0,5ms
[1,329s][info][gc,phases   ] GC(8)   Post Evacuate Collection Set: 0,1ms
[1,329s][info][gc,phases   ] GC(8)   Other: 0,1ms
[1,329s][info][gc,heap     ] GC(8) Eden regions: 34->0(33)
[1,329s][info][gc,heap     ] GC(8) Survivor regions: 4->5(5)
[1,329s][info][gc,heap     ] GC(8) Old regions: 3->3
[1,329s][info][gc,heap     ] GC(8) Archive regions: 2->2
[1,329s][info][gc,heap     ] GC(8) Humongous regions: 0->0
[1,329s][info][gc,metaspace] GC(8) Metaspace: 104K(320K)->104K(320K) NonClass: 96K(192K)->96K(192K) Class: 8K(128K)->8K(128K)
[1,329s][info][gc          ] GC(8) Pause Young (Normal) (G1 Evacuation Pause) 40M->7M(64M) 0,935ms
[1,329s][info][gc,cpu      ] GC(8) User=0,00s Sys=0,00s Real=0,00s
[1,429s][info][gc,start    ] GC(9) Pause Young (Normal) (G1 Evacuation Pause)
[1,429s][info][gc,task     ] GC(9) Using 4 workers of 8 for evacuation
[1,430s][info][gc,phases   ] GC(9)   Pre Evacuate Collection Set: 0,0ms
[1,430s][info][gc,phases   ] GC(9)   Merge Heap Roots: 0,0ms
[1,430s][info][gc,phases   ] GC(9)   Evacuate Collection Set: 0,3ms
[1,430s][info][gc,phases   ] GC(9)   Post Evacuate Collection Set: 0,2ms
[1,430s][info][gc,phases   ] GC(9)   Other: 0,1ms
[1,430s][info][gc,heap     ] GC(9) Eden regions: 33->0(34)
[1,430s][info][gc,heap     ] GC(9) Survivor regions: 5->4(5)
[1,430s][info][gc,heap     ] GC(9) Old regions: 3->3
[1,430s][info][gc,heap     ] GC(9) Archive regions: 2->2
[1,430s][info][gc,heap     ] GC(9) Humongous regions: 0->0
[1,430s][info][gc,metaspace] GC(9) Metaspace: 104K(320K)->104K(320K) NonClass: 96K(192K)->96K(192K) Class: 8K(128K)->8K(128K)
[1,430s][info][gc          ] GC(9) Pause Young (Normal) (G1 Evacuation Pause) 40M->6M(64M) 0,688ms
[1,430s][info][gc,cpu      ] GC(9) User=0,00s Sys=0,00s Real=0,00s
[1,575s][info][gc,start    ] GC(10) Pause Young (Normal) (G1 Evacuation Pause)
[1,575s][info][gc,task     ] GC(10) Using 4 workers of 8 for evacuation
[1,576s][info][gc,phases   ] GC(10)   Pre Evacuate Collection Set: 0,0ms
[1,576s][info][gc,phases   ] GC(10)   Merge Heap Roots: 0,0ms
[1,576s][info][gc,phases   ] GC(10)   Evacuate Collection Set: 0,3ms
[1,576s][info][gc,phases   ] GC(10)   Post Evacuate Collection Set: 0,1ms
[1,576s][info][gc,phases   ] GC(10)   Other: 0,1ms
[1,576s][info][gc,heap     ] GC(10) Eden regions: 34->0(33)
[1,576s][info][gc,heap     ] GC(10) Survivor regions: 4->5(5)
[1,576s][info][gc,heap     ] GC(10) Old regions: 3->3
[1,576s][info][gc,heap     ] GC(10) Archive regions: 2->2
[1,576s][info][gc,heap     ] GC(10) Humongous regions: 0->0
[1,576s][info][gc,metaspace] GC(10) Metaspace: 104K(320K)->104K(320K) NonClass: 96K(192K)->96K(192K) Class: 8K(128K)->8K(128K)
[1,576s][info][gc          ] GC(10) Pause Young (Normal) (G1 Evacuation Pause) 40M->7M(64M) 0,642ms
[1,576s][info][gc,cpu      ] GC(10) User=0,00s Sys=0,00s Real=0,00s
[1,729s][info][gc,start    ] GC(11) Pause Young (Normal) (G1 Evacuation Pause)
[1,729s][info][gc,task     ] GC(11) Using 4 workers of 8 for evacuation
[1,729s][info][gc,phases   ] GC(11)   Pre Evacuate Collection Set: 0,0ms
[1,729s][info][gc,phases   ] GC(11)   Merge Heap Roots: 0,0ms
[1,729s][info][gc,phases   ] GC(11)   Evacuate Collection Set: 0,2ms
[1,729s][info][gc,phases   ] GC(11)   Post Evacuate Collection Set: 0,1ms
[1,729s][info][gc,phases   ] GC(11)   Other: 0,1ms
[1,729s][info][gc,heap     ] GC(11) Eden regions: 33->0(35)
[1,729s][info][gc,heap     ] GC(11) Survivor regions: 5->3(5)
[1,729s][info][gc,heap     ] GC(11) Old regions: 3->3
[1,729s][info][gc,heap     ] GC(11) Archive regions: 2->2
[1,729s][info][gc,heap     ] GC(11) Humongous regions: 0->0
[1,729s][info][gc,metaspace] GC(11) Metaspace: 104K(320K)->104K(320K) NonClass: 96K(192K)->96K(192K) Class: 8K(128K)->8K(128K)
[1,729s][info][gc          ] GC(11) Pause Young (Normal) (G1 Evacuation Pause) 40M->5M(64M) 0,522ms
[1,729s][info][gc,cpu      ] GC(11) User=0,00s Sys=0,00s Real=0,00s
[1,829s][info][gc,start    ] GC(12) Pause Young (Normal) (G1 Evacuation Pause)
[1,829s][info][gc,task     ] GC(12) Using 4 workers of 8 for evacuation
[1,829s][info][gc,phases   ] GC(12)   Pre Evacuate Collection Set: 0,0ms
[1,829s][info][gc,phases   ] GC(12)   Merge Heap Roots: 0,0ms
[1,829s][info][gc,phases   ] GC(12)   Evacuate Collection Set: 0,3ms
[1,829s][info][gc,phases   ] GC(12)   Post Evacuate Collection Set: 0,1ms
[1,829s][info][gc,phases   ] GC(12)   Other: 0,1ms
[1,829s][info][gc,heap     ] GC(12) Eden regions: 35->0(34)
[1,829s][info][gc,heap     ] GC(12) Survivor regions: 3->4(5)
[1,829s][info][gc,heap     ] GC(12) Old regions: 3->3
[1,829s][info][gc,heap     ] GC(12) Archive regions: 2->2
[1,829s][info][gc,heap     ] GC(12) Humongous regions: 0->0
[1,829s][info][gc,metaspace] GC(12) Metaspace: 104K(320K)->104K(320K) NonClass: 96K(192K)->96K(192K) Class: 8K(128K)->8K(128K)
[1,830s][info][gc          ] GC(12) Pause Young (Normal) (G1 Evacuation Pause) 40M->7M(64M) 0,719ms
[1,830s][info][gc,cpu      ] GC(12) User=0,00s Sys=0,00s Real=0,00s
[1,978s][info][gc,start    ] GC(13) Pause Young (Normal) (G1 Evacuation Pause)
[1,978s][info][gc,task     ] GC(13) Using 4 workers of 8 for evacuation
[1,978s][info][gc,phases   ] GC(13)   Pre Evacuate Collection Set: 0,0ms
[1,978s][info][gc,phases   ] GC(13)   Merge Heap Roots: 0,0ms
[1,978s][info][gc,phases   ] GC(13)   Evacuate Collection Set: 0,3ms
[1,978s][info][gc,phases   ] GC(13)   Post Evacuate Collection Set: 0,1ms
[1,978s][info][gc,phases   ] GC(13)   Other: 0,1ms
[1,978s][info][gc,heap     ] GC(13) Eden regions: 34->0(34)
[1,978s][info][gc,heap     ] GC(13) Survivor regions: 4->4(5)
[1,978s][info][gc,heap     ] GC(13) Old regions: 3->3
[1,979s][info][gc,heap     ] GC(13) Archive regions: 2->2
[1,979s][info][gc,heap     ] GC(13) Humongous regions: 0->0
[1,979s][info][gc,metaspace] GC(13) Metaspace: 104K(320K)->104K(320K) NonClass: 96K(192K)->96K(192K) Class: 8K(128K)->8K(128K)
[1,979s][info][gc          ] GC(13) Pause Young (Normal) (G1 Evacuation Pause) 41M->7M(64M) 0,745ms
[1,979s][info][gc,cpu      ] GC(13) User=0,00s Sys=0,00s Real=0,00s
[2,128s][info][gc,start    ] GC(14) Pause Young (Normal) (G1 Evacuation Pause)
[2,128s][info][gc,task     ] GC(14) Using 4 workers of 8 for evacuation
[2,129s][info][gc,phases   ] GC(14)   Pre Evacuate Collection Set: 0,0ms
[2,129s][info][gc,phases   ] GC(14)   Merge Heap Roots: 0,0ms
[2,129s][info][gc,phases   ] GC(14)   Evacuate Collection Set: 0,4ms
[2,129s][info][gc,phases   ] GC(14)   Post Evacuate Collection Set: 0,1ms
[2,129s][info][gc,phases   ] GC(14)   Other: 0,1ms
[2,129s][info][gc,heap     ] GC(14) Eden regions: 34->0(33)
[2,129s][info][gc,heap     ] GC(14) Survivor regions: 4->5(5)
[2,129s][info][gc,heap     ] GC(14) Old regions: 3->3
[2,129s][info][gc,heap     ] GC(14) Archive regions: 2->2
[2,129s][info][gc,heap     ] GC(14) Humongous regions: 0->0
[2,129s][info][gc,metaspace] GC(14) Metaspace: 104K(320K)->104K(320K) NonClass: 96K(192K)->96K(192K) Class: 8K(128K)->8K(128K)
[2,129s][info][gc          ] GC(14) Pause Young (Normal) (G1 Evacuation Pause) 41M->8M(64M) 0,830ms
[2,129s][info][gc,cpu      ] GC(14) User=0,00s Sys=0,01s Real=0,00s
[2,228s][info][gc,start    ] GC(15) Pause Young (Normal) (G1 Evacuation Pause)
[2,228s][info][gc,task     ] GC(15) Using 4 workers of 8 for evacuation
[2,229s][info][gc,phases   ] GC(15)   Pre Evacuate Collection Set: 0,0ms
[2,229s][info][gc,phases   ] GC(15)   Merge Heap Roots: 0,0ms
[2,229s][info][gc,phases   ] GC(15)   Evacuate Collection Set: 0,3ms
[2,229s][info][gc,phases   ] GC(15)   Post Evacuate Collection Set: 0,1ms
[2,229s][info][gc,phases   ] GC(15)   Other: 0,1ms
[2,229s][info][gc,heap     ] GC(15) Eden regions: 33->0(34)
[2,229s][info][gc,heap     ] GC(15) Survivor regions: 5->4(5)
[2,229s][info][gc,heap     ] GC(15) Old regions: 3->3
[2,229s][info][gc,heap     ] GC(15) Archive regions: 2->2
[2,229s][info][gc,heap     ] GC(15) Humongous regions: 0->0
[2,229s][info][gc,metaspace] GC(15) Metaspace: 104K(320K)->104K(320K) NonClass: 96K(192K)->96K(192K) Class: 8K(128K)->8K(128K)
[2,229s][info][gc          ] GC(15) Pause Young (Normal) (G1 Evacuation Pause) 41M->6M(64M) 0,722ms
[2,229s][info][gc,cpu      ] GC(15) User=0,00s Sys=0,00s Real=0,00s
[2,378s][info][gc,start    ] GC(16) Pause Young (Normal) (G1 Evacuation Pause)
[2,378s][info][gc,task     ] GC(16) Using 4 workers of 8 for evacuation
[2,378s][info][gc,phases   ] GC(16)   Pre Evacuate Collection Set: 0,0ms
[2,378s][info][gc,phases   ] GC(16)   Merge Heap Roots: 0,0ms
[2,378s][info][gc,phases   ] GC(16)   Evacuate Collection Set: 0,3ms
[2,378s][info][gc,phases   ] GC(16)   Post Evacuate Collection Set: 0,1ms
[2,378s][info][gc,phases   ] GC(16)   Other: 0,1ms
[2,378s][info][gc,heap     ] GC(16) Eden regions: 34->0(33)
[2,378s][info][gc,heap     ] GC(16) Survivor regions: 4->5(5)
[2,378s][info][gc,heap     ] GC(16) Old regions: 3->3
[2,378s][info][gc,heap     ] GC(16) Archive regions: 2->2
[2,378s][info][gc,heap     ] GC(16) Humongous regions: 0->0
[2,378s][info][gc,metaspace] GC(16) Metaspace: 105K(320K)->105K(320K) NonClass: 96K(192K)->96K(192K) Class: 8K(128K)->8K(128K)
[2,378s][info][gc          ] GC(16) Pause Young (Normal) (G1 Evacuation Pause) 40M->7M(64M) 0,621ms
[2,378s][info][gc,cpu      ] GC(16) User=0,00s Sys=0,00s Real=0,00s
[2,528s][info][gc,start    ] GC(17) Pause Young (Normal) (G1 Evacuation Pause)
[2,528s][info][gc,task     ] GC(17) Using 4 workers of 8 for evacuation
[2,529s][info][gc,phases   ] GC(17)   Pre Evacuate Collection Set: 0,0ms
[2,529s][info][gc,phases   ] GC(17)   Merge Heap Roots: 0,0ms
[2,529s][info][gc,phases   ] GC(17)   Evacuate Collection Set: 0,3ms
[2,529s][info][gc,phases   ] GC(17)   Post Evacuate Collection Set: 0,1ms
[2,529s][info][gc,phases   ] GC(17)   Other: 0,2ms
[2,529s][info][gc,heap     ] GC(17) Eden regions: 33->0(35)
[2,529s][info][gc,heap     ] GC(17) Survivor regions: 5->3(5)
[2,529s][info][gc,heap     ] GC(17) Old regions: 3->3
[2,529s][info][gc,heap     ] GC(17) Archive regions: 2->2
[2,529s][info][gc,heap     ] GC(17) Humongous regions: 0->0
[2,529s][info][gc,metaspace] GC(17) Metaspace: 105K(320K)->105K(320K) NonClass: 96K(192K)->96K(192K) Class: 8K(128K)->8K(128K)
[2,529s][info][gc          ] GC(17) Pause Young (Normal) (G1 Evacuation Pause) 40M->6M(64M) 0,737ms
[2,529s][info][gc,cpu      ] GC(17) User=0,00s Sys=0,00s Real=0,00s
[2,629s][info][gc,start    ] GC(18) Pause Young (Normal) (G1 Evacuation Pause)
[2,629s][info][gc,task     ] GC(18) Using 4 workers of 8 for evacuation
[2,630s][info][gc,phases   ] GC(18)   Pre Evacuate Collection Set: 0,0ms
[2,630s][info][gc,phases   ] GC(18)   Merge Heap Roots: 0,0ms
[2,630s][info][gc,phases   ] GC(18)   Evacuate Collection Set: 0,4ms
[2,630s][info][gc,phases   ] GC(18)   Post Evacuate Collection Set: 0,2ms
[2,630s][info][gc,phases   ] GC(18)   Other: 0,1ms
[2,630s][info][gc,heap     ] GC(18) Eden regions: 35->0(33)
[2,630s][info][gc,heap     ] GC(18) Survivor regions: 3->5(5)
[2,630s][info][gc,heap     ] GC(18) Old regions: 3->3
[2,630s][info][gc,heap     ] GC(18) Archive regions: 2->2
[2,630s][info][gc,heap     ] GC(18) Humongous regions: 0->0
[2,630s][info][gc,metaspace] GC(18) Metaspace: 105K(320K)->105K(320K) NonClass: 96K(192K)->96K(192K) Class: 8K(128K)->8K(128K)
[2,630s][info][gc          ] GC(18) Pause Young (Normal) (G1 Evacuation Pause) 41M->8M(64M) 0,846ms
[2,630s][info][gc,cpu      ] GC(18) User=0,00s Sys=0,00s Real=0,00s
[2,777s][info][gc,start    ] GC(19) Pause Young (Normal) (G1 Evacuation Pause)
[2,777s][info][gc,task     ] GC(19) Using 4 workers of 8 for evacuation
[2,778s][info][gc,phases   ] GC(19)   Pre Evacuate Collection Set: 0,0ms
[2,778s][info][gc,phases   ] GC(19)   Merge Heap Roots: 0,0ms
[2,778s][info][gc,phases   ] GC(19)   Evacuate Collection Set: 0,5ms
[2,778s][info][gc,phases   ] GC(19)   Post Evacuate Collection Set: 0,2ms
[2,778s][info][gc,phases   ] GC(19)   Other: 0,1ms
[2,778s][info][gc,heap     ] GC(19) Eden regions: 33->0(35)
[2,778s][info][gc,heap     ] GC(19) Survivor regions: 5->3(5)
[2,778s][info][gc,heap     ] GC(19) Old regions: 3->3
[2,778s][info][gc,heap     ] GC(19) Archive regions: 2->2
[2,778s][info][gc,heap     ] GC(19) Humongous regions: 0->0
[2,778s][info][gc,metaspace] GC(19) Metaspace: 105K(320K)->105K(320K) NonClass: 96K(192K)->96K(192K) Class: 8K(128K)->8K(128K)
[2,778s][info][gc          ] GC(19) Pause Young (Normal) (G1 Evacuation Pause) 41M->6M(64M) 0,982ms
[2,778s][info][gc,cpu      ] GC(19) User=0,00s Sys=0,00s Real=0,00s
[2,925s][info][gc,start    ] GC(20) Pause Young (Normal) (G1 Evacuation Pause)
[2,925s][info][gc,task     ] GC(20) Using 4 workers of 8 for evacuation
[2,926s][info][gc,phases   ] GC(20)   Pre Evacuate Collection Set: 0,0ms
[2,926s][info][gc,phases   ] GC(20)   Merge Heap Roots: 0,0ms
[2,926s][info][gc,phases   ] GC(20)   Evacuate Collection Set: 0,3ms
[2,926s][info][gc,phases   ] GC(20)   Post Evacuate Collection Set: 0,1ms
[2,926s][info][gc,phases   ] GC(20)   Other: 0,1ms
[2,926s][info][gc,heap     ] GC(20) Eden regions: 35->0(34)
[2,926s][info][gc,heap     ] GC(20) Survivor regions: 3->4(5)
[2,926s][info][gc,heap     ] GC(20) Old regions: 3->3
[2,926s][info][gc,heap     ] GC(20) Archive regions: 2->2
[2,926s][info][gc,heap     ] GC(20) Humongous regions: 0->0
[2,926s][info][gc,metaspace] GC(20) Metaspace: 107K(320K)->107K(320K) NonClass: 98K(192K)->98K(192K) Class: 8K(128K)->8K(128K)
[2,926s][info][gc          ] GC(20) Pause Young (Normal) (G1 Evacuation Pause) 41M->7M(64M) 0,592ms
[2,926s][info][gc,cpu      ] GC(20) User=0,00s Sys=0,00s Real=0,00s
[3,028s][info][gc,start    ] GC(21) Pause Young (Normal) (G1 Evacuation Pause)
[3,028s][info][gc,task     ] GC(21) Using 4 workers of 8 for evacuation
[3,028s][info][gc,phases   ] GC(21)   Pre Evacuate Collection Set: 0,0ms
[3,029s][info][gc,phases   ] GC(21)   Merge Heap Roots: 0,0ms
[3,029s][info][gc,phases   ] GC(21)   Evacuate Collection Set: 0,4ms
[3,029s][info][gc,phases   ] GC(21)   Post Evacuate Collection Set: 0,1ms
[3,029s][info][gc,phases   ] GC(21)   Other: 0,1ms
[3,029s][info][gc,heap     ] GC(21) Eden regions: 34->0(33)
[3,029s][info][gc,heap     ] GC(21) Survivor regions: 4->5(5)
[3,029s][info][gc,heap     ] GC(21) Old regions: 3->3
[3,029s][info][gc,heap     ] GC(21) Archive regions: 2->2
[3,029s][info][gc,heap     ] GC(21) Humongous regions: 0->0
[3,029s][info][gc,metaspace] GC(21) Metaspace: 107K(320K)->107K(320K) NonClass: 98K(192K)->98K(192K) Class: 8K(128K)->8K(128K)
[3,029s][info][gc          ] GC(21) Pause Young (Normal) (G1 Evacuation Pause) 41M->8M(64M) 0,763ms
[3,029s][info][gc,cpu      ] GC(21) User=0,00s Sys=0,00s Real=0,00s
[3,179s][info][gc,start    ] GC(22) Pause Young (Normal) (G1 Evacuation Pause)
[3,179s][info][gc,task     ] GC(22) Using 4 workers of 8 for evacuation
[3,179s][info][gc,phases   ] GC(22)   Pre Evacuate Collection Set: 0,0ms
[3,179s][info][gc,phases   ] GC(22)   Merge Heap Roots: 0,0ms
[3,179s][info][gc,phases   ] GC(22)   Evacuate Collection Set: 0,2ms
[3,179s][info][gc,phases   ] GC(22)   Post Evacuate Collection Set: 0,1ms
[3,179s][info][gc,phases   ] GC(22)   Other: 0,1ms
[3,179s][info][gc,heap     ] GC(22) Eden regions: 33->0(35)
[3,179s][info][gc,heap     ] GC(22) Survivor regions: 5->3(5)
[3,179s][info][gc,heap     ] GC(22) Old regions: 3->3
[3,179s][info][gc,heap     ] GC(22) Archive regions: 2->2
[3,179s][info][gc,heap     ] GC(22) Humongous regions: 0->0
[3,179s][info][gc,metaspace] GC(22) Metaspace: 107K(320K)->107K(320K) NonClass: 98K(192K)->98K(192K) Class: 8K(128K)->8K(128K)
[3,179s][info][gc          ] GC(22) Pause Young (Normal) (G1 Evacuation Pause) 41M->6M(64M) 0,493ms
[3,179s][info][gc,cpu      ] GC(22) User=0,00s Sys=0,00s Real=0,00s
[3,328s][info][gc,start    ] GC(23) Pause Young (Normal) (G1 Evacuation Pause)
[3,328s][info][gc,task     ] GC(23) Using 4 workers of 8 for evacuation
[3,328s][info][gc,phases   ] GC(23)   Pre Evacuate Collection Set: 0,0ms
[3,328s][info][gc,phases   ] GC(23)   Merge Heap Roots: 0,0ms
[3,329s][info][gc,phases   ] GC(23)   Evacuate Collection Set: 0,5ms
[3,329s][info][gc,phases   ] GC(23)   Post Evacuate Collection Set: 0,2ms
[3,329s][info][gc,phases   ] GC(23)   Other: 0,1ms
[3,329s][info][gc,heap     ] GC(23) Eden regions: 35->0(33)
[3,329s][info][gc,heap     ] GC(23) Survivor regions: 3->5(5)
[3,329s][info][gc,heap     ] GC(23) Old regions: 3->3
[3,329s][info][gc,heap     ] GC(23) Archive regions: 2->2
[3,329s][info][gc,heap     ] GC(23) Humongous regions: 0->0
[3,329s][info][gc,metaspace] GC(23) Metaspace: 107K(320K)->107K(320K) NonClass: 98K(192K)->98K(192K) Class: 8K(128K)->8K(128K)
[3,329s][info][gc          ] GC(23) Pause Young (Normal) (G1 Evacuation Pause) 41M->8M(64M) 0,974ms
[3,329s][info][gc,cpu      ] GC(23) User=0,00s Sys=0,00s Real=0,00s
[3,428s][info][gc,start    ] GC(24) Pause Young (Normal) (G1 Evacuation Pause)
[3,428s][info][gc,task     ] GC(24) Using 4 workers of 8 for evacuation
[3,429s][info][gc,phases   ] GC(24)   Pre Evacuate Collection Set: 0,0ms
[3,429s][info][gc,phases   ] GC(24)   Merge Heap Roots: 0,0ms
[3,429s][info][gc,phases   ] GC(24)   Evacuate Collection Set: 0,4ms
[3,429s][info][gc,phases   ] GC(24)   Post Evacuate Collection Set: 0,1ms
[3,429s][info][gc,phases   ] GC(24)   Other: 0,1ms
[3,429s][info][gc,heap     ] GC(24) Eden regions: 33->0(34)
[3,429s][info][gc,heap     ] GC(24) Survivor regions: 5->4(5)
[3,429s][info][gc,heap     ] GC(24) Old regions: 3->3
[3,429s][info][gc,heap     ] GC(24) Archive regions: 2->2
[3,429s][info][gc,heap     ] GC(24) Humongous regions: 0->0
[3,429s][info][gc,metaspace] GC(24) Metaspace: 107K(320K)->107K(320K) NonClass: 98K(192K)->98K(192K) Class: 8K(128K)->8K(128K)
[3,429s][info][gc          ] GC(24) Pause Young (Normal) (G1 Evacuation Pause) 41M->7M(64M) 0,733ms
[3,429s][info][gc,cpu      ] GC(24) User=0,00s Sys=0,00s Real=0,00s
[3,578s][info][gc,start    ] GC(25) Pause Young (Normal) (G1 Evacuation Pause)
[3,578s][info][gc,task     ] GC(25) Using 4 workers of 8 for evacuation
[3,578s][info][gc,phases   ] GC(25)   Pre Evacuate Collection Set: 0,0ms
[3,578s][info][gc,phases   ] GC(25)   Merge Heap Roots: 0,0ms
[3,578s][info][gc,phases   ] GC(25)   Evacuate Collection Set: 0,4ms
[3,578s][info][gc,phases   ] GC(25)   Post Evacuate Collection Set: 0,1ms
[3,578s][info][gc,phases   ] GC(25)   Other: 0,1ms
[3,578s][info][gc,heap     ] GC(25) Eden regions: 34->0(33)
[3,578s][info][gc,heap     ] GC(25) Survivor regions: 4->5(5)
[3,578s][info][gc,heap     ] GC(25) Old regions: 3->3
[3,578s][info][gc,heap     ] GC(25) Archive regions: 2->2
[3,578s][info][gc,heap     ] GC(25) Humongous regions: 0->0
[3,578s][info][gc,metaspace] GC(25) Metaspace: 107K(320K)->107K(320K) NonClass: 99K(192K)->99K(192K) Class: 8K(128K)->8K(128K)
[3,578s][info][gc          ] GC(25) Pause Young (Normal) (G1 Evacuation Pause) 41M->8M(64M) 0,719ms
[3,578s][info][gc,cpu      ] GC(25) User=0,01s Sys=0,00s Real=0,00s
[3,728s][info][gc,start    ] GC(26) Pause Young (Normal) (G1 Evacuation Pause)
[3,728s][info][gc,task     ] GC(26) Using 4 workers of 8 for evacuation
[3,728s][info][gc,phases   ] GC(26)   Pre Evacuate Collection Set: 0,0ms
[3,728s][info][gc,phases   ] GC(26)   Merge Heap Roots: 0,0ms
[3,728s][info][gc,phases   ] GC(26)   Evacuate Collection Set: 0,2ms
[3,728s][info][gc,phases   ] GC(26)   Post Evacuate Collection Set: 0,1ms
[3,728s][info][gc,phases   ] GC(26)   Other: 0,1ms
[3,728s][info][gc,heap     ] GC(26) Eden regions: 33->0(35)
[3,728s][info][gc,heap     ] GC(26) Survivor regions: 5->3(5)
[3,728s][info][gc,heap     ] GC(26) Old regions: 3->3
[3,728s][info][gc,heap     ] GC(26) Archive regions: 2->2
[3,728s][info][gc,heap     ] GC(26) Humongous regions: 0->0
[3,728s][info][gc,metaspace] GC(26) Metaspace: 107K(320K)->107K(320K) NonClass: 99K(192K)->99K(192K) Class: 8K(128K)->8K(128K)
[3,728s][info][gc          ] GC(26) Pause Young (Normal) (G1 Evacuation Pause) 41M->6M(64M) 0,490ms
[3,728s][info][gc,cpu      ] GC(26) User=0,00s Sys=0,00s Real=0,00s
[3,827s][info][gc,start    ] GC(27) Pause Young (Normal) (G1 Evacuation Pause)
[3,827s][info][gc,task     ] GC(27) Using 4 workers of 8 for evacuation
[3,828s][info][gc,phases   ] GC(27)   Pre Evacuate Collection Set: 0,0ms
[3,828s][info][gc,phases   ] GC(27)   Merge Heap Roots: 0,1ms
[3,828s][info][gc,phases   ] GC(27)   Evacuate Collection Set: 0,5ms
[3,828s][info][gc,phases   ] GC(27)   Post Evacuate Collection Set: 0,1ms
[3,828s][info][gc,phases   ] GC(27)   Other: 0,1ms
[3,828s][info][gc,heap     ] GC(27) Eden regions: 35->0(33)
[3,828s][info][gc,heap     ] GC(27) Survivor regions: 3->5(5)
[3,828s][info][gc,heap     ] GC(27) Old regions: 3->3
[3,828s][info][gc,heap     ] GC(27) Archive regions: 2->2
[3,828s][info][gc,heap     ] GC(27) Humongous regions: 0->0
[3,828s][info][gc,metaspace] GC(27) Metaspace: 107K(320K)->107K(320K) NonClass: 99K(192K)->99K(192K) Class: 8K(128K)->8K(128K)
[3,828s][info][gc          ] GC(27) Pause Young (Normal) (G1 Evacuation Pause) 41M->8M(64M) 0,859ms
[3,828s][info][gc,cpu      ] GC(27) User=0,00s Sys=0,00s Real=0,00s
[3,979s][info][gc,start    ] GC(28) Pause Young (Normal) (G1 Evacuation Pause)
[3,979s][info][gc,task     ] GC(28) Using 4 workers of 8 for evacuation
[3,979s][info][gc,phases   ] GC(28)   Pre Evacuate Collection Set: 0,0ms
[3,979s][info][gc,phases   ] GC(28)   Merge Heap Roots: 0,0ms
[3,979s][info][gc,phases   ] GC(28)   Evacuate Collection Set: 0,2ms
[3,979s][info][gc,phases   ] GC(28)   Post Evacuate Collection Set: 0,1ms
[3,979s][info][gc,phases   ] GC(28)   Other: 0,1ms
[3,979s][info][gc,heap     ] GC(28) Eden regions: 33->0(34)
[3,979s][info][gc,heap     ] GC(28) Survivor regions: 5->4(5)
[3,979s][info][gc,heap     ] GC(28) Old regions: 3->3
[3,979s][info][gc,heap     ] GC(28) Archive regions: 2->2
[3,979s][info][gc,heap     ] GC(28) Humongous regions: 0->0
[3,979s][info][gc,metaspace] GC(28) Metaspace: 107K(320K)->107K(320K) NonClass: 99K(192K)->99K(192K) Class: 8K(128K)->8K(128K)
[3,979s][info][gc          ] GC(28) Pause Young (Normal) (G1 Evacuation Pause) 41M->7M(64M) 0,578ms
[3,979s][info][gc,cpu      ] GC(28) User=0,00s Sys=0,00s Real=0,00s
[4,129s][info][gc,start    ] GC(29) Pause Young (Normal) (G1 Evacuation Pause)
[4,129s][info][gc,task     ] GC(29) Using 4 workers of 8 for evacuation
[4,130s][info][gc,phases   ] GC(29)   Pre Evacuate Collection Set: 0,0ms
[4,130s][info][gc,phases   ] GC(29)   Merge Heap Roots: 0,0ms
[4,130s][info][gc,phases   ] GC(29)   Evacuate Collection Set: 0,5ms
[4,130s][info][gc,phases   ] GC(29)   Post Evacuate Collection Set: 0,1ms
[4,130s][info][gc,phases   ] GC(29)   Other: 0,1ms
[4,130s][info][gc,heap     ] GC(29) Eden regions: 34->0(33)
[4,130s][info][gc,heap     ] GC(29) Survivor regions: 4->5(5)
[4,130s][info][gc,heap     ] GC(29) Old regions: 3->3
[4,130s][info][gc,heap     ] GC(29) Archive regions: 2->2
[4,130s][info][gc,heap     ] GC(29) Humongous regions: 0->0
[4,130s][info][gc,metaspace] GC(29) Metaspace: 107K(320K)->107K(320K) NonClass: 99K(192K)->99K(192K) Class: 8K(128K)->8K(128K)
[4,130s][info][gc          ] GC(29) Pause Young (Normal) (G1 Evacuation Pause) 40M->7M(64M) 0,956ms
[4,130s][info][gc,cpu      ] GC(29) User=0,00s Sys=0,00s Real=0,00s
[4,228s][info][gc,start    ] GC(30) Pause Young (Normal) (G1 Evacuation Pause)
[4,228s][info][gc,task     ] GC(30) Using 4 workers of 8 for evacuation
[4,229s][info][gc,phases   ] GC(30)   Pre Evacuate Collection Set: 0,0ms
[4,229s][info][gc,phases   ] GC(30)   Merge Heap Roots: 0,0ms
[4,229s][info][gc,phases   ] GC(30)   Evacuate Collection Set: 0,2ms
[4,229s][info][gc,phases   ] GC(30)   Post Evacuate Collection Set: 0,1ms
[4,229s][info][gc,phases   ] GC(30)   Other: 0,1ms
[4,229s][info][gc,heap     ] GC(30) Eden regions: 33->0(35)
[4,229s][info][gc,heap     ] GC(30) Survivor regions: 5->3(5)
[4,229s][info][gc,heap     ] GC(30) Old regions: 3->3
[4,229s][info][gc,heap     ] GC(30) Archive regions: 2->2
[4,229s][info][gc,heap     ] GC(30) Humongous regions: 0->0
[4,229s][info][gc,metaspace] GC(30) Metaspace: 107K(320K)->107K(320K) NonClass: 99K(192K)->99K(192K) Class: 8K(128K)->8K(128K)
[4,229s][info][gc          ] GC(30) Pause Young (Normal) (G1 Evacuation Pause) 40M->6M(64M) 0,621ms
[4,229s][info][gc,cpu      ] GC(30) User=0,00s Sys=0,00s Real=0,00s
[4,377s][info][gc,start    ] GC(31) Pause Young (Normal) (G1 Evacuation Pause)
[4,378s][info][gc,task     ] GC(31) Using 4 workers of 8 for evacuation
[4,378s][info][gc,phases   ] GC(31)   Pre Evacuate Collection Set: 0,0ms
[4,378s][info][gc,phases   ] GC(31)   Merge Heap Roots: 0,0ms
[4,378s][info][gc,phases   ] GC(31)   Evacuate Collection Set: 0,3ms
[4,378s][info][gc,phases   ] GC(31)   Post Evacuate Collection Set: 0,1ms
[4,378s][info][gc,phases   ] GC(31)   Other: 0,1ms
[4,378s][info][gc,heap     ] GC(31) Eden regions: 35->0(33)
[4,378s][info][gc,heap     ] GC(31) Survivor regions: 3->5(5)
[4,378s][info][gc,heap     ] GC(31) Old regions: 3->3
[4,378s][info][gc,heap     ] GC(31) Archive regions: 2->2
[4,378s][info][gc,heap     ] GC(31) Humongous regions: 0->0
[4,378s][info][gc,metaspace] GC(31) Metaspace: 107K(320K)->107K(320K) NonClass: 99K(192K)->99K(192K) Class: 8K(128K)->8K(128K)
[4,378s][info][gc          ] GC(31) Pause Young (Normal) (G1 Evacuation Pause) 41M->8M(64M) 0,680ms
[4,378s][info][gc,cpu      ] GC(31) User=0,01s Sys=0,01s Real=0,00s
[4,526s][info][gc,start    ] GC(32) Pause Young (Normal) (G1 Evacuation Pause)
[4,526s][info][gc,task     ] GC(32) Using 4 workers of 8 for evacuation
[4,526s][info][gc,phases   ] GC(32)   Pre Evacuate Collection Set: 0,0ms
[4,526s][info][gc,phases   ] GC(32)   Merge Heap Roots: 0,0ms
[4,526s][info][gc,phases   ] GC(32)   Evacuate Collection Set: 0,2ms
[4,526s][info][gc,phases   ] GC(32)   Post Evacuate Collection Set: 0,1ms
[4,526s][info][gc,phases   ] GC(32)   Other: 0,1ms
[4,526s][info][gc,heap     ] GC(32) Eden regions: 33->0(34)
[4,526s][info][gc,heap     ] GC(32) Survivor regions: 5->4(5)
[4,526s][info][gc,heap     ] GC(32) Old regions: 3->3
[4,526s][info][gc,heap     ] GC(32) Archive regions: 2->2
[4,526s][info][gc,heap     ] GC(32) Humongous regions: 0->0
[4,526s][info][gc,metaspace] GC(32) Metaspace: 107K(320K)->107K(320K) NonClass: 99K(192K)->99K(192K) Class: 8K(128K)->8K(128K)
[4,526s][info][gc          ] GC(32) Pause Young (Normal) (G1 Evacuation Pause) 41M->7M(64M) 0,593ms
[4,526s][info][gc,cpu      ] GC(32) User=0,01s Sys=0,00s Real=0,00s
[4,629s][info][gc,start    ] GC(33) Pause Young (Normal) (G1 Evacuation Pause)
[4,629s][info][gc,task     ] GC(33) Using 4 workers of 8 for evacuation
[4,629s][info][gc,phases   ] GC(33)   Pre Evacuate Collection Set: 0,0ms
[4,629s][info][gc,phases   ] GC(33)   Merge Heap Roots: 0,0ms
[4,629s][info][gc,phases   ] GC(33)   Evacuate Collection Set: 0,2ms
[4,629s][info][gc,phases   ] GC(33)   Post Evacuate Collection Set: 0,1ms
[4,630s][info][gc,phases   ] GC(33)   Other: 0,1ms
[4,630s][info][gc,heap     ] GC(33) Eden regions: 34->0(35)
[4,630s][info][gc,heap     ] GC(33) Survivor regions: 4->3(5)
[4,630s][info][gc,heap     ] GC(33) Old regions: 3->3
[4,630s][info][gc,heap     ] GC(33) Archive regions: 2->2
[4,630s][info][gc,heap     ] GC(33) Humongous regions: 0->0
[4,630s][info][gc,metaspace] GC(33) Metaspace: 107K(320K)->107K(320K) NonClass: 99K(192K)->99K(192K) Class: 8K(128K)->8K(128K)
[4,630s][info][gc          ] GC(33) Pause Young (Normal) (G1 Evacuation Pause) 41M->6M(64M) 0,615ms
[4,630s][info][gc,cpu      ] GC(33) User=0,00s Sys=0,00s Real=0,00s
[4,778s][info][gc,start    ] GC(34) Pause Young (Normal) (G1 Evacuation Pause)
[4,778s][info][gc,task     ] GC(34) Using 4 workers of 8 for evacuation
[4,779s][info][gc,phases   ] GC(34)   Pre Evacuate Collection Set: 0,0ms
[4,779s][info][gc,phases   ] GC(34)   Merge Heap Roots: 0,0ms
[4,779s][info][gc,phases   ] GC(34)   Evacuate Collection Set: 0,6ms
[4,779s][info][gc,phases   ] GC(34)   Post Evacuate Collection Set: 0,2ms
[4,779s][info][gc,phases   ] GC(34)   Other: 0,1ms
[4,779s][info][gc,heap     ] GC(34) Eden regions: 35->0(33)
[4,779s][info][gc,heap     ] GC(34) Survivor regions: 3->5(5)
[4,779s][info][gc,heap     ] GC(34) Old regions: 3->3
[4,779s][info][gc,heap     ] GC(34) Archive regions: 2->2
[4,779s][info][gc,heap     ] GC(34) Humongous regions: 0->0
[4,779s][info][gc,metaspace] GC(34) Metaspace: 113K(320K)->113K(320K) NonClass: 104K(192K)->104K(192K) Class: 8K(128K)->8K(128K)
[4,779s][info][gc          ] GC(34) Pause Young (Normal) (G1 Evacuation Pause) 41M->8M(64M) 1,003ms
[4,779s][info][gc,cpu      ] GC(34) User=0,01s Sys=0,00s Real=0,00s
[4,926s][info][gc,start    ] GC(35) Pause Young (Normal) (G1 Evacuation Pause)
[4,926s][info][gc,task     ] GC(35) Using 4 workers of 8 for evacuation
[4,926s][info][gc,phases   ] GC(35)   Pre Evacuate Collection Set: 0,0ms
[4,926s][info][gc,phases   ] GC(35)   Merge Heap Roots: 0,1ms
[4,926s][info][gc,phases   ] GC(35)   Evacuate Collection Set: 0,3ms
[4,927s][info][gc,phases   ] GC(35)   Post Evacuate Collection Set: 0,1ms
[4,927s][info][gc,phases   ] GC(35)   Other: 0,1ms
[4,927s][info][gc,heap     ] GC(35) Eden regions: 33->0(34)
[4,927s][info][gc,heap     ] GC(35) Survivor regions: 5->4(5)
[4,927s][info][gc,heap     ] GC(35) Old regions: 3->3
[4,927s][info][gc,heap     ] GC(35) Archive regions: 2->2
[4,927s][info][gc,heap     ] GC(35) Humongous regions: 0->0
[4,927s][info][gc,metaspace] GC(35) Metaspace: 113K(320K)->113K(320K) NonClass: 104K(192K)->104K(192K) Class: 8K(128K)->8K(128K)
[4,927s][info][gc          ] GC(35) Pause Young (Normal) (G1 Evacuation Pause) 40M->6M(64M) 0,708ms
[4,927s][info][gc,cpu      ] GC(35) User=0,00s Sys=0,00s Real=0,00s
[5,028s][info][gc,start    ] GC(36) Pause Young (Normal) (G1 Evacuation Pause)
[5,028s][info][gc,task     ] GC(36) Using 4 workers of 8 for evacuation
[5,029s][info][gc,phases   ] GC(36)   Pre Evacuate Collection Set: 0,0ms
[5,029s][info][gc,phases   ] GC(36)   Merge Heap Roots: 0,0ms
[5,029s][info][gc,phases   ] GC(36)   Evacuate Collection Set: 0,5ms
[5,029s][info][gc,phases   ] GC(36)   Post Evacuate Collection Set: 0,1ms
[5,029s][info][gc,phases   ] GC(36)   Other: 0,1ms
[5,029s][info][gc,heap     ] GC(36) Eden regions: 34->0(34)
[5,029s][info][gc,heap     ] GC(36) Survivor regions: 4->4(5)
[5,029s][info][gc,heap     ] GC(36) Old regions: 3->3
[5,029s][info][gc,heap     ] GC(36) Archive regions: 2->2
[5,029s][info][gc,heap     ] GC(36) Humongous regions: 0->0
[5,029s][info][gc,metaspace] GC(36) Metaspace: 113K(320K)->113K(320K) NonClass: 104K(192K)->104K(192K) Class: 8K(128K)->8K(128K)
[5,029s][info][gc          ] GC(36) Pause Young (Normal) (G1 Evacuation Pause) 40M->7M(64M) 0,826ms
[5,029s][info][gc,cpu      ] GC(36) User=0,00s Sys=0,00s Real=0,00s
[5,176s][info][gc,start    ] GC(37) Pause Young (Normal) (G1 Evacuation Pause)
[5,176s][info][gc,task     ] GC(37) Using 4 workers of 8 for evacuation
[5,177s][info][gc,phases   ] GC(37)   Pre Evacuate Collection Set: 0,0ms
[5,177s][info][gc,phases   ] GC(37)   Merge Heap Roots: 0,0ms
[5,177s][info][gc,phases   ] GC(37)   Evacuate Collection Set: 0,4ms
[5,177s][info][gc,phases   ] GC(37)   Post Evacuate Collection Set: 0,1ms
[5,177s][info][gc,phases   ] GC(37)   Other: 0,1ms
[5,177s][info][gc,heap     ] GC(37) Eden regions: 34->0(34)
[5,177s][info][gc,heap     ] GC(37) Survivor regions: 4->4(5)
[5,177s][info][gc,heap     ] GC(37) Old regions: 3->3
[5,177s][info][gc,heap     ] GC(37) Archive regions: 2->2
[5,177s][info][gc,heap     ] GC(37) Humongous regions: 0->0
[5,177s][info][gc,metaspace] GC(37) Metaspace: 113K(320K)->113K(320K) NonClass: 104K(192K)->104K(192K) Class: 8K(128K)->8K(128K)
[5,177s][info][gc          ] GC(37) Pause Young (Normal) (G1 Evacuation Pause) 41M->7M(64M) 0,743ms
[5,177s][info][gc,cpu      ] GC(37) User=0,00s Sys=0,00s Real=0,00s
[5,327s][info][gc,start    ] GC(38) Pause Young (Normal) (G1 Evacuation Pause)
[5,327s][info][gc,task     ] GC(38) Using 4 workers of 8 for evacuation
[5,327s][info][gc,phases   ] GC(38)   Pre Evacuate Collection Set: 0,0ms
[5,327s][info][gc,phases   ] GC(38)   Merge Heap Roots: 0,0ms
[5,327s][info][gc,phases   ] GC(38)   Evacuate Collection Set: 0,4ms
[5,327s][info][gc,phases   ] GC(38)   Post Evacuate Collection Set: 0,1ms
[5,327s][info][gc,phases   ] GC(38)   Other: 0,1ms
[5,327s][info][gc,heap     ] GC(38) Eden regions: 34->0(33)
[5,327s][info][gc,heap     ] GC(38) Survivor regions: 4->5(5)
[5,327s][info][gc,heap     ] GC(38) Old regions: 3->3
[5,327s][info][gc,heap     ] GC(38) Archive regions: 2->2
[5,327s][info][gc,heap     ] GC(38) Humongous regions: 0->0
[5,327s][info][gc,metaspace] GC(38) Metaspace: 113K(320K)->113K(320K) NonClass: 104K(192K)->104K(192K) Class: 8K(128K)->8K(128K)
[5,327s][info][gc          ] GC(38) Pause Young (Normal) (G1 Evacuation Pause) 41M->8M(64M) 0,688ms
[5,328s][info][gc,cpu      ] GC(38) User=0,00s Sys=0,00s Real=0,00s
[5,428s][info][gc,start    ] GC(39) Pause Young (Normal) (G1 Evacuation Pause)
[5,428s][info][gc,task     ] GC(39) Using 4 workers of 8 for evacuation
[5,428s][info][gc,phases   ] GC(39)   Pre Evacuate Collection Set: 0,0ms
[5,428s][info][gc,phases   ] GC(39)   Merge Heap Roots: 0,0ms
[5,428s][info][gc,phases   ] GC(39)   Evacuate Collection Set: 0,2ms
[5,428s][info][gc,phases   ] GC(39)   Post Evacuate Collection Set: 0,1ms
[5,428s][info][gc,phases   ] GC(39)   Other: 0,2ms
[5,428s][info][gc,heap     ] GC(39) Eden regions: 33->0(35)
[5,428s][info][gc,heap     ] GC(39) Survivor regions: 5->3(5)
[5,428s][info][gc,heap     ] GC(39) Old regions: 3->3
[5,428s][info][gc,heap     ] GC(39) Archive regions: 2->2
[5,428s][info][gc,heap     ] GC(39) Humongous regions: 0->0
[5,428s][info][gc,metaspace] GC(39) Metaspace: 113K(320K)->113K(320K) NonClass: 104K(192K)->104K(192K) Class: 8K(128K)->8K(128K)
[5,428s][info][gc          ] GC(39) Pause Young (Normal) (G1 Evacuation Pause) 41M->6M(64M) 0,709ms
[5,428s][info][gc,cpu      ] GC(39) User=0,00s Sys=0,00s Real=0,00s
[5,577s][info][gc,start    ] GC(40) Pause Young (Normal) (G1 Evacuation Pause)
[5,577s][info][gc,task     ] GC(40) Using 4 workers of 8 for evacuation
[5,577s][info][gc,phases   ] GC(40)   Pre Evacuate Collection Set: 0,0ms
[5,577s][info][gc,phases   ] GC(40)   Merge Heap Roots: 0,0ms
[5,577s][info][gc,phases   ] GC(40)   Evacuate Collection Set: 0,4ms
[5,577s][info][gc,phases   ] GC(40)   Post Evacuate Collection Set: 0,1ms
[5,577s][info][gc,phases   ] GC(40)   Other: 0,1ms
[5,577s][info][gc,heap     ] GC(40) Eden regions: 35->0(33)
[5,577s][info][gc,heap     ] GC(40) Survivor regions: 3->5(5)
[5,577s][info][gc,heap     ] GC(40) Old regions: 3->3
[5,577s][info][gc,heap     ] GC(40) Archive regions: 2->2
[5,577s][info][gc,heap     ] GC(40) Humongous regions: 0->0
[5,577s][info][gc,metaspace] GC(40) Metaspace: 113K(320K)->113K(320K) NonClass: 105K(192K)->105K(192K) Class: 8K(128K)->8K(128K)
[5,577s][info][gc          ] GC(40) Pause Young (Normal) (G1 Evacuation Pause) 41M->8M(64M) 0,765ms
[5,577s][info][gc,cpu      ] GC(40) User=0,00s Sys=0,00s Real=0,00s
[5,724s][info][gc,start    ] GC(41) Pause Young (Normal) (G1 Evacuation Pause)
[5,724s][info][gc,task     ] GC(41) Using 4 workers of 8 for evacuation
[5,725s][info][gc,phases   ] GC(41)   Pre Evacuate Collection Set: 0,0ms
[5,725s][info][gc,phases   ] GC(41)   Merge Heap Roots: 0,0ms
[5,725s][info][gc,phases   ] GC(41)   Evacuate Collection Set: 0,4ms
[5,725s][info][gc,phases   ] GC(41)   Post Evacuate Collection Set: 0,1ms
[5,725s][info][gc,phases   ] GC(41)   Other: 0,1ms
[5,725s][info][gc,heap     ] GC(41) Eden regions: 33->0(34)
[5,725s][info][gc,heap     ] GC(41) Survivor regions: 5->4(5)
[5,725s][info][gc,heap     ] GC(41) Old regions: 3->3
[5,725s][info][gc,heap     ] GC(41) Archive regions: 2->2
[5,725s][info][gc,heap     ] GC(41) Humongous regions: 0->0
[5,725s][info][gc,metaspace] GC(41) Metaspace: 113K(320K)->113K(320K) NonClass: 105K(192K)->105K(192K) Class: 8K(128K)->8K(128K)
[5,725s][info][gc          ] GC(41) Pause Young (Normal) (G1 Evacuation Pause) 41M->7M(64M) 0,764ms
[5,725s][info][gc,cpu      ] GC(41) User=0,00s Sys=0,00s Real=0,00s
[5,828s][info][gc,start    ] GC(42) Pause Young (Normal) (G1 Evacuation Pause)
[5,828s][info][gc,task     ] GC(42) Using 4 workers of 8 for evacuation
[5,829s][info][gc,phases   ] GC(42)   Pre Evacuate Collection Set: 0,0ms
[5,829s][info][gc,phases   ] GC(42)   Merge Heap Roots: 0,0ms
[5,829s][info][gc,phases   ] GC(42)   Evacuate Collection Set: 0,4ms
[5,829s][info][gc,phases   ] GC(42)   Post Evacuate Collection Set: 0,1ms
[5,829s][info][gc,phases   ] GC(42)   Other: 0,1ms
[5,829s][info][gc,heap     ] GC(42) Eden regions: 34->0(33)
[5,829s][info][gc,heap     ] GC(42) Survivor regions: 4->5(5)
[5,829s][info][gc,heap     ] GC(42) Old regions: 3->3
[5,829s][info][gc,heap     ] GC(42) Archive regions: 2->2
[5,829s][info][gc,heap     ] GC(42) Humongous regions: 0->0
[5,829s][info][gc,metaspace] GC(42) Metaspace: 113K(320K)->113K(320K) NonClass: 105K(192K)->105K(192K) Class: 8K(128K)->8K(128K)
[5,829s][info][gc          ] GC(42) Pause Young (Normal) (G1 Evacuation Pause) 41M->7M(64M) 0,757ms
[5,829s][info][gc,cpu      ] GC(42) User=0,00s Sys=0,00s Real=0,00s
[5,978s][info][gc,start    ] GC(43) Pause Young (Normal) (G1 Evacuation Pause)
[5,978s][info][gc,task     ] GC(43) Using 4 workers of 8 for evacuation
[5,979s][info][gc,phases   ] GC(43)   Pre Evacuate Collection Set: 0,0ms
[5,979s][info][gc,phases   ] GC(43)   Merge Heap Roots: 0,0ms
[5,979s][info][gc,phases   ] GC(43)   Evacuate Collection Set: 0,3ms
[5,979s][info][gc,phases   ] GC(43)   Post Evacuate Collection Set: 0,1ms
[5,979s][info][gc,phases   ] GC(43)   Other: 0,1ms
[5,979s][info][gc,heap     ] GC(43) Eden regions: 33->0(35)
[5,979s][info][gc,heap     ] GC(43) Survivor regions: 5->3(5)
[5,979s][info][gc,heap     ] GC(43) Old regions: 3->4
[5,979s][info][gc,heap     ] GC(43) Archive regions: 2->2
[5,979s][info][gc,heap     ] GC(43) Humongous regions: 0->0
[5,979s][info][gc,metaspace] GC(43) Metaspace: 113K(320K)->113K(320K) NonClass: 105K(192K)->105K(192K) Class: 8K(128K)->8K(128K)
[5,979s][info][gc          ] GC(43) Pause Young (Normal) (G1 Evacuation Pause) 40M->6M(64M) 0,589ms
[5,979s][info][gc,cpu      ] GC(43) User=0,00s Sys=0,00s Real=0,00s
[6,128s][info][gc,start    ] GC(44) Pause Young (Normal) (G1 Evacuation Pause)
[6,128s][info][gc,task     ] GC(44) Using 4 workers of 8 for evacuation
[6,129s][info][gc,phases   ] GC(44)   Pre Evacuate Collection Set: 0,0ms
[6,129s][info][gc,phases   ] GC(44)   Merge Heap Roots: 0,0ms
[6,129s][info][gc,phases   ] GC(44)   Evacuate Collection Set: 0,5ms
[6,129s][info][gc,phases   ] GC(44)   Post Evacuate Collection Set: 0,1ms
[6,129s][info][gc,phases   ] GC(44)   Other: 0,1ms
[6,129s][info][gc,heap     ] GC(44) Eden regions: 35->0(33)
[6,129s][info][gc,heap     ] GC(44) Survivor regions: 3->5(5)
[6,129s][info][gc,heap     ] GC(44) Old regions: 4->4
[6,129s][info][gc,heap     ] GC(44) Archive regions: 2->2
[6,129s][info][gc,heap     ] GC(44) Humongous regions: 0->0
[6,129s][info][gc,metaspace] GC(44) Metaspace: 113K(320K)->113K(320K) NonClass: 105K(192K)->105K(192K) Class: 8K(128K)->8K(128K)
[6,129s][info][gc          ] GC(44) Pause Young (Normal) (G1 Evacuation Pause) 41M->8M(64M) 0,914ms
[6,129s][info][gc,cpu      ] GC(44) User=0,00s Sys=0,00s Real=0,00s
[6,229s][info][gc,start    ] GC(45) Pause Young (Normal) (G1 Evacuation Pause)
[6,229s][info][gc,task     ] GC(45) Using 4 workers of 8 for evacuation
[6,230s][info][gc,phases   ] GC(45)   Pre Evacuate Collection Set: 0,0ms
[6,230s][info][gc,phases   ] GC(45)   Merge Heap Roots: 0,0ms
[6,230s][info][gc,phases   ] GC(45)   Evacuate Collection Set: 0,3ms
[6,230s][info][gc,phases   ] GC(45)   Post Evacuate Collection Set: 0,1ms
[6,230s][info][gc,phases   ] GC(45)   Other: 0,1ms
[6,230s][info][gc,heap     ] GC(45) Eden regions: 33->0(35)
[6,230s][info][gc,heap     ] GC(45) Survivor regions: 5->3(5)
[6,230s][info][gc,heap     ] GC(45) Old regions: 4->4
[6,230s][info][gc,heap     ] GC(45) Archive regions: 2->2
[6,230s][info][gc,heap     ] GC(45) Humongous regions: 0->0
[6,230s][info][gc,metaspace] GC(45) Metaspace: 113K(320K)->113K(320K) NonClass: 105K(192K)->105K(192K) Class: 8K(128K)->8K(128K)
[6,230s][info][gc          ] GC(45) Pause Young (Normal) (G1 Evacuation Pause) 41M->6M(64M) 0,722ms
[6,230s][info][gc,cpu      ] GC(45) User=0,00s Sys=0,00s Real=0,00s
[6,379s][info][gc,start    ] GC(46) Pause Young (Normal) (G1 Evacuation Pause)
[6,379s][info][gc,task     ] GC(46) Using 4 workers of 8 for evacuation
[6,379s][info][gc,phases   ] GC(46)   Pre Evacuate Collection Set: 0,0ms
[6,379s][info][gc,phases   ] GC(46)   Merge Heap Roots: 0,0ms
[6,379s][info][gc,phases   ] GC(46)   Evacuate Collection Set: 0,4ms
[6,379s][info][gc,phases   ] GC(46)   Post Evacuate Collection Set: 0,1ms
[6,380s][info][gc,phases   ] GC(46)   Other: 0,1ms
[6,380s][info][gc,heap     ] GC(46) Eden regions: 35->0(33)
[6,380s][info][gc,heap     ] GC(46) Survivor regions: 3->5(5)
[6,380s][info][gc,heap     ] GC(46) Old regions: 4->4
[6,380s][info][gc,heap     ] GC(46) Archive regions: 2->2
[6,380s][info][gc,heap     ] GC(46) Humongous regions: 0->0
[6,380s][info][gc,metaspace] GC(46) Metaspace: 113K(320K)->113K(320K) NonClass: 105K(192K)->105K(192K) Class: 8K(128K)->8K(128K)
[6,380s][info][gc          ] GC(46) Pause Young (Normal) (G1 Evacuation Pause) 41M->8M(64M) 0,780ms
[6,380s][info][gc,cpu      ] GC(46) User=0,00s Sys=0,00s Real=0,00s
[6,529s][info][gc,start    ] GC(47) Pause Young (Normal) (G1 Evacuation Pause)
[6,529s][info][gc,task     ] GC(47) Using 4 workers of 8 for evacuation
[6,529s][info][gc,phases   ] GC(47)   Pre Evacuate Collection Set: 0,0ms
[6,529s][info][gc,phases   ] GC(47)   Merge Heap Roots: 0,0ms
[6,529s][info][gc,phases   ] GC(47)   Evacuate Collection Set: 0,2ms
[6,529s][info][gc,phases   ] GC(47)   Post Evacuate Collection Set: 0,1ms
[6,529s][info][gc,phases   ] GC(47)   Other: 0,1ms
[6,529s][info][gc,heap     ] GC(47) Eden regions: 33->0(34)
[6,529s][info][gc,heap     ] GC(47) Survivor regions: 5->4(5)
[6,529s][info][gc,heap     ] GC(47) Old regions: 4->4
[6,529s][info][gc,heap     ] GC(47) Archive regions: 2->2
[6,529s][info][gc,heap     ] GC(47) Humongous regions: 0->0
[6,529s][info][gc,metaspace] GC(47) Metaspace: 113K(320K)->113K(320K) NonClass: 105K(192K)->105K(192K) Class: 8K(128K)->8K(128K)
[6,529s][info][gc          ] GC(47) Pause Young (Normal) (G1 Evacuation Pause) 41M->7M(64M) 0,536ms
[6,529s][info][gc,cpu      ] GC(47) User=0,00s Sys=0,00s Real=0,00s
[6,629s][info][gc,start    ] GC(48) Pause Young (Normal) (G1 Evacuation Pause)
[6,629s][info][gc,task     ] GC(48) Using 4 workers of 8 for evacuation
[6,629s][info][gc,phases   ] GC(48)   Pre Evacuate Collection Set: 0,0ms
[6,629s][info][gc,phases   ] GC(48)   Merge Heap Roots: 0,0ms
[6,629s][info][gc,phases   ] GC(48)   Evacuate Collection Set: 0,3ms
[6,629s][info][gc,phases   ] GC(48)   Post Evacuate Collection Set: 0,1ms
[6,629s][info][gc,phases   ] GC(48)   Other: 0,1ms
[6,630s][info][gc,heap     ] GC(48) Eden regions: 34->0(34)
[6,630s][info][gc,heap     ] GC(48) Survivor regions: 4->4(5)
[6,630s][info][gc,heap     ] GC(48) Old regions: 4->4
[6,630s][info][gc,heap     ] GC(48) Archive regions: 2->2
[6,630s][info][gc,heap     ] GC(48) Humongous regions: 0->0
[6,630s][info][gc,metaspace] GC(48) Metaspace: 113K(320K)->113K(320K) NonClass: 105K(192K)->105K(192K) Class: 8K(128K)->8K(128K)
[6,630s][info][gc          ] GC(48) Pause Young (Normal) (G1 Evacuation Pause) 41M->7M(64M) 0,648ms
[6,630s][info][gc,cpu      ] GC(48) User=0,00s Sys=0,00s Real=0,00s
[6,777s][info][gc,start    ] GC(49) Pause Young (Normal) (G1 Evacuation Pause)
[6,777s][info][gc,task     ] GC(49) Using 4 workers of 8 for evacuation
[6,778s][info][gc,phases   ] GC(49)   Pre Evacuate Collection Set: 0,0ms
[6,778s][info][gc,phases   ] GC(49)   Merge Heap Roots: 0,0ms
[6,778s][info][gc,phases   ] GC(49)   Evacuate Collection Set: 0,3ms
[6,778s][info][gc,phases   ] GC(49)   Post Evacuate Collection Set: 0,1ms
[6,778s][info][gc,phases   ] GC(49)   Other: 0,1ms
[6,778s][info][gc,heap     ] GC(49) Eden regions: 34->0(34)
[6,778s][info][gc,heap     ] GC(49) Survivor regions: 4->4(5)
[6,778s][info][gc,heap     ] GC(49) Old regions: 4->4
[6,778s][info][gc,heap     ] GC(49) Archive regions: 2->2
[6,778s][info][gc,heap     ] GC(49) Humongous regions: 0->0
[6,778s][info][gc,metaspace] GC(49) Metaspace: 113K(320K)->113K(320K) NonClass: 105K(192K)->105K(192K) Class: 8K(128K)->8K(128K)
[6,778s][info][gc          ] GC(49) Pause Young (Normal) (G1 Evacuation Pause) 40M->7M(64M) 0,694ms
[6,778s][info][gc,cpu      ] GC(49) User=0,00s Sys=0,00s Real=0,00s
[6,928s][info][gc,start    ] GC(50) Pause Young (Normal) (G1 Evacuation Pause)
[6,928s][info][gc,task     ] GC(50) Using 4 workers of 8 for evacuation
[6,928s][info][gc,phases   ] GC(50)   Pre Evacuate Collection Set: 0,0ms
[6,928s][info][gc,phases   ] GC(50)   Merge Heap Roots: 0,0ms
[6,928s][info][gc,phases   ] GC(50)   Evacuate Collection Set: 0,3ms
[6,928s][info][gc,phases   ] GC(50)   Post Evacuate Collection Set: 0,1ms
[6,928s][info][gc,phases   ] GC(50)   Other: 0,1ms
[6,928s][info][gc,heap     ] GC(50) Eden regions: 34->0(34)
[6,928s][info][gc,heap     ] GC(50) Survivor regions: 4->4(5)
[6,928s][info][gc,heap     ] GC(50) Old regions: 4->4
[6,928s][info][gc,heap     ] GC(50) Archive regions: 2->2
[6,928s][info][gc,heap     ] GC(50) Humongous regions: 0->0
[6,928s][info][gc,metaspace] GC(50) Metaspace: 114K(320K)->114K(320K) NonClass: 106K(192K)->106K(192K) Class: 8K(128K)->8K(128K)
[6,928s][info][gc          ] GC(50) Pause Young (Normal) (G1 Evacuation Pause) 41M->7M(64M) 0,627ms
[6,928s][info][gc,cpu      ] GC(50) User=0,00s Sys=0,00s Real=0,00s
[7,027s][info][gc,start    ] GC(51) Pause Young (Normal) (G1 Evacuation Pause)
[7,027s][info][gc,task     ] GC(51) Using 4 workers of 8 for evacuation
[7,028s][info][gc,phases   ] GC(51)   Pre Evacuate Collection Set: 0,0ms
[7,028s][info][gc,phases   ] GC(51)   Merge Heap Roots: 0,0ms
[7,028s][info][gc,phases   ] GC(51)   Evacuate Collection Set: 0,4ms
[7,028s][info][gc,phases   ] GC(51)   Post Evacuate Collection Set: 0,1ms
[7,028s][info][gc,phases   ] GC(51)   Other: 0,2ms
[7,028s][info][gc,heap     ] GC(51) Eden regions: 34->0(33)
[7,028s][info][gc,heap     ] GC(51) Survivor regions: 4->5(5)
[7,028s][info][gc,heap     ] GC(51) Old regions: 4->4
[7,028s][info][gc,heap     ] GC(51) Archive regions: 2->2
[7,028s][info][gc,heap     ] GC(51) Humongous regions: 0->0
[7,028s][info][gc,metaspace] GC(51) Metaspace: 114K(320K)->114K(320K) NonClass: 106K(192K)->106K(192K) Class: 8K(128K)->8K(128K)
[7,028s][info][gc          ] GC(51) Pause Young (Normal) (G1 Evacuation Pause) 41M->8M(64M) 0,859ms
[7,028s][info][gc,cpu      ] GC(51) User=0,01s Sys=0,00s Real=0,00s
[7,174s][info][gc,start    ] GC(52) Pause Young (Normal) (G1 Evacuation Pause)
[7,174s][info][gc,task     ] GC(52) Using 4 workers of 8 for evacuation
[7,175s][info][gc,phases   ] GC(52)   Pre Evacuate Collection Set: 0,0ms
[7,175s][info][gc,phases   ] GC(52)   Merge Heap Roots: 0,0ms
[7,175s][info][gc,phases   ] GC(52)   Evacuate Collection Set: 0,2ms
[7,175s][info][gc,phases   ] GC(52)   Post Evacuate Collection Set: 0,1ms
[7,175s][info][gc,phases   ] GC(52)   Other: 0,1ms
[7,175s][info][gc,heap     ] GC(52) Eden regions: 33->0(35)
[7,175s][info][gc,heap     ] GC(52) Survivor regions: 5->3(5)
[7,175s][info][gc,heap     ] GC(52) Old regions: 4->4
[7,175s][info][gc,heap     ] GC(52) Archive regions: 2->2
[7,175s][info][gc,heap     ] GC(52) Humongous regions: 0->0
[7,175s][info][gc,metaspace] GC(52) Metaspace: 114K(320K)->114K(320K) NonClass: 106K(192K)->106K(192K) Class: 8K(128K)->8K(128K)
[7,175s][info][gc          ] GC(52) Pause Young (Normal) (G1 Evacuation Pause) 41M->6M(64M) 0,651ms
[7,175s][info][gc,cpu      ] GC(52) User=0,00s Sys=0,00s Real=0,00s
[7,328s][info][gc,start    ] GC(53) Pause Young (Normal) (G1 Evacuation Pause)
[7,328s][info][gc,task     ] GC(53) Using 4 workers of 8 for evacuation
[7,328s][info][gc,phases   ] GC(53)   Pre Evacuate Collection Set: 0,0ms
[7,328s][info][gc,phases   ] GC(53)   Merge Heap Roots: 0,0ms
[7,328s][info][gc,phases   ] GC(53)   Evacuate Collection Set: 0,4ms
[7,328s][info][gc,phases   ] GC(53)   Post Evacuate Collection Set: 0,1ms
[7,328s][info][gc,phases   ] GC(53)   Other: 0,1ms
[7,328s][info][gc,heap     ] GC(53) Eden regions: 35->0(33)
[7,328s][info][gc,heap     ] GC(53) Survivor regions: 3->5(5)
[7,328s][info][gc,heap     ] GC(53) Old regions: 4->4
[7,328s][info][gc,heap     ] GC(53) Archive regions: 2->2
[7,328s][info][gc,heap     ] GC(53) Humongous regions: 0->0
[7,328s][info][gc,metaspace] GC(53) Metaspace: 114K(320K)->114K(320K) NonClass: 106K(192K)->106K(192K) Class: 8K(128K)->8K(128K)
[7,328s][info][gc          ] GC(53) Pause Young (Normal) (G1 Evacuation Pause) 41M->8M(64M) 0,667ms
[7,328s][info][gc,cpu      ] GC(53) User=0,00s Sys=0,00s Real=0,00s
[7,428s][info][gc,start    ] GC(54) Pause Young (Normal) (G1 Evacuation Pause)
[7,428s][info][gc,task     ] GC(54) Using 4 workers of 8 for evacuation
[7,429s][info][gc,phases   ] GC(54)   Pre Evacuate Collection Set: 0,0ms
[7,429s][info][gc,phases   ] GC(54)   Merge Heap Roots: 0,0ms
[7,429s][info][gc,phases   ] GC(54)   Evacuate Collection Set: 0,4ms
[7,429s][info][gc,phases   ] GC(54)   Post Evacuate Collection Set: 0,1ms
[7,429s][info][gc,phases   ] GC(54)   Other: 0,1ms
[7,429s][info][gc,heap     ] GC(54) Eden regions: 33->0(34)
[7,429s][info][gc,heap     ] GC(54) Survivor regions: 5->4(5)
[7,429s][info][gc,heap     ] GC(54) Old regions: 4->4
[7,429s][info][gc,heap     ] GC(54) Archive regions: 2->2
[7,429s][info][gc,heap     ] GC(54) Humongous regions: 0->0
[7,429s][info][gc,metaspace] GC(54) Metaspace: 114K(320K)->114K(320K) NonClass: 106K(192K)->106K(192K) Class: 8K(128K)->8K(128K)
[7,429s][info][gc          ] GC(54) Pause Young (Normal) (G1 Evacuation Pause) 41M->7M(64M) 0,692ms
[7,429s][info][gc,cpu      ] GC(54) User=0,01s Sys=0,00s Real=0,00s
[7,579s][info][gc,start    ] GC(55) Pause Young (Normal) (G1 Evacuation Pause)
[7,579s][info][gc,task     ] GC(55) Using 4 workers of 8 for evacuation
[7,580s][info][gc,phases   ] GC(55)   Pre Evacuate Collection Set: 0,0ms
[7,580s][info][gc,phases   ] GC(55)   Merge Heap Roots: 0,0ms
[7,580s][info][gc,phases   ] GC(55)   Evacuate Collection Set: 0,6ms
[7,580s][info][gc,phases   ] GC(55)   Post Evacuate Collection Set: 0,1ms
[7,580s][info][gc,phases   ] GC(55)   Other: 0,2ms
[7,580s][info][gc,heap     ] GC(55) Eden regions: 34->0(33)
[7,580s][info][gc,heap     ] GC(55) Survivor regions: 4->5(5)
[7,580s][info][gc,heap     ] GC(55) Old regions: 4->4
[7,580s][info][gc,heap     ] GC(55) Archive regions: 2->2
[7,580s][info][gc,heap     ] GC(55) Humongous regions: 0->0
[7,580s][info][gc,metaspace] GC(55) Metaspace: 114K(320K)->114K(320K) NonClass: 106K(192K)->106K(192K) Class: 8K(128K)->8K(128K)
[7,580s][info][gc          ] GC(55) Pause Young (Normal) (G1 Evacuation Pause) 41M->8M(64M) 1,054ms
[7,580s][info][gc,cpu      ] GC(55) User=0,00s Sys=0,00s Real=0,00s
[7,727s][info][gc,start    ] GC(56) Pause Young (Normal) (G1 Evacuation Pause)
[7,727s][info][gc,task     ] GC(56) Using 4 workers of 8 for evacuation
[7,728s][info][gc,phases   ] GC(56)   Pre Evacuate Collection Set: 0,0ms
[7,728s][info][gc,phases   ] GC(56)   Merge Heap Roots: 0,0ms
[7,728s][info][gc,phases   ] GC(56)   Evacuate Collection Set: 0,2ms
[7,728s][info][gc,phases   ] GC(56)   Post Evacuate Collection Set: 0,1ms
[7,728s][info][gc,phases   ] GC(56)   Other: 0,1ms
[7,728s][info][gc,heap     ] GC(56) Eden regions: 33->0(35)
[7,728s][info][gc,heap     ] GC(56) Survivor regions: 5->3(5)
[7,728s][info][gc,heap     ] GC(56) Old regions: 4->4
[7,728s][info][gc,heap     ] GC(56) Archive regions: 2->2
[7,728s][info][gc,heap     ] GC(56) Humongous regions: 0->0
[7,728s][info][gc,metaspace] GC(56) Metaspace: 114K(320K)->114K(320K) NonClass: 106K(192K)->106K(192K) Class: 8K(128K)->8K(128K)
[7,728s][info][gc          ] GC(56) Pause Young (Normal) (G1 Evacuation Pause) 41M->6M(64M) 0,566ms
[7,728s][info][gc,cpu      ] GC(56) User=0,00s Sys=0,00s Real=0,00s
[7,828s][info][gc,start    ] GC(57) Pause Young (Normal) (G1 Evacuation Pause)
[7,828s][info][gc,task     ] GC(57) Using 4 workers of 8 for evacuation
[7,829s][info][gc,phases   ] GC(57)   Pre Evacuate Collection Set: 0,0ms
[7,829s][info][gc,phases   ] GC(57)   Merge Heap Roots: 0,0ms
[7,829s][info][gc,phases   ] GC(57)   Evacuate Collection Set: 0,4ms
[7,829s][info][gc,phases   ] GC(57)   Post Evacuate Collection Set: 0,1ms
[7,829s][info][gc,phases   ] GC(57)   Other: 0,1ms
[7,829s][info][gc,heap     ] GC(57) Eden regions: 35->0(33)
[7,829s][info][gc,heap     ] GC(57) Survivor regions: 3->5(5)
[7,829s][info][gc,heap     ] GC(57) Old regions: 4->4
[7,829s][info][gc,heap     ] GC(57) Archive regions: 2->2
[7,829s][info][gc,heap     ] GC(57) Humongous regions: 0->0
[7,829s][info][gc,metaspace] GC(57) Metaspace: 114K(320K)->114K(320K) NonClass: 106K(192K)->106K(192K) Class: 8K(128K)->8K(128K)
[7,829s][info][gc          ] GC(57) Pause Young (Normal) (G1 Evacuation Pause) 41M->8M(64M) 0,739ms
[7,829s][info][gc,cpu      ] GC(57) User=0,01s Sys=0,00s Real=0,00s
[7,976s][info][gc,start    ] GC(58) Pause Young (Normal) (G1 Evacuation Pause)
[7,976s][info][gc,task     ] GC(58) Using 4 workers of 8 for evacuation
[7,977s][info][gc,phases   ] GC(58)   Pre Evacuate Collection Set: 0,0ms
[7,977s][info][gc,phases   ] GC(58)   Merge Heap Roots: 0,0ms
[7,977s][info][gc,phases   ] GC(58)   Evacuate Collection Set: 0,2ms
[7,977s][info][gc,phases   ] GC(58)   Post Evacuate Collection Set: 0,1ms
[7,977s][info][gc,phases   ] GC(58)   Other: 0,1ms
[7,977s][info][gc,heap     ] GC(58) Eden regions: 33->0(34)
[7,977s][info][gc,heap     ] GC(58) Survivor regions: 5->4(5)
[7,977s][info][gc,heap     ] GC(58) Old regions: 4->4
[7,977s][info][gc,heap     ] GC(58) Archive regions: 2->2
[7,977s][info][gc,heap     ] GC(58) Humongous regions: 0->0
[7,977s][info][gc,metaspace] GC(58) Metaspace: 114K(320K)->114K(320K) NonClass: 106K(192K)->106K(192K) Class: 8K(128K)->8K(128K)
[7,977s][info][gc          ] GC(58) Pause Young (Normal) (G1 Evacuation Pause) 41M->7M(64M) 0,509ms
[7,977s][info][gc,cpu      ] GC(58) User=0,00s Sys=0,00s Real=0,00s
[8,128s][info][gc,start    ] GC(59) Pause Young (Normal) (G1 Evacuation Pause)
[8,128s][info][gc,task     ] GC(59) Using 4 workers of 8 for evacuation
[8,128s][info][gc,phases   ] GC(59)   Pre Evacuate Collection Set: 0,0ms
[8,128s][info][gc,phases   ] GC(59)   Merge Heap Roots: 0,0ms
[8,128s][info][gc,phases   ] GC(59)   Evacuate Collection Set: 0,4ms
[8,128s][info][gc,phases   ] GC(59)   Post Evacuate Collection Set: 0,1ms
[8,128s][info][gc,phases   ] GC(59)   Other: 0,1ms
[8,128s][info][gc,heap     ] GC(59) Eden regions: 34->0(33)
[8,128s][info][gc,heap     ] GC(59) Survivor regions: 4->5(5)
[8,128s][info][gc,heap     ] GC(59) Old regions: 4->4
[8,128s][info][gc,heap     ] GC(59) Archive regions: 2->2
[8,128s][info][gc,heap     ] GC(59) Humongous regions: 0->0
[8,128s][info][gc,metaspace] GC(59) Metaspace: 114K(320K)->114K(320K) NonClass: 106K(192K)->106K(192K) Class: 8K(128K)->8K(128K)
[8,128s][info][gc          ] GC(59) Pause Young (Normal) (G1 Evacuation Pause) 41M->8M(64M) 0,709ms
[8,128s][info][gc,cpu      ] GC(59) User=0,00s Sys=0,00s Real=0,00s
[8,229s][info][gc,start    ] GC(60) Pause Young (Normal) (G1 Evacuation Pause)
[8,229s][info][gc,task     ] GC(60) Using 4 workers of 8 for evacuation
[8,229s][info][gc,phases   ] GC(60)   Pre Evacuate Collection Set: 0,0ms
[8,229s][info][gc,phases   ] GC(60)   Merge Heap Roots: 0,0ms
[8,229s][info][gc,phases   ] GC(60)   Evacuate Collection Set: 0,2ms
[8,229s][info][gc,phases   ] GC(60)   Post Evacuate Collection Set: 0,1ms
[8,229s][info][gc,phases   ] GC(60)   Other: 0,1ms
[8,229s][info][gc,heap     ] GC(60) Eden regions: 33->0(35)
[8,229s][info][gc,heap     ] GC(60) Survivor regions: 5->3(5)
[8,229s][info][gc,heap     ] GC(60) Old regions: 4->4
[8,229s][info][gc,heap     ] GC(60) Archive regions: 2->2
[8,229s][info][gc,heap     ] GC(60) Humongous regions: 0->0
[8,229s][info][gc,metaspace] GC(60) Metaspace: 114K(320K)->114K(320K) NonClass: 106K(192K)->106K(192K) Class: 8K(128K)->8K(128K)
[8,229s][info][gc          ] GC(60) Pause Young (Normal) (G1 Evacuation Pause) 41M->6M(64M) 0,580ms
[8,229s][info][gc,cpu      ] GC(60) User=0,00s Sys=0,00s Real=0,00s
[8,378s][info][gc,start    ] GC(61) Pause Young (Normal) (G1 Evacuation Pause)
[8,378s][info][gc,task     ] GC(61) Using 4 workers of 8 for evacuation
[8,379s][info][gc,phases   ] GC(61)   Pre Evacuate Collection Set: 0,0ms
[8,379s][info][gc,phases   ] GC(61)   Merge Heap Roots: 0,0ms
[8,379s][info][gc,phases   ] GC(61)   Evacuate Collection Set: 0,4ms
[8,379s][info][gc,phases   ] GC(61)   Post Evacuate Collection Set: 0,1ms
[8,379s][info][gc,phases   ] GC(61)   Other: 0,1ms
[8,379s][info][gc,heap     ] GC(61) Eden regions: 35->0(33)
[8,379s][info][gc,heap     ] GC(61) Survivor regions: 3->5(5)
[8,379s][info][gc,heap     ] GC(61) Old regions: 4->4
[8,379s][info][gc,heap     ] GC(61) Archive regions: 2->2
[8,379s][info][gc,heap     ] GC(61) Humongous regions: 0->0
[8,379s][info][gc,metaspace] GC(61) Metaspace: 114K(320K)->114K(320K) NonClass: 106K(192K)->106K(192K) Class: 8K(128K)->8K(128K)
[8,379s][info][gc          ] GC(61) Pause Young (Normal) (G1 Evacuation Pause) 41M->8M(64M) 0,775ms
[8,379s][info][gc,cpu      ] GC(61) User=0,00s Sys=0,00s Real=0,00s
[8,528s][info][gc,start    ] GC(62) Pause Young (Normal) (G1 Evacuation Pause)
[8,528s][info][gc,task     ] GC(62) Using 4 workers of 8 for evacuation
[8,529s][info][gc,phases   ] GC(62)   Pre Evacuate Collection Set: 0,0ms
[8,529s][info][gc,phases   ] GC(62)   Merge Heap Roots: 0,0ms
[8,529s][info][gc,phases   ] GC(62)   Evacuate Collection Set: 0,2ms
[8,529s][info][gc,phases   ] GC(62)   Post Evacuate Collection Set: 0,1ms
[8,529s][info][gc,phases   ] GC(62)   Other: 0,1ms
[8,529s][info][gc,heap     ] GC(62) Eden regions: 33->0(35)
[8,529s][info][gc,heap     ] GC(62) Survivor regions: 5->3(5)
[8,529s][info][gc,heap     ] GC(62) Old regions: 4->4
[8,529s][info][gc,heap     ] GC(62) Archive regions: 2->2
[8,529s][info][gc,heap     ] GC(62) Humongous regions: 0->0
[8,529s][info][gc,metaspace] GC(62) Metaspace: 114K(320K)->114K(320K) NonClass: 106K(192K)->106K(192K) Class: 8K(128K)->8K(128K)
[8,529s][info][gc          ] GC(62) Pause Young (Normal) (G1 Evacuation Pause) 41M->6M(64M) 0,486ms
[8,529s][info][gc,cpu      ] GC(62) User=0,00s Sys=0,00s Real=0,00s
[8,628s][info][gc,start    ] GC(63) Pause Young (Normal) (G1 Evacuation Pause)
[8,628s][info][gc,task     ] GC(63) Using 4 workers of 8 for evacuation
[8,629s][info][gc,phases   ] GC(63)   Pre Evacuate Collection Set: 0,0ms
[8,629s][info][gc,phases   ] GC(63)   Merge Heap Roots: 0,0ms
[8,629s][info][gc,phases   ] GC(63)   Evacuate Collection Set: 0,5ms
[8,629s][info][gc,phases   ] GC(63)   Post Evacuate Collection Set: 0,1ms
[8,629s][info][gc,phases   ] GC(63)   Other: 0,1ms
[8,629s][info][gc,heap     ] GC(63) Eden regions: 35->0(33)
[8,629s][info][gc,heap     ] GC(63) Survivor regions: 3->5(5)
[8,629s][info][gc,heap     ] GC(63) Old regions: 4->4
[8,629s][info][gc,heap     ] GC(63) Archive regions: 2->2
[8,629s][info][gc,heap     ] GC(63) Humongous regions: 0->0
[8,629s][info][gc,metaspace] GC(63) Metaspace: 114K(320K)->114K(320K) NonClass: 106K(192K)->106K(192K) Class: 8K(128K)->8K(128K)
[8,629s][info][gc          ] GC(63) Pause Young (Normal) (G1 Evacuation Pause) 41M->8M(64M) 0,826ms
[8,629s][info][gc,cpu      ] GC(63) User=0,00s Sys=0,00s Real=0,00s
[8,778s][info][gc,start    ] GC(64) Pause Young (Normal) (G1 Evacuation Pause)
[8,778s][info][gc,task     ] GC(64) Using 4 workers of 8 for evacuation
[8,778s][info][gc,phases   ] GC(64)   Pre Evacuate Collection Set: 0,0ms
[8,778s][info][gc,phases   ] GC(64)   Merge Heap Roots: 0,0ms
[8,778s][info][gc,phases   ] GC(64)   Evacuate Collection Set: 0,2ms
[8,778s][info][gc,phases   ] GC(64)   Post Evacuate Collection Set: 0,1ms
[8,778s][info][gc,phases   ] GC(64)   Other: 0,1ms
[8,778s][info][gc,heap     ] GC(64) Eden regions: 33->0(34)
[8,778s][info][gc,heap     ] GC(64) Survivor regions: 5->4(5)
[8,778s][info][gc,heap     ] GC(64) Old regions: 4->4
[8,778s][info][gc,heap     ] GC(64) Archive regions: 2->2
[8,778s][info][gc,heap     ] GC(64) Humongous regions: 0->0
[8,778s][info][gc,metaspace] GC(64) Metaspace: 114K(320K)->114K(320K) NonClass: 106K(192K)->106K(192K) Class: 8K(128K)->8K(128K)
[8,778s][info][gc          ] GC(64) Pause Young (Normal) (G1 Evacuation Pause) 41M->7M(64M) 0,614ms
[8,778s][info][gc,cpu      ] GC(64) User=0,00s Sys=0,00s Real=0,00s
[8,927s][info][gc,start    ] GC(65) Pause Young (Normal) (G1 Evacuation Pause)
[8,927s][info][gc,task     ] GC(65) Using 4 workers of 8 for evacuation
[8,928s][info][gc,phases   ] GC(65)   Pre Evacuate Collection Set: 0,0ms
[8,928s][info][gc,phases   ] GC(65)   Merge Heap Roots: 0,0ms
[8,928s][info][gc,phases   ] GC(65)   Evacuate Collection Set: 0,2ms
[8,928s][info][gc,phases   ] GC(65)   Post Evacuate Collection Set: 0,1ms
[8,928s][info][gc,phases   ] GC(65)   Other: 0,1ms
[8,928s][info][gc,heap     ] GC(65) Eden regions: 34->0(34)
[8,928s][info][gc,heap     ] GC(65) Survivor regions: 4->4(5)
[8,928s][info][gc,heap     ] GC(65) Old regions: 4->4
[8,928s][info][gc,heap     ] GC(65) Archive regions: 2->2
[8,928s][info][gc,heap     ] GC(65) Humongous regions: 0->0
[8,928s][info][gc,metaspace] GC(65) Metaspace: 114K(320K)->114K(320K) NonClass: 106K(192K)->106K(192K) Class: 8K(128K)->8K(128K)
[8,928s][info][gc          ] GC(65) Pause Young (Normal) (G1 Evacuation Pause) 41M->7M(64M) 0,531ms
[8,928s][info][gc,cpu      ] GC(65) User=0,00s Sys=0,00s Real=0,00s
[9,029s][info][gc,start    ] GC(66) Pause Young (Normal) (G1 Evacuation Pause)
[9,029s][info][gc,task     ] GC(66) Using 4 workers of 8 for evacuation
[9,029s][info][gc,phases   ] GC(66)   Pre Evacuate Collection Set: 0,0ms
[9,029s][info][gc,phases   ] GC(66)   Merge Heap Roots: 0,0ms
[9,029s][info][gc,phases   ] GC(66)   Evacuate Collection Set: 0,3ms
[9,029s][info][gc,phases   ] GC(66)   Post Evacuate Collection Set: 0,1ms
[9,029s][info][gc,phases   ] GC(66)   Other: 0,1ms
[9,029s][info][gc,heap     ] GC(66) Eden regions: 34->0(33)
[9,029s][info][gc,heap     ] GC(66) Survivor regions: 4->5(5)
[9,029s][info][gc,heap     ] GC(66) Old regions: 4->4
[9,029s][info][gc,heap     ] GC(66) Archive regions: 2->2
[9,029s][info][gc,heap     ] GC(66) Humongous regions: 0->0
[9,029s][info][gc,metaspace] GC(66) Metaspace: 114K(320K)->114K(320K) NonClass: 106K(192K)->106K(192K) Class: 8K(128K)->8K(128K)
[9,029s][info][gc          ] GC(66) Pause Young (Normal) (G1 Evacuation Pause) 41M->8M(64M) 0,681ms
[9,029s][info][gc,cpu      ] GC(66) User=0,00s Sys=0,00s Real=0,00s
[9,177s][info][gc,start    ] GC(67) Pause Young (Normal) (G1 Evacuation Pause)
[9,177s][info][gc,task     ] GC(67) Using 4 workers of 8 for evacuation
[9,177s][info][gc,phases   ] GC(67)   Pre Evacuate Collection Set: 0,0ms
[9,177s][info][gc,phases   ] GC(67)   Merge Heap Roots: 0,1ms
[9,177s][info][gc,phases   ] GC(67)   Evacuate Collection Set: 0,2ms
[9,177s][info][gc,phases   ] GC(67)   Post Evacuate Collection Set: 0,1ms
[9,177s][info][gc,phases   ] GC(67)   Other: 0,1ms
[9,177s][info][gc,heap     ] GC(67) Eden regions: 33->0(36)
[9,177s][info][gc,heap     ] GC(67) Survivor regions: 5->2(5)
[9,177s][info][gc,heap     ] GC(67) Old regions: 4->4
[9,177s][info][gc,heap     ] GC(67) Archive regions: 2->2
[9,177s][info][gc,heap     ] GC(67) Humongous regions: 0->0
[9,177s][info][gc,metaspace] GC(67) Metaspace: 114K(320K)->114K(320K) NonClass: 106K(192K)->106K(192K) Class: 8K(128K)->8K(128K)
[9,177s][info][gc          ] GC(67) Pause Young (Normal) (G1 Evacuation Pause) 41M->5M(64M) 0,635ms
[9,177s][info][gc,cpu      ] GC(67) User=0,01s Sys=0,00s Real=0,00s
[9,328s][info][gc,start    ] GC(68) Pause Young (Normal) (G1 Evacuation Pause)
[9,328s][info][gc,task     ] GC(68) Using 4 workers of 8 for evacuation
[9,329s][info][gc,phases   ] GC(68)   Pre Evacuate Collection Set: 0,0ms
[9,329s][info][gc,phases   ] GC(68)   Merge Heap Roots: 0,0ms
[9,329s][info][gc,phases   ] GC(68)   Evacuate Collection Set: 0,4ms
[9,329s][info][gc,phases   ] GC(68)   Post Evacuate Collection Set: 0,1ms
[9,329s][info][gc,phases   ] GC(68)   Other: 0,1ms
[9,329s][info][gc,heap     ] GC(68) Eden regions: 36->0(33)
[9,329s][info][gc,heap     ] GC(68) Survivor regions: 2->5(5)
[9,329s][info][gc,heap     ] GC(68) Old regions: 4->4
[9,329s][info][gc,heap     ] GC(68) Archive regions: 2->2
[9,329s][info][gc,heap     ] GC(68) Humongous regions: 0->0
[9,329s][info][gc,metaspace] GC(68) Metaspace: 114K(320K)->114K(320K) NonClass: 106K(192K)->106K(192K) Class: 8K(128K)->8K(128K)
[9,329s][info][gc          ] GC(68) Pause Young (Normal) (G1 Evacuation Pause) 41M->8M(64M) 0,702ms
[9,329s][info][gc,cpu      ] GC(68) User=0,00s Sys=0,00s Real=0,00s
[9,428s][info][gc,start    ] GC(69) Pause Young (Normal) (G1 Evacuation Pause)
[9,428s][info][gc,task     ] GC(69) Using 4 workers of 8 for evacuation
[9,429s][info][gc,phases   ] GC(69)   Pre Evacuate Collection Set: 0,0ms
[9,429s][info][gc,phases   ] GC(69)   Merge Heap Roots: 0,0ms
[9,429s][info][gc,phases   ] GC(69)   Evacuate Collection Set: 0,3ms
[9,429s][info][gc,phases   ] GC(69)   Post Evacuate Collection Set: 0,1ms
[9,429s][info][gc,phases   ] GC(69)   Other: 0,1ms
[9,429s][info][gc,heap     ] GC(69) Eden regions: 33->0(34)
[9,429s][info][gc,heap     ] GC(69) Survivor regions: 5->4(5)
[9,429s][info][gc,heap     ] GC(69) Old regions: 4->4
[9,429s][info][gc,heap     ] GC(69) Archive regions: 2->2
[9,429s][info][gc,heap     ] GC(69) Humongous regions: 0->0
[9,429s][info][gc,metaspace] GC(69) Metaspace: 114K(320K)->114K(320K) NonClass: 106K(192K)->106K(192K) Class: 8K(128K)->8K(128K)
[9,429s][info][gc          ] GC(69) Pause Young (Normal) (G1 Evacuation Pause) 41M->7M(64M) 0,649ms
[9,429s][info][gc,cpu      ] GC(69) User=0,00s Sys=0,00s Real=0,00s
[9,578s][info][gc,start    ] GC(70) Pause Young (Normal) (G1 Evacuation Pause)
[9,578s][info][gc,task     ] GC(70) Using 4 workers of 8 for evacuation
[9,579s][info][gc,phases   ] GC(70)   Pre Evacuate Collection Set: 0,0ms
[9,579s][info][gc,phases   ] GC(70)   Merge Heap Roots: 0,0ms
[9,579s][info][gc,phases   ] GC(70)   Evacuate Collection Set: 0,4ms
[9,579s][info][gc,phases   ] GC(70)   Post Evacuate Collection Set: 0,1ms
[9,579s][info][gc,phases   ] GC(70)   Other: 0,1ms
[9,579s][info][gc,heap     ] GC(70) Eden regions: 34->0(33)
[9,579s][info][gc,heap     ] GC(70) Survivor regions: 4->5(5)
[9,579s][info][gc,heap     ] GC(70) Old regions: 4->4
[9,579s][info][gc,heap     ] GC(70) Archive regions: 2->2
[9,579s][info][gc,heap     ] GC(70) Humongous regions: 0->0
[9,579s][info][gc,metaspace] GC(70) Metaspace: 114K(320K)->114K(320K) NonClass: 106K(192K)->106K(192K) Class: 8K(128K)->8K(128K)
[9,579s][info][gc          ] GC(70) Pause Young (Normal) (G1 Evacuation Pause) 41M->8M(64M) 0,782ms
[9,579s][info][gc,cpu      ] GC(70) User=0,01s Sys=0,00s Real=0,00s
[9,727s][info][gc,start    ] GC(71) Pause Young (Normal) (G1 Evacuation Pause)
[9,727s][info][gc,task     ] GC(71) Using 4 workers of 8 for evacuation
[9,728s][info][gc,phases   ] GC(71)   Pre Evacuate Collection Set: 0,0ms
[9,728s][info][gc,phases   ] GC(71)   Merge Heap Roots: 0,0ms
[9,728s][info][gc,phases   ] GC(71)   Evacuate Collection Set: 0,2ms
[9,728s][info][gc,phases   ] GC(71)   Post Evacuate Collection Set: 0,1ms
[9,728s][info][gc,phases   ] GC(71)   Other: 0,1ms
[9,728s][info][gc,heap     ] GC(71) Eden regions: 33->0(34)
[9,728s][info][gc,heap     ] GC(71) Survivor regions: 5->4(5)
[9,728s][info][gc,heap     ] GC(71) Old regions: 4->4
[9,728s][info][gc,heap     ] GC(71) Archive regions: 2->2
[9,728s][info][gc,heap     ] GC(71) Humongous regions: 0->0
[9,728s][info][gc,metaspace] GC(71) Metaspace: 114K(320K)->114K(320K) NonClass: 106K(192K)->106K(192K) Class: 8K(128K)->8K(128K)
[9,728s][info][gc          ] GC(71) Pause Young (Normal) (G1 Evacuation Pause) 41M->7M(64M) 0,560ms
[9,728s][info][gc,cpu      ] GC(71) User=0,00s Sys=0,00s Real=0,00s
[9,828s][info][gc,start    ] GC(72) Pause Young (Normal) (G1 Evacuation Pause)
[9,828s][info][gc,task     ] GC(72) Using 4 workers of 8 for evacuation
[9,829s][info][gc,phases   ] GC(72)   Pre Evacuate Collection Set: 0,0ms
[9,829s][info][gc,phases   ] GC(72)   Merge Heap Roots: 0,0ms
[9,829s][info][gc,phases   ] GC(72)   Evacuate Collection Set: 0,5ms
[9,829s][info][gc,phases   ] GC(72)   Post Evacuate Collection Set: 0,1ms
[9,829s][info][gc,phases   ] GC(72)   Other: 0,1ms
[9,829s][info][gc,heap     ] GC(72) Eden regions: 34->0(34)
[9,829s][info][gc,heap     ] GC(72) Survivor regions: 4->4(5)
[9,829s][info][gc,heap     ] GC(72) Old regions: 4->4
[9,829s][info][gc,heap     ] GC(72) Archive regions: 2->2
[9,829s][info][gc,heap     ] GC(72) Humongous regions: 0->0
[9,829s][info][gc,metaspace] GC(72) Metaspace: 114K(320K)->114K(320K) NonClass: 106K(192K)->106K(192K) Class: 8K(128K)->8K(128K)
[9,829s][info][gc          ] GC(72) Pause Young (Normal) (G1 Evacuation Pause) 41M->8M(64M) 0,886ms
[9,829s][info][gc,cpu      ] GC(72) User=0,00s Sys=0,00s Real=0,00s
[9,978s][info][gc,start    ] GC(73) Pause Young (Normal) (G1 Evacuation Pause)
[9,978s][info][gc,task     ] GC(73) Using 4 workers of 8 for evacuation
[9,978s][info][gc,phases   ] GC(73)   Pre Evacuate Collection Set: 0,0ms
[9,978s][info][gc,phases   ] GC(73)   Merge Heap Roots: 0,1ms
[9,978s][info][gc,phases   ] GC(73)   Evacuate Collection Set: 0,3ms
[9,978s][info][gc,phases   ] GC(73)   Post Evacuate Collection Set: 0,1ms
[9,978s][info][gc,phases   ] GC(73)   Other: 0,1ms
[9,978s][info][gc,heap     ] GC(73) Eden regions: 34->0(34)
[9,978s][info][gc,heap     ] GC(73) Survivor regions: 4->4(5)
[9,978s][info][gc,heap     ] GC(73) Old regions: 4->4
[9,978s][info][gc,heap     ] GC(73) Archive regions: 2->2
[9,978s][info][gc,heap     ] GC(73) Humongous regions: 0->0
[9,978s][info][gc,metaspace] GC(73) Metaspace: 114K(320K)->114K(320K) NonClass: 106K(192K)->106K(192K) Class: 8K(128K)->8K(128K)
[9,978s][info][gc          ] GC(73) Pause Young (Normal) (G1 Evacuation Pause) 42M->7M(64M) 0,661ms
[9,978s][info][gc,cpu      ] GC(73) User=0,00s Sys=0,00s Real=0,00s
[10,128s][info][gc,start    ] GC(74) Pause Young (Normal) (G1 Evacuation Pause)
[10,128s][info][gc,task     ] GC(74) Using 4 workers of 8 for evacuation
[10,128s][info][gc,phases   ] GC(74)   Pre Evacuate Collection Set: 0,0ms
[10,129s][info][gc,phases   ] GC(74)   Merge Heap Roots: 0,1ms
[10,129s][info][gc,phases   ] GC(74)   Evacuate Collection Set: 0,4ms
[10,129s][info][gc,phases   ] GC(74)   Post Evacuate Collection Set: 0,1ms
[10,129s][info][gc,phases   ] GC(74)   Other: 0,1ms
[10,129s][info][gc,heap     ] GC(74) Eden regions: 34->0(33)
[10,129s][info][gc,heap     ] GC(74) Survivor regions: 4->5(5)
[10,129s][info][gc,heap     ] GC(74) Old regions: 4->4
[10,129s][info][gc,heap     ] GC(74) Archive regions: 2->2
[10,129s][info][gc,heap     ] GC(74) Humongous regions: 0->0
[10,129s][info][gc,metaspace] GC(74) Metaspace: 114K(320K)->114K(320K) NonClass: 106K(192K)->106K(192K) Class: 8K(128K)->8K(128K)
[10,129s][info][gc          ] GC(74) Pause Young (Normal) (G1 Evacuation Pause) 41M->8M(64M) 0,744ms
[10,129s][info][gc,cpu      ] GC(74) User=0,00s Sys=0,00s Real=0,00s
[10,228s][info][gc,start    ] GC(75) Pause Young (Normal) (G1 Evacuation Pause)
[10,228s][info][gc,task     ] GC(75) Using 4 workers of 8 for evacuation
[10,229s][info][gc,phases   ] GC(75)   Pre Evacuate Collection Set: 0,0ms
[10,229s][info][gc,phases   ] GC(75)   Merge Heap Roots: 0,0ms
[10,229s][info][gc,phases   ] GC(75)   Evacuate Collection Set: 0,3ms
[10,229s][info][gc,phases   ] GC(75)   Post Evacuate Collection Set: 0,1ms
[10,229s][info][gc,phases   ] GC(75)   Other: 0,1ms
[10,229s][info][gc,heap     ] GC(75) Eden regions: 33->0(35)
[10,229s][info][gc,heap     ] GC(75) Survivor regions: 5->3(5)
[10,229s][info][gc,heap     ] GC(75) Old regions: 4->4
[10,229s][info][gc,heap     ] GC(75) Archive regions: 2->2
[10,229s][info][gc,heap     ] GC(75) Humongous regions: 0->0
[10,229s][info][gc,metaspace] GC(75) Metaspace: 117K(320K)->117K(320K) NonClass: 108K(192K)->108K(192K) Class: 8K(128K)->8K(128K)
[10,229s][info][gc          ] GC(75) Pause Young (Normal) (G1 Evacuation Pause) 41M->6M(64M) 0,724ms
[10,229s][info][gc,cpu      ] GC(75) User=0,00s Sys=0,00s Real=0,00s
[10,377s][info][gc,start    ] GC(76) Pause Young (Normal) (G1 Evacuation Pause)
[10,377s][info][gc,task     ] GC(76) Using 4 workers of 8 for evacuation
[10,377s][info][gc,phases   ] GC(76)   Pre Evacuate Collection Set: 0,0ms
[10,377s][info][gc,phases   ] GC(76)   Merge Heap Roots: 0,0ms
[10,377s][info][gc,phases   ] GC(76)   Evacuate Collection Set: 0,3ms
[10,377s][info][gc,phases   ] GC(76)   Post Evacuate Collection Set: 0,1ms
[10,377s][info][gc,phases   ] GC(76)   Other: 0,1ms
[10,377s][info][gc,heap     ] GC(76) Eden regions: 35->0(34)
[10,377s][info][gc,heap     ] GC(76) Survivor regions: 3->4(5)
[10,377s][info][gc,heap     ] GC(76) Old regions: 4->4
[10,377s][info][gc,heap     ] GC(76) Archive regions: 2->2
[10,377s][info][gc,heap     ] GC(76) Humongous regions: 0->0
[10,377s][info][gc,metaspace] GC(76) Metaspace: 117K(320K)->117K(320K) NonClass: 108K(192K)->108K(192K) Class: 8K(128K)->8K(128K)
[10,377s][info][gc          ] GC(76) Pause Young (Normal) (G1 Evacuation Pause) 41M->7M(64M) 0,570ms
[10,377s][info][gc,cpu      ] GC(76) User=0,01s Sys=0,00s Real=0,00s
[10,528s][info][gc,start    ] GC(77) Pause Young (Normal) (G1 Evacuation Pause)
[10,528s][info][gc,task     ] GC(77) Using 4 workers of 8 for evacuation
[10,528s][info][gc,phases   ] GC(77)   Pre Evacuate Collection Set: 0,0ms
[10,528s][info][gc,phases   ] GC(77)   Merge Heap Roots: 0,0ms
[10,528s][info][gc,phases   ] GC(77)   Evacuate Collection Set: 0,3ms
[10,528s][info][gc,phases   ] GC(77)   Post Evacuate Collection Set: 0,1ms
[10,528s][info][gc,phases   ] GC(77)   Other: 0,1ms
[10,528s][info][gc,heap     ] GC(77) Eden regions: 34->0(33)
[10,528s][info][gc,heap     ] GC(77) Survivor regions: 4->5(5)
[10,528s][info][gc,heap     ] GC(77) Old regions: 4->4
[10,528s][info][gc,heap     ] GC(77) Archive regions: 2->2
[10,528s][info][gc,heap     ] GC(77) Humongous regions: 0->0
[10,528s][info][gc,metaspace] GC(77) Metaspace: 117K(320K)->117K(320K) NonClass: 108K(192K)->108K(192K) Class: 8K(128K)->8K(128K)
[10,528s][info][gc          ] GC(77) Pause Young (Normal) (G1 Evacuation Pause) 41M->8M(64M) 0,674ms
[10,528s][info][gc,cpu      ] GC(77) User=0,00s Sys=0,00s Real=0,00s
[10,628s][info][gc,start    ] GC(78) Pause Young (Normal) (G1 Evacuation Pause)
[10,628s][info][gc,task     ] GC(78) Using 4 workers of 8 for evacuation
[10,629s][info][gc,phases   ] GC(78)   Pre Evacuate Collection Set: 0,0ms
[10,629s][info][gc,phases   ] GC(78)   Merge Heap Roots: 0,0ms
[10,629s][info][gc,phases   ] GC(78)   Evacuate Collection Set: 0,5ms
[10,629s][info][gc,phases   ] GC(78)   Post Evacuate Collection Set: 0,1ms
[10,629s][info][gc,phases   ] GC(78)   Other: 0,1ms
[10,629s][info][gc,heap     ] GC(78) Eden regions: 33->0(33)
[10,629s][info][gc,heap     ] GC(78) Survivor regions: 5->5(5)
[10,629s][info][gc,heap     ] GC(78) Old regions: 4->4
[10,629s][info][gc,heap     ] GC(78) Archive regions: 2->2
[10,629s][info][gc,heap     ] GC(78) Humongous regions: 0->0
[10,629s][info][gc,metaspace] GC(78) Metaspace: 117K(320K)->117K(320K) NonClass: 108K(192K)->108K(192K) Class: 8K(128K)->8K(128K)
[10,629s][info][gc          ] GC(78) Pause Young (Normal) (G1 Evacuation Pause) 41M->8M(64M) 0,839ms
[10,629s][info][gc,cpu      ] GC(78) User=0,00s Sys=0,00s Real=0,00s
[10,778s][info][gc,start    ] GC(79) Pause Young (Normal) (G1 Evacuation Pause)
[10,778s][info][gc,task     ] GC(79) Using 4 workers of 8 for evacuation
[10,778s][info][gc,phases   ] GC(79)   Pre Evacuate Collection Set: 0,0ms
[10,778s][info][gc,phases   ] GC(79)   Merge Heap Roots: 0,0ms
[10,778s][info][gc,phases   ] GC(79)   Evacuate Collection Set: 0,2ms
[10,778s][info][gc,phases   ] GC(79)   Post Evacuate Collection Set: 0,1ms
[10,778s][info][gc,phases   ] GC(79)   Other: 0,1ms
[10,778s][info][gc,heap     ] GC(79) Eden regions: 33->0(35)
[10,778s][info][gc,heap     ] GC(79) Survivor regions: 5->3(5)
[10,778s][info][gc,heap     ] GC(79) Old regions: 4->4
[10,778s][info][gc,heap     ] GC(79) Archive regions: 2->2
[10,778s][info][gc,heap     ] GC(79) Humongous regions: 0->0
[10,778s][info][gc,metaspace] GC(79) Metaspace: 117K(320K)->117K(320K) NonClass: 108K(192K)->108K(192K) Class: 8K(128K)->8K(128K)
[10,778s][info][gc          ] GC(79) Pause Young (Normal) (G1 Evacuation Pause) 41M->6M(64M) 0,573ms
[10,778s][info][gc,cpu      ] GC(79) User=0,00s Sys=0,00s Real=0,00s
[10,928s][info][gc,start    ] GC(80) Pause Young (Normal) (G1 Evacuation Pause)
[10,928s][info][gc,task     ] GC(80) Using 4 workers of 8 for evacuation
[10,928s][info][gc,phases   ] GC(80)   Pre Evacuate Collection Set: 0,0ms
[10,928s][info][gc,phases   ] GC(80)   Merge Heap Roots: 0,0ms
[10,928s][info][gc,phases   ] GC(80)   Evacuate Collection Set: 0,2ms
[10,928s][info][gc,phases   ] GC(80)   Post Evacuate Collection Set: 0,1ms
[10,928s][info][gc,phases   ] GC(80)   Other: 0,1ms
[10,928s][info][gc,heap     ] GC(80) Eden regions: 35->0(34)
[10,928s][info][gc,heap     ] GC(80) Survivor regions: 3->4(5)
[10,928s][info][gc,heap     ] GC(80) Old regions: 4->4
[10,928s][info][gc,heap     ] GC(80) Archive regions: 2->2
[10,928s][info][gc,heap     ] GC(80) Humongous regions: 0->0
[10,928s][info][gc,metaspace] GC(80) Metaspace: 117K(320K)->117K(320K) NonClass: 108K(192K)->108K(192K) Class: 8K(128K)->8K(128K)
[10,928s][info][gc          ] GC(80) Pause Young (Normal) (G1 Evacuation Pause) 41M->7M(64M) 0,608ms
[10,928s][info][gc,cpu      ] GC(80) User=0,00s Sys=0,00s Real=0,00s
[11,028s][info][gc,start    ] GC(81) Pause Young (Normal) (G1 Evacuation Pause)
[11,028s][info][gc,task     ] GC(81) Using 4 workers of 8 for evacuation
[11,029s][info][gc,phases   ] GC(81)   Pre Evacuate Collection Set: 0,0ms
[11,029s][info][gc,phases   ] GC(81)   Merge Heap Roots: 0,0ms
[11,029s][info][gc,phases   ] GC(81)   Evacuate Collection Set: 0,4ms
[11,029s][info][gc,phases   ] GC(81)   Post Evacuate Collection Set: 0,1ms
[11,029s][info][gc,phases   ] GC(81)   Other: 0,1ms
[11,029s][info][gc,heap     ] GC(81) Eden regions: 34->0(33)
[11,029s][info][gc,heap     ] GC(81) Survivor regions: 4->5(5)
[11,029s][info][gc,heap     ] GC(81) Old regions: 4->4
[11,029s][info][gc,heap     ] GC(81) Archive regions: 2->2
[11,029s][info][gc,heap     ] GC(81) Humongous regions: 0->0
[11,029s][info][gc,metaspace] GC(81) Metaspace: 117K(320K)->117K(320K) NonClass: 108K(192K)->108K(192K) Class: 8K(128K)->8K(128K)
[11,029s][info][gc          ] GC(81) Pause Young (Normal) (G1 Evacuation Pause) 41M->8M(64M) 0,746ms
[11,029s][info][gc,cpu      ] GC(81) User=0,00s Sys=0,00s Real=0,00s
[11,178s][info][gc,start    ] GC(82) Pause Young (Normal) (G1 Evacuation Pause)
[11,178s][info][gc,task     ] GC(82) Using 4 workers of 8 for evacuation
[11,178s][info][gc,phases   ] GC(82)   Pre Evacuate Collection Set: 0,0ms
[11,178s][info][gc,phases   ] GC(82)   Merge Heap Roots: 0,0ms
[11,178s][info][gc,phases   ] GC(82)   Evacuate Collection Set: 0,2ms
[11,178s][info][gc,phases   ] GC(82)   Post Evacuate Collection Set: 0,1ms
[11,178s][info][gc,phases   ] GC(82)   Other: 0,1ms
[11,178s][info][gc,heap     ] GC(82) Eden regions: 33->0(35)
[11,178s][info][gc,heap     ] GC(82) Survivor regions: 5->3(5)
[11,178s][info][gc,heap     ] GC(82) Old regions: 4->4
[11,178s][info][gc,heap     ] GC(82) Archive regions: 2->2
[11,178s][info][gc,heap     ] GC(82) Humongous regions: 0->0
[11,178s][info][gc,metaspace] GC(82) Metaspace: 117K(320K)->117K(320K) NonClass: 108K(192K)->108K(192K) Class: 8K(128K)->8K(128K)
[11,178s][info][gc          ] GC(82) Pause Young (Normal) (G1 Evacuation Pause) 41M->6M(64M) 0,594ms
[11,178s][info][gc,cpu      ] GC(82) User=0,00s Sys=0,00s Real=0,00s
[11,327s][info][gc,start    ] GC(83) Pause Young (Normal) (G1 Evacuation Pause)
[11,327s][info][gc,task     ] GC(83) Using 4 workers of 8 for evacuation
[11,328s][info][gc,phases   ] GC(83)   Pre Evacuate Collection Set: 0,0ms
[11,328s][info][gc,phases   ] GC(83)   Merge Heap Roots: 0,0ms
[11,328s][info][gc,phases   ] GC(83)   Evacuate Collection Set: 0,3ms
[11,328s][info][gc,phases   ] GC(83)   Post Evacuate Collection Set: 0,1ms
[11,328s][info][gc,phases   ] GC(83)   Other: 0,1ms
[11,328s][info][gc,heap     ] GC(83) Eden regions: 35->0(33)
[11,328s][info][gc,heap     ] GC(83) Survivor regions: 3->5(5)
[11,328s][info][gc,heap     ] GC(83) Old regions: 4->4
[11,328s][info][gc,heap     ] GC(83) Archive regions: 2->2
[11,328s][info][gc,heap     ] GC(83) Humongous regions: 0->0
[11,328s][info][gc,metaspace] GC(83) Metaspace: 117K(320K)->117K(320K) NonClass: 108K(192K)->108K(192K) Class: 8K(128K)->8K(128K)
[11,328s][info][gc          ] GC(83) Pause Young (Normal) (G1 Evacuation Pause) 41M->8M(64M) 0,714ms
[11,328s][info][gc,cpu      ] GC(83) User=0,00s Sys=0,00s Real=0,00s
[11,429s][info][gc,start    ] GC(84) Pause Young (Normal) (G1 Evacuation Pause)
[11,429s][info][gc,task     ] GC(84) Using 4 workers of 8 for evacuation
[11,429s][info][gc,phases   ] GC(84)   Pre Evacuate Collection Set: 0,0ms
[11,429s][info][gc,phases   ] GC(84)   Merge Heap Roots: 0,0ms
[11,429s][info][gc,phases   ] GC(84)   Evacuate Collection Set: 0,3ms
[11,429s][info][gc,phases   ] GC(84)   Post Evacuate Collection Set: 0,1ms
[11,429s][info][gc,phases   ] GC(84)   Other: 0,1ms
[11,429s][info][gc,heap     ] GC(84) Eden regions: 33->0(35)
[11,429s][info][gc,heap     ] GC(84) Survivor regions: 5->3(5)
[11,429s][info][gc,heap     ] GC(84) Old regions: 4->4
[11,429s][info][gc,heap     ] GC(84) Archive regions: 2->2
[11,429s][info][gc,heap     ] GC(84) Humongous regions: 0->0
[11,429s][info][gc,metaspace] GC(84) Metaspace: 117K(320K)->117K(320K) NonClass: 108K(192K)->108K(192K) Class: 8K(128K)->8K(128K)
[11,429s][info][gc          ] GC(84) Pause Young (Normal) (G1 Evacuation Pause) 41M->7M(64M) 0,625ms
[11,429s][info][gc,cpu      ] GC(84) User=0,00s Sys=0,00s Real=0,00s
[11,574s][info][gc,start    ] GC(85) Pause Young (Normal) (G1 Evacuation Pause)
[11,574s][info][gc,task     ] GC(85) Using 4 workers of 8 for evacuation
[11,575s][info][gc,phases   ] GC(85)   Pre Evacuate Collection Set: 0,0ms
[11,575s][info][gc,phases   ] GC(85)   Merge Heap Roots: 0,0ms
[11,575s][info][gc,phases   ] GC(85)   Evacuate Collection Set: 0,6ms
[11,575s][info][gc,phases   ] GC(85)   Post Evacuate Collection Set: 0,2ms
[11,575s][info][gc,phases   ] GC(85)   Other: 0,1ms
[11,575s][info][gc,heap     ] GC(85) Eden regions: 35->0(33)
[11,575s][info][gc,heap     ] GC(85) Survivor regions: 3->5(5)
[11,575s][info][gc,heap     ] GC(85) Old regions: 4->4
[11,575s][info][gc,heap     ] GC(85) Archive regions: 2->2
[11,575s][info][gc,heap     ] GC(85) Humongous regions: 0->0
[11,575s][info][gc,metaspace] GC(85) Metaspace: 117K(320K)->117K(320K) NonClass: 108K(192K)->108K(192K) Class: 8K(128K)->8K(128K)
[11,575s][info][gc          ] GC(85) Pause Young (Normal) (G1 Evacuation Pause) 42M->9M(64M) 1,118ms
[11,575s][info][gc,cpu      ] GC(85) User=0,00s Sys=0,00s Real=0,00s
[11,727s][info][gc,start    ] GC(86) Pause Young (Normal) (G1 Evacuation Pause)
[11,727s][info][gc,task     ] GC(86) Using 4 workers of 8 for evacuation
[11,728s][info][gc,phases   ] GC(86)   Pre Evacuate Collection Set: 0,0ms
[11,728s][info][gc,phases   ] GC(86)   Merge Heap Roots: 0,0ms
[11,728s][info][gc,phases   ] GC(86)   Evacuate Collection Set: 0,3ms
[11,728s][info][gc,phases   ] GC(86)   Post Evacuate Collection Set: 0,1ms
[11,728s][info][gc,phases   ] GC(86)   Other: 0,1ms
[11,728s][info][gc,heap     ] GC(86) Eden regions: 33->0(34)
[11,728s][info][gc,heap     ] GC(86) Survivor regions: 5->4(5)
[11,728s][info][gc,heap     ] GC(86) Old regions: 4->4
[11,728s][info][gc,heap     ] GC(86) Archive regions: 2->2
[11,728s][info][gc,heap     ] GC(86) Humongous regions: 0->0
[11,728s][info][gc,metaspace] GC(86) Metaspace: 117K(320K)->117K(320K) NonClass: 108K(192K)->108K(192K) Class: 8K(128K)->8K(128K)
[11,728s][info][gc          ] GC(86) Pause Young (Normal) (G1 Evacuation Pause) 42M->7M(64M) 0,669ms
[11,728s][info][gc,cpu      ] GC(86) User=0,00s Sys=0,00s Real=0,00s
[11,828s][info][gc,start    ] GC(87) Pause Young (Normal) (G1 Evacuation Pause)
[11,828s][info][gc,task     ] GC(87) Using 4 workers of 8 for evacuation
[11,829s][info][gc,phases   ] GC(87)   Pre Evacuate Collection Set: 0,0ms
[11,829s][info][gc,phases   ] GC(87)   Merge Heap Roots: 0,0ms
[11,829s][info][gc,phases   ] GC(87)   Evacuate Collection Set: 0,4ms
[11,829s][info][gc,phases   ] GC(87)   Post Evacuate Collection Set: 0,1ms
[11,829s][info][gc,phases   ] GC(87)   Other: 0,1ms
[11,829s][info][gc,heap     ] GC(87) Eden regions: 34->0(33)
[11,829s][info][gc,heap     ] GC(87) Survivor regions: 4->5(5)
[11,829s][info][gc,heap     ] GC(87) Old regions: 4->4
[11,829s][info][gc,heap     ] GC(87) Archive regions: 2->2
[11,829s][info][gc,heap     ] GC(87) Humongous regions: 0->0
[11,829s][info][gc,metaspace] GC(87) Metaspace: 117K(320K)->117K(320K) NonClass: 108K(192K)->108K(192K) Class: 8K(128K)->8K(128K)
[11,829s][info][gc          ] GC(87) Pause Young (Normal) (G1 Evacuation Pause) 41M->8M(64M) 0,703ms
[11,829s][info][gc,cpu      ] GC(87) User=0,00s Sys=0,00s Real=0,00s
[11,979s][info][gc,start    ] GC(88) Pause Young (Normal) (G1 Evacuation Pause)
[11,979s][info][gc,task     ] GC(88) Using 4 workers of 8 for evacuation
[11,980s][info][gc,phases   ] GC(88)   Pre Evacuate Collection Set: 0,0ms
[11,980s][info][gc,phases   ] GC(88)   Merge Heap Roots: 0,0ms
[11,980s][info][gc,phases   ] GC(88)   Evacuate Collection Set: 0,3ms
[11,980s][info][gc,phases   ] GC(88)   Post Evacuate Collection Set: 0,1ms
[11,980s][info][gc,phases   ] GC(88)   Other: 0,1ms
[11,980s][info][gc,heap     ] GC(88) Eden regions: 33->0(34)
[11,980s][info][gc,heap     ] GC(88) Survivor regions: 5->4(5)
[11,980s][info][gc,heap     ] GC(88) Old regions: 4->4
[11,980s][info][gc,heap     ] GC(88) Archive regions: 2->2
[11,980s][info][gc,heap     ] GC(88) Humongous regions: 0->0
[11,980s][info][gc,metaspace] GC(88) Metaspace: 117K(320K)->117K(320K) NonClass: 108K(192K)->108K(192K) Class: 8K(128K)->8K(128K)
[11,980s][info][gc          ] GC(88) Pause Young (Normal) (G1 Evacuation Pause) 41M->7M(64M) 0,592ms
[11,980s][info][gc,cpu      ] GC(88) User=0,00s Sys=0,00s Real=0,00s
[12,128s][info][gc,start    ] GC(89) Pause Young (Normal) (G1 Evacuation Pause)
[12,128s][info][gc,task     ] GC(89) Using 4 workers of 8 for evacuation
[12,129s][info][gc,phases   ] GC(89)   Pre Evacuate Collection Set: 0,0ms
[12,129s][info][gc,phases   ] GC(89)   Merge Heap Roots: 0,0ms
[12,129s][info][gc,phases   ] GC(89)   Evacuate Collection Set: 0,3ms
[12,129s][info][gc,phases   ] GC(89)   Post Evacuate Collection Set: 0,1ms
[12,129s][info][gc,phases   ] GC(89)   Other: 0,1ms
[12,129s][info][gc,heap     ] GC(89) Eden regions: 34->0(33)
[12,129s][info][gc,heap     ] GC(89) Survivor regions: 4->5(5)
[12,129s][info][gc,heap     ] GC(89) Old regions: 4->4
[12,129s][info][gc,heap     ] GC(89) Archive regions: 2->2
[12,129s][info][gc,heap     ] GC(89) Humongous regions: 0->0
[12,129s][info][gc,metaspace] GC(89) Metaspace: 117K(320K)->117K(320K) NonClass: 108K(192K)->108K(192K) Class: 8K(128K)->8K(128K)
[12,129s][info][gc          ] GC(89) Pause Young (Normal) (G1 Evacuation Pause) 41M->8M(64M) 0,685ms
[12,129s][info][gc,cpu      ] GC(89) User=0,01s Sys=0,00s Real=0,00s
[12,228s][info][gc,start    ] GC(90) Pause Young (Normal) (G1 Evacuation Pause)
[12,228s][info][gc,task     ] GC(90) Using 4 workers of 8 for evacuation
[12,228s][info][gc,phases   ] GC(90)   Pre Evacuate Collection Set: 0,0ms
[12,228s][info][gc,phases   ] GC(90)   Merge Heap Roots: 0,0ms
[12,229s][info][gc,phases   ] GC(90)   Evacuate Collection Set: 0,2ms
[12,229s][info][gc,phases   ] GC(90)   Post Evacuate Collection Set: 0,1ms
[12,229s][info][gc,phases   ] GC(90)   Other: 0,1ms
[12,229s][info][gc,heap     ] GC(90) Eden regions: 33->0(36)
[12,229s][info][gc,heap     ] GC(90) Survivor regions: 5->2(5)
[12,229s][info][gc,heap     ] GC(90) Old regions: 4->4
[12,229s][info][gc,heap     ] GC(90) Archive regions: 2->2
[12,229s][info][gc,heap     ] GC(90) Humongous regions: 0->0
[12,229s][info][gc,metaspace] GC(90) Metaspace: 117K(320K)->117K(320K) NonClass: 108K(192K)->108K(192K) Class: 8K(128K)->8K(128K)
[12,229s][info][gc          ] GC(90) Pause Young (Normal) (G1 Evacuation Pause) 41M->6M(64M) 0,642ms
[12,229s][info][gc,cpu      ] GC(90) User=0,00s Sys=0,00s Real=0,00s
[12,377s][info][gc,start    ] GC(91) Pause Young (Normal) (G1 Evacuation Pause)
[12,377s][info][gc,task     ] GC(91) Using 4 workers of 8 for evacuation
[12,378s][info][gc,phases   ] GC(91)   Pre Evacuate Collection Set: 0,0ms
[12,378s][info][gc,phases   ] GC(91)   Merge Heap Roots: 0,0ms
[12,378s][info][gc,phases   ] GC(91)   Evacuate Collection Set: 0,3ms
[12,378s][info][gc,phases   ] GC(91)   Post Evacuate Collection Set: 0,1ms
[12,378s][info][gc,phases   ] GC(91)   Other: 0,1ms
[12,378s][info][gc,heap     ] GC(91) Eden regions: 36->0(34)
[12,378s][info][gc,heap     ] GC(91) Survivor regions: 2->4(5)
[12,378s][info][gc,heap     ] GC(91) Old regions: 4->4
[12,378s][info][gc,heap     ] GC(91) Archive regions: 2->2
[12,378s][info][gc,heap     ] GC(91) Humongous regions: 0->0
[12,378s][info][gc,metaspace] GC(91) Metaspace: 117K(320K)->117K(320K) NonClass: 108K(192K)->108K(192K) Class: 8K(128K)->8K(128K)
[12,378s][info][gc          ] GC(91) Pause Young (Normal) (G1 Evacuation Pause) 42M->8M(64M) 0,636ms
[12,378s][info][gc,cpu      ] GC(91) User=0,00s Sys=0,00s Real=0,00s
[12,527s][info][gc,start    ] GC(92) Pause Young (Normal) (G1 Evacuation Pause)
[12,527s][info][gc,task     ] GC(92) Using 4 workers of 8 for evacuation
[12,527s][info][gc,phases   ] GC(92)   Pre Evacuate Collection Set: 0,0ms
[12,527s][info][gc,phases   ] GC(92)   Merge Heap Roots: 0,1ms
[12,527s][info][gc,phases   ] GC(92)   Evacuate Collection Set: 0,4ms
[12,527s][info][gc,phases   ] GC(92)   Post Evacuate Collection Set: 0,1ms
[12,527s][info][gc,phases   ] GC(92)   Other: 0,1ms
[12,527s][info][gc,heap     ] GC(92) Eden regions: 34->0(33)
[12,527s][info][gc,heap     ] GC(92) Survivor regions: 4->5(5)
[12,527s][info][gc,heap     ] GC(92) Old regions: 4->4
[12,527s][info][gc,heap     ] GC(92) Archive regions: 2->2
[12,527s][info][gc,heap     ] GC(92) Humongous regions: 0->0
[12,527s][info][gc,metaspace] GC(92) Metaspace: 117K(320K)->117K(320K) NonClass: 108K(192K)->108K(192K) Class: 8K(128K)->8K(128K)
[12,527s][info][gc          ] GC(92) Pause Young (Normal) (G1 Evacuation Pause) 42M->9M(64M) 0,767ms
[12,527s][info][gc,cpu      ] GC(92) User=0,01s Sys=0,00s Real=0,00s
[12,629s][info][gc,start    ] GC(93) Pause Young (Normal) (G1 Evacuation Pause)
[12,629s][info][gc,task     ] GC(93) Using 4 workers of 8 for evacuation
[12,630s][info][gc,phases   ] GC(93)   Pre Evacuate Collection Set: 0,0ms
[12,630s][info][gc,phases   ] GC(93)   Merge Heap Roots: 0,0ms
[12,630s][info][gc,phases   ] GC(93)   Evacuate Collection Set: 0,3ms
[12,630s][info][gc,phases   ] GC(93)   Post Evacuate Collection Set: 0,1ms
[12,630s][info][gc,phases   ] GC(93)   Other: 0,1ms
[12,630s][info][gc,heap     ] GC(93) Eden regions: 33->0(33)
[12,630s][info][gc,heap     ] GC(93) Survivor regions: 5->5(5)
[12,630s][info][gc,heap     ] GC(93) Old regions: 4->4
[12,630s][info][gc,heap     ] GC(93) Archive regions: 2->2
[12,630s][info][gc,heap     ] GC(93) Humongous regions: 0->0
[12,630s][info][gc,metaspace] GC(93) Metaspace: 117K(320K)->117K(320K) NonClass: 108K(192K)->108K(192K) Class: 8K(128K)->8K(128K)
[12,630s][info][gc          ] GC(93) Pause Young (Normal) (G1 Evacuation Pause) 41M->8M(64M) 0,717ms
[12,630s][info][gc,cpu      ] GC(93) User=0,00s Sys=0,00s Real=0,00s
[12,779s][info][gc,start    ] GC(94) Pause Young (Normal) (G1 Evacuation Pause)
[12,779s][info][gc,task     ] GC(94) Using 4 workers of 8 for evacuation
[12,779s][info][gc,phases   ] GC(94)   Pre Evacuate Collection Set: 0,0ms
[12,779s][info][gc,phases   ] GC(94)   Merge Heap Roots: 0,0ms
[12,779s][info][gc,phases   ] GC(94)   Evacuate Collection Set: 0,3ms
[12,779s][info][gc,phases   ] GC(94)   Post Evacuate Collection Set: 0,1ms
[12,779s][info][gc,phases   ] GC(94)   Other: 0,1ms
[12,779s][info][gc,heap     ] GC(94) Eden regions: 33->0(34)
[12,779s][info][gc,heap     ] GC(94) Survivor regions: 5->4(5)
[12,779s][info][gc,heap     ] GC(94) Old regions: 4->4
[12,779s][info][gc,heap     ] GC(94) Archive regions: 2->2
[12,779s][info][gc,heap     ] GC(94) Humongous regions: 0->0
[12,779s][info][gc,metaspace] GC(94) Metaspace: 117K(320K)->117K(320K) NonClass: 108K(192K)->108K(192K) Class: 8K(128K)->8K(128K)
[12,779s][info][gc          ] GC(94) Pause Young (Normal) (G1 Evacuation Pause) 41M->7M(64M) 0,638ms
[12,779s][info][gc,cpu      ] GC(94) User=0,00s Sys=0,00s Real=0,00s
[12,927s][info][gc,start    ] GC(95) Pause Young (Normal) (G1 Evacuation Pause)
[12,927s][info][gc,task     ] GC(95) Using 4 workers of 8 for evacuation
[12,928s][info][gc,phases   ] GC(95)   Pre Evacuate Collection Set: 0,0ms
[12,928s][info][gc,phases   ] GC(95)   Merge Heap Roots: 0,0ms
[12,928s][info][gc,phases   ] GC(95)   Evacuate Collection Set: 0,3ms
[12,928s][info][gc,phases   ] GC(95)   Post Evacuate Collection Set: 0,1ms
[12,928s][info][gc,phases   ] GC(95)   Other: 0,1ms
[12,928s][info][gc,heap     ] GC(95) Eden regions: 34->0(35)
[12,928s][info][gc,heap     ] GC(95) Survivor regions: 4->3(5)
[12,928s][info][gc,heap     ] GC(95) Old regions: 4->4
[12,928s][info][gc,heap     ] GC(95) Archive regions: 2->2
[12,928s][info][gc,heap     ] GC(95) Humongous regions: 0->0
[12,928s][info][gc,metaspace] GC(95) Metaspace: 117K(320K)->117K(320K) NonClass: 108K(192K)->108K(192K) Class: 8K(128K)->8K(128K)
[12,928s][info][gc          ] GC(95) Pause Young (Normal) (G1 Evacuation Pause) 41M->6M(64M) 0,725ms
[12,928s][info][gc,cpu      ] GC(95) User=0,01s Sys=0,01s Real=0,00s
[13,028s][info][gc,start    ] GC(96) Pause Young (Normal) (G1 Evacuation Pause)
[13,028s][info][gc,task     ] GC(96) Using 4 workers of 8 for evacuation
[13,029s][info][gc,phases   ] GC(96)   Pre Evacuate Collection Set: 0,0ms
[13,029s][info][gc,phases   ] GC(96)   Merge Heap Roots: 0,0ms
[13,029s][info][gc,phases   ] GC(96)   Evacuate Collection Set: 0,5ms
[13,029s][info][gc,phases   ] GC(96)   Post Evacuate Collection Set: 0,1ms
[13,029s][info][gc,phases   ] GC(96)   Other: 0,1ms
[13,029s][info][gc,heap     ] GC(96) Eden regions: 35->0(33)
[13,029s][info][gc,heap     ] GC(96) Survivor regions: 3->5(5)
[13,029s][info][gc,heap     ] GC(96) Old regions: 4->4
[13,029s][info][gc,heap     ] GC(96) Archive regions: 2->2
[13,029s][info][gc,heap     ] GC(96) Humongous regions: 0->0
[13,029s][info][gc,metaspace] GC(96) Metaspace: 117K(320K)->117K(320K) NonClass: 108K(192K)->108K(192K) Class: 8K(128K)->8K(128K)
[13,029s][info][gc          ] GC(96) Pause Young (Normal) (G1 Evacuation Pause) 41M->8M(64M) 0,832ms
[13,029s][info][gc,cpu      ] GC(96) User=0,00s Sys=0,00s Real=0,00s
[13,178s][info][gc,start    ] GC(97) Pause Young (Normal) (G1 Evacuation Pause)
[13,178s][info][gc,task     ] GC(97) Using 4 workers of 8 for evacuation
[13,178s][info][gc,phases   ] GC(97)   Pre Evacuate Collection Set: 0,0ms
[13,179s][info][gc,phases   ] GC(97)   Merge Heap Roots: 0,0ms
[13,179s][info][gc,phases   ] GC(97)   Evacuate Collection Set: 0,4ms
[13,179s][info][gc,phases   ] GC(97)   Post Evacuate Collection Set: 0,1ms
[13,179s][info][gc,phases   ] GC(97)   Other: 0,1ms
[13,179s][info][gc,heap     ] GC(97) Eden regions: 33->0(35)
[13,179s][info][gc,heap     ] GC(97) Survivor regions: 5->3(5)
[13,179s][info][gc,heap     ] GC(97) Old regions: 4->4
[13,179s][info][gc,heap     ] GC(97) Archive regions: 2->2
[13,179s][info][gc,heap     ] GC(97) Humongous regions: 0->0
[13,179s][info][gc,metaspace] GC(97) Metaspace: 117K(320K)->117K(320K) NonClass: 108K(192K)->108K(192K) Class: 8K(128K)->8K(128K)
[13,179s][info][gc          ] GC(97) Pause Young (Normal) (G1 Evacuation Pause) 41M->7M(64M) 0,841ms
[13,179s][info][gc,cpu      ] GC(97) User=0,00s Sys=0,00s Real=0,00s
[13,328s][info][gc,start    ] GC(98) Pause Young (Normal) (G1 Evacuation Pause)
[13,328s][info][gc,task     ] GC(98) Using 4 workers of 8 for evacuation
[13,329s][info][gc,phases   ] GC(98)   Pre Evacuate Collection Set: 0,0ms
[13,329s][info][gc,phases   ] GC(98)   Merge Heap Roots: 0,0ms
[13,329s][info][gc,phases   ] GC(98)   Evacuate Collection Set: 0,4ms
[13,329s][info][gc,phases   ] GC(98)   Post Evacuate Collection Set: 0,1ms
[13,329s][info][gc,phases   ] GC(98)   Other: 0,1ms
[13,329s][info][gc,heap     ] GC(98) Eden regions: 35->0(33)
[13,329s][info][gc,heap     ] GC(98) Survivor regions: 3->5(5)
[13,329s][info][gc,heap     ] GC(98) Old regions: 4->4
[13,329s][info][gc,heap     ] GC(98) Archive regions: 2->2
[13,329s][info][gc,heap     ] GC(98) Humongous regions: 0->0
[13,329s][info][gc,metaspace] GC(98) Metaspace: 117K(320K)->117K(320K) NonClass: 108K(192K)->108K(192K) Class: 8K(128K)->8K(128K)
[13,329s][info][gc          ] GC(98) Pause Young (Normal) (G1 Evacuation Pause) 42M->8M(64M) 0,692ms
[13,329s][info][gc,cpu      ] GC(98) User=0,01s Sys=0,00s Real=0,00s
[13,429s][info][gc,start    ] GC(99) Pause Young (Normal) (G1 Evacuation Pause)
[13,429s][info][gc,task     ] GC(99) Using 4 workers of 8 for evacuation
[13,430s][info][gc,phases   ] GC(99)   Pre Evacuate Collection Set: 0,0ms
[13,430s][info][gc,phases   ] GC(99)   Merge Heap Roots: 0,0ms
[13,430s][info][gc,phases   ] GC(99)   Evacuate Collection Set: 0,2ms
[13,430s][info][gc,phases   ] GC(99)   Post Evacuate Collection Set: 0,1ms
[13,430s][info][gc,phases   ] GC(99)   Other: 0,1ms
[13,430s][info][gc,heap     ] GC(99) Eden regions: 33->0(34)
[13,430s][info][gc,heap     ] GC(99) Survivor regions: 5->4(5)
[13,430s][info][gc,heap     ] GC(99) Old regions: 4->4
[13,430s][info][gc,heap     ] GC(99) Archive regions: 2->2
[13,430s][info][gc,heap     ] GC(99) Humongous regions: 0->0
[13,430s][info][gc,metaspace] GC(99) Metaspace: 117K(320K)->117K(320K) NonClass: 108K(192K)->108K(192K) Class: 8K(128K)->8K(128K)
[13,430s][info][gc          ] GC(99) Pause Young (Normal) (G1 Evacuation Pause) 41M->7M(64M) 0,611ms
[13,430s][info][gc,cpu      ] GC(99) User=0,00s Sys=0,00s Real=0,00s
[13,577s][info][gc,start    ] GC(100) Pause Young (Normal) (G1 Evacuation Pause)
[13,577s][info][gc,task     ] GC(100) Using 4 workers of 8 for evacuation
[13,578s][info][gc,phases   ] GC(100)   Pre Evacuate Collection Set: 0,0ms
[13,578s][info][gc,phases   ] GC(100)   Merge Heap Roots: 0,0ms
[13,578s][info][gc,phases   ] GC(100)   Evacuate Collection Set: 0,4ms
[13,578s][info][gc,phases   ] GC(100)   Post Evacuate Collection Set: 0,1ms
[13,578s][info][gc,phases   ] GC(100)   Other: 0,1ms
[13,578s][info][gc,heap     ] GC(100) Eden regions: 34->0(33)
[13,578s][info][gc,heap     ] GC(100) Survivor regions: 4->5(5)
[13,578s][info][gc,heap     ] GC(100) Old regions: 4->4
[13,578s][info][gc,heap     ] GC(100) Archive regions: 2->2
[13,578s][info][gc,heap     ] GC(100) Humongous regions: 0->0
[13,578s][info][gc,metaspace] GC(100) Metaspace: 117K(320K)->117K(320K) NonClass: 108K(192K)->108K(192K) Class: 8K(128K)->8K(128K)
[13,578s][info][gc          ] GC(100) Pause Young (Normal) (G1 Evacuation Pause) 41M->8M(64M) 0,757ms
[13,578s][info][gc,cpu      ] GC(100) User=0,00s Sys=0,00s Real=0,00s
[13,725s][info][gc,start    ] GC(101) Pause Young (Normal) (G1 Evacuation Pause)
[13,725s][info][gc,task     ] GC(101) Using 4 workers of 8 for evacuation
[13,725s][info][gc,phases   ] GC(101)   Pre Evacuate Collection Set: 0,1ms
[13,725s][info][gc,phases   ] GC(101)   Merge Heap Roots: 0,0ms
[13,725s][info][gc,phases   ] GC(101)   Evacuate Collection Set: 0,3ms
[13,725s][info][gc,phases   ] GC(101)   Post Evacuate Collection Set: 0,1ms
[13,725s][info][gc,phases   ] GC(101)   Other: 0,1ms
[13,725s][info][gc,heap     ] GC(101) Eden regions: 33->0(35)
[13,725s][info][gc,heap     ] GC(101) Survivor regions: 5->3(5)
[13,725s][info][gc,heap     ] GC(101) Old regions: 4->4
[13,725s][info][gc,heap     ] GC(101) Archive regions: 2->2
[13,725s][info][gc,heap     ] GC(101) Humongous regions: 0->0
[13,725s][info][gc,metaspace] GC(101) Metaspace: 117K(320K)->117K(320K) NonClass: 108K(192K)->108K(192K) Class: 8K(128K)->8K(128K)
[13,725s][info][gc          ] GC(101) Pause Young (Normal) (G1 Evacuation Pause) 41M->6M(64M) 0,657ms
[13,725s][info][gc,cpu      ] GC(101) User=0,01s Sys=0,00s Real=0,00s
[13,828s][info][gc,start    ] GC(102) Pause Young (Normal) (G1 Evacuation Pause)
[13,828s][info][gc,task     ] GC(102) Using 4 workers of 8 for evacuation
[13,829s][info][gc,phases   ] GC(102)   Pre Evacuate Collection Set: 0,0ms
[13,829s][info][gc,phases   ] GC(102)   Merge Heap Roots: 0,0ms
[13,829s][info][gc,phases   ] GC(102)   Evacuate Collection Set: 0,5ms
[13,829s][info][gc,phases   ] GC(102)   Post Evacuate Collection Set: 0,1ms
[13,829s][info][gc,phases   ] GC(102)   Other: 0,1ms
[13,829s][info][gc,heap     ] GC(102) Eden regions: 35->0(33)
[13,829s][info][gc,heap     ] GC(102) Survivor regions: 3->5(5)
[13,829s][info][gc,heap     ] GC(102) Old regions: 4->4
[13,829s][info][gc,heap     ] GC(102) Archive regions: 2->2
[13,829s][info][gc,heap     ] GC(102) Humongous regions: 0->0
[13,829s][info][gc,metaspace] GC(102) Metaspace: 117K(320K)->117K(320K) NonClass: 108K(192K)->108K(192K) Class: 8K(128K)->8K(128K)
[13,829s][info][gc          ] GC(102) Pause Young (Normal) (G1 Evacuation Pause) 41M->8M(64M) 0,787ms
[13,829s][info][gc,cpu      ] GC(102) User=0,00s Sys=0,00s Real=0,00s
[13,978s][info][gc,start    ] GC(103) Pause Young (Normal) (G1 Evacuation Pause)
[13,978s][info][gc,task     ] GC(103) Using 4 workers of 8 for evacuation
[13,978s][info][gc,phases   ] GC(103)   Pre Evacuate Collection Set: 0,0ms
[13,978s][info][gc,phases   ] GC(103)   Merge Heap Roots: 0,0ms
[13,978s][info][gc,phases   ] GC(103)   Evacuate Collection Set: 0,3ms
[13,978s][info][gc,phases   ] GC(103)   Post Evacuate Collection Set: 0,1ms
[13,978s][info][gc,phases   ] GC(103)   Other: 0,1ms
[13,978s][info][gc,heap     ] GC(103) Eden regions: 33->0(34)
[13,978s][info][gc,heap     ] GC(103) Survivor regions: 5->4(5)
[13,979s][info][gc,heap     ] GC(103) Old regions: 4->4
[13,979s][info][gc,heap     ] GC(103) Archive regions: 2->2
[13,979s][info][gc,heap     ] GC(103) Humongous regions: 0->0
[13,979s][info][gc,metaspace] GC(103) Metaspace: 117K(320K)->117K(320K) NonClass: 108K(192K)->108K(192K) Class: 8K(128K)->8K(128K)
[13,979s][info][gc          ] GC(103) Pause Young (Normal) (G1 Evacuation Pause) 41M->7M(64M) 0,726ms
[13,979s][info][gc,cpu      ] GC(103) User=0,00s Sys=0,00s Real=0,00s
[14,127s][info][gc,start    ] GC(104) Pause Young (Normal) (G1 Evacuation Pause)
[14,127s][info][gc,task     ] GC(104) Using 4 workers of 8 for evacuation
[14,128s][info][gc,phases   ] GC(104)   Pre Evacuate Collection Set: 0,0ms
[14,128s][info][gc,phases   ] GC(104)   Merge Heap Roots: 0,0ms
[14,128s][info][gc,phases   ] GC(104)   Evacuate Collection Set: 0,4ms
[14,128s][info][gc,phases   ] GC(104)   Post Evacuate Collection Set: 0,1ms
[14,128s][info][gc,phases   ] GC(104)   Other: 0,1ms
[14,128s][info][gc,heap     ] GC(104) Eden regions: 34->0(33)
[14,128s][info][gc,heap     ] GC(104) Survivor regions: 4->5(5)
[14,128s][info][gc,heap     ] GC(104) Old regions: 4->4
[14,128s][info][gc,heap     ] GC(104) Archive regions: 2->2
[14,128s][info][gc,heap     ] GC(104) Humongous regions: 0->0
[14,128s][info][gc,metaspace] GC(104) Metaspace: 117K(320K)->117K(320K) NonClass: 108K(192K)->108K(192K) Class: 8K(128K)->8K(128K)
[14,128s][info][gc          ] GC(104) Pause Young (Normal) (G1 Evacuation Pause) 41M->8M(64M) 0,760ms
[14,128s][info][gc,cpu      ] GC(104) User=0,01s Sys=0,00s Real=0,00s
[14,229s][info][gc,start    ] GC(105) Pause Young (Normal) (G1 Evacuation Pause)
[14,229s][info][gc,task     ] GC(105) Using 4 workers of 8 for evacuation
[14,229s][info][gc,phases   ] GC(105)   Pre Evacuate Collection Set: 0,0ms
[14,229s][info][gc,phases   ] GC(105)   Merge Heap Roots: 0,0ms
[14,229s][info][gc,phases   ] GC(105)   Evacuate Collection Set: 0,2ms
[14,229s][info][gc,phases   ] GC(105)   Post Evacuate Collection Set: 0,1ms
[14,229s][info][gc,phases   ] GC(105)   Other: 0,1ms
[14,229s][info][gc,heap     ] GC(105) Eden regions: 33->0(35)
[14,229s][info][gc,heap     ] GC(105) Survivor regions: 5->3(5)
[14,229s][info][gc,heap     ] GC(105) Old regions: 4->4
[14,229s][info][gc,heap     ] GC(105) Archive regions: 2->2
[14,229s][info][gc,heap     ] GC(105) Humongous regions: 0->0
[14,229s][info][gc,metaspace] GC(105) Metaspace: 117K(320K)->117K(320K) NonClass: 108K(192K)->108K(192K) Class: 8K(128K)->8K(128K)
[14,229s][info][gc          ] GC(105) Pause Young (Normal) (G1 Evacuation Pause) 41M->6M(64M) 0,540ms
[14,229s][info][gc,cpu      ] GC(105) User=0,00s Sys=0,00s Real=0,00s
[14,378s][info][gc,start    ] GC(106) Pause Young (Normal) (G1 Evacuation Pause)
[14,378s][info][gc,task     ] GC(106) Using 4 workers of 8 for evacuation
[14,379s][info][gc,phases   ] GC(106)   Pre Evacuate Collection Set: 0,0ms
[14,379s][info][gc,phases   ] GC(106)   Merge Heap Roots: 0,0ms
[14,379s][info][gc,phases   ] GC(106)   Evacuate Collection Set: 0,3ms
[14,379s][info][gc,phases   ] GC(106)   Post Evacuate Collection Set: 0,1ms
[14,379s][info][gc,phases   ] GC(106)   Other: 0,1ms
[14,379s][info][gc,heap     ] GC(106) Eden regions: 35->0(33)
[14,379s][info][gc,heap     ] GC(106) Survivor regions: 3->5(5)
[14,379s][info][gc,heap     ] GC(106) Old regions: 4->4
[14,379s][info][gc,heap     ] GC(106) Archive regions: 2->2
[14,379s][info][gc,heap     ] GC(106) Humongous regions: 0->0
[14,379s][info][gc,metaspace] GC(106) Metaspace: 117K(320K)->117K(320K) NonClass: 108K(192K)->108K(192K) Class: 8K(128K)->8K(128K)
[14,379s][info][gc          ] GC(106) Pause Young (Normal) (G1 Evacuation Pause) 41M->8M(64M) 0,647ms
[14,379s][info][gc,cpu      ] GC(106) User=0,00s Sys=0,00s Real=0,00s
[14,527s][info][gc,start    ] GC(107) Pause Young (Normal) (G1 Evacuation Pause)
[14,527s][info][gc,task     ] GC(107) Using 4 workers of 8 for evacuation
[14,528s][info][gc,phases   ] GC(107)   Pre Evacuate Collection Set: 0,0ms
[14,528s][info][gc,phases   ] GC(107)   Merge Heap Roots: 0,0ms
[14,528s][info][gc,phases   ] GC(107)   Evacuate Collection Set: 0,3ms
[14,528s][info][gc,phases   ] GC(107)   Post Evacuate Collection Set: 0,1ms
[14,528s][info][gc,phases   ] GC(107)   Other: 0,1ms
[14,528s][info][gc,heap     ] GC(107) Eden regions: 33->0(35)
[14,528s][info][gc,heap     ] GC(107) Survivor regions: 5->3(5)
[14,528s][info][gc,heap     ] GC(107) Old regions: 4->4
[14,528s][info][gc,heap     ] GC(107) Archive regions: 2->2
[14,528s][info][gc,heap     ] GC(107) Humongous regions: 0->0
[14,528s][info][gc,metaspace] GC(107) Metaspace: 117K(320K)->117K(320K) NonClass: 108K(192K)->108K(192K) Class: 8K(128K)->8K(128K)
[14,528s][info][gc          ] GC(107) Pause Young (Normal) (G1 Evacuation Pause) 41M->7M(64M) 0,577ms
[14,528s][info][gc,cpu      ] GC(107) User=0,00s Sys=0,00s Real=0,00s
[14,629s][info][gc,start    ] GC(108) Pause Young (Normal) (G1 Evacuation Pause)
[14,629s][info][gc,task     ] GC(108) Using 4 workers of 8 for evacuation
[14,629s][info][gc,phases   ] GC(108)   Pre Evacuate Collection Set: 0,0ms
[14,629s][info][gc,phases   ] GC(108)   Merge Heap Roots: 0,0ms
[14,629s][info][gc,phases   ] GC(108)   Evacuate Collection Set: 0,5ms
[14,629s][info][gc,phases   ] GC(108)   Post Evacuate Collection Set: 0,1ms
[14,629s][info][gc,phases   ] GC(108)   Other: 0,2ms
[14,629s][info][gc,heap     ] GC(108) Eden regions: 35->0(33)
[14,629s][info][gc,heap     ] GC(108) Survivor regions: 3->5(5)
[14,629s][info][gc,heap     ] GC(108) Old regions: 4->4
[14,629s][info][gc,heap     ] GC(108) Archive regions: 2->2
[14,629s][info][gc,heap     ] GC(108) Humongous regions: 0->0
[14,629s][info][gc,metaspace] GC(108) Metaspace: 117K(320K)->117K(320K) NonClass: 108K(192K)->108K(192K) Class: 8K(128K)->8K(128K)
[14,629s][info][gc          ] GC(108) Pause Young (Normal) (G1 Evacuation Pause) 42M->9M(64M) 0,896ms
[14,629s][info][gc,cpu      ] GC(108) User=0,00s Sys=0,00s Real=0,00s
[14,777s][info][gc,start    ] GC(109) Pause Young (Normal) (G1 Evacuation Pause)
[14,777s][info][gc,task     ] GC(109) Using 4 workers of 8 for evacuation
[14,778s][info][gc,phases   ] GC(109)   Pre Evacuate Collection Set: 0,0ms
[14,778s][info][gc,phases   ] GC(109)   Merge Heap Roots: 0,0ms
[14,778s][info][gc,phases   ] GC(109)   Evacuate Collection Set: 0,3ms
[14,778s][info][gc,phases   ] GC(109)   Post Evacuate Collection Set: 0,1ms
[14,778s][info][gc,phases   ] GC(109)   Other: 0,1ms
[14,778s][info][gc,heap     ] GC(109) Eden regions: 33->0(34)
[14,778s][info][gc,heap     ] GC(109) Survivor regions: 5->4(5)
[14,778s][info][gc,heap     ] GC(109) Old regions: 4->4
[14,778s][info][gc,heap     ] GC(109) Archive regions: 2->2
[14,778s][info][gc,heap     ] GC(109) Humongous regions: 0->0
[14,778s][info][gc,metaspace] GC(109) Metaspace: 117K(320K)->117K(320K) NonClass: 108K(192K)->108K(192K) Class: 8K(128K)->8K(128K)
[14,778s][info][gc          ] GC(109) Pause Young (Normal) (G1 Evacuation Pause) 42M->7M(64M) 0,878ms
[14,778s][info][gc,cpu      ] GC(109) User=0,00s Sys=0,00s Real=0,00s
[14,926s][info][gc,start    ] GC(110) Pause Young (Normal) (G1 Evacuation Pause)
[14,926s][info][gc,task     ] GC(110) Using 4 workers of 8 for evacuation
[14,927s][info][gc,phases   ] GC(110)   Pre Evacuate Collection Set: 0,0ms
[14,927s][info][gc,phases   ] GC(110)   Merge Heap Roots: 0,0ms
[14,927s][info][gc,phases   ] GC(110)   Evacuate Collection Set: 0,3ms
[14,927s][info][gc,phases   ] GC(110)   Post Evacuate Collection Set: 0,1ms
[14,927s][info][gc,phases   ] GC(110)   Other: 0,1ms
[14,927s][info][gc,heap     ] GC(110) Eden regions: 34->0(34)
[14,927s][info][gc,heap     ] GC(110) Survivor regions: 4->4(5)
[14,927s][info][gc,heap     ] GC(110) Old regions: 4->4
[14,927s][info][gc,heap     ] GC(110) Archive regions: 2->2
[14,927s][info][gc,heap     ] GC(110) Humongous regions: 0->0
[14,927s][info][gc,metaspace] GC(110) Metaspace: 117K(320K)->117K(320K) NonClass: 108K(192K)->108K(192K) Class: 8K(128K)->8K(128K)
[14,927s][info][gc          ] GC(110) Pause Young (Normal) (G1 Evacuation Pause) 41M->7M(64M) 0,697ms
[14,927s][info][gc,cpu      ] GC(110) User=0,00s Sys=0,00s Real=0,00s
[15,027s][info][gc,start    ] GC(111) Pause Young (Normal) (G1 Evacuation Pause)
[15,027s][info][gc,task     ] GC(111) Using 4 workers of 8 for evacuation
[15,027s][info][gc,phases   ] GC(111)   Pre Evacuate Collection Set: 0,0ms
[15,027s][info][gc,phases   ] GC(111)   Merge Heap Roots: 0,0ms
[15,027s][info][gc,phases   ] GC(111)   Evacuate Collection Set: 0,4ms
[15,027s][info][gc,phases   ] GC(111)   Post Evacuate Collection Set: 0,1ms
[15,028s][info][gc,phases   ] GC(111)   Other: 0,1ms
[15,028s][info][gc,heap     ] GC(111) Eden regions: 34->0(33)
[15,028s][info][gc,heap     ] GC(111) Survivor regions: 4->5(5)
[15,028s][info][gc,heap     ] GC(111) Old regions: 4->4
[15,028s][info][gc,heap     ] GC(111) Archive regions: 2->2
[15,028s][info][gc,heap     ] GC(111) Humongous regions: 0->0
[15,028s][info][gc,metaspace] GC(111) Metaspace: 117K(320K)->117K(320K) NonClass: 108K(192K)->108K(192K) Class: 8K(128K)->8K(128K)
[15,028s][info][gc          ] GC(111) Pause Young (Normal) (G1 Evacuation Pause) 41M->8M(64M) 0,798ms
[15,028s][info][gc,cpu      ] GC(111) User=0,00s Sys=0,00s Real=0,00s
[15,178s][info][gc,start    ] GC(112) Pause Young (Normal) (G1 Evacuation Pause)
[15,178s][info][gc,task     ] GC(112) Using 4 workers of 8 for evacuation
[15,178s][info][gc,phases   ] GC(112)   Pre Evacuate Collection Set: 0,0ms
[15,178s][info][gc,phases   ] GC(112)   Merge Heap Roots: 0,0ms
[15,178s][info][gc,phases   ] GC(112)   Evacuate Collection Set: 0,2ms
[15,178s][info][gc,phases   ] GC(112)   Post Evacuate Collection Set: 0,1ms
[15,178s][info][gc,phases   ] GC(112)   Other: 0,2ms
[15,178s][info][gc,heap     ] GC(112) Eden regions: 33->0(36)
[15,178s][info][gc,heap     ] GC(112) Survivor regions: 5->2(5)
[15,178s][info][gc,heap     ] GC(112) Old regions: 4->4
[15,178s][info][gc,heap     ] GC(112) Archive regions: 2->2
[15,178s][info][gc,heap     ] GC(112) Humongous regions: 0->0
[15,178s][info][gc,metaspace] GC(112) Metaspace: 117K(320K)->117K(320K) NonClass: 108K(192K)->108K(192K) Class: 8K(128K)->8K(128K)
[15,178s][info][gc          ] GC(112) Pause Young (Normal) (G1 Evacuation Pause) 41M->6M(64M) 0,594ms
[15,178s][info][gc,cpu      ] GC(112) User=0,00s Sys=0,00s Real=0,00s
[15,327s][info][gc,start    ] GC(113) Pause Young (Normal) (G1 Evacuation Pause)
[15,327s][info][gc,task     ] GC(113) Using 4 workers of 8 for evacuation
[15,328s][info][gc,phases   ] GC(113)   Pre Evacuate Collection Set: 0,0ms
[15,328s][info][gc,phases   ] GC(113)   Merge Heap Roots: 0,0ms
[15,328s][info][gc,phases   ] GC(113)   Evacuate Collection Set: 0,5ms
[15,328s][info][gc,phases   ] GC(113)   Post Evacuate Collection Set: 0,1ms
[15,328s][info][gc,phases   ] GC(113)   Other: 0,1ms
[15,328s][info][gc,heap     ] GC(113) Eden regions: 36->0(33)
[15,328s][info][gc,heap     ] GC(113) Survivor regions: 2->5(5)
[15,328s][info][gc,heap     ] GC(113) Old regions: 4->4
[15,328s][info][gc,heap     ] GC(113) Archive regions: 2->2
[15,328s][info][gc,heap     ] GC(113) Humongous regions: 0->0
[15,328s][info][gc,metaspace] GC(113) Metaspace: 117K(320K)->117K(320K) NonClass: 108K(192K)->108K(192K) Class: 8K(128K)->8K(128K)
[15,328s][info][gc          ] GC(113) Pause Young (Normal) (G1 Evacuation Pause) 42M->9M(64M) 0,993ms
[15,328s][info][gc,cpu      ] GC(113) User=0,01s Sys=0,00s Real=0,00s
[15,428s][info][gc,start    ] GC(114) Pause Young (Normal) (G1 Evacuation Pause)
[15,428s][info][gc,task     ] GC(114) Using 4 workers of 8 for evacuation
[15,429s][info][gc,phases   ] GC(114)   Pre Evacuate Collection Set: 0,0ms
[15,429s][info][gc,phases   ] GC(114)   Merge Heap Roots: 0,0ms
[15,429s][info][gc,phases   ] GC(114)   Evacuate Collection Set: 0,5ms
[15,429s][info][gc,phases   ] GC(114)   Post Evacuate Collection Set: 0,1ms
[15,429s][info][gc,phases   ] GC(114)   Other: 0,1ms
[15,429s][info][gc,heap     ] GC(114) Eden regions: 33->0(34)
[15,429s][info][gc,heap     ] GC(114) Survivor regions: 5->4(5)
[15,429s][info][gc,heap     ] GC(114) Old regions: 4->4
[15,429s][info][gc,heap     ] GC(114) Archive regions: 2->2
[15,429s][info][gc,heap     ] GC(114) Humongous regions: 0->0
[15,429s][info][gc,metaspace] GC(114) Metaspace: 117K(320K)->117K(320K) NonClass: 108K(192K)->108K(192K) Class: 8K(128K)->8K(128K)
[15,429s][info][gc          ] GC(114) Pause Young (Normal) (G1 Evacuation Pause) 42M->8M(64M) 0,835ms
[15,429s][info][gc,cpu      ] GC(114) User=0,00s Sys=0,00s Real=0,00s
[15,578s][info][gc,start    ] GC(115) Pause Young (Normal) (G1 Evacuation Pause)
[15,578s][info][gc,task     ] GC(115) Using 4 workers of 8 for evacuation
[15,579s][info][gc,phases   ] GC(115)   Pre Evacuate Collection Set: 0,0ms
[15,579s][info][gc,phases   ] GC(115)   Merge Heap Roots: 0,0ms
[15,579s][info][gc,phases   ] GC(115)   Evacuate Collection Set: 0,4ms
[15,579s][info][gc,phases   ] GC(115)   Post Evacuate Collection Set: 0,1ms
[15,579s][info][gc,phases   ] GC(115)   Other: 0,1ms
[15,579s][info][gc,heap     ] GC(115) Eden regions: 34->0(33)
[15,579s][info][gc,heap     ] GC(115) Survivor regions: 4->5(5)
[15,579s][info][gc,heap     ] GC(115) Old regions: 4->4
[15,579s][info][gc,heap     ] GC(115) Archive regions: 2->2
[15,579s][info][gc,heap     ] GC(115) Humongous regions: 0->0
[15,579s][info][gc,metaspace] GC(115) Metaspace: 117K(320K)->117K(320K) NonClass: 108K(192K)->108K(192K) Class: 8K(128K)->8K(128K)
[15,579s][info][gc          ] GC(115) Pause Young (Normal) (G1 Evacuation Pause) 42M->9M(64M) 0,792ms
[15,579s][info][gc,cpu      ] GC(115) User=0,00s Sys=0,00s Real=0,00s
[15,728s][info][gc,start    ] GC(116) Pause Young (Normal) (G1 Evacuation Pause)
[15,728s][info][gc,task     ] GC(116) Using 4 workers of 8 for evacuation
[15,729s][info][gc,phases   ] GC(116)   Pre Evacuate Collection Set: 0,0ms
[15,729s][info][gc,phases   ] GC(116)   Merge Heap Roots: 0,0ms
[15,729s][info][gc,phases   ] GC(116)   Evacuate Collection Set: 0,3ms
[15,729s][info][gc,phases   ] GC(116)   Post Evacuate Collection Set: 0,1ms
[15,729s][info][gc,phases   ] GC(116)   Other: 0,1ms
[15,729s][info][gc,heap     ] GC(116) Eden regions: 33->0(34)
[15,729s][info][gc,heap     ] GC(116) Survivor regions: 5->4(5)
[15,729s][info][gc,heap     ] GC(116) Old regions: 4->4
[15,729s][info][gc,heap     ] GC(116) Archive regions: 2->2
[15,729s][info][gc,heap     ] GC(116) Humongous regions: 0->0
[15,729s][info][gc,metaspace] GC(116) Metaspace: 117K(320K)->117K(320K) NonClass: 108K(192K)->108K(192K) Class: 8K(128K)->8K(128K)
[15,729s][info][gc          ] GC(116) Pause Young (Normal) (G1 Evacuation Pause) 42M->7M(64M) 0,687ms
[15,729s][info][gc,cpu      ] GC(116) User=0,01s Sys=0,00s Real=0,00s
[15,827s][info][gc,start    ] GC(117) Pause Young (Normal) (G1 Evacuation Pause)
[15,827s][info][gc,task     ] GC(117) Using 4 workers of 8 for evacuation
[15,828s][info][gc,phases   ] GC(117)   Pre Evacuate Collection Set: 0,0ms
[15,828s][info][gc,phases   ] GC(117)   Merge Heap Roots: 0,0ms
[15,828s][info][gc,phases   ] GC(117)   Evacuate Collection Set: 0,5ms
[15,828s][info][gc,phases   ] GC(117)   Post Evacuate Collection Set: 0,1ms
[15,828s][info][gc,phases   ] GC(117)   Other: 0,1ms
[15,828s][info][gc,heap     ] GC(117) Eden regions: 34->0(33)
[15,828s][info][gc,heap     ] GC(117) Survivor regions: 4->5(5)
[15,828s][info][gc,heap     ] GC(117) Old regions: 4->4
[15,828s][info][gc,heap     ] GC(117) Archive regions: 2->2
[15,828s][info][gc,heap     ] GC(117) Humongous regions: 0->0
[15,828s][info][gc,metaspace] GC(117) Metaspace: 117K(320K)->117K(320K) NonClass: 108K(192K)->108K(192K) Class: 8K(128K)->8K(128K)
[15,828s][info][gc          ] GC(117) Pause Young (Normal) (G1 Evacuation Pause) 41M->8M(64M) 0,924ms
[15,828s][info][gc,cpu      ] GC(117) User=0,00s Sys=0,00s Real=0,00s
[15,975s][info][gc,start    ] GC(118) Pause Young (Normal) (G1 Evacuation Pause)
[15,975s][info][gc,task     ] GC(118) Using 4 workers of 8 for evacuation
[15,976s][info][gc,phases   ] GC(118)   Pre Evacuate Collection Set: 0,0ms
[15,976s][info][gc,phases   ] GC(118)   Merge Heap Roots: 0,0ms
[15,976s][info][gc,phases   ] GC(118)   Evacuate Collection Set: 0,3ms
[15,976s][info][gc,phases   ] GC(118)   Post Evacuate Collection Set: 0,2ms
[15,976s][info][gc,phases   ] GC(118)   Other: 0,1ms
[15,976s][info][gc,heap     ] GC(118) Eden regions: 33->0(35)
[15,976s][info][gc,heap     ] GC(118) Survivor regions: 5->3(5)
[15,976s][info][gc,heap     ] GC(118) Old regions: 4->4
[15,976s][info][gc,heap     ] GC(118) Archive regions: 2->2
[15,976s][info][gc,heap     ] GC(118) Humongous regions: 0->0
[15,976s][info][gc,metaspace] GC(118) Metaspace: 117K(320K)->117K(320K) NonClass: 108K(192K)->108K(192K) Class: 8K(128K)->8K(128K)
[15,976s][info][gc          ] GC(118) Pause Young (Normal) (G1 Evacuation Pause) 41M->7M(64M) 0,902ms
[15,976s][info][gc,cpu      ] GC(118) User=0,00s Sys=0,00s Real=0,00s
[16,127s][info][gc,start    ] GC(119) Pause Young (Normal) (G1 Evacuation Pause)
[16,127s][info][gc,task     ] GC(119) Using 4 workers of 8 for evacuation
[16,128s][info][gc,phases   ] GC(119)   Pre Evacuate Collection Set: 0,0ms
[16,128s][info][gc,phases   ] GC(119)   Merge Heap Roots: 0,0ms
[16,128s][info][gc,phases   ] GC(119)   Evacuate Collection Set: 0,5ms
[16,128s][info][gc,phases   ] GC(119)   Post Evacuate Collection Set: 0,1ms
[16,128s][info][gc,phases   ] GC(119)   Other: 0,2ms
[16,128s][info][gc,heap     ] GC(119) Eden regions: 35->0(33)
[16,128s][info][gc,heap     ] GC(119) Survivor regions: 3->5(5)
[16,128s][info][gc,heap     ] GC(119) Old regions: 4->4
[16,128s][info][gc,heap     ] GC(119) Archive regions: 2->2
[16,128s][info][gc,heap     ] GC(119) Humongous regions: 0->0
[16,128s][info][gc,metaspace] GC(119) Metaspace: 117K(320K)->117K(320K) NonClass: 108K(192K)->108K(192K) Class: 8K(128K)->8K(128K)
[16,128s][info][gc          ] GC(119) Pause Young (Normal) (G1 Evacuation Pause) 41M->8M(64M) 1,020ms
[16,128s][info][gc,cpu      ] GC(119) User=0,00s Sys=0,00s Real=0,00s
[16,229s][info][gc,start    ] GC(120) Pause Young (Normal) (G1 Evacuation Pause)
[16,229s][info][gc,task     ] GC(120) Using 4 workers of 8 for evacuation
[16,229s][info][gc,phases   ] GC(120)   Pre Evacuate Collection Set: 0,0ms
[16,229s][info][gc,phases   ] GC(120)   Merge Heap Roots: 0,0ms
[16,229s][info][gc,phases   ] GC(120)   Evacuate Collection Set: 0,2ms
[16,229s][info][gc,phases   ] GC(120)   Post Evacuate Collection Set: 0,1ms
[16,229s][info][gc,phases   ] GC(120)   Other: 0,1ms
[16,229s][info][gc,heap     ] GC(120) Eden regions: 33->0(35)
[16,229s][info][gc,heap     ] GC(120) Survivor regions: 5->3(5)
[16,229s][info][gc,heap     ] GC(120) Old regions: 4->4
[16,229s][info][gc,heap     ] GC(120) Archive regions: 2->2
[16,229s][info][gc,heap     ] GC(120) Humongous regions: 0->0
[16,229s][info][gc,metaspace] GC(120) Metaspace: 117K(320K)->117K(320K) NonClass: 108K(192K)->108K(192K) Class: 8K(128K)->8K(128K)
[16,229s][info][gc          ] GC(120) Pause Young (Normal) (G1 Evacuation Pause) 41M->7M(64M) 0,529ms
[16,230s][info][gc,cpu      ] GC(120) User=0,00s Sys=0,00s Real=0,00s
[16,378s][info][gc,start    ] GC(121) Pause Young (Normal) (G1 Evacuation Pause)
[16,378s][info][gc,task     ] GC(121) Using 4 workers of 8 for evacuation
[16,379s][info][gc,phases   ] GC(121)   Pre Evacuate Collection Set: 0,0ms
[16,379s][info][gc,phases   ] GC(121)   Merge Heap Roots: 0,0ms
[16,379s][info][gc,phases   ] GC(121)   Evacuate Collection Set: 0,5ms
[16,379s][info][gc,phases   ] GC(121)   Post Evacuate Collection Set: 0,1ms
[16,379s][info][gc,phases   ] GC(121)   Other: 0,1ms
[16,379s][info][gc,heap     ] GC(121) Eden regions: 35->0(33)
[16,379s][info][gc,heap     ] GC(121) Survivor regions: 3->5(5)
[16,379s][info][gc,heap     ] GC(121) Old regions: 4->4
[16,379s][info][gc,heap     ] GC(121) Archive regions: 2->2
[16,379s][info][gc,heap     ] GC(121) Humongous regions: 0->0
[16,379s][info][gc,metaspace] GC(121) Metaspace: 117K(320K)->117K(320K) NonClass: 108K(192K)->108K(192K) Class: 8K(128K)->8K(128K)
[16,379s][info][gc          ] GC(121) Pause Young (Normal) (G1 Evacuation Pause) 42M->9M(64M) 0,881ms
[16,379s][info][gc,cpu      ] GC(121) User=0,00s Sys=0,00s Real=0,00s
[16,528s][info][gc,start    ] GC(122) Pause Young (Normal) (G1 Evacuation Pause)
[16,528s][info][gc,task     ] GC(122) Using 4 workers of 8 for evacuation
[16,529s][info][gc,phases   ] GC(122)   Pre Evacuate Collection Set: 0,0ms
[16,529s][info][gc,phases   ] GC(122)   Merge Heap Roots: 0,0ms
[16,529s][info][gc,phases   ] GC(122)   Evacuate Collection Set: 0,3ms
[16,529s][info][gc,phases   ] GC(122)   Post Evacuate Collection Set: 0,1ms
[16,529s][info][gc,phases   ] GC(122)   Other: 0,1ms
[16,529s][info][gc,heap     ] GC(122) Eden regions: 33->0(34)
[16,529s][info][gc,heap     ] GC(122) Survivor regions: 5->4(5)
[16,529s][info][gc,heap     ] GC(122) Old regions: 4->4
[16,529s][info][gc,heap     ] GC(122) Archive regions: 2->2
[16,529s][info][gc,heap     ] GC(122) Humongous regions: 0->0
[16,529s][info][gc,metaspace] GC(122) Metaspace: 117K(320K)->117K(320K) NonClass: 108K(192K)->108K(192K) Class: 8K(128K)->8K(128K)
[16,529s][info][gc          ] GC(122) Pause Young (Normal) (G1 Evacuation Pause) 42M->8M(64M) 0,707ms
[16,529s][info][gc,cpu      ] GC(122) User=0,00s Sys=0,00s Real=0,00s
[16,628s][info][gc,start    ] GC(123) Pause Young (Normal) (G1 Evacuation Pause)
[16,628s][info][gc,task     ] GC(123) Using 4 workers of 8 for evacuation
[16,629s][info][gc,phases   ] GC(123)   Pre Evacuate Collection Set: 0,0ms
[16,629s][info][gc,phases   ] GC(123)   Merge Heap Roots: 0,1ms
[16,629s][info][gc,phases   ] GC(123)   Evacuate Collection Set: 0,2ms
[16,629s][info][gc,phases   ] GC(123)   Post Evacuate Collection Set: 0,1ms
[16,629s][info][gc,phases   ] GC(123)   Other: 0,1ms
[16,629s][info][gc,heap     ] GC(123) Eden regions: 34->0(35)
[16,629s][info][gc,heap     ] GC(123) Survivor regions: 4->3(5)
[16,629s][info][gc,heap     ] GC(123) Old regions: 4->4
[16,629s][info][gc,heap     ] GC(123) Archive regions: 2->2
[16,629s][info][gc,heap     ] GC(123) Humongous regions: 0->0
[16,629s][info][gc,metaspace] GC(123) Metaspace: 117K(320K)->117K(320K) NonClass: 108K(192K)->108K(192K) Class: 8K(128K)->8K(128K)
[16,629s][info][gc          ] GC(123) Pause Young (Normal) (G1 Evacuation Pause) 42M->7M(64M) 0,641ms
[16,629s][info][gc,cpu      ] GC(123) User=0,00s Sys=0,00s Real=0,00s
[16,778s][info][gc,start    ] GC(124) Pause Young (Normal) (G1 Evacuation Pause)
[16,778s][info][gc,task     ] GC(124) Using 4 workers of 8 for evacuation
[16,779s][info][gc,phases   ] GC(124)   Pre Evacuate Collection Set: 0,0ms
[16,779s][info][gc,phases   ] GC(124)   Merge Heap Roots: 0,0ms
[16,779s][info][gc,phases   ] GC(124)   Evacuate Collection Set: 0,5ms
[16,779s][info][gc,phases   ] GC(124)   Post Evacuate Collection Set: 0,1ms
[16,779s][info][gc,phases   ] GC(124)   Other: 0,1ms
[16,779s][info][gc,heap     ] GC(124) Eden regions: 35->0(33)
[16,779s][info][gc,heap     ] GC(124) Survivor regions: 3->5(5)
[16,779s][info][gc,heap     ] GC(124) Old regions: 4->4
[16,779s][info][gc,heap     ] GC(124) Archive regions: 2->2
[16,779s][info][gc,heap     ] GC(124) Humongous regions: 0->0
[16,779s][info][gc,metaspace] GC(124) Metaspace: 117K(320K)->117K(320K) NonClass: 108K(192K)->108K(192K) Class: 8K(128K)->8K(128K)
[16,779s][info][gc          ] GC(124) Pause Young (Normal) (G1 Evacuation Pause) 42M->8M(64M) 0,960ms
[16,779s][info][gc,cpu      ] GC(124) User=0,00s Sys=0,00s Real=0,00s
[16,928s][info][gc,start    ] GC(125) Pause Young (Normal) (G1 Evacuation Pause)
[16,928s][info][gc,task     ] GC(125) Using 4 workers of 8 for evacuation
[16,929s][info][gc,phases   ] GC(125)   Pre Evacuate Collection Set: 0,0ms
[16,929s][info][gc,phases   ] GC(125)   Merge Heap Roots: 0,0ms
[16,929s][info][gc,phases   ] GC(125)   Evacuate Collection Set: 0,4ms
[16,929s][info][gc,phases   ] GC(125)   Post Evacuate Collection Set: 0,1ms
[16,929s][info][gc,phases   ] GC(125)   Other: 0,1ms
[16,929s][info][gc,heap     ] GC(125) Eden regions: 33->0(34)
[16,929s][info][gc,heap     ] GC(125) Survivor regions: 5->4(5)
[16,929s][info][gc,heap     ] GC(125) Old regions: 4->4
[16,929s][info][gc,heap     ] GC(125) Archive regions: 2->2
[16,929s][info][gc,heap     ] GC(125) Humongous regions: 0->0
[16,929s][info][gc,metaspace] GC(125) Metaspace: 117K(320K)->117K(320K) NonClass: 108K(192K)->108K(192K) Class: 8K(128K)->8K(128K)
[16,929s][info][gc          ] GC(125) Pause Young (Normal) (G1 Evacuation Pause) 41M->7M(64M) 0,694ms
[16,929s][info][gc,cpu      ] GC(125) User=0,00s Sys=0,00s Real=0,00s
[17,029s][info][gc,start    ] GC(126) Pause Young (Normal) (G1 Evacuation Pause)
[17,029s][info][gc,task     ] GC(126) Using 4 workers of 8 for evacuation
[17,029s][info][gc,phases   ] GC(126)   Pre Evacuate Collection Set: 0,0ms
[17,029s][info][gc,phases   ] GC(126)   Merge Heap Roots: 0,0ms
[17,029s][info][gc,phases   ] GC(126)   Evacuate Collection Set: 0,4ms
[17,029s][info][gc,phases   ] GC(126)   Post Evacuate Collection Set: 0,1ms
[17,029s][info][gc,phases   ] GC(126)   Other: 0,1ms
[17,029s][info][gc,heap     ] GC(126) Eden regions: 34->0(33)
[17,029s][info][gc,heap     ] GC(126) Survivor regions: 4->5(5)
[17,029s][info][gc,heap     ] GC(126) Old regions: 4->4
[17,029s][info][gc,heap     ] GC(126) Archive regions: 2->2
[17,029s][info][gc,heap     ] GC(126) Humongous regions: 0->0
[17,029s][info][gc,metaspace] GC(126) Metaspace: 117K(320K)->117K(320K) NonClass: 108K(192K)->108K(192K) Class: 8K(128K)->8K(128K)
[17,029s][info][gc          ] GC(126) Pause Young (Normal) (G1 Evacuation Pause) 41M->8M(64M) 0,849ms
[17,029s][info][gc,cpu      ] GC(126) User=0,00s Sys=0,00s Real=0,00s
[17,179s][info][gc,start    ] GC(127) Pause Young (Normal) (G1 Evacuation Pause)
[17,179s][info][gc,task     ] GC(127) Using 4 workers of 8 for evacuation
[17,179s][info][gc,phases   ] GC(127)   Pre Evacuate Collection Set: 0,0ms
[17,179s][info][gc,phases   ] GC(127)   Merge Heap Roots: 0,0ms
[17,179s][info][gc,phases   ] GC(127)   Evacuate Collection Set: 0,2ms
[17,179s][info][gc,phases   ] GC(127)   Post Evacuate Collection Set: 0,1ms
[17,179s][info][gc,phases   ] GC(127)   Other: 0,1ms
[17,179s][info][gc,heap     ] GC(127) Eden regions: 33->0(35)
[17,179s][info][gc,heap     ] GC(127) Survivor regions: 5->3(5)
[17,179s][info][gc,heap     ] GC(127) Old regions: 4->4
[17,179s][info][gc,heap     ] GC(127) Archive regions: 2->2
[17,179s][info][gc,heap     ] GC(127) Humongous regions: 0->0
[17,179s][info][gc,metaspace] GC(127) Metaspace: 117K(320K)->117K(320K) NonClass: 109K(192K)->109K(192K) Class: 8K(128K)->8K(128K)
[17,179s][info][gc          ] GC(127) Pause Young (Normal) (G1 Evacuation Pause) 41M->7M(64M) 0,594ms
[17,179s][info][gc,cpu      ] GC(127) User=0,01s Sys=0,00s Real=0,00s
[17,329s][info][gc,start    ] GC(128) Pause Young (Normal) (G1 Evacuation Pause)
[17,329s][info][gc,task     ] GC(128) Using 4 workers of 8 for evacuation
[17,330s][info][gc,phases   ] GC(128)   Pre Evacuate Collection Set: 0,0ms
[17,330s][info][gc,phases   ] GC(128)   Merge Heap Roots: 0,0ms
[17,330s][info][gc,phases   ] GC(128)   Evacuate Collection Set: 0,5ms
[17,330s][info][gc,phases   ] GC(128)   Post Evacuate Collection Set: 0,1ms
[17,330s][info][gc,phases   ] GC(128)   Other: 0,1ms
[17,330s][info][gc,heap     ] GC(128) Eden regions: 35->0(33)
[17,330s][info][gc,heap     ] GC(128) Survivor regions: 3->5(5)
[17,330s][info][gc,heap     ] GC(128) Old regions: 4->4
[17,330s][info][gc,heap     ] GC(128) Archive regions: 2->2
[17,330s][info][gc,heap     ] GC(128) Humongous regions: 0->0
[17,330s][info][gc,metaspace] GC(128) Metaspace: 117K(320K)->117K(320K) NonClass: 109K(192K)->109K(192K) Class: 8K(128K)->8K(128K)
[17,330s][info][gc          ] GC(128) Pause Young (Normal) (G1 Evacuation Pause) 42M->9M(64M) 0,904ms
[17,330s][info][gc,cpu      ] GC(128) User=0,00s Sys=0,00s Real=0,00s
[17,429s][info][gc,start    ] GC(129) Pause Young (Normal) (G1 Evacuation Pause)
[17,429s][info][gc,task     ] GC(129) Using 4 workers of 8 for evacuation
[17,429s][info][gc,phases   ] GC(129)   Pre Evacuate Collection Set: 0,0ms
[17,429s][info][gc,phases   ] GC(129)   Merge Heap Roots: 0,0ms
[17,429s][info][gc,phases   ] GC(129)   Evacuate Collection Set: 0,4ms
[17,429s][info][gc,phases   ] GC(129)   Post Evacuate Collection Set: 0,1ms
[17,429s][info][gc,phases   ] GC(129)   Other: 0,1ms
[17,429s][info][gc,heap     ] GC(129) Eden regions: 33->0(35)
[17,429s][info][gc,heap     ] GC(129) Survivor regions: 5->3(5)
[17,429s][info][gc,heap     ] GC(129) Old regions: 4->4
[17,429s][info][gc,heap     ] GC(129) Archive regions: 2->2
[17,429s][info][gc,heap     ] GC(129) Humongous regions: 0->0
[17,429s][info][gc,metaspace] GC(129) Metaspace: 117K(320K)->117K(320K) NonClass: 109K(192K)->109K(192K) Class: 8K(128K)->8K(128K)
[17,429s][info][gc          ] GC(129) Pause Young (Normal) (G1 Evacuation Pause) 42M->7M(64M) 0,801ms
[17,429s][info][gc,cpu      ] GC(129) User=0,00s Sys=0,00s Real=0,00s
[17,578s][info][gc,start    ] GC(130) Pause Young (Normal) (G1 Evacuation Pause)
[17,578s][info][gc,task     ] GC(130) Using 4 workers of 8 for evacuation
[17,579s][info][gc,phases   ] GC(130)   Pre Evacuate Collection Set: 0,0ms
[17,579s][info][gc,phases   ] GC(130)   Merge Heap Roots: 0,0ms
[17,579s][info][gc,phases   ] GC(130)   Evacuate Collection Set: 0,5ms
[17,579s][info][gc,phases   ] GC(130)   Post Evacuate Collection Set: 0,1ms
[17,579s][info][gc,phases   ] GC(130)   Other: 0,2ms
[17,579s][info][gc,heap     ] GC(130) Eden regions: 35->0(33)
[17,579s][info][gc,heap     ] GC(130) Survivor regions: 3->5(5)
[17,579s][info][gc,heap     ] GC(130) Old regions: 4->4
[17,579s][info][gc,heap     ] GC(130) Archive regions: 2->2
[17,579s][info][gc,heap     ] GC(130) Humongous regions: 0->0
[17,579s][info][gc,metaspace] GC(130) Metaspace: 117K(320K)->117K(320K) NonClass: 109K(192K)->109K(192K) Class: 8K(128K)->8K(128K)
[17,579s][info][gc          ] GC(130) Pause Young (Normal) (G1 Evacuation Pause) 42M->9M(64M) 1,036ms
[17,579s][info][gc,cpu      ] GC(130) User=0,00s Sys=0,00s Real=0,00s
[17,728s][info][gc,start    ] GC(131) Pause Young (Normal) (G1 Evacuation Pause)
[17,728s][info][gc,task     ] GC(131) Using 4 workers of 8 for evacuation
[17,728s][info][gc,phases   ] GC(131)   Pre Evacuate Collection Set: 0,0ms
[17,729s][info][gc,phases   ] GC(131)   Merge Heap Roots: 0,0ms
[17,729s][info][gc,phases   ] GC(131)   Evacuate Collection Set: 0,4ms
[17,729s][info][gc,phases   ] GC(131)   Post Evacuate Collection Set: 0,1ms
[17,729s][info][gc,phases   ] GC(131)   Other: 0,1ms
[17,729s][info][gc,heap     ] GC(131) Eden regions: 33->0(34)
[17,729s][info][gc,heap     ] GC(131) Survivor regions: 5->4(5)
[17,729s][info][gc,heap     ] GC(131) Old regions: 4->4
[17,729s][info][gc,heap     ] GC(131) Archive regions: 2->2
[17,729s][info][gc,heap     ] GC(131) Humongous regions: 0->0
[17,729s][info][gc,metaspace] GC(131) Metaspace: 117K(320K)->117K(320K) NonClass: 109K(192K)->109K(192K) Class: 8K(128K)->8K(128K)
[17,729s][info][gc          ] GC(131) Pause Young (Normal) (G1 Evacuation Pause) 42M->7M(64M) 0,821ms
[17,729s][info][gc,cpu      ] GC(131) User=0,00s Sys=0,00s Real=0,00s
[17,828s][info][gc,start    ] GC(132) Pause Young (Normal) (G1 Evacuation Pause)
[17,829s][info][gc,task     ] GC(132) Using 4 workers of 8 for evacuation
[17,829s][info][gc,phases   ] GC(132)   Pre Evacuate Collection Set: 0,1ms
[17,829s][info][gc,phases   ] GC(132)   Merge Heap Roots: 0,0ms
[17,829s][info][gc,phases   ] GC(132)   Evacuate Collection Set: 0,5ms
[17,829s][info][gc,phases   ] GC(132)   Post Evacuate Collection Set: 0,2ms
[17,829s][info][gc,phases   ] GC(132)   Other: 0,2ms
[17,829s][info][gc,heap     ] GC(132) Eden regions: 34->0(33)
[17,829s][info][gc,heap     ] GC(132) Survivor regions: 4->5(5)
[17,829s][info][gc,heap     ] GC(132) Old regions: 4->4
[17,829s][info][gc,heap     ] GC(132) Archive regions: 2->2
[17,829s][info][gc,heap     ] GC(132) Humongous regions: 0->0
[17,829s][info][gc,metaspace] GC(132) Metaspace: 117K(320K)->117K(320K) NonClass: 109K(192K)->109K(192K) Class: 8K(128K)->8K(128K)
[17,830s][info][gc          ] GC(132) Pause Young (Normal) (G1 Evacuation Pause) 41M->8M(64M) 1,082ms
[17,830s][info][gc,cpu      ] GC(132) User=0,01s Sys=0,00s Real=0,00s
[17,978s][info][gc,start    ] GC(133) Pause Young (Normal) (G1 Evacuation Pause)
[17,978s][info][gc,task     ] GC(133) Using 4 workers of 8 for evacuation
[17,978s][info][gc,phases   ] GC(133)   Pre Evacuate Collection Set: 0,0ms
[17,979s][info][gc,phases   ] GC(133)   Merge Heap Roots: 0,0ms
[17,979s][info][gc,phases   ] GC(133)   Evacuate Collection Set: 0,5ms
[17,979s][info][gc,phases   ] GC(133)   Post Evacuate Collection Set: 0,1ms
[17,979s][info][gc,phases   ] GC(133)   Other: 0,1ms
[17,979s][info][gc,heap     ] GC(133) Eden regions: 33->0(34)
[17,979s][info][gc,heap     ] GC(133) Survivor regions: 5->4(5)
[17,979s][info][gc,heap     ] GC(133) Old regions: 4->4
[17,979s][info][gc,heap     ] GC(133) Archive regions: 2->2
[17,979s][info][gc,heap     ] GC(133) Humongous regions: 0->0
[17,979s][info][gc,metaspace] GC(133) Metaspace: 117K(320K)->117K(320K) NonClass: 109K(192K)->109K(192K) Class: 8K(128K)->8K(128K)
[17,979s][info][gc          ] GC(133) Pause Young (Normal) (G1 Evacuation Pause) 41M->7M(64M) 0,929ms
[17,979s][info][gc,cpu      ] GC(133) User=0,00s Sys=0,00s Real=0,00s
[18,128s][info][gc,start    ] GC(134) Pause Young (Normal) (G1 Evacuation Pause)
[18,128s][info][gc,task     ] GC(134) Using 4 workers of 8 for evacuation
[18,129s][info][gc,phases   ] GC(134)   Pre Evacuate Collection Set: 0,0ms
[18,129s][info][gc,phases   ] GC(134)   Merge Heap Roots: 0,0ms
[18,129s][info][gc,phases   ] GC(134)   Evacuate Collection Set: 0,4ms
[18,129s][info][gc,phases   ] GC(134)   Post Evacuate Collection Set: 0,1ms
[18,129s][info][gc,phases   ] GC(134)   Other: 0,1ms
[18,129s][info][gc,heap     ] GC(134) Eden regions: 34->0(33)
[18,129s][info][gc,heap     ] GC(134) Survivor regions: 4->5(5)
[18,129s][info][gc,heap     ] GC(134) Old regions: 4->4
[18,129s][info][gc,heap     ] GC(134) Archive regions: 2->2
[18,129s][info][gc,heap     ] GC(134) Humongous regions: 0->0
[18,129s][info][gc,metaspace] GC(134) Metaspace: 117K(320K)->117K(320K) NonClass: 109K(192K)->109K(192K) Class: 8K(128K)->8K(128K)
[18,129s][info][gc          ] GC(134) Pause Young (Normal) (G1 Evacuation Pause) 41M->8M(64M) 0,762ms
[18,129s][info][gc,cpu      ] GC(134) User=0,00s Sys=0,00s Real=0,00s
[18,229s][info][gc,start    ] GC(135) Pause Young (Normal) (G1 Evacuation Pause)
[18,229s][info][gc,task     ] GC(135) Using 4 workers of 8 for evacuation
[18,229s][info][gc,phases   ] GC(135)   Pre Evacuate Collection Set: 0,0ms
[18,229s][info][gc,phases   ] GC(135)   Merge Heap Roots: 0,0ms
[18,229s][info][gc,phases   ] GC(135)   Evacuate Collection Set: 0,2ms
[18,229s][info][gc,phases   ] GC(135)   Post Evacuate Collection Set: 0,2ms
[18,229s][info][gc,phases   ] GC(135)   Other: 0,2ms
[18,229s][info][gc,heap     ] GC(135) Eden regions: 33->0(35)
[18,229s][info][gc,heap     ] GC(135) Survivor regions: 5->3(5)
[18,229s][info][gc,heap     ] GC(135) Old regions: 4->4
[18,229s][info][gc,heap     ] GC(135) Archive regions: 2->2
[18,229s][info][gc,heap     ] GC(135) Humongous regions: 0->0
[18,229s][info][gc,metaspace] GC(135) Metaspace: 117K(320K)->117K(320K) NonClass: 109K(192K)->109K(192K) Class: 8K(128K)->8K(128K)
[18,229s][info][gc          ] GC(135) Pause Young (Normal) (G1 Evacuation Pause) 41M->6M(64M) 0,726ms
[18,229s][info][gc,cpu      ] GC(135) User=0,00s Sys=0,00s Real=0,00s
[18,378s][info][gc,start    ] GC(136) Pause Young (Normal) (G1 Evacuation Pause)
[18,378s][info][gc,task     ] GC(136) Using 4 workers of 8 for evacuation
[18,379s][info][gc,phases   ] GC(136)   Pre Evacuate Collection Set: 0,0ms
[18,379s][info][gc,phases   ] GC(136)   Merge Heap Roots: 0,0ms
[18,379s][info][gc,phases   ] GC(136)   Evacuate Collection Set: 0,4ms
[18,379s][info][gc,phases   ] GC(136)   Post Evacuate Collection Set: 0,1ms
[18,379s][info][gc,phases   ] GC(136)   Other: 0,3ms
[18,379s][info][gc,heap     ] GC(136) Eden regions: 35->0(34)
[18,379s][info][gc,heap     ] GC(136) Survivor regions: 3->4(5)
[18,379s][info][gc,heap     ] GC(136) Old regions: 4->4
[18,379s][info][gc,heap     ] GC(136) Archive regions: 2->2
[18,379s][info][gc,heap     ] GC(136) Humongous regions: 0->0
[18,379s][info][gc,metaspace] GC(136) Metaspace: 117K(320K)->117K(320K) NonClass: 109K(192K)->109K(192K) Class: 8K(128K)->8K(128K)
[18,379s][info][gc          ] GC(136) Pause Young (Normal) (G1 Evacuation Pause) 41M->8M(64M) 1,178ms
[18,380s][info][gc,cpu      ] GC(136) User=0,00s Sys=0,00s Real=0,00s
[18,529s][info][gc,start    ] GC(137) Pause Young (Normal) (G1 Evacuation Pause)
[18,529s][info][gc,task     ] GC(137) Using 4 workers of 8 for evacuation
[18,529s][info][gc,phases   ] GC(137)   Pre Evacuate Collection Set: 0,0ms
[18,529s][info][gc,phases   ] GC(137)   Merge Heap Roots: 0,0ms
[18,529s][info][gc,phases   ] GC(137)   Evacuate Collection Set: 0,5ms
[18,529s][info][gc,phases   ] GC(137)   Post Evacuate Collection Set: 0,1ms
[18,530s][info][gc,phases   ] GC(137)   Other: 0,1ms
[18,530s][info][gc,heap     ] GC(137) Eden regions: 34->0(34)
[18,530s][info][gc,heap     ] GC(137) Survivor regions: 4->4(5)
[18,530s][info][gc,heap     ] GC(137) Old regions: 4->4
[18,530s][info][gc,heap     ] GC(137) Archive regions: 2->2
[18,530s][info][gc,heap     ] GC(137) Humongous regions: 0->0
[18,530s][info][gc,metaspace] GC(137) Metaspace: 117K(320K)->117K(320K) NonClass: 109K(192K)->109K(192K) Class: 8K(128K)->8K(128K)
[18,530s][info][gc          ] GC(137) Pause Young (Normal) (G1 Evacuation Pause) 42M->8M(64M) 0,850ms
[18,530s][info][gc,cpu      ] GC(137) User=0,01s Sys=0,00s Real=0,00s
[18,629s][info][gc,start    ] GC(138) Pause Young (Normal) (G1 Evacuation Pause)
[18,629s][info][gc,task     ] GC(138) Using 4 workers of 8 for evacuation
[18,630s][info][gc,phases   ] GC(138)   Pre Evacuate Collection Set: 0,0ms
[18,630s][info][gc,phases   ] GC(138)   Merge Heap Roots: 0,0ms
[18,630s][info][gc,phases   ] GC(138)   Evacuate Collection Set: 0,3ms
[18,630s][info][gc,phases   ] GC(138)   Post Evacuate Collection Set: 0,1ms
[18,630s][info][gc,phases   ] GC(138)   Other: 0,2ms
[18,630s][info][gc,heap     ] GC(138) Eden regions: 34->0(34)
[18,630s][info][gc,heap     ] GC(138) Survivor regions: 4->4(5)
[18,630s][info][gc,heap     ] GC(138) Old regions: 4->4
[18,630s][info][gc,heap     ] GC(138) Archive regions: 2->2
[18,630s][info][gc,heap     ] GC(138) Humongous regions: 0->0
[18,630s][info][gc,metaspace] GC(138) Metaspace: 117K(320K)->117K(320K) NonClass: 109K(192K)->109K(192K) Class: 8K(128K)->8K(128K)
[18,630s][info][gc          ] GC(138) Pause Young (Normal) (G1 Evacuation Pause) 42M->7M(64M) 0,766ms
[18,630s][info][gc,cpu      ] GC(138) User=0,00s Sys=0,00s Real=0,00s
[18,779s][info][gc,start    ] GC(139) Pause Young (Normal) (G1 Evacuation Pause)
[18,779s][info][gc,task     ] GC(139) Using 4 workers of 8 for evacuation
[18,780s][info][gc,phases   ] GC(139)   Pre Evacuate Collection Set: 0,1ms
[18,780s][info][gc,phases   ] GC(139)   Merge Heap Roots: 0,0ms
[18,780s][info][gc,phases   ] GC(139)   Evacuate Collection Set: 0,6ms
[18,780s][info][gc,phases   ] GC(139)   Post Evacuate Collection Set: 0,2ms
[18,780s][info][gc,phases   ] GC(139)   Other: 0,1ms
[18,780s][info][gc,heap     ] GC(139) Eden regions: 34->0(33)
[18,780s][info][gc,heap     ] GC(139) Survivor regions: 4->5(5)
[18,780s][info][gc,heap     ] GC(139) Old regions: 4->4
[18,780s][info][gc,heap     ] GC(139) Archive regions: 2->2
[18,780s][info][gc,heap     ] GC(139) Humongous regions: 0->0
[18,780s][info][gc,metaspace] GC(139) Metaspace: 117K(320K)->117K(320K) NonClass: 109K(192K)->109K(192K) Class: 8K(128K)->8K(128K)
[18,780s][info][gc          ] GC(139) Pause Young (Normal) (G1 Evacuation Pause) 41M->8M(64M) 1,185ms
[18,780s][info][gc,cpu      ] GC(139) User=0,00s Sys=0,00s Real=0,00s
[18,929s][info][gc,start    ] GC(140) Pause Young (Normal) (G1 Evacuation Pause)
[18,929s][info][gc,task     ] GC(140) Using 4 workers of 8 for evacuation
[18,929s][info][gc,phases   ] GC(140)   Pre Evacuate Collection Set: 0,0ms
[18,929s][info][gc,phases   ] GC(140)   Merge Heap Roots: 0,0ms
[18,929s][info][gc,phases   ] GC(140)   Evacuate Collection Set: 0,3ms
[18,929s][info][gc,phases   ] GC(140)   Post Evacuate Collection Set: 0,2ms
[18,929s][info][gc,phases   ] GC(140)   Other: 0,1ms
[18,930s][info][gc,heap     ] GC(140) Eden regions: 33->0(35)
[18,930s][info][gc,heap     ] GC(140) Survivor regions: 5->3(5)
[18,930s][info][gc,heap     ] GC(140) Old regions: 4->4
[18,930s][info][gc,heap     ] GC(140) Archive regions: 2->2
[18,930s][info][gc,heap     ] GC(140) Humongous regions: 0->0
[18,930s][info][gc,metaspace] GC(140) Metaspace: 117K(320K)->117K(320K) NonClass: 109K(192K)->109K(192K) Class: 8K(128K)->8K(128K)
[18,930s][info][gc          ] GC(140) Pause Young (Normal) (G1 Evacuation Pause) 41M->7M(64M) 0,905ms
[18,930s][info][gc,cpu      ] GC(140) User=0,00s Sys=0,00s Real=0,00s
[19,028s][info][gc,start    ] GC(141) Pause Young (Normal) (G1 Evacuation Pause)
[19,028s][info][gc,task     ] GC(141) Using 4 workers of 8 for evacuation
[19,029s][info][gc,phases   ] GC(141)   Pre Evacuate Collection Set: 0,0ms
[19,029s][info][gc,phases   ] GC(141)   Merge Heap Roots: 0,0ms
[19,029s][info][gc,phases   ] GC(141)   Evacuate Collection Set: 0,5ms
[19,029s][info][gc,phases   ] GC(141)   Post Evacuate Collection Set: 0,1ms
[19,029s][info][gc,phases   ] GC(141)   Other: 0,2ms
[19,029s][info][gc,heap     ] GC(141) Eden regions: 35->0(33)
[19,029s][info][gc,heap     ] GC(141) Survivor regions: 3->5(5)
[19,029s][info][gc,heap     ] GC(141) Old regions: 4->4
[19,029s][info][gc,heap     ] GC(141) Archive regions: 2->2
[19,029s][info][gc,heap     ] GC(141) Humongous regions: 0->0
[19,029s][info][gc,metaspace] GC(141) Metaspace: 117K(320K)->117K(320K) NonClass: 109K(192K)->109K(192K) Class: 8K(128K)->8K(128K)
[19,029s][info][gc          ] GC(141) Pause Young (Normal) (G1 Evacuation Pause) 42M->9M(64M) 1,074ms
[19,029s][info][gc,cpu      ] GC(141) User=0,00s Sys=0,00s Real=0,00s
[19,178s][info][gc,start    ] GC(142) Pause Young (Normal) (G1 Evacuation Pause)
[19,178s][info][gc,task     ] GC(142) Using 4 workers of 8 for evacuation
[19,178s][info][gc,phases   ] GC(142)   Pre Evacuate Collection Set: 0,0ms
[19,178s][info][gc,phases   ] GC(142)   Merge Heap Roots: 0,0ms
[19,178s][info][gc,phases   ] GC(142)   Evacuate Collection Set: 0,4ms
[19,178s][info][gc,phases   ] GC(142)   Post Evacuate Collection Set: 0,1ms
[19,178s][info][gc,phases   ] GC(142)   Other: 0,1ms
[19,178s][info][gc,heap     ] GC(142) Eden regions: 33->0(35)
[19,178s][info][gc,heap     ] GC(142) Survivor regions: 5->3(5)
[19,178s][info][gc,heap     ] GC(142) Old regions: 4->4
[19,178s][info][gc,heap     ] GC(142) Archive regions: 2->2
[19,178s][info][gc,heap     ] GC(142) Humongous regions: 0->0
[19,178s][info][gc,metaspace] GC(142) Metaspace: 117K(320K)->117K(320K) NonClass: 109K(192K)->109K(192K) Class: 8K(128K)->8K(128K)
[19,178s][info][gc          ] GC(142) Pause Young (Normal) (G1 Evacuation Pause) 42M->7M(64M) 0,862ms
[19,178s][info][gc,cpu      ] GC(142) User=0,00s Sys=0,00s Real=0,00s
[19,327s][info][gc,start    ] GC(143) Pause Young (Normal) (G1 Evacuation Pause)
[19,327s][info][gc,task     ] GC(143) Using 4 workers of 8 for evacuation
[19,328s][info][gc,phases   ] GC(143)   Pre Evacuate Collection Set: 0,0ms
[19,328s][info][gc,phases   ] GC(143)   Merge Heap Roots: 0,0ms
[19,328s][info][gc,phases   ] GC(143)   Evacuate Collection Set: 0,4ms
[19,328s][info][gc,phases   ] GC(143)   Post Evacuate Collection Set: 0,1ms
[19,328s][info][gc,phases   ] GC(143)   Other: 0,1ms
[19,328s][info][gc,heap     ] GC(143) Eden regions: 35->0(33)
[19,328s][info][gc,heap     ] GC(143) Survivor regions: 3->5(5)
[19,328s][info][gc,heap     ] GC(143) Old regions: 4->4
[19,328s][info][gc,heap     ] GC(143) Archive regions: 2->2
[19,328s][info][gc,heap     ] GC(143) Humongous regions: 0->0
[19,328s][info][gc,metaspace] GC(143) Metaspace: 117K(320K)->117K(320K) NonClass: 109K(192K)->109K(192K) Class: 8K(128K)->8K(128K)
[19,328s][info][gc          ] GC(143) Pause Young (Normal) (G1 Evacuation Pause) 42M->9M(64M) 0,706ms
[19,328s][info][gc,cpu      ] GC(143) User=0,00s Sys=0,00s Real=0,00s
[19,429s][info][gc,start    ] GC(144) Pause Young (Normal) (G1 Evacuation Pause)
[19,429s][info][gc,task     ] GC(144) Using 4 workers of 8 for evacuation
[19,430s][info][gc,phases   ] GC(144)   Pre Evacuate Collection Set: 0,0ms
[19,430s][info][gc,phases   ] GC(144)   Merge Heap Roots: 0,0ms
[19,430s][info][gc,phases   ] GC(144)   Evacuate Collection Set: 0,4ms
[19,430s][info][gc,phases   ] GC(144)   Post Evacuate Collection Set: 0,2ms
[19,430s][info][gc,phases   ] GC(144)   Other: 0,2ms
[19,430s][info][gc,heap     ] GC(144) Eden regions: 33->0(34)
[19,430s][info][gc,heap     ] GC(144) Survivor regions: 5->4(5)
[19,430s][info][gc,heap     ] GC(144) Old regions: 4->4
[19,430s][info][gc,heap     ] GC(144) Archive regions: 2->2
[19,430s][info][gc,heap     ] GC(144) Humongous regions: 0->0
[19,430s][info][gc,metaspace] GC(144) Metaspace: 117K(320K)->117K(320K) NonClass: 109K(192K)->109K(192K) Class: 8K(128K)->8K(128K)
[19,430s][info][gc          ] GC(144) Pause Young (Normal) (G1 Evacuation Pause) 42M->8M(64M) 0,917ms
[19,430s][info][gc,cpu      ] GC(144) User=0,00s Sys=0,00s Real=0,00s
[19,579s][info][gc,start    ] GC(145) Pause Young (Normal) (G1 Evacuation Pause)
[19,579s][info][gc,task     ] GC(145) Using 4 workers of 8 for evacuation
[19,580s][info][gc,phases   ] GC(145)   Pre Evacuate Collection Set: 0,1ms
[19,580s][info][gc,phases   ] GC(145)   Merge Heap Roots: 0,1ms
[19,580s][info][gc,phases   ] GC(145)   Evacuate Collection Set: 0,5ms
[19,580s][info][gc,phases   ] GC(145)   Post Evacuate Collection Set: 0,1ms
[19,580s][info][gc,phases   ] GC(145)   Other: 0,2ms
[19,580s][info][gc,heap     ] GC(145) Eden regions: 34->0(33)
[19,580s][info][gc,heap     ] GC(145) Survivor regions: 4->5(5)
[19,580s][info][gc,heap     ] GC(145) Old regions: 4->4
[19,580s][info][gc,heap     ] GC(145) Archive regions: 2->2
[19,580s][info][gc,heap     ] GC(145) Humongous regions: 0->0
[19,580s][info][gc,metaspace] GC(145) Metaspace: 117K(320K)->117K(320K) NonClass: 109K(192K)->109K(192K) Class: 8K(128K)->8K(128K)
[19,580s][info][gc          ] GC(145) Pause Young (Normal) (G1 Evacuation Pause) 42M->9M(64M) 1,231ms
[19,580s][info][gc,cpu      ] GC(145) User=0,00s Sys=0,00s Real=0,00s
[19,728s][info][gc,start    ] GC(146) Pause Young (Normal) (G1 Evacuation Pause)
[19,728s][info][gc,task     ] GC(146) Using 4 workers of 8 for evacuation
[19,729s][info][gc,phases   ] GC(146)   Pre Evacuate Collection Set: 0,1ms
[19,729s][info][gc,phases   ] GC(146)   Merge Heap Roots: 0,0ms
[19,729s][info][gc,phases   ] GC(146)   Evacuate Collection Set: 0,4ms
[19,729s][info][gc,phases   ] GC(146)   Post Evacuate Collection Set: 0,2ms
[19,729s][info][gc,phases   ] GC(146)   Other: 0,2ms
[19,729s][info][gc,heap     ] GC(146) Eden regions: 33->0(35)
[19,729s][info][gc,heap     ] GC(146) Survivor regions: 5->3(5)
[19,729s][info][gc,heap     ] GC(146) Old regions: 4->4
[19,729s][info][gc,heap     ] GC(146) Archive regions: 2->2
[19,729s][info][gc,heap     ] GC(146) Humongous regions: 0->0
[19,729s][info][gc,metaspace] GC(146) Metaspace: 117K(320K)->117K(320K) NonClass: 109K(192K)->109K(192K) Class: 8K(128K)->8K(128K)
[19,729s][info][gc          ] GC(146) Pause Young (Normal) (G1 Evacuation Pause) 42M->7M(64M) 1,019ms
[19,729s][info][gc,cpu      ] GC(146) User=0,00s Sys=0,00s Real=0,00s
[19,829s][info][gc,start    ] GC(147) Pause Young (Normal) (G1 Evacuation Pause)
[19,829s][info][gc,task     ] GC(147) Using 4 workers of 8 for evacuation
[19,830s][info][gc,phases   ] GC(147)   Pre Evacuate Collection Set: 0,0ms
[19,830s][info][gc,phases   ] GC(147)   Merge Heap Roots: 0,0ms
[19,830s][info][gc,phases   ] GC(147)   Evacuate Collection Set: 0,5ms
[19,830s][info][gc,phases   ] GC(147)   Post Evacuate Collection Set: 0,1ms
[19,830s][info][gc,phases   ] GC(147)   Other: 0,2ms
[19,830s][info][gc,heap     ] GC(147) Eden regions: 35->0(33)
[19,830s][info][gc,heap     ] GC(147) Survivor regions: 3->5(5)
[19,830s][info][gc,heap     ] GC(147) Old regions: 4->4
[19,830s][info][gc,heap     ] GC(147) Archive regions: 2->2
[19,830s][info][gc,heap     ] GC(147) Humongous regions: 0->0
[19,830s][info][gc,metaspace] GC(147) Metaspace: 117K(320K)->117K(320K) NonClass: 109K(192K)->109K(192K) Class: 8K(128K)->8K(128K)
[19,830s][info][gc          ] GC(147) Pause Young (Normal) (G1 Evacuation Pause) 42M->9M(64M) 0,991ms
[19,830s][info][gc,cpu      ] GC(147) User=0,01s Sys=0,00s Real=0,00s
[19,978s][info][gc,start    ] GC(148) Pause Young (Normal) (G1 Evacuation Pause)
[19,978s][info][gc,task     ] GC(148) Using 4 workers of 8 for evacuation
[19,979s][info][gc,phases   ] GC(148)   Pre Evacuate Collection Set: 0,0ms
[19,979s][info][gc,phases   ] GC(148)   Merge Heap Roots: 0,0ms
[19,979s][info][gc,phases   ] GC(148)   Evacuate Collection Set: 0,5ms
[19,979s][info][gc,phases   ] GC(148)   Post Evacuate Collection Set: 0,2ms
[19,979s][info][gc,phases   ] GC(148)   Other: 0,2ms
[19,979s][info][gc,heap     ] GC(148) Eden regions: 33->0(34)
[19,979s][info][gc,heap     ] GC(148) Survivor regions: 5->4(5)
[19,979s][info][gc,heap     ] GC(148) Old regions: 4->4
[19,979s][info][gc,heap     ] GC(148) Archive regions: 2->2
[19,979s][info][gc,heap     ] GC(148) Humongous regions: 0->0
[19,979s][info][gc,metaspace] GC(148) Metaspace: 117K(320K)->117K(320K) NonClass: 109K(192K)->109K(192K) Class: 8K(128K)->8K(128K)
[19,979s][info][gc          ] GC(148) Pause Young (Normal) (G1 Evacuation Pause) 42M->8M(64M) 1,054ms
[19,979s][info][gc,cpu      ] GC(148) User=0,00s Sys=0,00s Real=0,00s
[20,126s][info][gc,start    ] GC(149) Pause Young (Normal) (G1 Evacuation Pause)
[20,126s][info][gc,task     ] GC(149) Using 4 workers of 8 for evacuation
[20,127s][info][gc,phases   ] GC(149)   Pre Evacuate Collection Set: 0,0ms
[20,127s][info][gc,phases   ] GC(149)   Merge Heap Roots: 0,0ms
[20,127s][info][gc,phases   ] GC(149)   Evacuate Collection Set: 0,4ms
[20,127s][info][gc,phases   ] GC(149)   Post Evacuate Collection Set: 0,1ms
[20,127s][info][gc,phases   ] GC(149)   Other: 0,1ms
[20,127s][info][gc,heap     ] GC(149) Eden regions: 34->0(33)
[20,127s][info][gc,heap     ] GC(149) Survivor regions: 4->5(5)
[20,127s][info][gc,heap     ] GC(149) Old regions: 4->4
[20,127s][info][gc,heap     ] GC(149) Archive regions: 2->2
[20,127s][info][gc,heap     ] GC(149) Humongous regions: 0->0
[20,127s][info][gc,metaspace] GC(149) Metaspace: 117K(320K)->117K(320K) NonClass: 109K(192K)->109K(192K) Class: 8K(128K)->8K(128K)
[20,127s][info][gc          ] GC(149) Pause Young (Normal) (G1 Evacuation Pause) 42M->9M(64M) 0,715ms
[20,127s][info][gc,cpu      ] GC(149) User=0,00s Sys=0,00s Real=0,00s
[20,229s][info][gc,start    ] GC(150) Pause Young (Normal) (G1 Evacuation Pause)
[20,229s][info][gc,task     ] GC(150) Using 4 workers of 8 for evacuation
[20,229s][info][gc,phases   ] GC(150)   Pre Evacuate Collection Set: 0,0ms
[20,229s][info][gc,phases   ] GC(150)   Merge Heap Roots: 0,0ms
[20,229s][info][gc,phases   ] GC(150)   Evacuate Collection Set: 0,3ms
[20,229s][info][gc,phases   ] GC(150)   Post Evacuate Collection Set: 0,1ms
[20,229s][info][gc,phases   ] GC(150)   Other: 0,1ms
[20,229s][info][gc,heap     ] GC(150) Eden regions: 33->0(35)
[20,229s][info][gc,heap     ] GC(150) Survivor regions: 5->3(5)
[20,229s][info][gc,heap     ] GC(150) Old regions: 4->4
[20,229s][info][gc,heap     ] GC(150) Archive regions: 2->2
[20,229s][info][gc,heap     ] GC(150) Humongous regions: 0->0
[20,229s][info][gc,metaspace] GC(150) Metaspace: 117K(320K)->117K(320K) NonClass: 109K(192K)->109K(192K) Class: 8K(128K)->8K(128K)
[20,229s][info][gc          ] GC(150) Pause Young (Normal) (G1 Evacuation Pause) 42M->7M(64M) 0,649ms
[20,229s][info][gc,cpu      ] GC(150) User=0,00s Sys=0,00s Real=0,00s
[20,378s][info][gc,start    ] GC(151) Pause Young (Normal) (G1 Evacuation Pause)
[20,378s][info][gc,task     ] GC(151) Using 4 workers of 8 for evacuation
[20,379s][info][gc,phases   ] GC(151)   Pre Evacuate Collection Set: 0,0ms
[20,379s][info][gc,phases   ] GC(151)   Merge Heap Roots: 0,0ms
[20,379s][info][gc,phases   ] GC(151)   Evacuate Collection Set: 0,5ms
[20,379s][info][gc,phases   ] GC(151)   Post Evacuate Collection Set: 0,1ms
[20,379s][info][gc,phases   ] GC(151)   Other: 0,1ms
[20,379s][info][gc,heap     ] GC(151) Eden regions: 35->0(33)
[20,379s][info][gc,heap     ] GC(151) Survivor regions: 3->5(5)
[20,379s][info][gc,heap     ] GC(151) Old regions: 4->4
[20,379s][info][gc,heap     ] GC(151) Archive regions: 2->2
[20,379s][info][gc,heap     ] GC(151) Humongous regions: 0->0
[20,379s][info][gc,metaspace] GC(151) Metaspace: 117K(320K)->117K(320K) NonClass: 109K(192K)->109K(192K) Class: 8K(128K)->8K(128K)
[20,379s][info][gc          ] GC(151) Pause Young (Normal) (G1 Evacuation Pause) 42M->9M(64M) 0,847ms
[20,379s][info][gc,cpu      ] GC(151) User=0,00s Sys=0,00s Real=0,00s
[20,528s][info][gc,start    ] GC(152) Pause Young (Normal) (G1 Evacuation Pause)
[20,528s][info][gc,task     ] GC(152) Using 4 workers of 8 for evacuation
[20,528s][info][gc,phases   ] GC(152)   Pre Evacuate Collection Set: 0,0ms
[20,528s][info][gc,phases   ] GC(152)   Merge Heap Roots: 0,0ms
[20,529s][info][gc,phases   ] GC(152)   Evacuate Collection Set: 0,5ms
[20,529s][info][gc,phases   ] GC(152)   Post Evacuate Collection Set: 0,1ms
[20,529s][info][gc,phases   ] GC(152)   Other: 0,1ms
[20,529s][info][gc,heap     ] GC(152) Eden regions: 33->0(34)
[20,529s][info][gc,heap     ] GC(152) Survivor regions: 5->4(5)
[20,529s][info][gc,heap     ] GC(152) Old regions: 4->4
[20,529s][info][gc,heap     ] GC(152) Archive regions: 2->2
[20,529s][info][gc,heap     ] GC(152) Humongous regions: 0->0
[20,529s][info][gc,metaspace] GC(152) Metaspace: 117K(320K)->117K(320K) NonClass: 109K(192K)->109K(192K) Class: 8K(128K)->8K(128K)
[20,529s][info][gc          ] GC(152) Pause Young (Normal) (G1 Evacuation Pause) 42M->7M(64M) 0,920ms
[20,529s][info][gc,cpu      ] GC(152) User=0,00s Sys=0,00s Real=0,00s
[20,628s][info][gc,start    ] GC(153) Pause Young (Normal) (G1 Evacuation Pause)
[20,628s][info][gc,task     ] GC(153) Using 4 workers of 8 for evacuation
[20,629s][info][gc,phases   ] GC(153)   Pre Evacuate Collection Set: 0,1ms
[20,629s][info][gc,phases   ] GC(153)   Merge Heap Roots: 0,0ms
[20,629s][info][gc,phases   ] GC(153)   Evacuate Collection Set: 0,4ms
[20,629s][info][gc,phases   ] GC(153)   Post Evacuate Collection Set: 0,1ms
[20,629s][info][gc,phases   ] GC(153)   Other: 0,1ms
[20,629s][info][gc,heap     ] GC(153) Eden regions: 34->0(33)
[20,629s][info][gc,heap     ] GC(153) Survivor regions: 4->5(5)
[20,629s][info][gc,heap     ] GC(153) Old regions: 4->4
[20,629s][info][gc,heap     ] GC(153) Archive regions: 2->2
[20,629s][info][gc,heap     ] GC(153) Humongous regions: 0->0
[20,629s][info][gc,metaspace] GC(153) Metaspace: 117K(320K)->117K(320K) NonClass: 109K(192K)->109K(192K) Class: 8K(128K)->8K(128K)
[20,629s][info][gc          ] GC(153) Pause Young (Normal) (G1 Evacuation Pause) 41M->8M(64M) 0,795ms
[20,629s][info][gc,cpu      ] GC(153) User=0,00s Sys=0,00s Real=0,00s
[20,777s][info][gc,start    ] GC(154) Pause Young (Normal) (G1 Evacuation Pause)
[20,777s][info][gc,task     ] GC(154) Using 4 workers of 8 for evacuation
[20,778s][info][gc,phases   ] GC(154)   Pre Evacuate Collection Set: 0,0ms
[20,778s][info][gc,phases   ] GC(154)   Merge Heap Roots: 0,0ms
[20,778s][info][gc,phases   ] GC(154)   Evacuate Collection Set: 0,3ms
[20,778s][info][gc,phases   ] GC(154)   Post Evacuate Collection Set: 0,1ms
[20,778s][info][gc,phases   ] GC(154)   Other: 0,1ms
[20,778s][info][gc,heap     ] GC(154) Eden regions: 33->0(35)
[20,778s][info][gc,heap     ] GC(154) Survivor regions: 5->3(5)
[20,778s][info][gc,heap     ] GC(154) Old regions: 4->4
[20,778s][info][gc,heap     ] GC(154) Archive regions: 2->2
[20,778s][info][gc,heap     ] GC(154) Humongous regions: 0->0
[20,778s][info][gc,metaspace] GC(154) Metaspace: 117K(320K)->117K(320K) NonClass: 109K(192K)->109K(192K) Class: 8K(128K)->8K(128K)
[20,778s][info][gc          ] GC(154) Pause Young (Normal) (G1 Evacuation Pause) 41M->7M(64M) 0,781ms
[20,778s][info][gc,cpu      ] GC(154) User=0,00s Sys=0,00s Real=0,00s
[20,928s][info][gc,start    ] GC(155) Pause Young (Normal) (G1 Evacuation Pause)
[20,928s][info][gc,task     ] GC(155) Using 4 workers of 8 for evacuation
[20,929s][info][gc,phases   ] GC(155)   Pre Evacuate Collection Set: 0,0ms
[20,929s][info][gc,phases   ] GC(155)   Merge Heap Roots: 0,0ms
[20,929s][info][gc,phases   ] GC(155)   Evacuate Collection Set: 0,4ms
[20,929s][info][gc,phases   ] GC(155)   Post Evacuate Collection Set: 0,1ms
[20,929s][info][gc,phases   ] GC(155)   Other: 0,2ms
[20,929s][info][gc,heap     ] GC(155) Eden regions: 35->0(34)
[20,929s][info][gc,heap     ] GC(155) Survivor regions: 3->4(5)
[20,929s][info][gc,heap     ] GC(155) Old regions: 4->4
[20,929s][info][gc,heap     ] GC(155) Archive regions: 2->2
[20,929s][info][gc,heap     ] GC(155) Humongous regions: 0->0
[20,929s][info][gc,metaspace] GC(155) Metaspace: 117K(320K)->117K(320K) NonClass: 109K(192K)->109K(192K) Class: 8K(128K)->8K(128K)
[20,929s][info][gc          ] GC(155) Pause Young (Normal) (G1 Evacuation Pause) 42M->8M(64M) 0,938ms
[20,929s][info][gc,cpu      ] GC(155) User=0,00s Sys=0,00s Real=0,00s
[21,028s][info][gc,start    ] GC(156) Pause Young (Normal) (G1 Evacuation Pause)
[21,028s][info][gc,task     ] GC(156) Using 4 workers of 8 for evacuation
[21,029s][info][gc,phases   ] GC(156)   Pre Evacuate Collection Set: 0,0ms
[21,029s][info][gc,phases   ] GC(156)   Merge Heap Roots: 0,0ms
[21,029s][info][gc,phases   ] GC(156)   Evacuate Collection Set: 0,5ms
[21,029s][info][gc,phases   ] GC(156)   Post Evacuate Collection Set: 0,1ms
[21,029s][info][gc,phases   ] GC(156)   Other: 0,1ms
[21,029s][info][gc,heap     ] GC(156) Eden regions: 34->0(33)
[21,029s][info][gc,heap     ] GC(156) Survivor regions: 4->5(5)
[21,029s][info][gc,heap     ] GC(156) Old regions: 4->4
[21,029s][info][gc,heap     ] GC(156) Archive regions: 2->2
[21,029s][info][gc,heap     ] GC(156) Humongous regions: 0->0
[21,029s][info][gc,metaspace] GC(156) Metaspace: 117K(320K)->117K(320K) NonClass: 109K(192K)->109K(192K) Class: 8K(128K)->8K(128K)
[21,029s][info][gc          ] GC(156) Pause Young (Normal) (G1 Evacuation Pause) 42M->9M(64M) 0,790ms
[21,029s][info][gc,cpu      ] GC(156) User=0,00s Sys=0,00s Real=0,00s
[21,176s][info][gc,start    ] GC(157) Pause Young (Normal) (G1 Evacuation Pause)
[21,176s][info][gc,task     ] GC(157) Using 4 workers of 8 for evacuation
[21,177s][info][gc,phases   ] GC(157)   Pre Evacuate Collection Set: 0,0ms
[21,177s][info][gc,phases   ] GC(157)   Merge Heap Roots: 0,0ms
[21,177s][info][gc,phases   ] GC(157)   Evacuate Collection Set: 0,3ms
[21,177s][info][gc,phases   ] GC(157)   Post Evacuate Collection Set: 0,1ms
[21,177s][info][gc,phases   ] GC(157)   Other: 0,1ms
[21,177s][info][gc,heap     ] GC(157) Eden regions: 33->0(35)
[21,177s][info][gc,heap     ] GC(157) Survivor regions: 5->3(5)
[21,177s][info][gc,heap     ] GC(157) Old regions: 4->4
[21,177s][info][gc,heap     ] GC(157) Archive regions: 2->2
[21,177s][info][gc,heap     ] GC(157) Humongous regions: 0->0
[21,177s][info][gc,metaspace] GC(157) Metaspace: 117K(320K)->117K(320K) NonClass: 109K(192K)->109K(192K) Class: 8K(128K)->8K(128K)
[21,177s][info][gc          ] GC(157) Pause Young (Normal) (G1 Evacuation Pause) 41M->6M(64M) 0,753ms
[21,177s][info][gc,cpu      ] GC(157) User=0,00s Sys=0,00s Real=0,00s
[21,324s][info][gc,start    ] GC(158) Pause Young (Normal) (G1 Evacuation Pause)
[21,324s][info][gc,task     ] GC(158) Using 4 workers of 8 for evacuation
[21,324s][info][gc,phases   ] GC(158)   Pre Evacuate Collection Set: 0,0ms
[21,324s][info][gc,phases   ] GC(158)   Merge Heap Roots: 0,1ms
[21,324s][info][gc,phases   ] GC(158)   Evacuate Collection Set: 0,4ms
[21,324s][info][gc,phases   ] GC(158)   Post Evacuate Collection Set: 0,1ms
[21,324s][info][gc,phases   ] GC(158)   Other: 0,1ms
[21,325s][info][gc,heap     ] GC(158) Eden regions: 35->0(34)
[21,325s][info][gc,heap     ] GC(158) Survivor regions: 3->4(5)
[21,325s][info][gc,heap     ] GC(158) Old regions: 4->4
[21,325s][info][gc,heap     ] GC(158) Archive regions: 2->2
[21,325s][info][gc,heap     ] GC(158) Humongous regions: 0->0
[21,325s][info][gc,metaspace] GC(158) Metaspace: 117K(320K)->117K(320K) NonClass: 109K(192K)->109K(192K) Class: 8K(128K)->8K(128K)
[21,325s][info][gc          ] GC(158) Pause Young (Normal) (G1 Evacuation Pause) 41M->8M(64M) 0,739ms
[21,325s][info][gc,cpu      ] GC(158) User=0,00s Sys=0,00s Real=0,00s
[21,428s][info][gc,start    ] GC(159) Pause Young (Normal) (G1 Evacuation Pause)
[21,428s][info][gc,task     ] GC(159) Using 4 workers of 8 for evacuation
[21,428s][info][gc,phases   ] GC(159)   Pre Evacuate Collection Set: 0,0ms
[21,428s][info][gc,phases   ] GC(159)   Merge Heap Roots: 0,0ms
[21,428s][info][gc,phases   ] GC(159)   Evacuate Collection Set: 0,3ms
[21,428s][info][gc,phases   ] GC(159)   Post Evacuate Collection Set: 0,1ms
[21,428s][info][gc,phases   ] GC(159)   Other: 0,1ms
[21,428s][info][gc,heap     ] GC(159) Eden regions: 34->0(34)
[21,428s][info][gc,heap     ] GC(159) Survivor regions: 4->4(5)
[21,428s][info][gc,heap     ] GC(159) Old regions: 4->4
[21,428s][info][gc,heap     ] GC(159) Archive regions: 2->2
[21,428s][info][gc,heap     ] GC(159) Humongous regions: 0->0
[21,428s][info][gc,metaspace] GC(159) Metaspace: 117K(320K)->117K(320K) NonClass: 109K(192K)->109K(192K) Class: 8K(128K)->8K(128K)
[21,428s][info][gc          ] GC(159) Pause Young (Normal) (G1 Evacuation Pause) 42M->8M(64M) 0,647ms
[21,428s][info][gc,cpu      ] GC(159) User=0,00s Sys=0,00s Real=0,00s
[21,578s][info][gc,start    ] GC(160) Pause Young (Normal) (G1 Evacuation Pause)
[21,578s][info][gc,task     ] GC(160) Using 4 workers of 8 for evacuation
[21,579s][info][gc,phases   ] GC(160)   Pre Evacuate Collection Set: 0,0ms
[21,579s][info][gc,phases   ] GC(160)   Merge Heap Roots: 0,0ms
[21,579s][info][gc,phases   ] GC(160)   Evacuate Collection Set: 0,4ms
[21,579s][info][gc,phases   ] GC(160)   Post Evacuate Collection Set: 0,1ms
[21,579s][info][gc,phases   ] GC(160)   Other: 0,1ms
[21,579s][info][gc,heap     ] GC(160) Eden regions: 34->0(33)
[21,579s][info][gc,heap     ] GC(160) Survivor regions: 4->5(5)
[21,579s][info][gc,heap     ] GC(160) Old regions: 4->4
[21,579s][info][gc,heap     ] GC(160) Archive regions: 2->2
[21,579s][info][gc,heap     ] GC(160) Humongous regions: 0->0
[21,579s][info][gc,metaspace] GC(160) Metaspace: 117K(320K)->117K(320K) NonClass: 109K(192K)->109K(192K) Class: 8K(128K)->8K(128K)
[21,579s][info][gc          ] GC(160) Pause Young (Normal) (G1 Evacuation Pause) 42M->9M(64M) 0,783ms
[21,579s][info][gc,cpu      ] GC(160) User=0,00s Sys=0,00s Real=0,00s
[21,724s][info][gc,start    ] GC(161) Pause Young (Normal) (G1 Evacuation Pause)
[21,724s][info][gc,task     ] GC(161) Using 4 workers of 8 for evacuation
[21,725s][info][gc,phases   ] GC(161)   Pre Evacuate Collection Set: 0,0ms
[21,725s][info][gc,phases   ] GC(161)   Merge Heap Roots: 0,0ms
[21,725s][info][gc,phases   ] GC(161)   Evacuate Collection Set: 0,5ms
[21,725s][info][gc,phases   ] GC(161)   Post Evacuate Collection Set: 0,1ms
[21,725s][info][gc,phases   ] GC(161)   Other: 0,1ms
[21,725s][info][gc,heap     ] GC(161) Eden regions: 33->0(34)
[21,725s][info][gc,heap     ] GC(161) Survivor regions: 5->4(5)
[21,725s][info][gc,heap     ] GC(161) Old regions: 4->4
[21,725s][info][gc,heap     ] GC(161) Archive regions: 2->2
[21,725s][info][gc,heap     ] GC(161) Humongous regions: 0->0
[21,725s][info][gc,metaspace] GC(161) Metaspace: 117K(320K)->117K(320K) NonClass: 109K(192K)->109K(192K) Class: 8K(128K)->8K(128K)
[21,725s][info][gc          ] GC(161) Pause Young (Normal) (G1 Evacuation Pause) 42M->8M(64M) 0,842ms
[21,725s][info][gc,cpu      ] GC(161) User=0,01s Sys=0,01s Real=0,00s
[21,828s][info][gc,start    ] GC(162) Pause Young (Normal) (G1 Evacuation Pause)
[21,829s][info][gc,task     ] GC(162) Using 4 workers of 8 for evacuation
[21,829s][info][gc,phases   ] GC(162)   Pre Evacuate Collection Set: 0,0ms
[21,829s][info][gc,phases   ] GC(162)   Merge Heap Roots: 0,0ms
[21,829s][info][gc,phases   ] GC(162)   Evacuate Collection Set: 0,4ms
[21,829s][info][gc,phases   ] GC(162)   Post Evacuate Collection Set: 0,1ms
[21,829s][info][gc,phases   ] GC(162)   Other: 0,1ms
[21,829s][info][gc,heap     ] GC(162) Eden regions: 34->0(33)
[21,829s][info][gc,heap     ] GC(162) Survivor regions: 4->5(5)
[21,829s][info][gc,heap     ] GC(162) Old regions: 4->4
[21,829s][info][gc,heap     ] GC(162) Archive regions: 2->2
[21,829s][info][gc,heap     ] GC(162) Humongous regions: 0->0
[21,829s][info][gc,metaspace] GC(162) Metaspace: 117K(320K)->117K(320K) NonClass: 109K(192K)->109K(192K) Class: 8K(128K)->8K(128K)
[21,829s][info][gc          ] GC(162) Pause Young (Normal) (G1 Evacuation Pause) 42M->9M(64M) 0,718ms
[21,829s][info][gc,cpu      ] GC(162) User=0,00s Sys=0,00s Real=0,00s
[21,978s][info][gc,start    ] GC(163) Pause Young (Normal) (G1 Evacuation Pause)
[21,978s][info][gc,task     ] GC(163) Using 4 workers of 8 for evacuation
[21,978s][info][gc,phases   ] GC(163)   Pre Evacuate Collection Set: 0,0ms
[21,978s][info][gc,phases   ] GC(163)   Merge Heap Roots: 0,0ms
[21,978s][info][gc,phases   ] GC(163)   Evacuate Collection Set: 0,4ms
[21,978s][info][gc,phases   ] GC(163)   Post Evacuate Collection Set: 0,1ms
[21,978s][info][gc,phases   ] GC(163)   Other: 0,1ms
[21,978s][info][gc,heap     ] GC(163) Eden regions: 33->0(35)
[21,978s][info][gc,heap     ] GC(163) Survivor regions: 5->3(5)
[21,978s][info][gc,heap     ] GC(163) Old regions: 4->4
[21,978s][info][gc,heap     ] GC(163) Archive regions: 2->2
[21,978s][info][gc,heap     ] GC(163) Humongous regions: 0->0
[21,978s][info][gc,metaspace] GC(163) Metaspace: 117K(320K)->117K(320K) NonClass: 109K(192K)->109K(192K) Class: 8K(128K)->8K(128K)
[21,979s][info][gc          ] GC(163) Pause Young (Normal) (G1 Evacuation Pause) 41M->7M(64M) 0,899ms
[21,979s][info][gc,cpu      ] GC(163) User=0,00s Sys=0,00s Real=0,00s
[22,124s][info][gc,start    ] GC(164) Pause Young (Normal) (G1 Evacuation Pause)
[22,124s][info][gc,task     ] GC(164) Using 4 workers of 8 for evacuation
[22,124s][info][gc,phases   ] GC(164)   Pre Evacuate Collection Set: 0,0ms
[22,124s][info][gc,phases   ] GC(164)   Merge Heap Roots: 0,0ms
[22,124s][info][gc,phases   ] GC(164)   Evacuate Collection Set: 0,4ms
[22,124s][info][gc,phases   ] GC(164)   Post Evacuate Collection Set: 0,1ms
[22,124s][info][gc,phases   ] GC(164)   Other: 0,1ms
[22,124s][info][gc,heap     ] GC(164) Eden regions: 35->0(33)
[22,124s][info][gc,heap     ] GC(164) Survivor regions: 3->5(5)
[22,124s][info][gc,heap     ] GC(164) Old regions: 4->4
[22,124s][info][gc,heap     ] GC(164) Archive regions: 2->2
[22,124s][info][gc,heap     ] GC(164) Humongous regions: 0->0
[22,124s][info][gc,metaspace] GC(164) Metaspace: 117K(320K)->117K(320K) NonClass: 109K(192K)->109K(192K) Class: 8K(128K)->8K(128K)
[22,124s][info][gc          ] GC(164) Pause Young (Normal) (G1 Evacuation Pause) 42M->9M(64M) 0,683ms
[22,124s][info][gc,cpu      ] GC(164) User=0,01s Sys=0,00s Real=0,00s
[22,228s][info][gc,start    ] GC(165) Pause Young (Normal) (G1 Evacuation Pause)
[22,228s][info][gc,task     ] GC(165) Using 4 workers of 8 for evacuation
[22,229s][info][gc,phases   ] GC(165)   Pre Evacuate Collection Set: 0,0ms
[22,229s][info][gc,phases   ] GC(165)   Merge Heap Roots: 0,0ms
[22,229s][info][gc,phases   ] GC(165)   Evacuate Collection Set: 0,2ms
[22,229s][info][gc,phases   ] GC(165)   Post Evacuate Collection Set: 0,1ms
[22,229s][info][gc,phases   ] GC(165)   Other: 0,1ms
[22,229s][info][gc,heap     ] GC(165) Eden regions: 33->0(35)
[22,229s][info][gc,heap     ] GC(165) Survivor regions: 5->3(5)
[22,229s][info][gc,heap     ] GC(165) Old regions: 4->4
[22,229s][info][gc,heap     ] GC(165) Archive regions: 2->2
[22,229s][info][gc,heap     ] GC(165) Humongous regions: 0->0
[22,229s][info][gc,metaspace] GC(165) Metaspace: 117K(320K)->117K(320K) NonClass: 109K(192K)->109K(192K) Class: 8K(128K)->8K(128K)
[22,229s][info][gc          ] GC(165) Pause Young (Normal) (G1 Evacuation Pause) 42M->7M(64M) 0,589ms
[22,229s][info][gc,cpu      ] GC(165) User=0,00s Sys=0,00s Real=0,00s
[22,377s][info][gc,start    ] GC(166) Pause Young (Normal) (G1 Evacuation Pause)
[22,377s][info][gc,task     ] GC(166) Using 4 workers of 8 for evacuation
[22,377s][info][gc,phases   ] GC(166)   Pre Evacuate Collection Set: 0,0ms
[22,377s][info][gc,phases   ] GC(166)   Merge Heap Roots: 0,0ms
[22,377s][info][gc,phases   ] GC(166)   Evacuate Collection Set: 0,3ms
[22,377s][info][gc,phases   ] GC(166)   Post Evacuate Collection Set: 0,1ms
[22,377s][info][gc,phases   ] GC(166)   Other: 0,1ms
[22,377s][info][gc,heap     ] GC(166) Eden regions: 35->0(34)
[22,377s][info][gc,heap     ] GC(166) Survivor regions: 3->4(5)
[22,377s][info][gc,heap     ] GC(166) Old regions: 4->4
[22,377s][info][gc,heap     ] GC(166) Archive regions: 2->2
[22,377s][info][gc,heap     ] GC(166) Humongous regions: 0->0
[22,377s][info][gc,metaspace] GC(166) Metaspace: 117K(320K)->117K(320K) NonClass: 109K(192K)->109K(192K) Class: 8K(128K)->8K(128K)
[22,378s][info][gc          ] GC(166) Pause Young (Normal) (G1 Evacuation Pause) 42M->8M(64M) 0,692ms
[22,378s][info][gc,cpu      ] GC(166) User=0,00s Sys=0,00s Real=0,00s
[22,526s][info][gc,start    ] GC(167) Pause Young (Normal) (G1 Evacuation Pause)
[22,527s][info][gc,task     ] GC(167) Using 4 workers of 8 for evacuation
[22,527s][info][gc,phases   ] GC(167)   Pre Evacuate Collection Set: 0,0ms
[22,527s][info][gc,phases   ] GC(167)   Merge Heap Roots: 0,0ms
[22,527s][info][gc,phases   ] GC(167)   Evacuate Collection Set: 0,5ms
[22,527s][info][gc,phases   ] GC(167)   Post Evacuate Collection Set: 0,1ms
[22,527s][info][gc,phases   ] GC(167)   Other: 0,1ms
[22,527s][info][gc,heap     ] GC(167) Eden regions: 34->0(33)
[22,527s][info][gc,heap     ] GC(167) Survivor regions: 4->5(5)
[22,527s][info][gc,heap     ] GC(167) Old regions: 4->4
[22,527s][info][gc,heap     ] GC(167) Archive regions: 2->2
[22,527s][info][gc,heap     ] GC(167) Humongous regions: 0->0
[22,527s][info][gc,metaspace] GC(167) Metaspace: 117K(320K)->117K(320K) NonClass: 109K(192K)->109K(192K) Class: 8K(128K)->8K(128K)
[22,527s][info][gc          ] GC(167) Pause Young (Normal) (G1 Evacuation Pause) 42M->9M(64M) 0,895ms
[22,527s][info][gc,cpu      ] GC(167) User=0,01s Sys=0,00s Real=0,00s
[22,629s][info][gc,start    ] GC(168) Pause Young (Normal) (G1 Evacuation Pause)
[22,629s][info][gc,task     ] GC(168) Using 4 workers of 8 for evacuation
[22,630s][info][gc,phases   ] GC(168)   Pre Evacuate Collection Set: 0,0ms
[22,630s][info][gc,phases   ] GC(168)   Merge Heap Roots: 0,0ms
[22,630s][info][gc,phases   ] GC(168)   Evacuate Collection Set: 0,4ms
[22,630s][info][gc,phases   ] GC(168)   Post Evacuate Collection Set: 0,1ms
[22,630s][info][gc,phases   ] GC(168)   Other: 0,1ms
[22,630s][info][gc,heap     ] GC(168) Eden regions: 33->0(33)
[22,630s][info][gc,heap     ] GC(168) Survivor regions: 5->5(5)
[22,630s][info][gc,heap     ] GC(168) Old regions: 4->4
[22,630s][info][gc,heap     ] GC(168) Archive regions: 2->2
[22,630s][info][gc,heap     ] GC(168) Humongous regions: 0->0
[22,630s][info][gc,metaspace] GC(168) Metaspace: 117K(320K)->117K(320K) NonClass: 109K(192K)->109K(192K) Class: 8K(128K)->8K(128K)
[22,630s][info][gc          ] GC(168) Pause Young (Normal) (G1 Evacuation Pause) 42M->9M(64M) 0,836ms
[22,630s][info][gc,cpu      ] GC(168) User=0,00s Sys=0,00s Real=0,00s
[22,775s][info][gc,start    ] GC(169) Pause Young (Normal) (G1 Evacuation Pause)
[22,775s][info][gc,task     ] GC(169) Using 4 workers of 8 for evacuation
[22,776s][info][gc,phases   ] GC(169)   Pre Evacuate Collection Set: 0,0ms
[22,776s][info][gc,phases   ] GC(169)   Merge Heap Roots: 0,0ms
[22,776s][info][gc,phases   ] GC(169)   Evacuate Collection Set: 0,2ms
[22,776s][info][gc,phases   ] GC(169)   Post Evacuate Collection Set: 0,1ms
[22,776s][info][gc,phases   ] GC(169)   Other: 0,2ms
[22,776s][info][gc,heap     ] GC(169) Eden regions: 33->0(35)
[22,776s][info][gc,heap     ] GC(169) Survivor regions: 5->3(5)
[22,776s][info][gc,heap     ] GC(169) Old regions: 4->4
[22,776s][info][gc,heap     ] GC(169) Archive regions: 2->2
[22,776s][info][gc,heap     ] GC(169) Humongous regions: 0->0
[22,776s][info][gc,metaspace] GC(169) Metaspace: 117K(320K)->117K(320K) NonClass: 109K(192K)->109K(192K) Class: 8K(128K)->8K(128K)
[22,776s][info][gc          ] GC(169) Pause Young (Normal) (G1 Evacuation Pause) 42M->7M(64M) 0,668ms
[22,776s][info][gc,cpu      ] GC(169) User=0,00s Sys=0,00s Real=0,00s
[22,929s][info][gc,start    ] GC(170) Pause Young (Normal) (G1 Evacuation Pause)
[22,929s][info][gc,task     ] GC(170) Using 4 workers of 8 for evacuation
[22,929s][info][gc,phases   ] GC(170)   Pre Evacuate Collection Set: 0,0ms
[22,929s][info][gc,phases   ] GC(170)   Merge Heap Roots: 0,0ms
[22,929s][info][gc,phases   ] GC(170)   Evacuate Collection Set: 0,4ms
[22,929s][info][gc,phases   ] GC(170)   Post Evacuate Collection Set: 0,1ms
[22,929s][info][gc,phases   ] GC(170)   Other: 0,1ms
[22,929s][info][gc,heap     ] GC(170) Eden regions: 35->0(34)
[22,929s][info][gc,heap     ] GC(170) Survivor regions: 3->4(5)
[22,929s][info][gc,heap     ] GC(170) Old regions: 4->4
[22,929s][info][gc,heap     ] GC(170) Archive regions: 2->2
[22,929s][info][gc,heap     ] GC(170) Humongous regions: 0->0
[22,929s][info][gc,metaspace] GC(170) Metaspace: 117K(320K)->117K(320K) NonClass: 109K(192K)->109K(192K) Class: 8K(128K)->8K(128K)
[22,929s][info][gc          ] GC(170) Pause Young (Normal) (G1 Evacuation Pause) 42M->8M(64M) 0,823ms
[22,929s][info][gc,cpu      ] GC(170) User=0,00s Sys=0,00s Real=0,00s
[23,027s][info][gc,start    ] GC(171) Pause Young (Normal) (G1 Evacuation Pause)
[23,027s][info][gc,task     ] GC(171) Using 4 workers of 8 for evacuation
[23,027s][info][gc,phases   ] GC(171)   Pre Evacuate Collection Set: 0,0ms
[23,027s][info][gc,phases   ] GC(171)   Merge Heap Roots: 0,0ms
[23,027s][info][gc,phases   ] GC(171)   Evacuate Collection Set: 0,3ms
[23,027s][info][gc,phases   ] GC(171)   Post Evacuate Collection Set: 0,1ms
[23,027s][info][gc,phases   ] GC(171)   Other: 0,1ms
[23,027s][info][gc,heap     ] GC(171) Eden regions: 34->0(33)
[23,027s][info][gc,heap     ] GC(171) Survivor regions: 4->5(5)
[23,028s][info][gc,heap     ] GC(171) Old regions: 4->4
[23,028s][info][gc,heap     ] GC(171) Archive regions: 2->2
[23,028s][info][gc,heap     ] GC(171) Humongous regions: 0->0
[23,028s][info][gc,metaspace] GC(171) Metaspace: 117K(320K)->117K(320K) NonClass: 109K(192K)->109K(192K) Class: 8K(128K)->8K(128K)
[23,028s][info][gc          ] GC(171) Pause Young (Normal) (G1 Evacuation Pause) 42M->9M(64M) 0,697ms
[23,028s][info][gc,cpu      ] GC(171) User=0,00s Sys=0,00s Real=0,00s
[23,176s][info][gc,start    ] GC(172) Pause Young (Normal) (G1 Evacuation Pause)
[23,176s][info][gc,task     ] GC(172) Using 4 workers of 8 for evacuation
[23,176s][info][gc,phases   ] GC(172)   Pre Evacuate Collection Set: 0,0ms
[23,176s][info][gc,phases   ] GC(172)   Merge Heap Roots: 0,0ms
[23,176s][info][gc,phases   ] GC(172)   Evacuate Collection Set: 0,2ms
[23,176s][info][gc,phases   ] GC(172)   Post Evacuate Collection Set: 0,1ms
[23,176s][info][gc,phases   ] GC(172)   Other: 0,1ms
[23,176s][info][gc,heap     ] GC(172) Eden regions: 33->0(35)
[23,176s][info][gc,heap     ] GC(172) Survivor regions: 5->3(5)
[23,176s][info][gc,heap     ] GC(172) Old regions: 4->4
[23,176s][info][gc,heap     ] GC(172) Archive regions: 2->2
[23,176s][info][gc,heap     ] GC(172) Humongous regions: 0->0
[23,176s][info][gc,metaspace] GC(172) Metaspace: 117K(320K)->117K(320K) NonClass: 109K(192K)->109K(192K) Class: 8K(128K)->8K(128K)
[23,177s][info][gc          ] GC(172) Pause Young (Normal) (G1 Evacuation Pause) 42M->7M(64M) 0,525ms
[23,177s][info][gc,cpu      ] GC(172) User=0,00s Sys=0,00s Real=0,00s
[23,326s][info][gc,start    ] GC(173) Pause Young (Normal) (G1 Evacuation Pause)
[23,326s][info][gc,task     ] GC(173) Using 4 workers of 8 for evacuation
[23,327s][info][gc,phases   ] GC(173)   Pre Evacuate Collection Set: 0,0ms
[23,327s][info][gc,phases   ] GC(173)   Merge Heap Roots: 0,0ms
[23,327s][info][gc,phases   ] GC(173)   Evacuate Collection Set: 0,4ms
[23,327s][info][gc,phases   ] GC(173)   Post Evacuate Collection Set: 0,1ms
[23,327s][info][gc,phases   ] GC(173)   Other: 0,1ms
[23,327s][info][gc,heap     ] GC(173) Eden regions: 35->0(33)
[23,327s][info][gc,heap     ] GC(173) Survivor regions: 3->5(5)
[23,327s][info][gc,heap     ] GC(173) Old regions: 4->4
[23,327s][info][gc,heap     ] GC(173) Archive regions: 2->2
[23,327s][info][gc,heap     ] GC(173) Humongous regions: 0->0
[23,327s][info][gc,metaspace] GC(173) Metaspace: 117K(320K)->117K(320K) NonClass: 109K(192K)->109K(192K) Class: 8K(128K)->8K(128K)
[23,327s][info][gc          ] GC(173) Pause Young (Normal) (G1 Evacuation Pause) 42M->9M(64M) 0,684ms
[23,327s][info][gc,cpu      ] GC(173) User=0,01s Sys=0,00s Real=0,00s
[23,428s][info][gc,start    ] GC(174) Pause Young (Normal) (G1 Evacuation Pause)
[23,428s][info][gc,task     ] GC(174) Using 4 workers of 8 for evacuation
[23,429s][info][gc,phases   ] GC(174)   Pre Evacuate Collection Set: 0,0ms
[23,429s][info][gc,phases   ] GC(174)   Merge Heap Roots: 0,0ms
[23,429s][info][gc,phases   ] GC(174)   Evacuate Collection Set: 0,3ms
[23,429s][info][gc,phases   ] GC(174)   Post Evacuate Collection Set: 0,1ms
[23,429s][info][gc,phases   ] GC(174)   Other: 0,2ms
[23,429s][info][gc,heap     ] GC(174) Eden regions: 33->0(34)
[23,429s][info][gc,heap     ] GC(174) Survivor regions: 5->4(5)
[23,429s][info][gc,heap     ] GC(174) Old regions: 4->4
[23,429s][info][gc,heap     ] GC(174) Archive regions: 2->2
[23,429s][info][gc,heap     ] GC(174) Humongous regions: 0->0
[23,429s][info][gc,metaspace] GC(174) Metaspace: 117K(320K)->117K(320K) NonClass: 109K(192K)->109K(192K) Class: 8K(128K)->8K(128K)
[23,429s][info][gc          ] GC(174) Pause Young (Normal) (G1 Evacuation Pause) 42M->7M(64M) 0,766ms
[23,429s][info][gc,cpu      ] GC(174) User=0,00s Sys=0,00s Real=0,00s
[23,577s][info][gc,start    ] GC(175) Pause Young (Normal) (G1 Evacuation Pause)
[23,577s][info][gc,task     ] GC(175) Using 4 workers of 8 for evacuation
[23,578s][info][gc,phases   ] GC(175)   Pre Evacuate Collection Set: 0,0ms
[23,578s][info][gc,phases   ] GC(175)   Merge Heap Roots: 0,0ms
[23,578s][info][gc,phases   ] GC(175)   Evacuate Collection Set: 0,5ms
[23,578s][info][gc,phases   ] GC(175)   Post Evacuate Collection Set: 0,1ms
[23,578s][info][gc,phases   ] GC(175)   Other: 0,1ms
[23,578s][info][gc,heap     ] GC(175) Eden regions: 34->0(33)
[23,578s][info][gc,heap     ] GC(175) Survivor regions: 4->5(5)
[23,578s][info][gc,heap     ] GC(175) Old regions: 4->4
[23,578s][info][gc,heap     ] GC(175) Archive regions: 2->2
[23,578s][info][gc,heap     ] GC(175) Humongous regions: 0->0
[23,578s][info][gc,metaspace] GC(175) Metaspace: 117K(320K)->117K(320K) NonClass: 109K(192K)->109K(192K) Class: 8K(128K)->8K(128K)
[23,578s][info][gc          ] GC(175) Pause Young (Normal) (G1 Evacuation Pause) 41M->8M(64M) 0,926ms
[23,578s][info][gc,cpu      ] GC(175) User=0,00s Sys=0,00s Real=0,00s
[23,727s][info][gc,start    ] GC(176) Pause Young (Normal) (G1 Evacuation Pause)
[23,727s][info][gc,task     ] GC(176) Using 4 workers of 8 for evacuation
[23,728s][info][gc,phases   ] GC(176)   Pre Evacuate Collection Set: 0,0ms
[23,728s][info][gc,phases   ] GC(176)   Merge Heap Roots: 0,0ms
[23,728s][info][gc,phases   ] GC(176)   Evacuate Collection Set: 0,3ms
[23,728s][info][gc,phases   ] GC(176)   Post Evacuate Collection Set: 0,1ms
[23,728s][info][gc,phases   ] GC(176)   Other: 0,2ms
[23,728s][info][gc,heap     ] GC(176) Eden regions: 33->0(35)
[23,728s][info][gc,heap     ] GC(176) Survivor regions: 5->3(5)
[23,728s][info][gc,heap     ] GC(176) Old regions: 4->4
[23,728s][info][gc,heap     ] GC(176) Archive regions: 2->2
[23,728s][info][gc,heap     ] GC(176) Humongous regions: 0->0
[23,728s][info][gc,metaspace] GC(176) Metaspace: 117K(320K)->117K(320K) NonClass: 109K(192K)->109K(192K) Class: 8K(128K)->8K(128K)
[23,728s][info][gc          ] GC(176) Pause Young (Normal) (G1 Evacuation Pause) 41M->7M(64M) 0,891ms
[23,728s][info][gc,cpu      ] GC(176) User=0,00s Sys=0,00s Real=0,00s
[23,828s][info][gc,start    ] GC(177) Pause Young (Normal) (G1 Evacuation Pause)
[23,828s][info][gc,task     ] GC(177) Using 4 workers of 8 for evacuation
[23,829s][info][gc,phases   ] GC(177)   Pre Evacuate Collection Set: 0,0ms
[23,829s][info][gc,phases   ] GC(177)   Merge Heap Roots: 0,0ms
[23,829s][info][gc,phases   ] GC(177)   Evacuate Collection Set: 0,4ms
[23,829s][info][gc,phases   ] GC(177)   Post Evacuate Collection Set: 0,1ms
[23,829s][info][gc,phases   ] GC(177)   Other: 0,1ms
[23,829s][info][gc,heap     ] GC(177) Eden regions: 35->0(33)
[23,829s][info][gc,heap     ] GC(177) Survivor regions: 3->5(5)
[23,829s][info][gc,heap     ] GC(177) Old regions: 4->4
[23,829s][info][gc,heap     ] GC(177) Archive regions: 2->2
[23,829s][info][gc,heap     ] GC(177) Humongous regions: 0->0
[23,829s][info][gc,metaspace] GC(177) Metaspace: 117K(320K)->117K(320K) NonClass: 109K(192K)->109K(192K) Class: 8K(128K)->8K(128K)
[23,829s][info][gc          ] GC(177) Pause Young (Normal) (G1 Evacuation Pause) 42M->9M(64M) 0,733ms
[23,829s][info][gc,cpu      ] GC(177) User=0,00s Sys=0,00s Real=0,00s
[23,978s][info][gc,start    ] GC(178) Pause Young (Normal) (G1 Evacuation Pause)
[23,978s][info][gc,task     ] GC(178) Using 4 workers of 8 for evacuation
[23,978s][info][gc,phases   ] GC(178)   Pre Evacuate Collection Set: 0,0ms
[23,978s][info][gc,phases   ] GC(178)   Merge Heap Roots: 0,0ms
[23,978s][info][gc,phases   ] GC(178)   Evacuate Collection Set: 0,4ms
[23,978s][info][gc,phases   ] GC(178)   Post Evacuate Collection Set: 0,1ms
[23,978s][info][gc,phases   ] GC(178)   Other: 0,1ms
[23,978s][info][gc,heap     ] GC(178) Eden regions: 33->0(34)
[23,978s][info][gc,heap     ] GC(178) Survivor regions: 5->4(5)
[23,978s][info][gc,heap     ] GC(178) Old regions: 4->4
[23,978s][info][gc,heap     ] GC(178) Archive regions: 2->2
[23,978s][info][gc,heap     ] GC(178) Humongous regions: 0->0
[23,978s][info][gc,metaspace] GC(178) Metaspace: 117K(320K)->117K(320K) NonClass: 109K(192K)->109K(192K) Class: 8K(128K)->8K(128K)
[23,978s][info][gc          ] GC(178) Pause Young (Normal) (G1 Evacuation Pause) 42M->8M(64M) 0,793ms
[23,978s][info][gc,cpu      ] GC(178) User=0,00s Sys=0,01s Real=0,00s
[24,128s][info][gc,start    ] GC(179) Pause Young (Normal) (G1 Evacuation Pause)
[24,128s][info][gc,task     ] GC(179) Using 4 workers of 8 for evacuation
[24,128s][info][gc,phases   ] GC(179)   Pre Evacuate Collection Set: 0,0ms
[24,128s][info][gc,phases   ] GC(179)   Merge Heap Roots: 0,0ms
[24,128s][info][gc,phases   ] GC(179)   Evacuate Collection Set: 0,3ms
[24,128s][info][gc,phases   ] GC(179)   Post Evacuate Collection Set: 0,1ms
[24,128s][info][gc,phases   ] GC(179)   Other: 0,1ms
[24,128s][info][gc,heap     ] GC(179) Eden regions: 34->0(33)
[24,128s][info][gc,heap     ] GC(179) Survivor regions: 4->5(5)
[24,128s][info][gc,heap     ] GC(179) Old regions: 4->4
[24,128s][info][gc,heap     ] GC(179) Archive regions: 2->2
[24,128s][info][gc,heap     ] GC(179) Humongous regions: 0->0
[24,128s][info][gc,metaspace] GC(179) Metaspace: 117K(320K)->117K(320K) NonClass: 109K(192K)->109K(192K) Class: 8K(128K)->8K(128K)
[24,128s][info][gc          ] GC(179) Pause Young (Normal) (G1 Evacuation Pause) 42M->9M(64M) 0,744ms
[24,128s][info][gc,cpu      ] GC(179) User=0,00s Sys=0,00s Real=0,00s
[24,228s][info][gc,start    ] GC(180) Pause Young (Normal) (G1 Evacuation Pause)
[24,229s][info][gc,task     ] GC(180) Using 4 workers of 8 for evacuation
[24,229s][info][gc,phases   ] GC(180)   Pre Evacuate Collection Set: 0,0ms
[24,229s][info][gc,phases   ] GC(180)   Merge Heap Roots: 0,0ms
[24,229s][info][gc,phases   ] GC(180)   Evacuate Collection Set: 0,2ms
[24,229s][info][gc,phases   ] GC(180)   Post Evacuate Collection Set: 0,1ms
[24,229s][info][gc,phases   ] GC(180)   Other: 0,2ms
[24,229s][info][gc,heap     ] GC(180) Eden regions: 33->0(35)
[24,229s][info][gc,heap     ] GC(180) Survivor regions: 5->3(5)
[24,229s][info][gc,heap     ] GC(180) Old regions: 4->4
[24,229s][info][gc,heap     ] GC(180) Archive regions: 2->2
[24,229s][info][gc,heap     ] GC(180) Humongous regions: 0->0
[24,229s][info][gc,metaspace] GC(180) Metaspace: 117K(320K)->117K(320K) NonClass: 109K(192K)->109K(192K) Class: 8K(128K)->8K(128K)
[24,229s][info][gc          ] GC(180) Pause Young (Normal) (G1 Evacuation Pause) 42M->7M(64M) 0,608ms
[24,229s][info][gc,cpu      ] GC(180) User=0,00s Sys=0,00s Real=0,00s
[24,377s][info][gc,start    ] GC(181) Pause Young (Normal) (G1 Evacuation Pause)
[24,377s][info][gc,task     ] GC(181) Using 4 workers of 8 for evacuation
[24,378s][info][gc,phases   ] GC(181)   Pre Evacuate Collection Set: 0,0ms
[24,378s][info][gc,phases   ] GC(181)   Merge Heap Roots: 0,0ms
[24,378s][info][gc,phases   ] GC(181)   Evacuate Collection Set: 0,3ms
[24,378s][info][gc,phases   ] GC(181)   Post Evacuate Collection Set: 0,1ms
[24,378s][info][gc,phases   ] GC(181)   Other: 0,1ms
[24,378s][info][gc,heap     ] GC(181) Eden regions: 35->0(34)
[24,378s][info][gc,heap     ] GC(181) Survivor regions: 3->4(5)
[24,378s][info][gc,heap     ] GC(181) Old regions: 4->4
[24,378s][info][gc,heap     ] GC(181) Archive regions: 2->2
[24,378s][info][gc,heap     ] GC(181) Humongous regions: 0->0
[24,378s][info][gc,metaspace] GC(181) Metaspace: 117K(320K)->117K(320K) NonClass: 109K(192K)->109K(192K) Class: 8K(128K)->8K(128K)
[24,378s][info][gc          ] GC(181) Pause Young (Normal) (G1 Evacuation Pause) 42M->8M(64M) 0,647ms
[24,378s][info][gc,cpu      ] GC(181) User=0,00s Sys=0,00s Real=0,00s
[24,528s][info][gc,start    ] GC(182) Pause Young (Normal) (G1 Evacuation Pause)
[24,528s][info][gc,task     ] GC(182) Using 4 workers of 8 for evacuation
[24,528s][info][gc,phases   ] GC(182)   Pre Evacuate Collection Set: 0,0ms
[24,528s][info][gc,phases   ] GC(182)   Merge Heap Roots: 0,0ms
[24,528s][info][gc,phases   ] GC(182)   Evacuate Collection Set: 0,3ms
[24,528s][info][gc,phases   ] GC(182)   Post Evacuate Collection Set: 0,1ms
[24,528s][info][gc,phases   ] GC(182)   Other: 0,1ms
[24,528s][info][gc,heap     ] GC(182) Eden regions: 34->0(33)
[24,528s][info][gc,heap     ] GC(182) Survivor regions: 4->5(5)
[24,528s][info][gc,heap     ] GC(182) Old regions: 4->4
[24,528s][info][gc,heap     ] GC(182) Archive regions: 2->2
[24,528s][info][gc,heap     ] GC(182) Humongous regions: 0->0
[24,528s][info][gc,metaspace] GC(182) Metaspace: 117K(320K)->117K(320K) NonClass: 109K(192K)->109K(192K) Class: 8K(128K)->8K(128K)
[24,528s][info][gc          ] GC(182) Pause Young (Normal) (G1 Evacuation Pause) 42M->8M(64M) 0,816ms
[24,528s][info][gc,cpu      ] GC(182) User=0,00s Sys=0,00s Real=0,00s
[24,628s][info][gc,start    ] GC(183) Pause Young (Normal) (G1 Evacuation Pause)
[24,628s][info][gc,task     ] GC(183) Using 4 workers of 8 for evacuation
[24,629s][info][gc,phases   ] GC(183)   Pre Evacuate Collection Set: 0,1ms
[24,629s][info][gc,phases   ] GC(183)   Merge Heap Roots: 0,0ms
[24,629s][info][gc,phases   ] GC(183)   Evacuate Collection Set: 0,3ms
[24,629s][info][gc,phases   ] GC(183)   Post Evacuate Collection Set: 0,1ms
[24,629s][info][gc,phases   ] GC(183)   Other: 0,2ms
[24,629s][info][gc,heap     ] GC(183) Eden regions: 33->0(34)
[24,629s][info][gc,heap     ] GC(183) Survivor regions: 5->4(5)
[24,629s][info][gc,heap     ] GC(183) Old regions: 4->4
[24,629s][info][gc,heap     ] GC(183) Archive regions: 2->2
[24,629s][info][gc,heap     ] GC(183) Humongous regions: 0->0
[24,629s][info][gc,metaspace] GC(183) Metaspace: 117K(320K)->117K(320K) NonClass: 109K(192K)->109K(192K) Class: 8K(128K)->8K(128K)
[24,629s][info][gc          ] GC(183) Pause Young (Normal) (G1 Evacuation Pause) 41M->8M(64M) 0,801ms
[24,629s][info][gc,cpu      ] GC(183) User=0,00s Sys=0,00s Real=0,00s
[24,778s][info][gc,start    ] GC(184) Pause Young (Normal) (G1 Evacuation Pause)
[24,778s][info][gc,task     ] GC(184) Using 4 workers of 8 for evacuation
[24,779s][info][gc,phases   ] GC(184)   Pre Evacuate Collection Set: 0,0ms
[24,779s][info][gc,phases   ] GC(184)   Merge Heap Roots: 0,0ms
[24,779s][info][gc,phases   ] GC(184)   Evacuate Collection Set: 0,4ms
[24,779s][info][gc,phases   ] GC(184)   Post Evacuate Collection Set: 0,1ms
[24,779s][info][gc,phases   ] GC(184)   Other: 0,1ms
[24,779s][info][gc,heap     ] GC(184) Eden regions: 34->0(34)
[24,779s][info][gc,heap     ] GC(184) Survivor regions: 4->4(5)
[24,779s][info][gc,heap     ] GC(184) Old regions: 4->4
[24,779s][info][gc,heap     ] GC(184) Archive regions: 2->2
[24,779s][info][gc,heap     ] GC(184) Humongous regions: 0->0
[24,779s][info][gc,metaspace] GC(184) Metaspace: 117K(320K)->117K(320K) NonClass: 109K(192K)->109K(192K) Class: 8K(128K)->8K(128K)
[24,779s][info][gc          ] GC(184) Pause Young (Normal) (G1 Evacuation Pause) 42M->8M(64M) 0,801ms
[24,779s][info][gc,cpu      ] GC(184) User=0,00s Sys=0,00s Real=0,00s
[24,927s][info][gc,start    ] GC(185) Pause Young (Normal) (G1 Evacuation Pause)
[24,927s][info][gc,task     ] GC(185) Using 4 workers of 8 for evacuation
[24,927s][info][gc,phases   ] GC(185)   Pre Evacuate Collection Set: 0,0ms
[24,927s][info][gc,phases   ] GC(185)   Merge Heap Roots: 0,0ms
[24,927s][info][gc,phases   ] GC(185)   Evacuate Collection Set: 0,4ms
[24,927s][info][gc,phases   ] GC(185)   Post Evacuate Collection Set: 0,1ms
[24,928s][info][gc,phases   ] GC(185)   Other: 0,1ms
[24,928s][info][gc,heap     ] GC(185) Eden regions: 34->0(35)
[24,928s][info][gc,heap     ] GC(185) Survivor regions: 4->3(5)
[24,928s][info][gc,heap     ] GC(185) Old regions: 4->4
[24,928s][info][gc,heap     ] GC(185) Archive regions: 2->2
[24,928s][info][gc,heap     ] GC(185) Humongous regions: 0->0
[24,928s][info][gc,metaspace] GC(185) Metaspace: 117K(320K)->117K(320K) NonClass: 109K(192K)->109K(192K) Class: 8K(128K)->8K(128K)
[24,928s][info][gc          ] GC(185) Pause Young (Normal) (G1 Evacuation Pause) 42M->7M(64M) 0,811ms
[24,928s][info][gc,cpu      ] GC(185) User=0,00s Sys=0,00s Real=0,00s
[25,028s][info][gc,start    ] GC(186) Pause Young (Normal) (G1 Evacuation Pause)
[25,028s][info][gc,task     ] GC(186) Using 4 workers of 8 for evacuation
[25,029s][info][gc,phases   ] GC(186)   Pre Evacuate Collection Set: 0,0ms
[25,029s][info][gc,phases   ] GC(186)   Merge Heap Roots: 0,0ms
[25,029s][info][gc,phases   ] GC(186)   Evacuate Collection Set: 0,5ms
[25,029s][info][gc,phases   ] GC(186)   Post Evacuate Collection Set: 0,1ms
[25,029s][info][gc,phases   ] GC(186)   Other: 0,1ms
[25,029s][info][gc,heap     ] GC(186) Eden regions: 35->0(33)
[25,029s][info][gc,heap     ] GC(186) Survivor regions: 3->5(5)
[25,029s][info][gc,heap     ] GC(186) Old regions: 4->4
[25,029s][info][gc,heap     ] GC(186) Archive regions: 2->2
[25,029s][info][gc,heap     ] GC(186) Humongous regions: 0->0
[25,029s][info][gc,metaspace] GC(186) Metaspace: 117K(320K)->117K(320K) NonClass: 109K(192K)->109K(192K) Class: 8K(128K)->8K(128K)
[25,029s][info][gc          ] GC(186) Pause Young (Normal) (G1 Evacuation Pause) 42M->9M(64M) 0,826ms
[25,029s][info][gc,cpu      ] GC(186) User=0,00s Sys=0,00s Real=0,00s
[25,177s][info][gc,start    ] GC(187) Pause Young (Normal) (G1 Evacuation Pause)
[25,177s][info][gc,task     ] GC(187) Using 4 workers of 8 for evacuation
[25,178s][info][gc,phases   ] GC(187)   Pre Evacuate Collection Set: 0,0ms
[25,178s][info][gc,phases   ] GC(187)   Merge Heap Roots: 0,0ms
[25,178s][info][gc,phases   ] GC(187)   Evacuate Collection Set: 0,2ms
[25,178s][info][gc,phases   ] GC(187)   Post Evacuate Collection Set: 0,1ms
[25,178s][info][gc,phases   ] GC(187)   Other: 0,1ms
[25,178s][info][gc,heap     ] GC(187) Eden regions: 33->0(35)
[25,178s][info][gc,heap     ] GC(187) Survivor regions: 5->3(5)
[25,178s][info][gc,heap     ] GC(187) Old regions: 4->4
[25,178s][info][gc,heap     ] GC(187) Archive regions: 2->2
[25,178s][info][gc,heap     ] GC(187) Humongous regions: 0->0
[25,178s][info][gc,metaspace] GC(187) Metaspace: 117K(320K)->117K(320K) NonClass: 109K(192K)->109K(192K) Class: 8K(128K)->8K(128K)
[25,178s][info][gc          ] GC(187) Pause Young (Normal) (G1 Evacuation Pause) 42M->7M(64M) 0,566ms
[25,178s][info][gc,cpu      ] GC(187) User=0,00s Sys=0,00s Real=0,00s
[25,328s][info][gc,start    ] GC(188) Pause Young (Normal) (G1 Evacuation Pause)
[25,328s][info][gc,task     ] GC(188) Using 4 workers of 8 for evacuation
[25,328s][info][gc,phases   ] GC(188)   Pre Evacuate Collection Set: 0,0ms
[25,329s][info][gc,phases   ] GC(188)   Merge Heap Roots: 0,0ms
[25,329s][info][gc,phases   ] GC(188)   Evacuate Collection Set: 0,6ms
[25,329s][info][gc,phases   ] GC(188)   Post Evacuate Collection Set: 0,1ms
[25,329s][info][gc,phases   ] GC(188)   Other: 0,1ms
[25,329s][info][gc,heap     ] GC(188) Eden regions: 35->0(33)
[25,329s][info][gc,heap     ] GC(188) Survivor regions: 3->5(5)
[25,329s][info][gc,heap     ] GC(188) Old regions: 4->5
[25,329s][info][gc,heap     ] GC(188) Archive regions: 2->2
[25,329s][info][gc,heap     ] GC(188) Humongous regions: 0->0
[25,329s][info][gc,metaspace] GC(188) Metaspace: 117K(320K)->117K(320K) NonClass: 109K(192K)->109K(192K) Class: 8K(128K)->8K(128K)
[25,329s][info][gc          ] GC(188) Pause Young (Normal) (G1 Evacuation Pause) 42M->9M(64M) 1,005ms
[25,329s][info][gc,cpu      ] GC(188) User=0,00s Sys=0,00s Real=0,00s
[25,428s][info][gc,start    ] GC(189) Pause Young (Normal) (G1 Evacuation Pause)
[25,428s][info][gc,task     ] GC(189) Using 4 workers of 8 for evacuation
[25,428s][info][gc,phases   ] GC(189)   Pre Evacuate Collection Set: 0,1ms
[25,428s][info][gc,phases   ] GC(189)   Merge Heap Roots: 0,0ms
[25,428s][info][gc,phases   ] GC(189)   Evacuate Collection Set: 0,4ms
[25,428s][info][gc,phases   ] GC(189)   Post Evacuate Collection Set: 0,1ms
[25,428s][info][gc,phases   ] GC(189)   Other: 0,1ms
[25,428s][info][gc,heap     ] GC(189) Eden regions: 33->0(34)
[25,428s][info][gc,heap     ] GC(189) Survivor regions: 5->4(5)
[25,428s][info][gc,heap     ] GC(189) Old regions: 5->5
[25,428s][info][gc,heap     ] GC(189) Archive regions: 2->2
[25,428s][info][gc,heap     ] GC(189) Humongous regions: 0->0
[25,428s][info][gc,metaspace] GC(189) Metaspace: 117K(320K)->117K(320K) NonClass: 109K(192K)->109K(192K) Class: 8K(128K)->8K(128K)
[25,429s][info][gc          ] GC(189) Pause Young (Normal) (G1 Evacuation Pause) 42M->8M(64M) 0,864ms
[25,429s][info][gc,cpu      ] GC(189) User=0,00s Sys=0,00s Real=0,00s
[25,579s][info][gc,start    ] GC(190) Pause Young (Normal) (G1 Evacuation Pause)
[25,579s][info][gc,task     ] GC(190) Using 4 workers of 8 for evacuation
[25,579s][info][gc,phases   ] GC(190)   Pre Evacuate Collection Set: 0,0ms
[25,579s][info][gc,phases   ] GC(190)   Merge Heap Roots: 0,0ms
[25,579s][info][gc,phases   ] GC(190)   Evacuate Collection Set: 0,5ms
[25,579s][info][gc,phases   ] GC(190)   Post Evacuate Collection Set: 0,1ms
[25,579s][info][gc,phases   ] GC(190)   Other: 0,1ms
[25,579s][info][gc,heap     ] GC(190) Eden regions: 34->0(33)
[25,579s][info][gc,heap     ] GC(190) Survivor regions: 4->5(5)
[25,579s][info][gc,heap     ] GC(190) Old regions: 5->5
[25,579s][info][gc,heap     ] GC(190) Archive regions: 2->2
[25,579s][info][gc,heap     ] GC(190) Humongous regions: 0->0
[25,579s][info][gc,metaspace] GC(190) Metaspace: 117K(320K)->117K(320K) NonClass: 109K(192K)->109K(192K) Class: 8K(128K)->8K(128K)
[25,579s][info][gc          ] GC(190) Pause Young (Normal) (G1 Evacuation Pause) 42M->9M(64M) 0,913ms
[25,579s][info][gc,cpu      ] GC(190) User=0,01s Sys=0,00s Real=0,00s
[25,727s][info][gc,start    ] GC(191) Pause Young (Normal) (G1 Evacuation Pause)
[25,727s][info][gc,task     ] GC(191) Using 4 workers of 8 for evacuation
[25,727s][info][gc,phases   ] GC(191)   Pre Evacuate Collection Set: 0,0ms
[25,727s][info][gc,phases   ] GC(191)   Merge Heap Roots: 0,0ms
[25,727s][info][gc,phases   ] GC(191)   Evacuate Collection Set: 0,2ms
[25,727s][info][gc,phases   ] GC(191)   Post Evacuate Collection Set: 0,1ms
[25,727s][info][gc,phases   ] GC(191)   Other: 0,1ms
[25,727s][info][gc,heap     ] GC(191) Eden regions: 33->0(35)
[25,728s][info][gc,heap     ] GC(191) Survivor regions: 5->3(5)
[25,728s][info][gc,heap     ] GC(191) Old regions: 5->5
[25,728s][info][gc,heap     ] GC(191) Archive regions: 2->2
[25,728s][info][gc,heap     ] GC(191) Humongous regions: 0->0
[25,728s][info][gc,metaspace] GC(191) Metaspace: 117K(320K)->117K(320K) NonClass: 109K(192K)->109K(192K) Class: 8K(128K)->8K(128K)
[25,728s][info][gc          ] GC(191) Pause Young (Normal) (G1 Evacuation Pause) 42M->7M(64M) 0,507ms
[25,728s][info][gc,cpu      ] GC(191) User=0,00s Sys=0,00s Real=0,00s
[25,829s][info][gc,start    ] GC(192) Pause Young (Normal) (G1 Evacuation Pause)
[25,829s][info][gc,task     ] GC(192) Using 4 workers of 8 for evacuation
[25,829s][info][gc,phases   ] GC(192)   Pre Evacuate Collection Set: 0,0ms
[25,829s][info][gc,phases   ] GC(192)   Merge Heap Roots: 0,0ms
[25,829s][info][gc,phases   ] GC(192)   Evacuate Collection Set: 0,4ms
[25,829s][info][gc,phases   ] GC(192)   Post Evacuate Collection Set: 0,1ms
[25,829s][info][gc,phases   ] GC(192)   Other: 0,1ms
[25,829s][info][gc,heap     ] GC(192) Eden regions: 35->0(33)
[25,830s][info][gc,heap     ] GC(192) Survivor regions: 3->5(5)
[25,830s][info][gc,heap     ] GC(192) Old regions: 5->5
[25,830s][info][gc,heap     ] GC(192) Archive regions: 2->2
[25,830s][info][gc,heap     ] GC(192) Humongous regions: 0->0
[25,830s][info][gc,metaspace] GC(192) Metaspace: 117K(320K)->117K(320K) NonClass: 109K(192K)->109K(192K) Class: 8K(128K)->8K(128K)
[25,830s][info][gc          ] GC(192) Pause Young (Normal) (G1 Evacuation Pause) 42M->9M(64M) 0,794ms
[25,830s][info][gc,cpu      ] GC(192) User=0,00s Sys=0,00s Real=0,00s
[25,977s][info][gc,start    ] GC(193) Pause Young (Normal) (G1 Evacuation Pause)
[25,977s][info][gc,task     ] GC(193) Using 4 workers of 8 for evacuation
[25,978s][info][gc,phases   ] GC(193)   Pre Evacuate Collection Set: 0,0ms
[25,978s][info][gc,phases   ] GC(193)   Merge Heap Roots: 0,0ms
[25,978s][info][gc,phases   ] GC(193)   Evacuate Collection Set: 0,4ms
[25,978s][info][gc,phases   ] GC(193)   Post Evacuate Collection Set: 0,1ms
[25,978s][info][gc,phases   ] GC(193)   Other: 0,1ms
[25,978s][info][gc,heap     ] GC(193) Eden regions: 33->0(34)
[25,978s][info][gc,heap     ] GC(193) Survivor regions: 5->4(5)
[25,978s][info][gc,heap     ] GC(193) Old regions: 5->5
[25,978s][info][gc,heap     ] GC(193) Archive regions: 2->2
[25,978s][info][gc,heap     ] GC(193) Humongous regions: 0->0
[25,978s][info][gc,metaspace] GC(193) Metaspace: 117K(320K)->117K(320K) NonClass: 109K(192K)->109K(192K) Class: 8K(128K)->8K(128K)
[25,978s][info][gc          ] GC(193) Pause Young (Normal) (G1 Evacuation Pause) 42M->8M(64M) 0,836ms
[25,978s][info][gc,cpu      ] GC(193) User=0,01s Sys=0,00s Real=0,00s
[26,127s][info][gc,start    ] GC(194) Pause Young (Normal) (G1 Evacuation Pause)
[26,127s][info][gc,task     ] GC(194) Using 4 workers of 8 for evacuation
[26,127s][info][gc,phases   ] GC(194)   Pre Evacuate Collection Set: 0,0ms
[26,127s][info][gc,phases   ] GC(194)   Merge Heap Roots: 0,0ms
[26,127s][info][gc,phases   ] GC(194)   Evacuate Collection Set: 0,3ms
[26,127s][info][gc,phases   ] GC(194)   Post Evacuate Collection Set: 0,1ms
[26,127s][info][gc,phases   ] GC(194)   Other: 0,1ms
[26,127s][info][gc,heap     ] GC(194) Eden regions: 34->0(33)
[26,127s][info][gc,heap     ] GC(194) Survivor regions: 4->5(5)
[26,127s][info][gc,heap     ] GC(194) Old regions: 5->5
[26,127s][info][gc,heap     ] GC(194) Archive regions: 2->2
[26,127s][info][gc,heap     ] GC(194) Humongous regions: 0->0
[26,127s][info][gc,metaspace] GC(194) Metaspace: 117K(320K)->117K(320K) NonClass: 109K(192K)->109K(192K) Class: 8K(128K)->8K(128K)
[26,127s][info][gc          ] GC(194) Pause Young (Normal) (G1 Evacuation Pause) 42M->9M(64M) 0,672ms
[26,127s][info][gc,cpu      ] GC(194) User=0,00s Sys=0,00s Real=0,00s
[26,224s][info][gc,start    ] GC(195) Pause Young (Normal) (G1 Evacuation Pause)
[26,224s][info][gc,task     ] GC(195) Using 4 workers of 8 for evacuation
[26,225s][info][gc,phases   ] GC(195)   Pre Evacuate Collection Set: 0,0ms
[26,225s][info][gc,phases   ] GC(195)   Merge Heap Roots: 0,0ms
[26,225s][info][gc,phases   ] GC(195)   Evacuate Collection Set: 0,2ms
[26,225s][info][gc,phases   ] GC(195)   Post Evacuate Collection Set: 0,1ms
[26,225s][info][gc,phases   ] GC(195)   Other: 0,1ms
[26,225s][info][gc,heap     ] GC(195) Eden regions: 33->0(35)
[26,225s][info][gc,heap     ] GC(195) Survivor regions: 5->3(5)
[26,225s][info][gc,heap     ] GC(195) Old regions: 5->5
[26,225s][info][gc,heap     ] GC(195) Archive regions: 2->2
[26,225s][info][gc,heap     ] GC(195) Humongous regions: 0->0
[26,225s][info][gc,metaspace] GC(195) Metaspace: 117K(320K)->117K(320K) NonClass: 109K(192K)->109K(192K) Class: 8K(128K)->8K(128K)
[26,225s][info][gc          ] GC(195) Pause Young (Normal) (G1 Evacuation Pause) 42M->7M(64M) 0,579ms
[26,225s][info][gc,cpu      ] GC(195) User=0,00s Sys=0,00s Real=0,00s
[26,378s][info][gc,start    ] GC(196) Pause Young (Normal) (G1 Evacuation Pause)
[26,378s][info][gc,task     ] GC(196) Using 4 workers of 8 for evacuation
[26,378s][info][gc,phases   ] GC(196)   Pre Evacuate Collection Set: 0,0ms
[26,378s][info][gc,phases   ] GC(196)   Merge Heap Roots: 0,0ms
[26,379s][info][gc,phases   ] GC(196)   Evacuate Collection Set: 0,4ms
[26,379s][info][gc,phases   ] GC(196)   Post Evacuate Collection Set: 0,1ms
[26,379s][info][gc,phases   ] GC(196)   Other: 0,1ms
[26,379s][info][gc,heap     ] GC(196) Eden regions: 35->0(33)
[26,379s][info][gc,heap     ] GC(196) Survivor regions: 3->5(5)
[26,379s][info][gc,heap     ] GC(196) Old regions: 5->5
[26,379s][info][gc,heap     ] GC(196) Archive regions: 2->2
[26,379s][info][gc,heap     ] GC(196) Humongous regions: 0->0
[26,379s][info][gc,metaspace] GC(196) Metaspace: 117K(320K)->117K(320K) NonClass: 109K(192K)->109K(192K) Class: 8K(128K)->8K(128K)
[26,379s][info][gc          ] GC(196) Pause Young (Normal) (G1 Evacuation Pause) 42M->9M(64M) 0,795ms
[26,379s][info][gc,cpu      ] GC(196) User=0,00s Sys=0,01s Real=0,00s
[26,528s][info][gc,start    ] GC(197) Pause Young (Normal) (G1 Evacuation Pause)
[26,528s][info][gc,task     ] GC(197) Using 4 workers of 8 for evacuation
[26,529s][info][gc,phases   ] GC(197)   Pre Evacuate Collection Set: 0,0ms
[26,529s][info][gc,phases   ] GC(197)   Merge Heap Roots: 0,0ms
[26,529s][info][gc,phases   ] GC(197)   Evacuate Collection Set: 0,2ms
[26,529s][info][gc,phases   ] GC(197)   Post Evacuate Collection Set: 0,1ms
[26,529s][info][gc,phases   ] GC(197)   Other: 0,1ms
[26,529s][info][gc,heap     ] GC(197) Eden regions: 33->0(34)
[26,529s][info][gc,heap     ] GC(197) Survivor regions: 5->4(5)
[26,529s][info][gc,heap     ] GC(197) Old regions: 5->5
[26,529s][info][gc,heap     ] GC(197) Archive regions: 2->2
[26,529s][info][gc,heap     ] GC(197) Humongous regions: 0->0
[26,529s][info][gc,metaspace] GC(197) Metaspace: 117K(320K)->117K(320K) NonClass: 109K(192K)->109K(192K) Class: 8K(128K)->8K(128K)
[26,529s][info][gc          ] GC(197) Pause Young (Normal) (G1 Evacuation Pause) 42M->8M(64M) 0,522ms
[26,529s][info][gc,cpu      ] GC(197) User=0,00s Sys=0,00s Real=0,00s
[26,629s][info][gc,start    ] GC(198) Pause Young (Normal) (G1 Evacuation Pause)
[26,629s][info][gc,task     ] GC(198) Using 4 workers of 8 for evacuation
[26,630s][info][gc,phases   ] GC(198)   Pre Evacuate Collection Set: 0,0ms
[26,630s][info][gc,phases   ] GC(198)   Merge Heap Roots: 0,0ms
[26,630s][info][gc,phases   ] GC(198)   Evacuate Collection Set: 0,4ms
[26,630s][info][gc,phases   ] GC(198)   Post Evacuate Collection Set: 0,1ms
[26,630s][info][gc,phases   ] GC(198)   Other: 0,1ms
[26,630s][info][gc,heap     ] GC(198) Eden regions: 34->0(33)
[26,630s][info][gc,heap     ] GC(198) Survivor regions: 4->5(5)
[26,630s][info][gc,heap     ] GC(198) Old regions: 5->5
[26,630s][info][gc,heap     ] GC(198) Archive regions: 2->2
[26,630s][info][gc,heap     ] GC(198) Humongous regions: 0->0
[26,630s][info][gc,metaspace] GC(198) Metaspace: 117K(320K)->117K(320K) NonClass: 109K(192K)->109K(192K) Class: 8K(128K)->8K(128K)
[26,630s][info][gc          ] GC(198) Pause Young (Normal) (G1 Evacuation Pause) 42M->9M(64M) 0,736ms
[26,630s][info][gc,cpu      ] GC(198) User=0,00s Sys=0,00s Real=0,00s
[26,777s][info][gc,start    ] GC(199) Pause Young (Normal) (G1 Evacuation Pause)
[26,777s][info][gc,task     ] GC(199) Using 4 workers of 8 for evacuation
[26,778s][info][gc,phases   ] GC(199)   Pre Evacuate Collection Set: 0,0ms
[26,778s][info][gc,phases   ] GC(199)   Merge Heap Roots: 0,0ms
[26,778s][info][gc,phases   ] GC(199)   Evacuate Collection Set: 0,4ms
[26,778s][info][gc,phases   ] GC(199)   Post Evacuate Collection Set: 0,1ms
[26,778s][info][gc,phases   ] GC(199)   Other: 0,1ms
[26,778s][info][gc,heap     ] GC(199) Eden regions: 33->0(35)
[26,778s][info][gc,heap     ] GC(199) Survivor regions: 5->3(5)
[26,778s][info][gc,heap     ] GC(199) Old regions: 5->5
[26,778s][info][gc,heap     ] GC(199) Archive regions: 2->2
[26,778s][info][gc,heap     ] GC(199) Humongous regions: 0->0
[26,778s][info][gc,metaspace] GC(199) Metaspace: 117K(320K)->117K(320K) NonClass: 109K(192K)->109K(192K) Class: 8K(128K)->8K(128K)
[26,778s][info][gc          ] GC(199) Pause Young (Normal) (G1 Evacuation Pause) 42M->7M(64M) 0,842ms
[26,778s][info][gc,cpu      ] GC(199) User=0,00s Sys=0,00s Real=0,00s
[26,925s][info][gc,start    ] GC(200) Pause Young (Normal) (G1 Evacuation Pause)
[26,925s][info][gc,task     ] GC(200) Using 4 workers of 8 for evacuation
[26,925s][info][gc,phases   ] GC(200)   Pre Evacuate Collection Set: 0,0ms
[26,925s][info][gc,phases   ] GC(200)   Merge Heap Roots: 0,0ms
[26,926s][info][gc,phases   ] GC(200)   Evacuate Collection Set: 0,3ms
[26,926s][info][gc,phases   ] GC(200)   Post Evacuate Collection Set: 0,1ms
[26,926s][info][gc,phases   ] GC(200)   Other: 0,1ms
[26,926s][info][gc,heap     ] GC(200) Eden regions: 35->0(34)
[26,926s][info][gc,heap     ] GC(200) Survivor regions: 3->4(5)
[26,926s][info][gc,heap     ] GC(200) Old regions: 5->5
[26,926s][info][gc,heap     ] GC(200) Archive regions: 2->2
[26,926s][info][gc,heap     ] GC(200) Humongous regions: 0->0
[26,926s][info][gc,metaspace] GC(200) Metaspace: 117K(320K)->117K(320K) NonClass: 109K(192K)->109K(192K) Class: 8K(128K)->8K(128K)
[26,926s][info][gc          ] GC(200) Pause Young (Normal) (G1 Evacuation Pause) 42M->8M(64M) 0,558ms
[26,926s][info][gc,cpu      ] GC(200) User=0,00s Sys=0,00s Real=0,00s
[27,027s][info][gc,start    ] GC(201) Pause Young (Normal) (G1 Evacuation Pause)
[27,027s][info][gc,task     ] GC(201) Using 4 workers of 8 for evacuation
[27,028s][info][gc,phases   ] GC(201)   Pre Evacuate Collection Set: 0,0ms
[27,028s][info][gc,phases   ] GC(201)   Merge Heap Roots: 0,1ms
[27,028s][info][gc,phases   ] GC(201)   Evacuate Collection Set: 0,5ms
[27,028s][info][gc,phases   ] GC(201)   Post Evacuate Collection Set: 0,1ms
[27,028s][info][gc,phases   ] GC(201)   Other: 0,2ms
[27,028s][info][gc,heap     ] GC(201) Eden regions: 34->0(33)
[27,028s][info][gc,heap     ] GC(201) Survivor regions: 4->5(5)
[27,028s][info][gc,heap     ] GC(201) Old regions: 5->5
[27,028s][info][gc,heap     ] GC(201) Archive regions: 2->2
[27,028s][info][gc,heap     ] GC(201) Humongous regions: 0->0
[27,028s][info][gc,metaspace] GC(201) Metaspace: 117K(320K)->117K(320K) NonClass: 109K(192K)->109K(192K) Class: 8K(128K)->8K(128K)
[27,028s][info][gc          ] GC(201) Pause Young (Normal) (G1 Evacuation Pause) 42M->9M(64M) 1,051ms
[27,028s][info][gc,cpu      ] GC(201) User=0,00s Sys=0,00s Real=0,00s
[27,177s][info][gc,start    ] GC(202) Pause Young (Normal) (G1 Evacuation Pause)
[27,177s][info][gc,task     ] GC(202) Using 4 workers of 8 for evacuation
[27,178s][info][gc,phases   ] GC(202)   Pre Evacuate Collection Set: 0,0ms
[27,178s][info][gc,phases   ] GC(202)   Merge Heap Roots: 0,0ms
[27,178s][info][gc,phases   ] GC(202)   Evacuate Collection Set: 0,2ms
[27,178s][info][gc,phases   ] GC(202)   Post Evacuate Collection Set: 0,1ms
[27,178s][info][gc,phases   ] GC(202)   Other: 0,1ms
[27,178s][info][gc,heap     ] GC(202) Eden regions: 33->0(35)
[27,178s][info][gc,heap     ] GC(202) Survivor regions: 5->3(5)
[27,178s][info][gc,heap     ] GC(202) Old regions: 5->5
[27,178s][info][gc,heap     ] GC(202) Archive regions: 2->2
[27,178s][info][gc,heap     ] GC(202) Humongous regions: 0->0
[27,178s][info][gc,metaspace] GC(202) Metaspace: 117K(320K)->117K(320K) NonClass: 109K(192K)->109K(192K) Class: 8K(128K)->8K(128K)
[27,178s][info][gc          ] GC(202) Pause Young (Normal) (G1 Evacuation Pause) 42M->7M(64M) 0,665ms
[27,178s][info][gc,cpu      ] GC(202) User=0,00s Sys=0,00s Real=0,00s
[27,327s][info][gc,start    ] GC(203) Pause Young (Normal) (G1 Evacuation Pause)
[27,327s][info][gc,task     ] GC(203) Using 4 workers of 8 for evacuation
[27,327s][info][gc,phases   ] GC(203)   Pre Evacuate Collection Set: 0,0ms
[27,327s][info][gc,phases   ] GC(203)   Merge Heap Roots: 0,0ms
[27,327s][info][gc,phases   ] GC(203)   Evacuate Collection Set: 0,3ms
[27,327s][info][gc,phases   ] GC(203)   Post Evacuate Collection Set: 0,1ms
[27,327s][info][gc,phases   ] GC(203)   Other: 0,1ms
[27,327s][info][gc,heap     ] GC(203) Eden regions: 35->0(33)
[27,328s][info][gc,heap     ] GC(203) Survivor regions: 3->5(5)
[27,328s][info][gc,heap     ] GC(203) Old regions: 5->5
[27,328s][info][gc,heap     ] GC(203) Archive regions: 2->2
[27,328s][info][gc,heap     ] GC(203) Humongous regions: 0->0
[27,328s][info][gc,metaspace] GC(203) Metaspace: 117K(320K)->117K(320K) NonClass: 109K(192K)->109K(192K) Class: 8K(128K)->8K(128K)
[27,328s][info][gc          ] GC(203) Pause Young (Normal) (G1 Evacuation Pause) 42M->9M(64M) 0,638ms
[27,328s][info][gc,cpu      ] GC(203) User=0,00s Sys=0,00s Real=0,00s
[27,429s][info][gc,start    ] GC(204) Pause Young (Normal) (G1 Evacuation Pause)
[27,429s][info][gc,task     ] GC(204) Using 4 workers of 8 for evacuation
[27,429s][info][gc,phases   ] GC(204)   Pre Evacuate Collection Set: 0,0ms
[27,429s][info][gc,phases   ] GC(204)   Merge Heap Roots: 0,0ms
[27,429s][info][gc,phases   ] GC(204)   Evacuate Collection Set: 0,3ms
[27,429s][info][gc,phases   ] GC(204)   Post Evacuate Collection Set: 0,2ms
[27,429s][info][gc,phases   ] GC(204)   Other: 0,1ms
[27,429s][info][gc,heap     ] GC(204) Eden regions: 33->0(34)
[27,429s][info][gc,heap     ] GC(204) Survivor regions: 5->4(5)
[27,429s][info][gc,heap     ] GC(204) Old regions: 5->5
[27,429s][info][gc,heap     ] GC(204) Archive regions: 2->2
[27,429s][info][gc,heap     ] GC(204) Humongous regions: 0->0
[27,429s][info][gc,metaspace] GC(204) Metaspace: 117K(320K)->117K(320K) NonClass: 109K(192K)->109K(192K) Class: 8K(128K)->8K(128K)
[27,429s][info][gc          ] GC(204) Pause Young (Normal) (G1 Evacuation Pause) 42M->8M(64M) 0,730ms
[27,429s][info][gc,cpu      ] GC(204) User=0,00s Sys=0,00s Real=0,00s
[27,578s][info][gc,start    ] GC(205) Pause Young (Normal) (G1 Evacuation Pause)
[27,578s][info][gc,task     ] GC(205) Using 4 workers of 8 for evacuation
[27,578s][info][gc,phases   ] GC(205)   Pre Evacuate Collection Set: 0,0ms
[27,578s][info][gc,phases   ] GC(205)   Merge Heap Roots: 0,0ms
[27,578s][info][gc,phases   ] GC(205)   Evacuate Collection Set: 0,3ms
[27,578s][info][gc,phases   ] GC(205)   Post Evacuate Collection Set: 0,1ms
[27,578s][info][gc,phases   ] GC(205)   Other: 0,1ms
[27,578s][info][gc,heap     ] GC(205) Eden regions: 34->0(33)
[27,578s][info][gc,heap     ] GC(205) Survivor regions: 4->5(5)
[27,578s][info][gc,heap     ] GC(205) Old regions: 5->5
[27,578s][info][gc,heap     ] GC(205) Archive regions: 2->2
[27,579s][info][gc,heap     ] GC(205) Humongous regions: 0->0
[27,579s][info][gc,metaspace] GC(205) Metaspace: 117K(320K)->117K(320K) NonClass: 109K(192K)->109K(192K) Class: 8K(128K)->8K(128K)
[27,579s][info][gc          ] GC(205) Pause Young (Normal) (G1 Evacuation Pause) 42M->9M(64M) 0,594ms
[27,579s][info][gc,cpu      ] GC(205) User=0,00s Sys=0,00s Real=0,00s
[27,728s][info][gc,start    ] GC(206) Pause Young (Normal) (G1 Evacuation Pause)
[27,728s][info][gc,task     ] GC(206) Using 4 workers of 8 for evacuation
[27,729s][info][gc,phases   ] GC(206)   Pre Evacuate Collection Set: 0,0ms
[27,729s][info][gc,phases   ] GC(206)   Merge Heap Roots: 0,0ms
[27,729s][info][gc,phases   ] GC(206)   Evacuate Collection Set: 0,3ms
[27,729s][info][gc,phases   ] GC(206)   Post Evacuate Collection Set: 0,1ms
[27,729s][info][gc,phases   ] GC(206)   Other: 0,1ms
[27,729s][info][gc,heap     ] GC(206) Eden regions: 33->0(35)
[27,729s][info][gc,heap     ] GC(206) Survivor regions: 5->3(5)
[27,729s][info][gc,heap     ] GC(206) Old regions: 5->5
[27,729s][info][gc,heap     ] GC(206) Archive regions: 2->2
[27,729s][info][gc,heap     ] GC(206) Humongous regions: 0->0
[27,729s][info][gc,metaspace] GC(206) Metaspace: 117K(320K)->117K(320K) NonClass: 109K(192K)->109K(192K) Class: 8K(128K)->8K(128K)
[27,729s][info][gc          ] GC(206) Pause Young (Normal) (G1 Evacuation Pause) 42M->7M(64M) 0,704ms
[27,729s][info][gc,cpu      ] GC(206) User=0,00s Sys=0,00s Real=0,00s
[27,828s][info][gc,start    ] GC(207) Pause Young (Normal) (G1 Evacuation Pause)
[27,828s][info][gc,task     ] GC(207) Using 4 workers of 8 for evacuation
[27,828s][info][gc,phases   ] GC(207)   Pre Evacuate Collection Set: 0,0ms
[27,828s][info][gc,phases   ] GC(207)   Merge Heap Roots: 0,0ms
[27,828s][info][gc,phases   ] GC(207)   Evacuate Collection Set: 0,4ms
[27,828s][info][gc,phases   ] GC(207)   Post Evacuate Collection Set: 0,1ms
[27,828s][info][gc,phases   ] GC(207)   Other: 0,1ms
[27,828s][info][gc,heap     ] GC(207) Eden regions: 35->0(33)
[27,828s][info][gc,heap     ] GC(207) Survivor regions: 3->5(5)
[27,828s][info][gc,heap     ] GC(207) Old regions: 5->5
[27,828s][info][gc,heap     ] GC(207) Archive regions: 2->2
[27,828s][info][gc,heap     ] GC(207) Humongous regions: 0->0
[27,828s][info][gc,metaspace] GC(207) Metaspace: 117K(320K)->117K(320K) NonClass: 109K(192K)->109K(192K) Class: 8K(128K)->8K(128K)
[27,828s][info][gc          ] GC(207) Pause Young (Normal) (G1 Evacuation Pause) 42M->9M(64M) 0,755ms
[27,828s][info][gc,cpu      ] GC(207) User=0,00s Sys=0,00s Real=0,00s
[27,977s][info][gc,start    ] GC(208) Pause Young (Normal) (G1 Evacuation Pause)
[27,977s][info][gc,task     ] GC(208) Using 4 workers of 8 for evacuation
[27,977s][info][gc,phases   ] GC(208)   Pre Evacuate Collection Set: 0,0ms
[27,977s][info][gc,phases   ] GC(208)   Merge Heap Roots: 0,0ms
[27,977s][info][gc,phases   ] GC(208)   Evacuate Collection Set: 0,2ms
[27,977s][info][gc,phases   ] GC(208)   Post Evacuate Collection Set: 0,1ms
[27,977s][info][gc,phases   ] GC(208)   Other: 0,1ms
[27,977s][info][gc,heap     ] GC(208) Eden regions: 33->0(35)
[27,977s][info][gc,heap     ] GC(208) Survivor regions: 5->3(5)
[27,977s][info][gc,heap     ] GC(208) Old regions: 5->5
[27,977s][info][gc,heap     ] GC(208) Archive regions: 2->2
[27,977s][info][gc,heap     ] GC(208) Humongous regions: 0->0
[27,977s][info][gc,metaspace] GC(208) Metaspace: 117K(320K)->117K(320K) NonClass: 109K(192K)->109K(192K) Class: 8K(128K)->8K(128K)
[27,977s][info][gc          ] GC(208) Pause Young (Normal) (G1 Evacuation Pause) 42M->8M(64M) 0,516ms
[27,977s][info][gc,cpu      ] GC(208) User=0,00s Sys=0,00s Real=0,00s
[28,129s][info][gc,start    ] GC(209) Pause Young (Normal) (G1 Evacuation Pause)
[28,129s][info][gc,task     ] GC(209) Using 4 workers of 8 for evacuation
[28,129s][info][gc,phases   ] GC(209)   Pre Evacuate Collection Set: 0,0ms
[28,130s][info][gc,phases   ] GC(209)   Merge Heap Roots: 0,0ms
[28,130s][info][gc,phases   ] GC(209)   Evacuate Collection Set: 0,4ms
[28,130s][info][gc,phases   ] GC(209)   Post Evacuate Collection Set: 0,1ms
[28,130s][info][gc,phases   ] GC(209)   Other: 0,1ms
[28,130s][info][gc,heap     ] GC(209) Eden regions: 35->0(33)
[28,130s][info][gc,heap     ] GC(209) Survivor regions: 3->5(5)
[28,130s][info][gc,heap     ] GC(209) Old regions: 5->5
[28,130s][info][gc,heap     ] GC(209) Archive regions: 2->2
[28,130s][info][gc,heap     ] GC(209) Humongous regions: 0->0
[28,130s][info][gc,metaspace] GC(209) Metaspace: 117K(320K)->117K(320K) NonClass: 109K(192K)->109K(192K) Class: 8K(128K)->8K(128K)
[28,130s][info][gc          ] GC(209) Pause Young (Normal) (G1 Evacuation Pause) 43M->9M(64M) 0,762ms
[28,130s][info][gc,cpu      ] GC(209) User=0,00s Sys=0,00s Real=0,00s
[28,229s][info][gc,start    ] GC(210) Pause Young (Normal) (G1 Evacuation Pause)
[28,229s][info][gc,task     ] GC(210) Using 4 workers of 8 for evacuation
[28,230s][info][gc,phases   ] GC(210)   Pre Evacuate Collection Set: 0,0ms
[28,230s][info][gc,phases   ] GC(210)   Merge Heap Roots: 0,0ms
[28,230s][info][gc,phases   ] GC(210)   Evacuate Collection Set: 0,3ms
[28,230s][info][gc,phases   ] GC(210)   Post Evacuate Collection Set: 0,1ms
[28,230s][info][gc,phases   ] GC(210)   Other: 0,1ms
[28,230s][info][gc,heap     ] GC(210) Eden regions: 33->0(34)
[28,230s][info][gc,heap     ] GC(210) Survivor regions: 5->4(5)
[28,230s][info][gc,heap     ] GC(210) Old regions: 5->5
[28,230s][info][gc,heap     ] GC(210) Archive regions: 2->2
[28,230s][info][gc,heap     ] GC(210) Humongous regions: 0->0
[28,230s][info][gc,metaspace] GC(210) Metaspace: 117K(320K)->117K(320K) NonClass: 109K(192K)->109K(192K) Class: 8K(128K)->8K(128K)
[28,230s][info][gc          ] GC(210) Pause Young (Normal) (G1 Evacuation Pause) 42M->8M(64M) 0,698ms
[28,230s][info][gc,cpu      ] GC(210) User=0,00s Sys=0,00s Real=0,00s
[28,377s][info][gc,start    ] GC(211) Pause Young (Normal) (G1 Evacuation Pause)
[28,377s][info][gc,task     ] GC(211) Using 4 workers of 8 for evacuation
[28,377s][info][gc,phases   ] GC(211)   Pre Evacuate Collection Set: 0,1ms
[28,378s][info][gc,phases   ] GC(211)   Merge Heap Roots: 0,0ms
[28,378s][info][gc,phases   ] GC(211)   Evacuate Collection Set: 0,5ms
[28,378s][info][gc,phases   ] GC(211)   Post Evacuate Collection Set: 0,1ms
[28,378s][info][gc,phases   ] GC(211)   Other: 0,1ms
[28,378s][info][gc,heap     ] GC(211) Eden regions: 34->0(33)
[28,378s][info][gc,heap     ] GC(211) Survivor regions: 4->5(5)
[28,378s][info][gc,heap     ] GC(211) Old regions: 5->5
[28,378s][info][gc,heap     ] GC(211) Archive regions: 2->2
[28,378s][info][gc,heap     ] GC(211) Humongous regions: 0->0
[28,378s][info][gc,metaspace] GC(211) Metaspace: 117K(320K)->117K(320K) NonClass: 109K(192K)->109K(192K) Class: 8K(128K)->8K(128K)
[28,378s][info][gc          ] GC(211) Pause Young (Normal) (G1 Evacuation Pause) 42M->9M(64M) 0,889ms
[28,378s][info][gc,cpu      ] GC(211) User=0,00s Sys=0,00s Real=0,00s
[28,527s][info][gc,start    ] GC(212) Pause Young (Normal) (G1 Evacuation Pause)
[28,527s][info][gc,task     ] GC(212) Using 4 workers of 8 for evacuation
[28,528s][info][gc,phases   ] GC(212)   Pre Evacuate Collection Set: 0,0ms
[28,528s][info][gc,phases   ] GC(212)   Merge Heap Roots: 0,0ms
[28,528s][info][gc,phases   ] GC(212)   Evacuate Collection Set: 0,3ms
[28,528s][info][gc,phases   ] GC(212)   Post Evacuate Collection Set: 0,1ms
[28,528s][info][gc,phases   ] GC(212)   Other: 0,1ms
[28,528s][info][gc,heap     ] GC(212) Eden regions: 33->0(34)
[28,528s][info][gc,heap     ] GC(212) Survivor regions: 5->4(5)
[28,528s][info][gc,heap     ] GC(212) Old regions: 5->5
[28,528s][info][gc,heap     ] GC(212) Archive regions: 2->2
[28,528s][info][gc,heap     ] GC(212) Humongous regions: 0->0
[28,528s][info][gc,metaspace] GC(212) Metaspace: 117K(320K)->117K(320K) NonClass: 109K(192K)->109K(192K) Class: 8K(128K)->8K(128K)
[28,528s][info][gc          ] GC(212) Pause Young (Normal) (G1 Evacuation Pause) 42M->8M(64M) 0,650ms
[28,528s][info][gc,cpu      ] GC(212) User=0,00s Sys=0,00s Real=0,00s
[28,628s][info][gc,start    ] GC(213) Pause Young (Normal) (G1 Evacuation Pause)
[28,628s][info][gc,task     ] GC(213) Using 4 workers of 8 for evacuation
[28,629s][info][gc,phases   ] GC(213)   Pre Evacuate Collection Set: 0,0ms
[28,629s][info][gc,phases   ] GC(213)   Merge Heap Roots: 0,0ms
[28,629s][info][gc,phases   ] GC(213)   Evacuate Collection Set: 0,2ms
[28,629s][info][gc,phases   ] GC(213)   Post Evacuate Collection Set: 0,1ms
[28,629s][info][gc,phases   ] GC(213)   Other: 0,1ms
[28,629s][info][gc,heap     ] GC(213) Eden regions: 34->0(35)
[28,629s][info][gc,heap     ] GC(213) Survivor regions: 4->3(5)
[28,629s][info][gc,heap     ] GC(213) Old regions: 5->5
[28,629s][info][gc,heap     ] GC(213) Archive regions: 2->2
[28,629s][info][gc,heap     ] GC(213) Humongous regions: 0->0
[28,629s][info][gc,metaspace] GC(213) Metaspace: 117K(320K)->117K(320K) NonClass: 109K(192K)->109K(192K) Class: 8K(128K)->8K(128K)
[28,629s][info][gc          ] GC(213) Pause Young (Normal) (G1 Evacuation Pause) 42M->7M(64M) 0,512ms
[28,629s][info][gc,cpu      ] GC(213) User=0,00s Sys=0,00s Real=0,00s
[28,778s][info][gc,start    ] GC(214) Pause Young (Normal) (G1 Evacuation Pause)
[28,778s][info][gc,task     ] GC(214) Using 4 workers of 8 for evacuation
[28,778s][info][gc,phases   ] GC(214)   Pre Evacuate Collection Set: 0,0ms
[28,778s][info][gc,phases   ] GC(214)   Merge Heap Roots: 0,0ms
[28,778s][info][gc,phases   ] GC(214)   Evacuate Collection Set: 0,4ms
[28,778s][info][gc,phases   ] GC(214)   Post Evacuate Collection Set: 0,1ms
[28,778s][info][gc,phases   ] GC(214)   Other: 0,1ms
[28,778s][info][gc,heap     ] GC(214) Eden regions: 35->0(33)
[28,778s][info][gc,heap     ] GC(214) Survivor regions: 3->5(5)
[28,778s][info][gc,heap     ] GC(214) Old regions: 5->5
[28,778s][info][gc,heap     ] GC(214) Archive regions: 2->2
[28,778s][info][gc,heap     ] GC(214) Humongous regions: 0->0
[28,778s][info][gc,metaspace] GC(214) Metaspace: 117K(320K)->117K(320K) NonClass: 109K(192K)->109K(192K) Class: 8K(128K)->8K(128K)
[28,778s][info][gc          ] GC(214) Pause Young (Normal) (G1 Evacuation Pause) 42M->9M(64M) 0,720ms
[28,778s][info][gc,cpu      ] GC(214) User=0,00s Sys=0,00s Real=0,00s
[28,928s][info][gc,start    ] GC(215) Pause Young (Normal) (G1 Evacuation Pause)
[28,928s][info][gc,task     ] GC(215) Using 4 workers of 8 for evacuation
[28,928s][info][gc,phases   ] GC(215)   Pre Evacuate Collection Set: 0,0ms
[28,928s][info][gc,phases   ] GC(215)   Merge Heap Roots: 0,0ms
[28,928s][info][gc,phases   ] GC(215)   Evacuate Collection Set: 0,2ms
[28,928s][info][gc,phases   ] GC(215)   Post Evacuate Collection Set: 0,1ms
[28,928s][info][gc,phases   ] GC(215)   Other: 0,1ms
[28,928s][info][gc,heap     ] GC(215) Eden regions: 33->0(35)
[28,928s][info][gc,heap     ] GC(215) Survivor regions: 5->3(5)
[28,928s][info][gc,heap     ] GC(215) Old regions: 5->5
[28,928s][info][gc,heap     ] GC(215) Archive regions: 2->2
[28,928s][info][gc,heap     ] GC(215) Humongous regions: 0->0
[28,928s][info][gc,metaspace] GC(215) Metaspace: 117K(320K)->117K(320K) NonClass: 109K(192K)->109K(192K) Class: 8K(128K)->8K(128K)
[28,928s][info][gc          ] GC(215) Pause Young (Normal) (G1 Evacuation Pause) 42M->8M(64M) 0,545ms
[28,928s][info][gc,cpu      ] GC(215) User=0,01s Sys=0,01s Real=0,00s
[29,029s][info][gc,start    ] GC(216) Pause Young (Normal) (G1 Evacuation Pause)
[29,029s][info][gc,task     ] GC(216) Using 4 workers of 8 for evacuation
[29,029s][info][gc,phases   ] GC(216)   Pre Evacuate Collection Set: 0,0ms
[29,029s][info][gc,phases   ] GC(216)   Merge Heap Roots: 0,0ms
[29,029s][info][gc,phases   ] GC(216)   Evacuate Collection Set: 0,5ms
[29,029s][info][gc,phases   ] GC(216)   Post Evacuate Collection Set: 0,2ms
[29,029s][info][gc,phases   ] GC(216)   Other: 0,1ms
[29,029s][info][gc,heap     ] GC(216) Eden regions: 35->0(33)
[29,029s][info][gc,heap     ] GC(216) Survivor regions: 3->5(5)
[29,029s][info][gc,heap     ] GC(216) Old regions: 5->5
[29,029s][info][gc,heap     ] GC(216) Archive regions: 2->2
[29,029s][info][gc,heap     ] GC(216) Humongous regions: 0->0
[29,029s][info][gc,metaspace] GC(216) Metaspace: 117K(320K)->117K(320K) NonClass: 109K(192K)->109K(192K) Class: 8K(128K)->8K(128K)
[29,030s][info][gc          ] GC(216) Pause Young (Normal) (G1 Evacuation Pause) 43M->10M(64M) 0,887ms
[29,030s][info][gc,cpu      ] GC(216) User=0,00s Sys=0,00s Real=0,00s
[29,179s][info][gc,start    ] GC(217) Pause Young (Normal) (G1 Evacuation Pause)
[29,179s][info][gc,task     ] GC(217) Using 4 workers of 8 for evacuation
[29,179s][info][gc,phases   ] GC(217)   Pre Evacuate Collection Set: 0,0ms
[29,179s][info][gc,phases   ] GC(217)   Merge Heap Roots: 0,0ms
[29,179s][info][gc,phases   ] GC(217)   Evacuate Collection Set: 0,4ms
[29,179s][info][gc,phases   ] GC(217)   Post Evacuate Collection Set: 0,1ms
[29,179s][info][gc,phases   ] GC(217)   Other: 0,1ms
[29,179s][info][gc,heap     ] GC(217) Eden regions: 33->0(34)
[29,179s][info][gc,heap     ] GC(217) Survivor regions: 5->4(5)
[29,179s][info][gc,heap     ] GC(217) Old regions: 5->5
[29,179s][info][gc,heap     ] GC(217) Archive regions: 2->2
[29,179s][info][gc,heap     ] GC(217) Humongous regions: 0->0
[29,179s][info][gc,metaspace] GC(217) Metaspace: 117K(320K)->117K(320K) NonClass: 109K(192K)->109K(192K) Class: 8K(128K)->8K(128K)
[29,179s][info][gc          ] GC(217) Pause Young (Normal) (G1 Evacuation Pause) 42M->8M(64M) 0,791ms
[29,179s][info][gc,cpu      ] GC(217) User=0,00s Sys=0,00s Real=0,00s
[29,328s][info][gc,start    ] GC(218) Pause Young (Normal) (G1 Evacuation Pause)
[29,328s][info][gc,task     ] GC(218) Using 4 workers of 8 for evacuation
[29,329s][info][gc,phases   ] GC(218)   Pre Evacuate Collection Set: 0,0ms
[29,329s][info][gc,phases   ] GC(218)   Merge Heap Roots: 0,0ms
[29,329s][info][gc,phases   ] GC(218)   Evacuate Collection Set: 0,4ms
[29,329s][info][gc,phases   ] GC(218)   Post Evacuate Collection Set: 0,1ms
[29,329s][info][gc,phases   ] GC(218)   Other: 0,1ms
[29,329s][info][gc,heap     ] GC(218) Eden regions: 34->0(33)
[29,329s][info][gc,heap     ] GC(218) Survivor regions: 4->5(5)
[29,329s][info][gc,heap     ] GC(218) Old regions: 5->5
[29,329s][info][gc,heap     ] GC(218) Archive regions: 2->2
[29,329s][info][gc,heap     ] GC(218) Humongous regions: 0->0
[29,329s][info][gc,metaspace] GC(218) Metaspace: 117K(320K)->117K(320K) NonClass: 109K(192K)->109K(192K) Class: 8K(128K)->8K(128K)
[29,329s][info][gc          ] GC(218) Pause Young (Normal) (G1 Evacuation Pause) 42M->9M(64M) 0,681ms
[29,329s][info][gc,cpu      ] GC(218) User=0,00s Sys=0,00s Real=0,00s
[29,428s][info][gc,start    ] GC(219) Pause Young (Normal) (G1 Evacuation Pause)
[29,428s][info][gc,task     ] GC(219) Using 4 workers of 8 for evacuation
[29,428s][info][gc,phases   ] GC(219)   Pre Evacuate Collection Set: 0,0ms
[29,428s][info][gc,phases   ] GC(219)   Merge Heap Roots: 0,1ms
[29,428s][info][gc,phases   ] GC(219)   Evacuate Collection Set: 0,2ms
[29,428s][info][gc,phases   ] GC(219)   Post Evacuate Collection Set: 0,1ms
[29,428s][info][gc,phases   ] GC(219)   Other: 0,1ms
[29,428s][info][gc,heap     ] GC(219) Eden regions: 33->0(35)
[29,428s][info][gc,heap     ] GC(219) Survivor regions: 5->3(5)
[29,428s][info][gc,heap     ] GC(219) Old regions: 5->5
[29,428s][info][gc,heap     ] GC(219) Archive regions: 2->2
[29,428s][info][gc,heap     ] GC(219) Humongous regions: 0->0
[29,428s][info][gc,metaspace] GC(219) Metaspace: 117K(320K)->117K(320K) NonClass: 109K(192K)->109K(192K) Class: 8K(128K)->8K(128K)
[29,428s][info][gc          ] GC(219) Pause Young (Normal) (G1 Evacuation Pause) 42M->7M(64M) 0,668ms
[29,428s][info][gc,cpu      ] GC(219) User=0,00s Sys=0,00s Real=0,00s
[29,577s][info][gc,start    ] GC(220) Pause Young (Normal) (G1 Evacuation Pause)
[29,577s][info][gc,task     ] GC(220) Using 4 workers of 8 for evacuation
[29,577s][info][gc,phases   ] GC(220)   Pre Evacuate Collection Set: 0,0ms
[29,577s][info][gc,phases   ] GC(220)   Merge Heap Roots: 0,0ms
[29,577s][info][gc,phases   ] GC(220)   Evacuate Collection Set: 0,5ms
[29,577s][info][gc,phases   ] GC(220)   Post Evacuate Collection Set: 0,1ms
[29,577s][info][gc,phases   ] GC(220)   Other: 0,1ms
[29,577s][info][gc,heap     ] GC(220) Eden regions: 35->0(33)
[29,577s][info][gc,heap     ] GC(220) Survivor regions: 3->5(5)
[29,577s][info][gc,heap     ] GC(220) Old regions: 5->5
[29,577s][info][gc,heap     ] GC(220) Archive regions: 2->2
[29,577s][info][gc,heap     ] GC(220) Humongous regions: 0->0
[29,577s][info][gc,metaspace] GC(220) Metaspace: 117K(320K)->117K(320K) NonClass: 109K(192K)->109K(192K) Class: 8K(128K)->8K(128K)
[29,578s][info][gc          ] GC(220) Pause Young (Normal) (G1 Evacuation Pause) 42M->9M(64M) 0,917ms
[29,578s][info][gc,cpu      ] GC(220) User=0,00s Sys=0,00s Real=0,00s
[29,729s][info][gc,start    ] GC(221) Pause Young (Normal) (G1 Evacuation Pause)
[29,729s][info][gc,task     ] GC(221) Using 4 workers of 8 for evacuation
[29,729s][info][gc,phases   ] GC(221)   Pre Evacuate Collection Set: 0,0ms
[29,729s][info][gc,phases   ] GC(221)   Merge Heap Roots: 0,0ms
[29,729s][info][gc,phases   ] GC(221)   Evacuate Collection Set: 0,2ms
[29,729s][info][gc,phases   ] GC(221)   Post Evacuate Collection Set: 0,1ms
[29,729s][info][gc,phases   ] GC(221)   Other: 0,1ms
[29,729s][info][gc,heap     ] GC(221) Eden regions: 33->0(35)
[29,729s][info][gc,heap     ] GC(221) Survivor regions: 5->3(5)
[29,729s][info][gc,heap     ] GC(221) Old regions: 5->5
[29,729s][info][gc,heap     ] GC(221) Archive regions: 2->2
[29,729s][info][gc,heap     ] GC(221) Humongous regions: 0->0
[29,729s][info][gc,metaspace] GC(221) Metaspace: 117K(320K)->117K(320K) NonClass: 109K(192K)->109K(192K) Class: 8K(128K)->8K(128K)
[29,729s][info][gc          ] GC(221) Pause Young (Normal) (G1 Evacuation Pause) 42M->8M(64M) 0,560ms
[29,729s][info][gc,cpu      ] GC(221) User=0,00s Sys=0,00s Real=0,00s
[29,828s][info][gc,start    ] GC(222) Pause Young (Normal) (G1 Evacuation Pause)
[29,828s][info][gc,task     ] GC(222) Using 4 workers of 8 for evacuation
[29,829s][info][gc,phases   ] GC(222)   Pre Evacuate Collection Set: 0,0ms
[29,829s][info][gc,phases   ] GC(222)   Merge Heap Roots: 0,0ms
[29,829s][info][gc,phases   ] GC(222)   Evacuate Collection Set: 0,4ms
[29,829s][info][gc,phases   ] GC(222)   Post Evacuate Collection Set: 0,1ms
[29,829s][info][gc,phases   ] GC(222)   Other: 0,1ms
[29,829s][info][gc,heap     ] GC(222) Eden regions: 35->0(33)
[29,829s][info][gc,heap     ] GC(222) Survivor regions: 3->5(5)
[29,829s][info][gc,heap     ] GC(222) Old regions: 5->5
[29,829s][info][gc,heap     ] GC(222) Archive regions: 2->2
[29,829s][info][gc,heap     ] GC(222) Humongous regions: 0->0
[29,829s][info][gc,metaspace] GC(222) Metaspace: 117K(320K)->117K(320K) NonClass: 109K(192K)->109K(192K) Class: 8K(128K)->8K(128K)
[29,829s][info][gc          ] GC(222) Pause Young (Normal) (G1 Evacuation Pause) 43M->10M(64M) 0,795ms
[29,829s][info][gc,cpu      ] GC(222) User=0,00s Sys=0,00s Real=0,00s
[29,976s][info][gc,start    ] GC(223) Pause Young (Normal) (G1 Evacuation Pause)
[29,976s][info][gc,task     ] GC(223) Using 4 workers of 8 for evacuation
[29,977s][info][gc,phases   ] GC(223)   Pre Evacuate Collection Set: 0,0ms
[29,977s][info][gc,phases   ] GC(223)   Merge Heap Roots: 0,0ms
[29,977s][info][gc,phases   ] GC(223)   Evacuate Collection Set: 0,4ms
[29,977s][info][gc,phases   ] GC(223)   Post Evacuate Collection Set: 0,1ms
[29,977s][info][gc,phases   ] GC(223)   Other: 0,1ms
[29,977s][info][gc,heap     ] GC(223) Eden regions: 33->0(34)
[29,977s][info][gc,heap     ] GC(223) Survivor regions: 5->4(5)
[29,977s][info][gc,heap     ] GC(223) Old regions: 5->5
[29,977s][info][gc,heap     ] GC(223) Archive regions: 2->2
[29,977s][info][gc,heap     ] GC(223) Humongous regions: 0->0
[29,977s][info][gc,metaspace] GC(223) Metaspace: 117K(320K)->117K(320K) NonClass: 109K(192K)->109K(192K) Class: 8K(128K)->8K(128K)
[29,977s][info][gc          ] GC(223) Pause Young (Normal) (G1 Evacuation Pause) 43M->9M(64M) 0,886ms
[29,977s][info][gc,cpu      ] GC(223) User=0,00s Sys=0,00s Real=0,00s
[30,128s][info][gc,start    ] GC(224) Pause Young (Normal) (G1 Evacuation Pause)
[30,128s][info][gc,task     ] GC(224) Using 4 workers of 8 for evacuation
[30,128s][info][gc,phases   ] GC(224)   Pre Evacuate Collection Set: 0,0ms
[30,128s][info][gc,phases   ] GC(224)   Merge Heap Roots: 0,0ms
[30,128s][info][gc,phases   ] GC(224)   Evacuate Collection Set: 0,4ms
[30,128s][info][gc,phases   ] GC(224)   Post Evacuate Collection Set: 0,1ms
[30,128s][info][gc,phases   ] GC(224)   Other: 0,1ms
[30,128s][info][gc,heap     ] GC(224) Eden regions: 34->0(33)
[30,128s][info][gc,heap     ] GC(224) Survivor regions: 4->5(5)
[30,128s][info][gc,heap     ] GC(224) Old regions: 5->5
[30,128s][info][gc,heap     ] GC(224) Archive regions: 2->2
[30,128s][info][gc,heap     ] GC(224) Humongous regions: 0->0
[30,128s][info][gc,metaspace] GC(224) Metaspace: 117K(320K)->117K(320K) NonClass: 109K(192K)->109K(192K) Class: 8K(128K)->8K(128K)
[30,128s][info][gc          ] GC(224) Pause Young (Normal) (G1 Evacuation Pause) 43M->9M(64M) 0,767ms
[30,128s][info][gc,cpu      ] GC(224) User=0,00s Sys=0,00s Real=0,00s
[30,229s][info][gc,start    ] GC(225) Pause Young (Normal) (G1 Evacuation Pause)
[30,229s][info][gc,task     ] GC(225) Using 4 workers of 8 for evacuation
[30,230s][info][gc,phases   ] GC(225)   Pre Evacuate Collection Set: 0,0ms
[30,230s][info][gc,phases   ] GC(225)   Merge Heap Roots: 0,0ms
[30,230s][info][gc,phases   ] GC(225)   Evacuate Collection Set: 0,2ms
[30,230s][info][gc,phases   ] GC(225)   Post Evacuate Collection Set: 0,1ms
[30,230s][info][gc,phases   ] GC(225)   Other: 0,1ms
[30,230s][info][gc,heap     ] GC(225) Eden regions: 33->0(35)
[30,230s][info][gc,heap     ] GC(225) Survivor regions: 5->3(5)
[30,230s][info][gc,heap     ] GC(225) Old regions: 5->5
[30,230s][info][gc,heap     ] GC(225) Archive regions: 2->2
[30,230s][info][gc,heap     ] GC(225) Humongous regions: 0->0
[30,230s][info][gc,metaspace] GC(225) Metaspace: 117K(320K)->117K(320K) NonClass: 109K(192K)->109K(192K) Class: 8K(128K)->8K(128K)
[30,230s][info][gc          ] GC(225) Pause Young (Normal) (G1 Evacuation Pause) 42M->7M(64M) 0,577ms
[30,230s][info][gc,cpu      ] GC(225) User=0,00s Sys=0,00s Real=0,00s
[30,376s][info][gc,start    ] GC(226) Pause Young (Normal) (G1 Evacuation Pause)
[30,376s][info][gc,task     ] GC(226) Using 4 workers of 8 for evacuation
[30,377s][info][gc,phases   ] GC(226)   Pre Evacuate Collection Set: 0,0ms
[30,377s][info][gc,phases   ] GC(226)   Merge Heap Roots: 0,0ms
[30,377s][info][gc,phases   ] GC(226)   Evacuate Collection Set: 0,3ms
[30,377s][info][gc,phases   ] GC(226)   Post Evacuate Collection Set: 0,1ms
[30,377s][info][gc,phases   ] GC(226)   Other: 0,1ms
[30,377s][info][gc,heap     ] GC(226) Eden regions: 35->0(33)
[30,377s][info][gc,heap     ] GC(226) Survivor regions: 3->5(5)
[30,377s][info][gc,heap     ] GC(226) Old regions: 5->5
[30,377s][info][gc,heap     ] GC(226) Archive regions: 2->2
[30,377s][info][gc,heap     ] GC(226) Humongous regions: 0->0
[30,377s][info][gc,metaspace] GC(226) Metaspace: 117K(320K)->117K(320K) NonClass: 109K(192K)->109K(192K) Class: 8K(128K)->8K(128K)
[30,377s][info][gc          ] GC(226) Pause Young (Normal) (G1 Evacuation Pause) 42M->9M(64M) 0,648ms
[30,377s][info][gc,cpu      ] GC(226) User=0,00s Sys=0,00s Real=0,00s
[30,528s][info][gc,start    ] GC(227) Pause Young (Normal) (G1 Evacuation Pause)
[30,528s][info][gc,task     ] GC(227) Using 4 workers of 8 for evacuation
[30,528s][info][gc,phases   ] GC(227)   Pre Evacuate Collection Set: 0,0ms
[30,528s][info][gc,phases   ] GC(227)   Merge Heap Roots: 0,0ms
[30,528s][info][gc,phases   ] GC(227)   Evacuate Collection Set: 0,3ms
[30,529s][info][gc,phases   ] GC(227)   Post Evacuate Collection Set: 0,1ms
[30,529s][info][gc,phases   ] GC(227)   Other: 0,1ms
[30,529s][info][gc,heap     ] GC(227) Eden regions: 33->0(34)
[30,529s][info][gc,heap     ] GC(227) Survivor regions: 5->4(5)
[30,529s][info][gc,heap     ] GC(227) Old regions: 5->5
[30,529s][info][gc,heap     ] GC(227) Archive regions: 2->2
[30,529s][info][gc,heap     ] GC(227) Humongous regions: 0->0
[30,529s][info][gc,metaspace] GC(227) Metaspace: 117K(320K)->117K(320K) NonClass: 109K(192K)->109K(192K) Class: 8K(128K)->8K(128K)
[30,529s][info][gc          ] GC(227) Pause Young (Normal) (G1 Evacuation Pause) 42M->8M(64M) 0,636ms
[30,529s][info][gc,cpu      ] GC(227) User=0,00s Sys=0,00s Real=0,00s
[30,629s][info][gc,start    ] GC(228) Pause Young (Normal) (G1 Evacuation Pause)
[30,629s][info][gc,task     ] GC(228) Using 4 workers of 8 for evacuation
[30,629s][info][gc,phases   ] GC(228)   Pre Evacuate Collection Set: 0,0ms
[30,630s][info][gc,phases   ] GC(228)   Merge Heap Roots: 0,0ms
[30,630s][info][gc,phases   ] GC(228)   Evacuate Collection Set: 0,3ms
[30,630s][info][gc,phases   ] GC(228)   Post Evacuate Collection Set: 0,1ms
[30,630s][info][gc,phases   ] GC(228)   Other: 0,1ms
[30,630s][info][gc,heap     ] GC(228) Eden regions: 34->0(35)
[30,630s][info][gc,heap     ] GC(228) Survivor regions: 4->3(5)
[30,630s][info][gc,heap     ] GC(228) Old regions: 5->5
[30,630s][info][gc,heap     ] GC(228) Archive regions: 2->2
[30,630s][info][gc,heap     ] GC(228) Humongous regions: 0->0
[30,630s][info][gc,metaspace] GC(228) Metaspace: 117K(320K)->117K(320K) NonClass: 109K(192K)->109K(192K) Class: 8K(128K)->8K(128K)
[30,630s][info][gc          ] GC(228) Pause Young (Normal) (G1 Evacuation Pause) 42M->8M(64M) 0,685ms
[30,630s][info][gc,cpu      ] GC(228) User=0,00s Sys=0,00s Real=0,00s
[30,777s][info][gc,start    ] GC(229) Pause Young (Normal) (G1 Evacuation Pause)
[30,777s][info][gc,task     ] GC(229) Using 4 workers of 8 for evacuation
[30,777s][info][gc,phases   ] GC(229)   Pre Evacuate Collection Set: 0,0ms
[30,777s][info][gc,phases   ] GC(229)   Merge Heap Roots: 0,0ms
[30,777s][info][gc,phases   ] GC(229)   Evacuate Collection Set: 0,4ms
[30,777s][info][gc,phases   ] GC(229)   Post Evacuate Collection Set: 0,1ms
[30,777s][info][gc,phases   ] GC(229)   Other: 0,1ms
[30,777s][info][gc,heap     ] GC(229) Eden regions: 35->0(33)
[30,777s][info][gc,heap     ] GC(229) Survivor regions: 3->5(5)
[30,777s][info][gc,heap     ] GC(229) Old regions: 5->5
[30,777s][info][gc,heap     ] GC(229) Archive regions: 2->2
[30,777s][info][gc,heap     ] GC(229) Humongous regions: 0->0
[30,777s][info][gc,metaspace] GC(229) Metaspace: 117K(320K)->117K(320K) NonClass: 109K(192K)->109K(192K) Class: 8K(128K)->8K(128K)
[30,778s][info][gc          ] GC(229) Pause Young (Normal) (G1 Evacuation Pause) 43M->10M(64M) 0,794ms
[30,778s][info][gc,cpu      ] GC(229) User=0,00s Sys=0,00s Real=0,00s
[30,924s][info][gc,start    ] GC(230) Pause Young (Normal) (G1 Evacuation Pause)
[30,924s][info][gc,task     ] GC(230) Using 4 workers of 8 for evacuation
[30,924s][info][gc,phases   ] GC(230)   Pre Evacuate Collection Set: 0,0ms
[30,924s][info][gc,phases   ] GC(230)   Merge Heap Roots: 0,0ms
[30,924s][info][gc,phases   ] GC(230)   Evacuate Collection Set: 0,3ms
[30,924s][info][gc,phases   ] GC(230)   Post Evacuate Collection Set: 0,1ms
[30,924s][info][gc,phases   ] GC(230)   Other: 0,1ms
[30,924s][info][gc,heap     ] GC(230) Eden regions: 33->0(34)
[30,924s][info][gc,heap     ] GC(230) Survivor regions: 5->4(5)
[30,924s][info][gc,heap     ] GC(230) Old regions: 5->5
[30,924s][info][gc,heap     ] GC(230) Archive regions: 2->2
[30,924s][info][gc,heap     ] GC(230) Humongous regions: 0->0
[30,924s][info][gc,metaspace] GC(230) Metaspace: 117K(320K)->117K(320K) NonClass: 109K(192K)->109K(192K) Class: 8K(128K)->8K(128K)
[30,924s][info][gc          ] GC(230) Pause Young (Normal) (G1 Evacuation Pause) 42M->8M(64M) 0,610ms
[30,924s][info][gc,cpu      ] GC(230) User=0,01s Sys=0,00s Real=0,00s
[31,028s][info][gc,start    ] GC(231) Pause Young (Normal) (G1 Evacuation Pause)
[31,028s][info][gc,task     ] GC(231) Using 4 workers of 8 for evacuation
[31,028s][info][gc,phases   ] GC(231)   Pre Evacuate Collection Set: 0,0ms
[31,028s][info][gc,phases   ] GC(231)   Merge Heap Roots: 0,0ms
[31,028s][info][gc,phases   ] GC(231)   Evacuate Collection Set: 0,4ms
[31,028s][info][gc,phases   ] GC(231)   Post Evacuate Collection Set: 0,1ms
[31,028s][info][gc,phases   ] GC(231)   Other: 0,1ms
[31,028s][info][gc,heap     ] GC(231) Eden regions: 34->0(33)
[31,028s][info][gc,heap     ] GC(231) Survivor regions: 4->5(5)
[31,028s][info][gc,heap     ] GC(231) Old regions: 5->5
[31,028s][info][gc,heap     ] GC(231) Archive regions: 2->2
[31,028s][info][gc,heap     ] GC(231) Humongous regions: 0->0
[31,028s][info][gc,metaspace] GC(231) Metaspace: 117K(320K)->117K(320K) NonClass: 109K(192K)->109K(192K) Class: 8K(128K)->8K(128K)
[31,028s][info][gc          ] GC(231) Pause Young (Normal) (G1 Evacuation Pause) 42M->9M(64M) 0,695ms
[31,029s][info][gc,cpu      ] GC(231) User=0,00s Sys=0,00s Real=0,00s
[31,177s][info][gc,start    ] GC(232) Pause Young (Normal) (G1 Evacuation Pause)
[31,177s][info][gc,task     ] GC(232) Using 4 workers of 8 for evacuation
[31,177s][info][gc,phases   ] GC(232)   Pre Evacuate Collection Set: 0,0ms
[31,177s][info][gc,phases   ] GC(232)   Merge Heap Roots: 0,0ms
[31,177s][info][gc,phases   ] GC(232)   Evacuate Collection Set: 0,2ms
[31,177s][info][gc,phases   ] GC(232)   Post Evacuate Collection Set: 0,1ms
[31,177s][info][gc,phases   ] GC(232)   Other: 0,1ms
[31,177s][info][gc,heap     ] GC(232) Eden regions: 33->0(35)
[31,177s][info][gc,heap     ] GC(232) Survivor regions: 5->3(5)
[31,177s][info][gc,heap     ] GC(232) Old regions: 5->5
[31,177s][info][gc,heap     ] GC(232) Archive regions: 2->2
[31,177s][info][gc,heap     ] GC(232) Humongous regions: 0->0
[31,177s][info][gc,metaspace] GC(232) Metaspace: 117K(320K)->117K(320K) NonClass: 109K(192K)->109K(192K) Class: 8K(128K)->8K(128K)
[31,177s][info][gc          ] GC(232) Pause Young (Normal) (G1 Evacuation Pause) 42M->7M(64M) 0,519ms
[31,177s][info][gc,cpu      ] GC(232) User=0,00s Sys=0,00s Real=0,00s
[31,328s][info][gc,start    ] GC(233) Pause Young (Normal) (G1 Evacuation Pause)
[31,328s][info][gc,task     ] GC(233) Using 4 workers of 8 for evacuation
[31,329s][info][gc,phases   ] GC(233)   Pre Evacuate Collection Set: 0,0ms
[31,329s][info][gc,phases   ] GC(233)   Merge Heap Roots: 0,0ms
[31,329s][info][gc,phases   ] GC(233)   Evacuate Collection Set: 0,4ms
[31,329s][info][gc,phases   ] GC(233)   Post Evacuate Collection Set: 0,1ms
[31,329s][info][gc,phases   ] GC(233)   Other: 0,1ms
[31,329s][info][gc,heap     ] GC(233) Eden regions: 35->0(33)
[31,329s][info][gc,heap     ] GC(233) Survivor regions: 3->5(5)
[31,329s][info][gc,heap     ] GC(233) Old regions: 5->5
[31,329s][info][gc,heap     ] GC(233) Archive regions: 2->2
[31,329s][info][gc,heap     ] GC(233) Humongous regions: 0->0
[31,329s][info][gc,metaspace] GC(233) Metaspace: 117K(320K)->117K(320K) NonClass: 109K(192K)->109K(192K) Class: 8K(128K)->8K(128K)
[31,329s][info][gc          ] GC(233) Pause Young (Normal) (G1 Evacuation Pause) 42M->9M(64M) 0,707ms
[31,329s][info][gc,cpu      ] GC(233) User=0,01s Sys=0,00s Real=0,00s
[31,429s][info][gc,start    ] GC(234) Pause Young (Normal) (G1 Evacuation Pause)
[31,429s][info][gc,task     ] GC(234) Using 4 workers of 8 for evacuation
[31,429s][info][gc,phases   ] GC(234)   Pre Evacuate Collection Set: 0,0ms
[31,429s][info][gc,phases   ] GC(234)   Merge Heap Roots: 0,0ms
[31,429s][info][gc,phases   ] GC(234)   Evacuate Collection Set: 0,3ms
[31,429s][info][gc,phases   ] GC(234)   Post Evacuate Collection Set: 0,1ms
[31,429s][info][gc,phases   ] GC(234)   Other: 0,1ms
[31,429s][info][gc,heap     ] GC(234) Eden regions: 33->0(34)
[31,429s][info][gc,heap     ] GC(234) Survivor regions: 5->4(5)
[31,429s][info][gc,heap     ] GC(234) Old regions: 5->5
[31,429s][info][gc,heap     ] GC(234) Archive regions: 2->2
[31,429s][info][gc,heap     ] GC(234) Humongous regions: 0->0
[31,429s][info][gc,metaspace] GC(234) Metaspace: 117K(320K)->117K(320K) NonClass: 109K(192K)->109K(192K) Class: 8K(128K)->8K(128K)
[31,429s][info][gc          ] GC(234) Pause Young (Normal) (G1 Evacuation Pause) 42M->8M(64M) 0,628ms
[31,429s][info][gc,cpu      ] GC(234) User=0,00s Sys=0,00s Real=0,00s
[31,577s][info][gc,start    ] GC(235) Pause Young (Normal) (G1 Evacuation Pause)
[31,578s][info][gc,task     ] GC(235) Using 4 workers of 8 for evacuation
[31,578s][info][gc,phases   ] GC(235)   Pre Evacuate Collection Set: 0,0ms
[31,578s][info][gc,phases   ] GC(235)   Merge Heap Roots: 0,0ms
[31,578s][info][gc,phases   ] GC(235)   Evacuate Collection Set: 0,6ms
[31,578s][info][gc,phases   ] GC(235)   Post Evacuate Collection Set: 0,1ms
[31,578s][info][gc,phases   ] GC(235)   Other: 0,1ms
[31,578s][info][gc,heap     ] GC(235) Eden regions: 34->0(33)
[31,578s][info][gc,heap     ] GC(235) Survivor regions: 4->5(5)
[31,578s][info][gc,heap     ] GC(235) Old regions: 5->5
[31,578s][info][gc,heap     ] GC(235) Archive regions: 2->2
[31,578s][info][gc,heap     ] GC(235) Humongous regions: 0->0
[31,578s][info][gc,metaspace] GC(235) Metaspace: 117K(320K)->117K(320K) NonClass: 109K(192K)->109K(192K) Class: 8K(128K)->8K(128K)
[31,579s][info][gc          ] GC(235) Pause Young (Normal) (G1 Evacuation Pause) 42M->9M(64M) 1,050ms
[31,579s][info][gc,cpu      ] GC(235) User=0,00s Sys=0,00s Real=0,00s
[31,726s][info][gc,start    ] GC(236) Pause Young (Normal) (G1 Evacuation Pause)
[31,726s][info][gc,task     ] GC(236) Using 4 workers of 8 for evacuation
[31,726s][info][gc,phases   ] GC(236)   Pre Evacuate Collection Set: 0,0ms
[31,726s][info][gc,phases   ] GC(236)   Merge Heap Roots: 0,0ms
[31,726s][info][gc,phases   ] GC(236)   Evacuate Collection Set: 0,2ms
[31,726s][info][gc,phases   ] GC(236)   Post Evacuate Collection Set: 0,1ms
[31,726s][info][gc,phases   ] GC(236)   Other: 0,1ms
[31,726s][info][gc,heap     ] GC(236) Eden regions: 33->0(35)
[31,726s][info][gc,heap     ] GC(236) Survivor regions: 5->3(5)
[31,726s][info][gc,heap     ] GC(236) Old regions: 5->5
[31,726s][info][gc,heap     ] GC(236) Archive regions: 2->2
[31,726s][info][gc,heap     ] GC(236) Humongous regions: 0->0
[31,726s][info][gc,metaspace] GC(236) Metaspace: 117K(320K)->117K(320K) NonClass: 109K(192K)->109K(192K) Class: 8K(128K)->8K(128K)
[31,726s][info][gc          ] GC(236) Pause Young (Normal) (G1 Evacuation Pause) 42M->7M(64M) 0,490ms
[31,726s][info][gc,cpu      ] GC(236) User=0,00s Sys=0,00s Real=0,00s
[31,827s][info][gc,start    ] GC(237) Pause Young (Normal) (G1 Evacuation Pause)
[31,827s][info][gc,task     ] GC(237) Using 4 workers of 8 for evacuation
[31,828s][info][gc,phases   ] GC(237)   Pre Evacuate Collection Set: 0,0ms
[31,828s][info][gc,phases   ] GC(237)   Merge Heap Roots: 0,0ms
[31,828s][info][gc,phases   ] GC(237)   Evacuate Collection Set: 0,4ms
[31,828s][info][gc,phases   ] GC(237)   Post Evacuate Collection Set: 0,1ms
[31,828s][info][gc,phases   ] GC(237)   Other: 0,1ms
[31,828s][info][gc,heap     ] GC(237) Eden regions: 35->0(33)
[31,828s][info][gc,heap     ] GC(237) Survivor regions: 3->5(5)
[31,828s][info][gc,heap     ] GC(237) Old regions: 5->5
[31,828s][info][gc,heap     ] GC(237) Archive regions: 2->2
[31,828s][info][gc,heap     ] GC(237) Humongous regions: 0->0
[31,828s][info][gc,metaspace] GC(237) Metaspace: 117K(320K)->117K(320K) NonClass: 109K(192K)->109K(192K) Class: 8K(128K)->8K(128K)
[31,828s][info][gc          ] GC(237) Pause Young (Normal) (G1 Evacuation Pause) 42M->9M(64M) 0,700ms
[31,828s][info][gc,cpu      ] GC(237) User=0,00s Sys=0,00s Real=0,00s
[31,977s][info][gc,start    ] GC(238) Pause Young (Normal) (G1 Evacuation Pause)
[31,977s][info][gc,task     ] GC(238) Using 4 workers of 8 for evacuation
[31,977s][info][gc,phases   ] GC(238)   Pre Evacuate Collection Set: 0,0ms
[31,977s][info][gc,phases   ] GC(238)   Merge Heap Roots: 0,0ms
[31,977s][info][gc,phases   ] GC(238)   Evacuate Collection Set: 0,2ms
[31,977s][info][gc,phases   ] GC(238)   Post Evacuate Collection Set: 0,1ms
[31,977s][info][gc,phases   ] GC(238)   Other: 0,1ms
[31,977s][info][gc,heap     ] GC(238) Eden regions: 33->0(34)
[31,977s][info][gc,heap     ] GC(238) Survivor regions: 5->4(5)
[31,977s][info][gc,heap     ] GC(238) Old regions: 5->5
[31,977s][info][gc,heap     ] GC(238) Archive regions: 2->2
[31,977s][info][gc,heap     ] GC(238) Humongous regions: 0->0
[31,977s][info][gc,metaspace] GC(238) Metaspace: 117K(320K)->117K(320K) NonClass: 109K(192K)->109K(192K) Class: 8K(128K)->8K(128K)
[31,977s][info][gc          ] GC(238) Pause Young (Normal) (G1 Evacuation Pause) 42M->8M(64M) 0,516ms
[31,977s][info][gc,cpu      ] GC(238) User=0,00s Sys=0,00s Real=0,00s
[32,128s][info][gc,start    ] GC(239) Pause Young (Normal) (G1 Evacuation Pause)
[32,128s][info][gc,task     ] GC(239) Using 4 workers of 8 for evacuation
[32,128s][info][gc,phases   ] GC(239)   Pre Evacuate Collection Set: 0,0ms
[32,128s][info][gc,phases   ] GC(239)   Merge Heap Roots: 0,0ms
[32,128s][info][gc,phases   ] GC(239)   Evacuate Collection Set: 0,3ms
[32,128s][info][gc,phases   ] GC(239)   Post Evacuate Collection Set: 0,1ms
[32,128s][info][gc,phases   ] GC(239)   Other: 0,1ms
[32,128s][info][gc,heap     ] GC(239) Eden regions: 34->0(33)
[32,128s][info][gc,heap     ] GC(239) Survivor regions: 4->5(5)
[32,128s][info][gc,heap     ] GC(239) Old regions: 5->5
[32,128s][info][gc,heap     ] GC(239) Archive regions: 2->2
[32,128s][info][gc,heap     ] GC(239) Humongous regions: 0->0
[32,128s][info][gc,metaspace] GC(239) Metaspace: 117K(320K)->117K(320K) NonClass: 109K(192K)->109K(192K) Class: 8K(128K)->8K(128K)
[32,128s][info][gc          ] GC(239) Pause Young (Normal) (G1 Evacuation Pause) 42M->9M(64M) 0,674ms
[32,128s][info][gc,cpu      ] GC(239) User=0,00s Sys=0,00s Real=0,00s
[32,229s][info][gc,start    ] GC(240) Pause Young (Normal) (G1 Evacuation Pause)
[32,229s][info][gc,task     ] GC(240) Using 4 workers of 8 for evacuation
[32,229s][info][gc,phases   ] GC(240)   Pre Evacuate Collection Set: 0,0ms
[32,229s][info][gc,phases   ] GC(240)   Merge Heap Roots: 0,0ms
[32,229s][info][gc,phases   ] GC(240)   Evacuate Collection Set: 0,2ms
[32,229s][info][gc,phases   ] GC(240)   Post Evacuate Collection Set: 0,1ms
[32,229s][info][gc,phases   ] GC(240)   Other: 0,1ms
[32,229s][info][gc,heap     ] GC(240) Eden regions: 33->0(35)
[32,229s][info][gc,heap     ] GC(240) Survivor regions: 5->3(5)
[32,229s][info][gc,heap     ] GC(240) Old regions: 5->5
[32,229s][info][gc,heap     ] GC(240) Archive regions: 2->2
[32,229s][info][gc,heap     ] GC(240) Humongous regions: 0->0
[32,229s][info][gc,metaspace] GC(240) Metaspace: 117K(320K)->117K(320K) NonClass: 109K(192K)->109K(192K) Class: 8K(128K)->8K(128K)
[32,229s][info][gc          ] GC(240) Pause Young (Normal) (G1 Evacuation Pause) 42M->7M(64M) 0,583ms
[32,229s][info][gc,cpu      ] GC(240) User=0,00s Sys=0,00s Real=0,00s
[32,378s][info][gc,start    ] GC(241) Pause Young (Normal) (G1 Evacuation Pause)
[32,378s][info][gc,task     ] GC(241) Using 4 workers of 8 for evacuation
[32,379s][info][gc,phases   ] GC(241)   Pre Evacuate Collection Set: 0,0ms
[32,379s][info][gc,phases   ] GC(241)   Merge Heap Roots: 0,0ms
[32,379s][info][gc,phases   ] GC(241)   Evacuate Collection Set: 0,3ms
[32,379s][info][gc,phases   ] GC(241)   Post Evacuate Collection Set: 0,1ms
[32,379s][info][gc,phases   ] GC(241)   Other: 0,1ms
[32,379s][info][gc,heap     ] GC(241) Eden regions: 35->0(33)
[32,379s][info][gc,heap     ] GC(241) Survivor regions: 3->5(5)
[32,379s][info][gc,heap     ] GC(241) Old regions: 5->5
[32,379s][info][gc,heap     ] GC(241) Archive regions: 2->2
[32,379s][info][gc,heap     ] GC(241) Humongous regions: 0->0
[32,379s][info][gc,metaspace] GC(241) Metaspace: 117K(320K)->117K(320K) NonClass: 109K(192K)->109K(192K) Class: 8K(128K)->8K(128K)
[32,379s][info][gc          ] GC(241) Pause Young (Normal) (G1 Evacuation Pause) 42M->9M(64M) 0,672ms
[32,379s][info][gc,cpu      ] GC(241) User=0,00s Sys=0,00s Real=0,00s
[32,527s][info][gc,start    ] GC(242) Pause Young (Normal) (G1 Evacuation Pause)
[32,527s][info][gc,task     ] GC(242) Using 4 workers of 8 for evacuation
[32,527s][info][gc,phases   ] GC(242)   Pre Evacuate Collection Set: 0,0ms
[32,527s][info][gc,phases   ] GC(242)   Merge Heap Roots: 0,0ms
[32,527s][info][gc,phases   ] GC(242)   Evacuate Collection Set: 0,2ms
[32,527s][info][gc,phases   ] GC(242)   Post Evacuate Collection Set: 0,1ms
[32,527s][info][gc,phases   ] GC(242)   Other: 0,1ms
[32,527s][info][gc,heap     ] GC(242) Eden regions: 33->0(35)
[32,527s][info][gc,heap     ] GC(242) Survivor regions: 5->3(5)
[32,527s][info][gc,heap     ] GC(242) Old regions: 5->5
[32,527s][info][gc,heap     ] GC(242) Archive regions: 2->2
[32,527s][info][gc,heap     ] GC(242) Humongous regions: 0->0
[32,527s][info][gc,metaspace] GC(242) Metaspace: 117K(320K)->117K(320K) NonClass: 109K(192K)->109K(192K) Class: 8K(128K)->8K(128K)
[32,527s][info][gc          ] GC(242) Pause Young (Normal) (G1 Evacuation Pause) 42M->8M(64M) 0,520ms
[32,527s][info][gc,cpu      ] GC(242) User=0,00s Sys=0,00s Real=0,00s
[32,629s][info][gc,start    ] GC(243) Pause Young (Normal) (G1 Evacuation Pause)
[32,629s][info][gc,task     ] GC(243) Using 4 workers of 8 for evacuation
[32,630s][info][gc,phases   ] GC(243)   Pre Evacuate Collection Set: 0,0ms
[32,630s][info][gc,phases   ] GC(243)   Merge Heap Roots: 0,0ms
[32,630s][info][gc,phases   ] GC(243)   Evacuate Collection Set: 0,4ms
[32,630s][info][gc,phases   ] GC(243)   Post Evacuate Collection Set: 0,1ms
[32,630s][info][gc,phases   ] GC(243)   Other: 0,1ms
[32,630s][info][gc,heap     ] GC(243) Eden regions: 35->0(33)
[32,630s][info][gc,heap     ] GC(243) Survivor regions: 3->5(5)
[32,630s][info][gc,heap     ] GC(243) Old regions: 5->5
[32,630s][info][gc,heap     ] GC(243) Archive regions: 2->2
[32,630s][info][gc,heap     ] GC(243) Humongous regions: 0->0
[32,630s][info][gc,metaspace] GC(243) Metaspace: 117K(320K)->117K(320K) NonClass: 109K(192K)->109K(192K) Class: 8K(128K)->8K(128K)
[32,630s][info][gc          ] GC(243) Pause Young (Normal) (G1 Evacuation Pause) 43M->9M(64M) 0,811ms
[32,630s][info][gc,cpu      ] GC(243) User=0,01s Sys=0,00s Real=0,00s
[32,778s][info][gc,start    ] GC(244) Pause Young (Normal) (G1 Evacuation Pause)
[32,778s][info][gc,task     ] GC(244) Using 4 workers of 8 for evacuation
[32,779s][info][gc,phases   ] GC(244)   Pre Evacuate Collection Set: 0,0ms
[32,779s][info][gc,phases   ] GC(244)   Merge Heap Roots: 0,0ms
[32,779s][info][gc,phases   ] GC(244)   Evacuate Collection Set: 0,3ms
[32,779s][info][gc,phases   ] GC(244)   Post Evacuate Collection Set: 0,1ms
[32,779s][info][gc,phases   ] GC(244)   Other: 0,2ms
[32,779s][info][gc,heap     ] GC(244) Eden regions: 33->0(34)
[32,779s][info][gc,heap     ] GC(244) Survivor regions: 5->4(5)
[32,779s][info][gc,heap     ] GC(244) Old regions: 5->5
[32,779s][info][gc,heap     ] GC(244) Archive regions: 2->2
[32,779s][info][gc,heap     ] GC(244) Humongous regions: 0->0
[32,779s][info][gc,metaspace] GC(244) Metaspace: 117K(320K)->117K(320K) NonClass: 109K(192K)->109K(192K) Class: 8K(128K)->8K(128K)
[32,779s][info][gc          ] GC(244) Pause Young (Normal) (G1 Evacuation Pause) 42M->8M(64M) 0,688ms
[32,779s][info][gc,cpu      ] GC(244) User=0,00s Sys=0,00s Real=0,00s
[32,927s][info][gc,start    ] GC(245) Pause Young (Normal) (G1 Evacuation Pause)
[32,927s][info][gc,task     ] GC(245) Using 4 workers of 8 for evacuation
[32,927s][info][gc,phases   ] GC(245)   Pre Evacuate Collection Set: 0,0ms
[32,927s][info][gc,phases   ] GC(245)   Merge Heap Roots: 0,0ms
[32,927s][info][gc,phases   ] GC(245)   Evacuate Collection Set: 0,2ms
[32,927s][info][gc,phases   ] GC(245)   Post Evacuate Collection Set: 0,1ms
[32,927s][info][gc,phases   ] GC(245)   Other: 0,1ms
[32,927s][info][gc,heap     ] GC(245) Eden regions: 34->0(34)
[32,927s][info][gc,heap     ] GC(245) Survivor regions: 4->4(5)
[32,927s][info][gc,heap     ] GC(245) Old regions: 5->5
[32,927s][info][gc,heap     ] GC(245) Archive regions: 2->2
[32,927s][info][gc,heap     ] GC(245) Humongous regions: 0->0
[32,927s][info][gc,metaspace] GC(245) Metaspace: 117K(320K)->117K(320K) NonClass: 109K(192K)->109K(192K) Class: 8K(128K)->8K(128K)
[32,927s][info][gc          ] GC(245) Pause Young (Normal) (G1 Evacuation Pause) 42M->8M(64M) 0,574ms
[32,927s][info][gc,cpu      ] GC(245) User=0,00s Sys=0,00s Real=0,00s
[33,028s][info][gc,start    ] GC(246) Pause Young (Normal) (G1 Evacuation Pause)
[33,028s][info][gc,task     ] GC(246) Using 4 workers of 8 for evacuation
[33,029s][info][gc,phases   ] GC(246)   Pre Evacuate Collection Set: 0,0ms
[33,029s][info][gc,phases   ] GC(246)   Merge Heap Roots: 0,0ms
[33,029s][info][gc,phases   ] GC(246)   Evacuate Collection Set: 0,5ms
[33,029s][info][gc,phases   ] GC(246)   Post Evacuate Collection Set: 0,1ms
[33,029s][info][gc,phases   ] GC(246)   Other: 0,1ms
[33,029s][info][gc,heap     ] GC(246) Eden regions: 34->0(34)
[33,029s][info][gc,heap     ] GC(246) Survivor regions: 4->4(5)
[33,029s][info][gc,heap     ] GC(246) Old regions: 5->5
[33,029s][info][gc,heap     ] GC(246) Archive regions: 2->2
[33,029s][info][gc,heap     ] GC(246) Humongous regions: 0->0
[33,029s][info][gc,metaspace] GC(246) Metaspace: 117K(320K)->117K(320K) NonClass: 109K(192K)->109K(192K) Class: 8K(128K)->8K(128K)
[33,029s][info][gc          ] GC(246) Pause Young (Normal) (G1 Evacuation Pause) 42M->9M(64M) 0,839ms
[33,029s][info][gc,cpu      ] GC(246) User=0,01s Sys=0,00s Real=0,00s
[33,176s][info][gc,start    ] GC(247) Pause Young (Normal) (G1 Evacuation Pause)
[33,176s][info][gc,task     ] GC(247) Using 4 workers of 8 for evacuation
[33,176s][info][gc,phases   ] GC(247)   Pre Evacuate Collection Set: 0,0ms
[33,176s][info][gc,phases   ] GC(247)   Merge Heap Roots: 0,0ms
[33,176s][info][gc,phases   ] GC(247)   Evacuate Collection Set: 0,2ms
[33,176s][info][gc,phases   ] GC(247)   Post Evacuate Collection Set: 0,1ms
[33,176s][info][gc,phases   ] GC(247)   Other: 0,1ms
[33,176s][info][gc,heap     ] GC(247) Eden regions: 34->0(35)
[33,176s][info][gc,heap     ] GC(247) Survivor regions: 4->3(5)
[33,176s][info][gc,heap     ] GC(247) Old regions: 5->5
[33,176s][info][gc,heap     ] GC(247) Archive regions: 2->2
[33,176s][info][gc,heap     ] GC(247) Humongous regions: 0->0
[33,176s][info][gc,metaspace] GC(247) Metaspace: 117K(320K)->117K(320K) NonClass: 109K(192K)->109K(192K) Class: 8K(128K)->8K(128K)
[33,176s][info][gc          ] GC(247) Pause Young (Normal) (G1 Evacuation Pause) 43M->8M(64M) 0,581ms
[33,176s][info][gc,cpu      ] GC(247) User=0,00s Sys=0,00s Real=0,00s
[33,324s][info][gc,start    ] GC(248) Pause Young (Normal) (G1 Evacuation Pause)
[33,324s][info][gc,task     ] GC(248) Using 4 workers of 8 for evacuation
[33,325s][info][gc,phases   ] GC(248)   Pre Evacuate Collection Set: 0,0ms
[33,325s][info][gc,phases   ] GC(248)   Merge Heap Roots: 0,0ms
[33,325s][info][gc,phases   ] GC(248)   Evacuate Collection Set: 0,5ms
[33,325s][info][gc,phases   ] GC(248)   Post Evacuate Collection Set: 0,1ms
[33,325s][info][gc,phases   ] GC(248)   Other: 0,2ms
[33,325s][info][gc,heap     ] GC(248) Eden regions: 35->0(33)
[33,325s][info][gc,heap     ] GC(248) Survivor regions: 3->5(5)
[33,325s][info][gc,heap     ] GC(248) Old regions: 5->5
[33,325s][info][gc,heap     ] GC(248) Archive regions: 2->2
[33,325s][info][gc,heap     ] GC(248) Humongous regions: 0->0
[33,325s][info][gc,metaspace] GC(248) Metaspace: 117K(320K)->117K(320K) NonClass: 109K(192K)->109K(192K) Class: 8K(128K)->8K(128K)
[33,325s][info][gc          ] GC(248) Pause Young (Normal) (G1 Evacuation Pause) 43M->10M(64M) 1,090ms
[33,325s][info][gc,cpu      ] GC(248) User=0,00s Sys=0,00s Real=0,00s
[33,428s][info][gc,start    ] GC(249) Pause Young (Normal) (G1 Evacuation Pause)
[33,428s][info][gc,task     ] GC(249) Using 4 workers of 8 for evacuation
[33,428s][info][gc,phases   ] GC(249)   Pre Evacuate Collection Set: 0,0ms
[33,428s][info][gc,phases   ] GC(249)   Merge Heap Roots: 0,0ms
[33,428s][info][gc,phases   ] GC(249)   Evacuate Collection Set: 0,3ms
[33,428s][info][gc,phases   ] GC(249)   Post Evacuate Collection Set: 0,1ms
[33,428s][info][gc,phases   ] GC(249)   Other: 0,1ms
[33,428s][info][gc,heap     ] GC(249) Eden regions: 33->0(34)
[33,428s][info][gc,heap     ] GC(249) Survivor regions: 5->4(5)
[33,428s][info][gc,heap     ] GC(249) Old regions: 5->5
[33,429s][info][gc,heap     ] GC(249) Archive regions: 2->2
[33,429s][info][gc,heap     ] GC(249) Humongous regions: 0->0
[33,429s][info][gc,metaspace] GC(249) Metaspace: 117K(320K)->117K(320K) NonClass: 109K(192K)->109K(192K) Class: 8K(128K)->8K(128K)
[33,429s][info][gc          ] GC(249) Pause Young (Normal) (G1 Evacuation Pause) 43M->9M(64M) 0,667ms
[33,429s][info][gc,cpu      ] GC(249) User=0,01s Sys=0,00s Real=0,00s
[33,578s][info][gc,start    ] GC(250) Pause Young (Normal) (G1 Evacuation Pause)
[33,578s][info][gc,task     ] GC(250) Using 4 workers of 8 for evacuation
[33,578s][info][gc,phases   ] GC(250)   Pre Evacuate Collection Set: 0,0ms
[33,578s][info][gc,phases   ] GC(250)   Merge Heap Roots: 0,0ms
[33,578s][info][gc,phases   ] GC(250)   Evacuate Collection Set: 0,3ms
[33,578s][info][gc,phases   ] GC(250)   Post Evacuate Collection Set: 0,1ms
[33,578s][info][gc,phases   ] GC(250)   Other: 0,1ms
[33,578s][info][gc,heap     ] GC(250) Eden regions: 34->0(33)
[33,578s][info][gc,heap     ] GC(250) Survivor regions: 4->5(5)
[33,578s][info][gc,heap     ] GC(250) Old regions: 5->5
[33,578s][info][gc,heap     ] GC(250) Archive regions: 2->2
[33,579s][info][gc,heap     ] GC(250) Humongous regions: 0->0
[33,579s][info][gc,metaspace] GC(250) Metaspace: 117K(320K)->117K(320K) NonClass: 109K(192K)->109K(192K) Class: 8K(128K)->8K(128K)
[33,579s][info][gc          ] GC(250) Pause Young (Normal) (G1 Evacuation Pause) 42M->9M(64M) 0,652ms
[33,579s][info][gc,cpu      ] GC(250) User=0,00s Sys=0,00s Real=0,00s
[33,728s][info][gc,start    ] GC(251) Pause Young (Normal) (G1 Evacuation Pause)
[33,728s][info][gc,task     ] GC(251) Using 4 workers of 8 for evacuation
[33,729s][info][gc,phases   ] GC(251)   Pre Evacuate Collection Set: 0,0ms
[33,729s][info][gc,phases   ] GC(251)   Merge Heap Roots: 0,0ms
[33,729s][info][gc,phases   ] GC(251)   Evacuate Collection Set: 0,3ms
[33,729s][info][gc,phases   ] GC(251)   Post Evacuate Collection Set: 0,1ms
[33,729s][info][gc,phases   ] GC(251)   Other: 0,1ms
[33,729s][info][gc,heap     ] GC(251) Eden regions: 33->0(35)
[33,729s][info][gc,heap     ] GC(251) Survivor regions: 5->3(5)
[33,729s][info][gc,heap     ] GC(251) Old regions: 5->5
[33,729s][info][gc,heap     ] GC(251) Archive regions: 2->2
[33,729s][info][gc,heap     ] GC(251) Humongous regions: 0->0
[33,729s][info][gc,metaspace] GC(251) Metaspace: 117K(320K)->117K(320K) NonClass: 109K(192K)->109K(192K) Class: 8K(128K)->8K(128K)
[33,729s][info][gc          ] GC(251) Pause Young (Normal) (G1 Evacuation Pause) 42M->8M(64M) 0,702ms
[33,729s][info][gc,cpu      ] GC(251) User=0,00s Sys=0,00s Real=0,00s
[33,828s][info][gc,start    ] GC(252) Pause Young (Normal) (G1 Evacuation Pause)
[33,828s][info][gc,task     ] GC(252) Using 4 workers of 8 for evacuation
[33,829s][info][gc,phases   ] GC(252)   Pre Evacuate Collection Set: 0,0ms
[33,829s][info][gc,phases   ] GC(252)   Merge Heap Roots: 0,1ms
[33,829s][info][gc,phases   ] GC(252)   Evacuate Collection Set: 0,6ms
[33,829s][info][gc,phases   ] GC(252)   Post Evacuate Collection Set: 0,2ms
[33,829s][info][gc,phases   ] GC(252)   Other: 0,1ms
[33,829s][info][gc,heap     ] GC(252) Eden regions: 35->0(33)
[33,829s][info][gc,heap     ] GC(252) Survivor regions: 3->5(5)
[33,829s][info][gc,heap     ] GC(252) Old regions: 5->5
[33,829s][info][gc,heap     ] GC(252) Archive regions: 2->2
[33,829s][info][gc,heap     ] GC(252) Humongous regions: 0->0
[33,829s][info][gc,metaspace] GC(252) Metaspace: 117K(320K)->117K(320K) NonClass: 109K(192K)->109K(192K) Class: 8K(128K)->8K(128K)
[33,829s][info][gc          ] GC(252) Pause Young (Normal) (G1 Evacuation Pause) 43M->10M(64M) 1,077ms
[33,829s][info][gc,cpu      ] GC(252) User=0,01s Sys=0,00s Real=0,00s
[33,977s][info][gc,start    ] GC(253) Pause Young (Normal) (G1 Evacuation Pause)
[33,977s][info][gc,task     ] GC(253) Using 4 workers of 8 for evacuation
[33,978s][info][gc,phases   ] GC(253)   Pre Evacuate Collection Set: 0,0ms
[33,978s][info][gc,phases   ] GC(253)   Merge Heap Roots: 0,0ms
[33,978s][info][gc,phases   ] GC(253)   Evacuate Collection Set: 0,4ms
[33,978s][info][gc,phases   ] GC(253)   Post Evacuate Collection Set: 0,2ms
[33,978s][info][gc,phases   ] GC(253)   Other: 0,1ms
[33,978s][info][gc,heap     ] GC(253) Eden regions: 33->0(34)
[33,978s][info][gc,heap     ] GC(253) Survivor regions: 5->4(5)
[33,978s][info][gc,heap     ] GC(253) Old regions: 5->5
[33,978s][info][gc,heap     ] GC(253) Archive regions: 2->2
[33,978s][info][gc,heap     ] GC(253) Humongous regions: 0->0
[33,978s][info][gc,metaspace] GC(253) Metaspace: 117K(320K)->117K(320K) NonClass: 109K(192K)->109K(192K) Class: 8K(128K)->8K(128K)
[33,978s][info][gc          ] GC(253) Pause Young (Normal) (G1 Evacuation Pause) 43M->8M(64M) 0,827ms
[33,978s][info][gc,cpu      ] GC(253) User=0,00s Sys=0,00s Real=0,00s
[34,127s][info][gc,start    ] GC(254) Pause Young (Normal) (G1 Evacuation Pause)
[34,127s][info][gc,task     ] GC(254) Using 4 workers of 8 for evacuation
[34,128s][info][gc,phases   ] GC(254)   Pre Evacuate Collection Set: 0,0ms
[34,128s][info][gc,phases   ] GC(254)   Merge Heap Roots: 0,0ms
[34,128s][info][gc,phases   ] GC(254)   Evacuate Collection Set: 0,3ms
[34,128s][info][gc,phases   ] GC(254)   Post Evacuate Collection Set: 0,1ms
[34,128s][info][gc,phases   ] GC(254)   Other: 0,1ms
[34,128s][info][gc,heap     ] GC(254) Eden regions: 34->0(33)
[34,128s][info][gc,heap     ] GC(254) Survivor regions: 4->5(5)
[34,128s][info][gc,heap     ] GC(254) Old regions: 5->5
[34,128s][info][gc,heap     ] GC(254) Archive regions: 2->2
[34,128s][info][gc,heap     ] GC(254) Humongous regions: 0->0
[34,128s][info][gc,metaspace] GC(254) Metaspace: 117K(320K)->117K(320K) NonClass: 109K(192K)->109K(192K) Class: 8K(128K)->8K(128K)
[34,128s][info][gc          ] GC(254) Pause Young (Normal) (G1 Evacuation Pause) 42M->9M(64M) 0,660ms
[34,128s][info][gc,cpu      ] GC(254) User=0,00s Sys=0,00s Real=0,00s
[34,227s][info][gc,start    ] GC(255) Pause Young (Normal) (G1 Evacuation Pause)
[34,227s][info][gc,task     ] GC(255) Using 4 workers of 8 for evacuation
[34,228s][info][gc,phases   ] GC(255)   Pre Evacuate Collection Set: 0,0ms
[34,228s][info][gc,phases   ] GC(255)   Merge Heap Roots: 0,0ms
[34,228s][info][gc,phases   ] GC(255)   Evacuate Collection Set: 0,2ms
[34,228s][info][gc,phases   ] GC(255)   Post Evacuate Collection Set: 0,1ms
[34,228s][info][gc,phases   ] GC(255)   Other: 0,1ms
[34,228s][info][gc,heap     ] GC(255) Eden regions: 33->0(35)
[34,228s][info][gc,heap     ] GC(255) Survivor regions: 5->3(5)
[34,228s][info][gc,heap     ] GC(255) Old regions: 5->5
[34,228s][info][gc,heap     ] GC(255) Archive regions: 2->2
[34,228s][info][gc,heap     ] GC(255) Humongous regions: 0->0
[34,228s][info][gc,metaspace] GC(255) Metaspace: 117K(320K)->117K(320K) NonClass: 109K(192K)->109K(192K) Class: 8K(128K)->8K(128K)
[34,228s][info][gc          ] GC(255) Pause Young (Normal) (G1 Evacuation Pause) 42M->8M(64M) 0,579ms
[34,228s][info][gc,cpu      ] GC(255) User=0,01s Sys=0,00s Real=0,00s
[34,377s][info][gc,start    ] GC(256) Pause Young (Normal) (G1 Evacuation Pause)
[34,377s][info][gc,task     ] GC(256) Using 4 workers of 8 for evacuation
[34,378s][info][gc,phases   ] GC(256)   Pre Evacuate Collection Set: 0,0ms
[34,378s][info][gc,phases   ] GC(256)   Merge Heap Roots: 0,0ms
[34,378s][info][gc,phases   ] GC(256)   Evacuate Collection Set: 0,3ms
[34,378s][info][gc,phases   ] GC(256)   Post Evacuate Collection Set: 0,1ms
[34,378s][info][gc,phases   ] GC(256)   Other: 0,1ms
[34,378s][info][gc,heap     ] GC(256) Eden regions: 35->0(34)
[34,378s][info][gc,heap     ] GC(256) Survivor regions: 3->4(5)
[34,378s][info][gc,heap     ] GC(256) Old regions: 5->5
[34,378s][info][gc,heap     ] GC(256) Archive regions: 2->2
[34,378s][info][gc,heap     ] GC(256) Humongous regions: 0->0
[34,378s][info][gc,metaspace] GC(256) Metaspace: 117K(320K)->117K(320K) NonClass: 109K(192K)->109K(192K) Class: 8K(128K)->8K(128K)
[34,378s][info][gc          ] GC(256) Pause Young (Normal) (G1 Evacuation Pause) 43M->9M(64M) 0,729ms
[34,378s][info][gc,cpu      ] GC(256) User=0,00s Sys=0,00s Real=0,00s
[34,528s][info][gc,start    ] GC(257) Pause Young (Normal) (G1 Evacuation Pause)
[34,529s][info][gc,task     ] GC(257) Using 4 workers of 8 for evacuation
[34,529s][info][gc,phases   ] GC(257)   Pre Evacuate Collection Set: 0,0ms
[34,529s][info][gc,phases   ] GC(257)   Merge Heap Roots: 0,0ms
[34,529s][info][gc,phases   ] GC(257)   Evacuate Collection Set: 0,4ms
[34,529s][info][gc,phases   ] GC(257)   Post Evacuate Collection Set: 0,1ms
[34,529s][info][gc,phases   ] GC(257)   Other: 0,1ms
[34,529s][info][gc,heap     ] GC(257) Eden regions: 34->0(33)
[34,529s][info][gc,heap     ] GC(257) Survivor regions: 4->5(5)
[34,529s][info][gc,heap     ] GC(257) Old regions: 5->5
[34,529s][info][gc,heap     ] GC(257) Archive regions: 2->2
[34,529s][info][gc,heap     ] GC(257) Humongous regions: 0->0
[34,529s][info][gc,metaspace] GC(257) Metaspace: 117K(320K)->117K(320K) NonClass: 109K(192K)->109K(192K) Class: 8K(128K)->8K(128K)
[34,529s][info][gc          ] GC(257) Pause Young (Normal) (G1 Evacuation Pause) 43M->9M(64M) 0,750ms
[34,529s][info][gc,cpu      ] GC(257) User=0,00s Sys=0,00s Real=0,00s
[34,629s][info][gc,start    ] GC(258) Pause Young (Normal) (G1 Evacuation Pause)
[34,629s][info][gc,task     ] GC(258) Using 4 workers of 8 for evacuation
[34,629s][info][gc,phases   ] GC(258)   Pre Evacuate Collection Set: 0,0ms
[34,629s][info][gc,phases   ] GC(258)   Merge Heap Roots: 0,0ms
[34,629s][info][gc,phases   ] GC(258)   Evacuate Collection Set: 0,4ms
[34,629s][info][gc,phases   ] GC(258)   Post Evacuate Collection Set: 0,1ms
[34,629s][info][gc,phases   ] GC(258)   Other: 0,2ms
[34,629s][info][gc,heap     ] GC(258) Eden regions: 33->0(33)
[34,629s][info][gc,heap     ] GC(258) Survivor regions: 5->5(5)
[34,629s][info][gc,heap     ] GC(258) Old regions: 5->5
[34,629s][info][gc,heap     ] GC(258) Archive regions: 2->2
[34,629s][info][gc,heap     ] GC(258) Humongous regions: 0->0
[34,629s][info][gc,metaspace] GC(258) Metaspace: 117K(320K)->117K(320K) NonClass: 109K(192K)->109K(192K) Class: 8K(128K)->8K(128K)
[34,629s][info][gc          ] GC(258) Pause Young (Normal) (G1 Evacuation Pause) 42M->9M(64M) 0,835ms
[34,629s][info][gc,cpu      ] GC(258) User=0,01s Sys=0,00s Real=0,00s
[34,779s][info][gc,start    ] GC(259) Pause Young (Normal) (G1 Evacuation Pause)
[34,779s][info][gc,task     ] GC(259) Using 4 workers of 8 for evacuation
[34,779s][info][gc,phases   ] GC(259)   Pre Evacuate Collection Set: 0,0ms
[34,779s][info][gc,phases   ] GC(259)   Merge Heap Roots: 0,0ms
[34,779s][info][gc,phases   ] GC(259)   Evacuate Collection Set: 0,2ms
[34,779s][info][gc,phases   ] GC(259)   Post Evacuate Collection Set: 0,1ms
[34,779s][info][gc,phases   ] GC(259)   Other: 0,1ms
[34,779s][info][gc,heap     ] GC(259) Eden regions: 33->0(35)
[34,779s][info][gc,heap     ] GC(259) Survivor regions: 5->3(5)
[34,779s][info][gc,heap     ] GC(259) Old regions: 5->5
[34,779s][info][gc,heap     ] GC(259) Archive regions: 2->2
[34,779s][info][gc,heap     ] GC(259) Humongous regions: 0->0
[34,779s][info][gc,metaspace] GC(259) Metaspace: 117K(320K)->117K(320K) NonClass: 109K(192K)->109K(192K) Class: 8K(128K)->8K(128K)
[34,779s][info][gc          ] GC(259) Pause Young (Normal) (G1 Evacuation Pause) 42M->7M(64M) 0,553ms
[34,779s][info][gc,cpu      ] GC(259) User=0,00s Sys=0,00s Real=0,00s
[34,925s][info][gc,start    ] GC(260) Pause Young (Normal) (G1 Evacuation Pause)
[34,925s][info][gc,task     ] GC(260) Using 4 workers of 8 for evacuation
[34,925s][info][gc,phases   ] GC(260)   Pre Evacuate Collection Set: 0,0ms
[34,925s][info][gc,phases   ] GC(260)   Merge Heap Roots: 0,0ms
[34,925s][info][gc,phases   ] GC(260)   Evacuate Collection Set: 0,5ms
[34,925s][info][gc,phases   ] GC(260)   Post Evacuate Collection Set: 0,1ms
[34,925s][info][gc,phases   ] GC(260)   Other: 0,1ms
[34,925s][info][gc,heap     ] GC(260) Eden regions: 35->0(34)
[34,925s][info][gc,heap     ] GC(260) Survivor regions: 3->4(5)
[34,925s][info][gc,heap     ] GC(260) Old regions: 5->5
[34,926s][info][gc,heap     ] GC(260) Archive regions: 2->2
[34,926s][info][gc,heap     ] GC(260) Humongous regions: 0->0
[34,926s][info][gc,metaspace] GC(260) Metaspace: 117K(320K)->117K(320K) NonClass: 109K(192K)->109K(192K) Class: 8K(128K)->8K(128K)
[34,926s][info][gc          ] GC(260) Pause Young (Normal) (G1 Evacuation Pause) 42M->8M(64M) 0,944ms
[34,926s][info][gc,cpu      ] GC(260) User=0,00s Sys=0,00s Real=0,00s
[35,027s][info][gc,start    ] GC(261) Pause Young (Normal) (G1 Evacuation Pause)
[35,027s][info][gc,task     ] GC(261) Using 4 workers of 8 for evacuation
[35,028s][info][gc,phases   ] GC(261)   Pre Evacuate Collection Set: 0,0ms
[35,028s][info][gc,phases   ] GC(261)   Merge Heap Roots: 0,0ms
[35,028s][info][gc,phases   ] GC(261)   Evacuate Collection Set: 0,5ms
[35,028s][info][gc,phases   ] GC(261)   Post Evacuate Collection Set: 0,1ms
[35,028s][info][gc,phases   ] GC(261)   Other: 0,1ms
[35,028s][info][gc,heap     ] GC(261) Eden regions: 34->0(33)
[35,028s][info][gc,heap     ] GC(261) Survivor regions: 4->5(5)
[35,028s][info][gc,heap     ] GC(261) Old regions: 5->5
[35,028s][info][gc,heap     ] GC(261) Archive regions: 2->2
[35,028s][info][gc,heap     ] GC(261) Humongous regions: 0->0
[35,028s][info][gc,metaspace] GC(261) Metaspace: 117K(320K)->117K(320K) NonClass: 109K(192K)->109K(192K) Class: 8K(128K)->8K(128K)
[35,028s][info][gc          ] GC(261) Pause Young (Normal) (G1 Evacuation Pause) 42M->9M(64M) 0,819ms
[35,028s][info][gc,cpu      ] GC(261) User=0,01s Sys=0,00s Real=0,00s
[35,177s][info][gc,start    ] GC(262) Pause Young (Normal) (G1 Evacuation Pause)
[35,177s][info][gc,task     ] GC(262) Using 4 workers of 8 for evacuation
[35,177s][info][gc,phases   ] GC(262)   Pre Evacuate Collection Set: 0,0ms
[35,177s][info][gc,phases   ] GC(262)   Merge Heap Roots: 0,0ms
[35,177s][info][gc,phases   ] GC(262)   Evacuate Collection Set: 0,3ms
[35,177s][info][gc,phases   ] GC(262)   Post Evacuate Collection Set: 0,1ms
[35,177s][info][gc,phases   ] GC(262)   Other: 0,2ms
[35,177s][info][gc,heap     ] GC(262) Eden regions: 33->0(35)
[35,177s][info][gc,heap     ] GC(262) Survivor regions: 5->3(5)
[35,177s][info][gc,heap     ] GC(262) Old regions: 5->5
[35,177s][info][gc,heap     ] GC(262) Archive regions: 2->2
[35,177s][info][gc,heap     ] GC(262) Humongous regions: 0->0
[35,177s][info][gc,metaspace] GC(262) Metaspace: 117K(320K)->117K(320K) NonClass: 109K(192K)->109K(192K) Class: 8K(128K)->8K(128K)
[35,177s][info][gc          ] GC(262) Pause Young (Normal) (G1 Evacuation Pause) 42M->7M(64M) 0,761ms
[35,177s][info][gc,cpu      ] GC(262) User=0,00s Sys=0,00s Real=0,00s
[35,327s][info][gc,start    ] GC(263) Pause Young (Normal) (G1 Evacuation Pause)
[35,327s][info][gc,task     ] GC(263) Using 4 workers of 8 for evacuation
[35,328s][info][gc,phases   ] GC(263)   Pre Evacuate Collection Set: 0,0ms
[35,328s][info][gc,phases   ] GC(263)   Merge Heap Roots: 0,0ms
[35,328s][info][gc,phases   ] GC(263)   Evacuate Collection Set: 0,4ms
[35,328s][info][gc,phases   ] GC(263)   Post Evacuate Collection Set: 0,2ms
[35,328s][info][gc,phases   ] GC(263)   Other: 0,1ms
[35,328s][info][gc,heap     ] GC(263) Eden regions: 35->0(33)
[35,328s][info][gc,heap     ] GC(263) Survivor regions: 3->5(5)
[35,328s][info][gc,heap     ] GC(263) Old regions: 5->5
[35,328s][info][gc,heap     ] GC(263) Archive regions: 2->2
[35,328s][info][gc,heap     ] GC(263) Humongous regions: 0->0
[35,328s][info][gc,metaspace] GC(263) Metaspace: 117K(320K)->117K(320K) NonClass: 109K(192K)->109K(192K) Class: 8K(128K)->8K(128K)
[35,328s][info][gc          ] GC(263) Pause Young (Normal) (G1 Evacuation Pause) 42M->9M(64M) 0,879ms
[35,328s][info][gc,cpu      ] GC(263) User=0,00s Sys=0,00s Real=0,00s
[35,428s][info][gc,start    ] GC(264) Pause Young (Normal) (G1 Evacuation Pause)
[35,428s][info][gc,task     ] GC(264) Using 4 workers of 8 for evacuation
[35,429s][info][gc,phases   ] GC(264)   Pre Evacuate Collection Set: 0,0ms
[35,429s][info][gc,phases   ] GC(264)   Merge Heap Roots: 0,0ms
[35,429s][info][gc,phases   ] GC(264)   Evacuate Collection Set: 0,3ms
[35,429s][info][gc,phases   ] GC(264)   Post Evacuate Collection Set: 0,1ms
[35,429s][info][gc,phases   ] GC(264)   Other: 0,1ms
[35,429s][info][gc,heap     ] GC(264) Eden regions: 33->0(35)
[35,429s][info][gc,heap     ] GC(264) Survivor regions: 5->3(5)
[35,429s][info][gc,heap     ] GC(264) Old regions: 5->5
[35,429s][info][gc,heap     ] GC(264) Archive regions: 2->2
[35,429s][info][gc,heap     ] GC(264) Humongous regions: 0->0
[35,429s][info][gc,metaspace] GC(264) Metaspace: 117K(320K)->117K(320K) NonClass: 109K(192K)->109K(192K) Class: 8K(128K)->8K(128K)
[35,429s][info][gc          ] GC(264) Pause Young (Normal) (G1 Evacuation Pause) 42M->8M(64M) 0,638ms
[35,429s][info][gc,cpu      ] GC(264) User=0,01s Sys=0,00s Real=0,00s
[35,577s][info][gc,start    ] GC(265) Pause Young (Normal) (G1 Evacuation Pause)
[35,577s][info][gc,task     ] GC(265) Using 4 workers of 8 for evacuation
[35,577s][info][gc,phases   ] GC(265)   Pre Evacuate Collection Set: 0,0ms
[35,577s][info][gc,phases   ] GC(265)   Merge Heap Roots: 0,0ms
[35,577s][info][gc,phases   ] GC(265)   Evacuate Collection Set: 0,5ms
[35,577s][info][gc,phases   ] GC(265)   Post Evacuate Collection Set: 0,1ms
[35,577s][info][gc,phases   ] GC(265)   Other: 0,1ms
[35,577s][info][gc,heap     ] GC(265) Eden regions: 35->0(33)
[35,577s][info][gc,heap     ] GC(265) Survivor regions: 3->5(5)
[35,577s][info][gc,heap     ] GC(265) Old regions: 5->5
[35,577s][info][gc,heap     ] GC(265) Archive regions: 2->2
[35,577s][info][gc,heap     ] GC(265) Humongous regions: 0->0
[35,577s][info][gc,metaspace] GC(265) Metaspace: 117K(320K)->117K(320K) NonClass: 109K(192K)->109K(192K) Class: 8K(128K)->8K(128K)
[35,577s][info][gc          ] GC(265) Pause Young (Normal) (G1 Evacuation Pause) 43M->10M(64M) 0,844ms
[35,577s][info][gc,cpu      ] GC(265) User=0,00s Sys=0,00s Real=0,00s
[35,727s][info][gc,start    ] GC(266) Pause Young (Normal) (G1 Evacuation Pause)
[35,727s][info][gc,task     ] GC(266) Using 4 workers of 8 for evacuation
[35,727s][info][gc,phases   ] GC(266)   Pre Evacuate Collection Set: 0,0ms
[35,727s][info][gc,phases   ] GC(266)   Merge Heap Roots: 0,0ms
[35,727s][info][gc,phases   ] GC(266)   Evacuate Collection Set: 0,3ms
[35,727s][info][gc,phases   ] GC(266)   Post Evacuate Collection Set: 0,1ms
[35,727s][info][gc,phases   ] GC(266)   Other: 0,1ms
[35,727s][info][gc,heap     ] GC(266) Eden regions: 33->0(34)
[35,727s][info][gc,heap     ] GC(266) Survivor regions: 5->4(5)
[35,727s][info][gc,heap     ] GC(266) Old regions: 5->5
[35,727s][info][gc,heap     ] GC(266) Archive regions: 2->2
[35,727s][info][gc,heap     ] GC(266) Humongous regions: 0->0
[35,727s][info][gc,metaspace] GC(266) Metaspace: 117K(320K)->117K(320K) NonClass: 109K(192K)->109K(192K) Class: 8K(128K)->8K(128K)
[35,727s][info][gc          ] GC(266) Pause Young (Normal) (G1 Evacuation Pause) 43M->8M(64M) 0,674ms
[35,727s][info][gc,cpu      ] GC(266) User=0,00s Sys=0,00s Real=0,00s
[35,827s][info][gc,start    ] GC(267) Pause Young (Normal) (G1 Evacuation Pause)
[35,827s][info][gc,task     ] GC(267) Using 4 workers of 8 for evacuation
[35,828s][info][gc,phases   ] GC(267)   Pre Evacuate Collection Set: 0,0ms
[35,828s][info][gc,phases   ] GC(267)   Merge Heap Roots: 0,0ms
[35,828s][info][gc,phases   ] GC(267)   Evacuate Collection Set: 0,5ms
[35,828s][info][gc,phases   ] GC(267)   Post Evacuate Collection Set: 0,1ms
[35,828s][info][gc,phases   ] GC(267)   Other: 0,1ms
[35,828s][info][gc,heap     ] GC(267) Eden regions: 34->0(33)
[35,828s][info][gc,heap     ] GC(267) Survivor regions: 4->5(5)
[35,828s][info][gc,heap     ] GC(267) Old regions: 5->5
[35,828s][info][gc,heap     ] GC(267) Archive regions: 2->2
[35,828s][info][gc,heap     ] GC(267) Humongous regions: 0->0
[35,828s][info][gc,metaspace] GC(267) Metaspace: 117K(320K)->117K(320K) NonClass: 109K(192K)->109K(192K) Class: 8K(128K)->8K(128K)
[35,828s][info][gc          ] GC(267) Pause Young (Normal) (G1 Evacuation Pause) 42M->9M(64M) 0,829ms
[35,828s][info][gc,cpu      ] GC(267) User=0,01s Sys=0,00s Real=0,00s
[35,978s][info][gc,start    ] GC(268) Pause Young (Normal) (G1 Evacuation Pause)
[35,978s][info][gc,task     ] GC(268) Using 4 workers of 8 for evacuation
[35,978s][info][gc,phases   ] GC(268)   Pre Evacuate Collection Set: 0,0ms
[35,978s][info][gc,phases   ] GC(268)   Merge Heap Roots: 0,0ms
[35,978s][info][gc,phases   ] GC(268)   Evacuate Collection Set: 0,3ms
[35,978s][info][gc,phases   ] GC(268)   Post Evacuate Collection Set: 0,1ms
[35,978s][info][gc,phases   ] GC(268)   Other: 0,2ms
[35,978s][info][gc,heap     ] GC(268) Eden regions: 33->0(34)
[35,978s][info][gc,heap     ] GC(268) Survivor regions: 5->4(5)
[35,978s][info][gc,heap     ] GC(268) Old regions: 5->5
[35,978s][info][gc,heap     ] GC(268) Archive regions: 2->2
[35,979s][info][gc,heap     ] GC(268) Humongous regions: 0->0
[35,979s][info][gc,metaspace] GC(268) Metaspace: 117K(320K)->117K(320K) NonClass: 109K(192K)->109K(192K) Class: 8K(128K)->8K(128K)
[35,979s][info][gc          ] GC(268) Pause Young (Normal) (G1 Evacuation Pause) 42M->8M(64M) 0,732ms
[35,979s][info][gc,cpu      ] GC(268) User=0,00s Sys=0,00s Real=0,00s
[36,128s][info][gc,start    ] GC(269) Pause Young (Normal) (G1 Evacuation Pause)
[36,128s][info][gc,task     ] GC(269) Using 4 workers of 8 for evacuation
[36,129s][info][gc,phases   ] GC(269)   Pre Evacuate Collection Set: 0,0ms
[36,129s][info][gc,phases   ] GC(269)   Merge Heap Roots: 0,0ms
[36,129s][info][gc,phases   ] GC(269)   Evacuate Collection Set: 0,5ms
[36,129s][info][gc,phases   ] GC(269)   Post Evacuate Collection Set: 0,1ms
[36,129s][info][gc,phases   ] GC(269)   Other: 0,1ms
[36,129s][info][gc,heap     ] GC(269) Eden regions: 34->0(33)
[36,129s][info][gc,heap     ] GC(269) Survivor regions: 4->5(5)
[36,129s][info][gc,heap     ] GC(269) Old regions: 5->5
[36,129s][info][gc,heap     ] GC(269) Archive regions: 2->2
[36,129s][info][gc,heap     ] GC(269) Humongous regions: 0->0
[36,129s][info][gc,metaspace] GC(269) Metaspace: 117K(320K)->117K(320K) NonClass: 109K(192K)->109K(192K) Class: 8K(128K)->8K(128K)
[36,129s][info][gc          ] GC(269) Pause Young (Normal) (G1 Evacuation Pause) 42M->9M(64M) 0,867ms
[36,129s][info][gc,cpu      ] GC(269) User=0,00s Sys=0,00s Real=0,00s
[36,228s][info][gc,start    ] GC(270) Pause Young (Normal) (G1 Evacuation Pause)
[36,228s][info][gc,task     ] GC(270) Using 4 workers of 8 for evacuation
[36,229s][info][gc,phases   ] GC(270)   Pre Evacuate Collection Set: 0,0ms
[36,229s][info][gc,phases   ] GC(270)   Merge Heap Roots: 0,1ms
[36,229s][info][gc,phases   ] GC(270)   Evacuate Collection Set: 0,2ms
[36,229s][info][gc,phases   ] GC(270)   Post Evacuate Collection Set: 0,3ms
[36,229s][info][gc,phases   ] GC(270)   Other: 0,1ms
[36,229s][info][gc,heap     ] GC(270) Eden regions: 33->0(36)
[36,229s][info][gc,heap     ] GC(270) Survivor regions: 5->2(5)
[36,229s][info][gc,heap     ] GC(270) Old regions: 5->5
[36,229s][info][gc,heap     ] GC(270) Archive regions: 2->2
[36,229s][info][gc,heap     ] GC(270) Humongous regions: 0->0
[36,229s][info][gc,metaspace] GC(270) Metaspace: 117K(320K)->117K(320K) NonClass: 109K(192K)->109K(192K) Class: 8K(128K)->8K(128K)
[36,229s][info][gc          ] GC(270) Pause Young (Normal) (G1 Evacuation Pause) 42M->7M(64M) 0,983ms
[36,229s][info][gc,cpu      ] GC(270) User=0,00s Sys=0,00s Real=0,00s
[36,377s][info][gc,start    ] GC(271) Pause Young (Normal) (G1 Evacuation Pause)
[36,377s][info][gc,task     ] GC(271) Using 4 workers of 8 for evacuation
[36,377s][info][gc,phases   ] GC(271)   Pre Evacuate Collection Set: 0,0ms
[36,377s][info][gc,phases   ] GC(271)   Merge Heap Roots: 0,0ms
[36,377s][info][gc,phases   ] GC(271)   Evacuate Collection Set: 0,3ms
[36,377s][info][gc,phases   ] GC(271)   Post Evacuate Collection Set: 0,1ms
[36,377s][info][gc,phases   ] GC(271)   Other: 0,1ms
[36,377s][info][gc,heap     ] GC(271) Eden regions: 36->0(34)
[36,377s][info][gc,heap     ] GC(271) Survivor regions: 2->4(5)
[36,377s][info][gc,heap     ] GC(271) Old regions: 5->5
[36,377s][info][gc,heap     ] GC(271) Archive regions: 2->2
[36,377s][info][gc,heap     ] GC(271) Humongous regions: 0->0
[36,378s][info][gc,metaspace] GC(271) Metaspace: 117K(320K)->117K(320K) NonClass: 109K(192K)->109K(192K) Class: 8K(128K)->8K(128K)
[36,378s][info][gc          ] GC(271) Pause Young (Normal) (G1 Evacuation Pause) 43M->9M(64M) 0,697ms
[36,378s][info][gc,cpu      ] GC(271) User=0,00s Sys=0,01s Real=0,00s
[36,529s][info][gc,start    ] GC(272) Pause Young (Normal) (G1 Evacuation Pause)
[36,529s][info][gc,task     ] GC(272) Using 4 workers of 8 for evacuation
[36,530s][info][gc,phases   ] GC(272)   Pre Evacuate Collection Set: 0,1ms
[36,530s][info][gc,phases   ] GC(272)   Merge Heap Roots: 0,1ms
[36,530s][info][gc,phases   ] GC(272)   Evacuate Collection Set: 0,4ms
[36,530s][info][gc,phases   ] GC(272)   Post Evacuate Collection Set: 0,1ms
[36,530s][info][gc,phases   ] GC(272)   Other: 0,2ms
[36,530s][info][gc,heap     ] GC(272) Eden regions: 34->0(33)
[36,530s][info][gc,heap     ] GC(272) Survivor regions: 4->5(5)
[36,530s][info][gc,heap     ] GC(272) Old regions: 5->5
[36,530s][info][gc,heap     ] GC(272) Archive regions: 2->2
[36,530s][info][gc,heap     ] GC(272) Humongous regions: 0->0
[36,530s][info][gc,metaspace] GC(272) Metaspace: 117K(320K)->117K(320K) NonClass: 109K(192K)->109K(192K) Class: 8K(128K)->8K(128K)
[36,530s][info][gc          ] GC(272) Pause Young (Normal) (G1 Evacuation Pause) 43M->10M(64M) 0,992ms
[36,530s][info][gc,cpu      ] GC(272) User=0,00s Sys=0,00s Real=0,00s
[36,628s][info][gc,start    ] GC(273) Pause Young (Normal) (G1 Evacuation Pause)
[36,628s][info][gc,task     ] GC(273) Using 4 workers of 8 for evacuation
[36,629s][info][gc,phases   ] GC(273)   Pre Evacuate Collection Set: 0,0ms
[36,629s][info][gc,phases   ] GC(273)   Merge Heap Roots: 0,0ms
[36,629s][info][gc,phases   ] GC(273)   Evacuate Collection Set: 0,5ms
[36,629s][info][gc,phases   ] GC(273)   Post Evacuate Collection Set: 0,1ms
[36,629s][info][gc,phases   ] GC(273)   Other: 0,1ms
[36,629s][info][gc,heap     ] GC(273) Eden regions: 33->0(33)
[36,629s][info][gc,heap     ] GC(273) Survivor regions: 5->5(5)
[36,629s][info][gc,heap     ] GC(273) Old regions: 5->5
[36,629s][info][gc,heap     ] GC(273) Archive regions: 2->2
[36,629s][info][gc,heap     ] GC(273) Humongous regions: 0->0
[36,629s][info][gc,metaspace] GC(273) Metaspace: 117K(320K)->117K(320K) NonClass: 109K(192K)->109K(192K) Class: 8K(128K)->8K(128K)
[36,629s][info][gc          ] GC(273) Pause Young (Normal) (G1 Evacuation Pause) 43M->10M(64M) 0,783ms
[36,629s][info][gc,cpu      ] GC(273) User=0,00s Sys=0,00s Real=0,00s
[36,778s][info][gc,start    ] GC(274) Pause Young (Normal) (G1 Evacuation Pause)
[36,778s][info][gc,task     ] GC(274) Using 4 workers of 8 for evacuation
[36,779s][info][gc,phases   ] GC(274)   Pre Evacuate Collection Set: 0,0ms
[36,779s][info][gc,phases   ] GC(274)   Merge Heap Roots: 0,0ms
[36,779s][info][gc,phases   ] GC(274)   Evacuate Collection Set: 0,4ms
[36,779s][info][gc,phases   ] GC(274)   Post Evacuate Collection Set: 0,1ms
[36,779s][info][gc,phases   ] GC(274)   Other: 0,1ms
[36,779s][info][gc,heap     ] GC(274) Eden regions: 33->0(34)
[36,779s][info][gc,heap     ] GC(274) Survivor regions: 5->4(5)
[36,779s][info][gc,heap     ] GC(274) Old regions: 5->5
[36,779s][info][gc,heap     ] GC(274) Archive regions: 2->2
[36,779s][info][gc,heap     ] GC(274) Humongous regions: 0->0
[36,779s][info][gc,metaspace] GC(274) Metaspace: 117K(320K)->117K(320K) NonClass: 109K(192K)->109K(192K) Class: 8K(128K)->8K(128K)
[36,779s][info][gc          ] GC(274) Pause Young (Normal) (G1 Evacuation Pause) 43M->8M(64M) 0,828ms
[36,779s][info][gc,cpu      ] GC(274) User=0,00s Sys=0,00s Real=0,00s
[36,928s][info][gc,start    ] GC(275) Pause Young (Normal) (G1 Evacuation Pause)
[36,928s][info][gc,task     ] GC(275) Using 4 workers of 8 for evacuation
[36,929s][info][gc,phases   ] GC(275)   Pre Evacuate Collection Set: 0,0ms
[36,929s][info][gc,phases   ] GC(275)   Merge Heap Roots: 0,0ms
[36,929s][info][gc,phases   ] GC(275)   Evacuate Collection Set: 0,3ms
[36,929s][info][gc,phases   ] GC(275)   Post Evacuate Collection Set: 0,2ms
[36,929s][info][gc,phases   ] GC(275)   Other: 0,1ms
[36,929s][info][gc,heap     ] GC(275) Eden regions: 34->0(35)
[36,929s][info][gc,heap     ] GC(275) Survivor regions: 4->3(5)
[36,929s][info][gc,heap     ] GC(275) Old regions: 5->5
[36,929s][info][gc,heap     ] GC(275) Archive regions: 2->2
[36,929s][info][gc,heap     ] GC(275) Humongous regions: 0->0
[36,929s][info][gc,metaspace] GC(275) Metaspace: 117K(320K)->117K(320K) NonClass: 109K(192K)->109K(192K) Class: 8K(128K)->8K(128K)
[36,929s][info][gc          ] GC(275) Pause Young (Normal) (G1 Evacuation Pause) 42M->8M(64M) 0,757ms
[36,929s][info][gc,cpu      ] GC(275) User=0,00s Sys=0,00s Real=0,00s
[37,029s][info][gc,start    ] GC(276) Pause Young (Normal) (G1 Evacuation Pause)
[37,029s][info][gc,task     ] GC(276) Using 4 workers of 8 for evacuation
[37,029s][info][gc,phases   ] GC(276)   Pre Evacuate Collection Set: 0,0ms
[37,029s][info][gc,phases   ] GC(276)   Merge Heap Roots: 0,0ms
[37,029s][info][gc,phases   ] GC(276)   Evacuate Collection Set: 0,4ms
[37,029s][info][gc,phases   ] GC(276)   Post Evacuate Collection Set: 0,1ms
[37,029s][info][gc,phases   ] GC(276)   Other: 0,1ms
[37,029s][info][gc,heap     ] GC(276) Eden regions: 35->0(33)
[37,029s][info][gc,heap     ] GC(276) Survivor regions: 3->5(5)
[37,029s][info][gc,heap     ] GC(276) Old regions: 5->5
[37,029s][info][gc,heap     ] GC(276) Archive regions: 2->2
[37,029s][info][gc,heap     ] GC(276) Humongous regions: 0->0
[37,029s][info][gc,metaspace] GC(276) Metaspace: 117K(320K)->117K(320K) NonClass: 109K(192K)->109K(192K) Class: 8K(128K)->8K(128K)
[37,029s][info][gc          ] GC(276) Pause Young (Normal) (G1 Evacuation Pause) 43M->10M(64M) 0,867ms
[37,029s][info][gc,cpu      ] GC(276) User=0,00s Sys=0,00s Real=0,00s
[37,178s][info][gc,start    ] GC(277) Pause Young (Normal) (G1 Evacuation Pause)
[37,178s][info][gc,task     ] GC(277) Using 4 workers of 8 for evacuation
[37,178s][info][gc,phases   ] GC(277)   Pre Evacuate Collection Set: 0,0ms
[37,178s][info][gc,phases   ] GC(277)   Merge Heap Roots: 0,0ms
[37,178s][info][gc,phases   ] GC(277)   Evacuate Collection Set: 0,2ms
[37,178s][info][gc,phases   ] GC(277)   Post Evacuate Collection Set: 0,1ms
[37,178s][info][gc,phases   ] GC(277)   Other: 0,1ms
[37,178s][info][gc,heap     ] GC(277) Eden regions: 33->0(35)
[37,178s][info][gc,heap     ] GC(277) Survivor regions: 5->3(5)
[37,178s][info][gc,heap     ] GC(277) Old regions: 5->5
[37,178s][info][gc,heap     ] GC(277) Archive regions: 2->2
[37,178s][info][gc,heap     ] GC(277) Humongous regions: 0->0
[37,178s][info][gc,metaspace] GC(277) Metaspace: 117K(320K)->117K(320K) NonClass: 109K(192K)->109K(192K) Class: 8K(128K)->8K(128K)
[37,178s][info][gc          ] GC(277) Pause Young (Normal) (G1 Evacuation Pause) 42M->8M(64M) 0,615ms
[37,178s][info][gc,cpu      ] GC(277) User=0,00s Sys=0,00s Real=0,00s
[37,328s][info][gc,start    ] GC(278) Pause Young (Normal) (G1 Evacuation Pause)
[37,328s][info][gc,task     ] GC(278) Using 4 workers of 8 for evacuation
[37,329s][info][gc,phases   ] GC(278)   Pre Evacuate Collection Set: 0,0ms
[37,329s][info][gc,phases   ] GC(278)   Merge Heap Roots: 0,0ms
[37,329s][info][gc,phases   ] GC(278)   Evacuate Collection Set: 0,5ms
[37,329s][info][gc,phases   ] GC(278)   Post Evacuate Collection Set: 0,1ms
[37,329s][info][gc,phases   ] GC(278)   Other: 0,1ms
[37,329s][info][gc,heap     ] GC(278) Eden regions: 35->0(33)
[37,329s][info][gc,heap     ] GC(278) Survivor regions: 3->5(5)
[37,329s][info][gc,heap     ] GC(278) Old regions: 5->5
[37,329s][info][gc,heap     ] GC(278) Archive regions: 2->2
[37,329s][info][gc,heap     ] GC(278) Humongous regions: 0->0
[37,329s][info][gc,metaspace] GC(278) Metaspace: 117K(320K)->117K(320K) NonClass: 109K(192K)->109K(192K) Class: 8K(128K)->8K(128K)
[37,329s][info][gc          ] GC(278) Pause Young (Normal) (G1 Evacuation Pause) 43M->10M(64M) 0,934ms
[37,329s][info][gc,cpu      ] GC(278) User=0,00s Sys=0,00s Real=0,00s
[37,428s][info][gc,start    ] GC(279) Pause Young (Normal) (G1 Evacuation Pause)
[37,428s][info][gc,task     ] GC(279) Using 4 workers of 8 for evacuation
[37,428s][info][gc,phases   ] GC(279)   Pre Evacuate Collection Set: 0,0ms
[37,428s][info][gc,phases   ] GC(279)   Merge Heap Roots: 0,0ms
[37,428s][info][gc,phases   ] GC(279)   Evacuate Collection Set: 0,4ms
[37,428s][info][gc,phases   ] GC(279)   Post Evacuate Collection Set: 0,1ms
[37,428s][info][gc,phases   ] GC(279)   Other: 0,2ms
[37,428s][info][gc,heap     ] GC(279) Eden regions: 33->0(34)
[37,429s][info][gc,heap     ] GC(279) Survivor regions: 5->4(5)
[37,429s][info][gc,heap     ] GC(279) Old regions: 5->5
[37,429s][info][gc,heap     ] GC(279) Archive regions: 2->2
[37,429s][info][gc,heap     ] GC(279) Humongous regions: 0->0
[37,429s][info][gc,metaspace] GC(279) Metaspace: 117K(320K)->117K(320K) NonClass: 109K(192K)->109K(192K) Class: 8K(128K)->8K(128K)
[37,429s][info][gc          ] GC(279) Pause Young (Normal) (G1 Evacuation Pause) 43M->9M(64M) 0,929ms
[37,429s][info][gc,cpu      ] GC(279) User=0,00s Sys=0,00s Real=0,00s
[37,577s][info][gc,start    ] GC(280) Pause Young (Normal) (G1 Evacuation Pause)
[37,577s][info][gc,task     ] GC(280) Using 4 workers of 8 for evacuation
[37,578s][info][gc,phases   ] GC(280)   Pre Evacuate Collection Set: 0,0ms
[37,578s][info][gc,phases   ] GC(280)   Merge Heap Roots: 0,0ms
[37,578s][info][gc,phases   ] GC(280)   Evacuate Collection Set: 0,6ms
[37,578s][info][gc,phases   ] GC(280)   Post Evacuate Collection Set: 0,1ms
[37,578s][info][gc,phases   ] GC(280)   Other: 0,2ms
[37,578s][info][gc,heap     ] GC(280) Eden regions: 34->0(33)
[37,578s][info][gc,heap     ] GC(280) Survivor regions: 4->5(5)
[37,578s][info][gc,heap     ] GC(280) Old regions: 5->5
[37,578s][info][gc,heap     ] GC(280) Archive regions: 2->2
[37,578s][info][gc,heap     ] GC(280) Humongous regions: 0->0
[37,578s][info][gc,metaspace] GC(280) Metaspace: 117K(320K)->117K(320K) NonClass: 109K(192K)->109K(192K) Class: 8K(128K)->8K(128K)
[37,579s][info][gc          ] GC(280) Pause Young (Normal) (G1 Evacuation Pause) 43M->10M(64M) 1,270ms
[37,579s][info][gc,cpu      ] GC(280) User=0,00s Sys=0,00s Real=0,00s
[37,729s][info][gc,start    ] GC(281) Pause Young (Normal) (G1 Evacuation Pause)
[37,729s][info][gc,task     ] GC(281) Using 4 workers of 8 for evacuation
[37,729s][info][gc,phases   ] GC(281)   Pre Evacuate Collection Set: 0,0ms
[37,729s][info][gc,phases   ] GC(281)   Merge Heap Roots: 0,0ms
[37,729s][info][gc,phases   ] GC(281)   Evacuate Collection Set: 0,3ms
[37,729s][info][gc,phases   ] GC(281)   Post Evacuate Collection Set: 0,1ms
[37,729s][info][gc,phases   ] GC(281)   Other: 0,2ms
[37,729s][info][gc,heap     ] GC(281) Eden regions: 33->0(35)
[37,730s][info][gc,heap     ] GC(281) Survivor regions: 5->3(5)
[37,730s][info][gc,heap     ] GC(281) Old regions: 5->5
[37,730s][info][gc,heap     ] GC(281) Archive regions: 2->2
[37,730s][info][gc,heap     ] GC(281) Humongous regions: 0->0
[37,730s][info][gc,metaspace] GC(281) Metaspace: 117K(320K)->117K(320K) NonClass: 109K(192K)->109K(192K) Class: 8K(128K)->8K(128K)
[37,730s][info][gc          ] GC(281) Pause Young (Normal) (G1 Evacuation Pause) 43M->8M(64M) 0,892ms
[37,730s][info][gc,cpu      ] GC(281) User=0,00s Sys=0,00s Real=0,00s
[37,829s][info][gc,start    ] GC(282) Pause Young (Normal) (G1 Evacuation Pause)
[37,829s][info][gc,task     ] GC(282) Using 4 workers of 8 for evacuation
[37,830s][info][gc,phases   ] GC(282)   Pre Evacuate Collection Set: 0,0ms
[37,830s][info][gc,phases   ] GC(282)   Merge Heap Roots: 0,0ms
[37,830s][info][gc,phases   ] GC(282)   Evacuate Collection Set: 0,5ms
[37,830s][info][gc,phases   ] GC(282)   Post Evacuate Collection Set: 0,1ms
[37,830s][info][gc,phases   ] GC(282)   Other: 0,1ms
[37,830s][info][gc,heap     ] GC(282) Eden regions: 35->0(33)
[37,830s][info][gc,heap     ] GC(282) Survivor regions: 3->5(5)
[37,830s][info][gc,heap     ] GC(282) Old regions: 5->5
[37,830s][info][gc,heap     ] GC(282) Archive regions: 2->2
[37,830s][info][gc,heap     ] GC(282) Humongous regions: 0->0
[37,830s][info][gc,metaspace] GC(282) Metaspace: 117K(320K)->117K(320K) NonClass: 109K(192K)->109K(192K) Class: 8K(128K)->8K(128K)
[37,830s][info][gc          ] GC(282) Pause Young (Normal) (G1 Evacuation Pause) 43M->9M(64M) 0,891ms
[37,830s][info][gc,cpu      ] GC(282) User=0,00s Sys=0,00s Real=0,00s
[37,978s][info][gc,start    ] GC(283) Pause Young (Normal) (G1 Evacuation Pause)
[37,978s][info][gc,task     ] GC(283) Using 4 workers of 8 for evacuation
[37,979s][info][gc,phases   ] GC(283)   Pre Evacuate Collection Set: 0,0ms
[37,979s][info][gc,phases   ] GC(283)   Merge Heap Roots: 0,0ms
[37,979s][info][gc,phases   ] GC(283)   Evacuate Collection Set: 0,4ms
[37,979s][info][gc,phases   ] GC(283)   Post Evacuate Collection Set: 0,1ms
[37,979s][info][gc,phases   ] GC(283)   Other: 0,1ms
[37,979s][info][gc,heap     ] GC(283) Eden regions: 33->0(34)
[37,979s][info][gc,heap     ] GC(283) Survivor regions: 5->4(5)
[37,979s][info][gc,heap     ] GC(283) Old regions: 5->5
[37,979s][info][gc,heap     ] GC(283) Archive regions: 2->2
[37,979s][info][gc,heap     ] GC(283) Humongous regions: 0->0
[37,979s][info][gc,metaspace] GC(283) Metaspace: 117K(320K)->117K(320K) NonClass: 109K(192K)->109K(192K) Class: 8K(128K)->8K(128K)
[37,979s][info][gc          ] GC(283) Pause Young (Normal) (G1 Evacuation Pause) 42M->8M(64M) 0,801ms
[37,979s][info][gc,cpu      ] GC(283) User=0,01s Sys=0,00s Real=0,00s
[38,128s][info][gc,start    ] GC(284) Pause Young (Normal) (G1 Evacuation Pause)
[38,128s][info][gc,task     ] GC(284) Using 4 workers of 8 for evacuation
[38,129s][info][gc,phases   ] GC(284)   Pre Evacuate Collection Set: 0,0ms
[38,129s][info][gc,phases   ] GC(284)   Merge Heap Roots: 0,0ms
[38,129s][info][gc,phases   ] GC(284)   Evacuate Collection Set: 0,5ms
[38,129s][info][gc,phases   ] GC(284)   Post Evacuate Collection Set: 0,1ms
[38,129s][info][gc,phases   ] GC(284)   Other: 0,1ms
[38,129s][info][gc,heap     ] GC(284) Eden regions: 34->0(33)
[38,129s][info][gc,heap     ] GC(284) Survivor regions: 4->5(5)
[38,129s][info][gc,heap     ] GC(284) Old regions: 5->5
[38,129s][info][gc,heap     ] GC(284) Archive regions: 2->2
[38,129s][info][gc,heap     ] GC(284) Humongous regions: 0->0
[38,129s][info][gc,metaspace] GC(284) Metaspace: 117K(320K)->117K(320K) NonClass: 109K(192K)->109K(192K) Class: 8K(128K)->8K(128K)
[38,129s][info][gc          ] GC(284) Pause Young (Normal) (G1 Evacuation Pause) 42M->9M(64M) 0,894ms
[38,129s][info][gc,cpu      ] GC(284) User=0,00s Sys=0,00s Real=0,00s
[38,228s][info][gc,start    ] GC(285) Pause Young (Normal) (G1 Evacuation Pause)
[38,228s][info][gc,task     ] GC(285) Using 4 workers of 8 for evacuation
[38,229s][info][gc,phases   ] GC(285)   Pre Evacuate Collection Set: 0,0ms
[38,229s][info][gc,phases   ] GC(285)   Merge Heap Roots: 0,0ms
[38,229s][info][gc,phases   ] GC(285)   Evacuate Collection Set: 0,3ms
[38,229s][info][gc,phases   ] GC(285)   Post Evacuate Collection Set: 0,1ms
[38,229s][info][gc,phases   ] GC(285)   Other: 0,2ms
[38,229s][info][gc,heap     ] GC(285) Eden regions: 33->0(35)
[38,229s][info][gc,heap     ] GC(285) Survivor regions: 5->3(5)
[38,229s][info][gc,heap     ] GC(285) Old regions: 5->5
[38,229s][info][gc,heap     ] GC(285) Archive regions: 2->2
[38,229s][info][gc,heap     ] GC(285) Humongous regions: 0->0
[38,229s][info][gc,metaspace] GC(285) Metaspace: 117K(320K)->117K(320K) NonClass: 109K(192K)->109K(192K) Class: 8K(128K)->8K(128K)
[38,229s][info][gc          ] GC(285) Pause Young (Normal) (G1 Evacuation Pause) 42M->8M(64M) 0,848ms
[38,229s][info][gc,cpu      ] GC(285) User=0,00s Sys=0,01s Real=0,00s
[38,374s][info][gc,start    ] GC(286) Pause Young (Normal) (G1 Evacuation Pause)
[38,374s][info][gc,task     ] GC(286) Using 4 workers of 8 for evacuation
[38,375s][info][gc,phases   ] GC(286)   Pre Evacuate Collection Set: 0,0ms
[38,375s][info][gc,phases   ] GC(286)   Merge Heap Roots: 0,0ms
[38,375s][info][gc,phases   ] GC(286)   Evacuate Collection Set: 0,5ms
[38,375s][info][gc,phases   ] GC(286)   Post Evacuate Collection Set: 0,1ms
[38,375s][info][gc,phases   ] GC(286)   Other: 0,1ms
[38,375s][info][gc,heap     ] GC(286) Eden regions: 35->0(33)
[38,375s][info][gc,heap     ] GC(286) Survivor regions: 3->5(5)
[38,375s][info][gc,heap     ] GC(286) Old regions: 5->5
[38,375s][info][gc,heap     ] GC(286) Archive regions: 2->2
[38,375s][info][gc,heap     ] GC(286) Humongous regions: 0->0
[38,375s][info][gc,metaspace] GC(286) Metaspace: 117K(320K)->117K(320K) NonClass: 109K(192K)->109K(192K) Class: 8K(128K)->8K(128K)
[38,375s][info][gc          ] GC(286) Pause Young (Normal) (G1 Evacuation Pause) 43M->10M(64M) 0,915ms
[38,375s][info][gc,cpu      ] GC(286) User=0,00s Sys=0,00s Real=0,00s
[38,528s][info][gc,start    ] GC(287) Pause Young (Normal) (G1 Evacuation Pause)
[38,528s][info][gc,task     ] GC(287) Using 4 workers of 8 for evacuation
[38,529s][info][gc,phases   ] GC(287)   Pre Evacuate Collection Set: 0,0ms
[38,529s][info][gc,phases   ] GC(287)   Merge Heap Roots: 0,0ms
[38,529s][info][gc,phases   ] GC(287)   Evacuate Collection Set: 0,5ms
[38,529s][info][gc,phases   ] GC(287)   Post Evacuate Collection Set: 0,1ms
[38,529s][info][gc,phases   ] GC(287)   Other: 0,1ms
[38,529s][info][gc,heap     ] GC(287) Eden regions: 33->0(35)
[38,529s][info][gc,heap     ] GC(287) Survivor regions: 5->3(5)
[38,529s][info][gc,heap     ] GC(287) Old regions: 5->5
[38,529s][info][gc,heap     ] GC(287) Archive regions: 2->2
[38,529s][info][gc,heap     ] GC(287) Humongous regions: 0->0
[38,529s][info][gc,metaspace] GC(287) Metaspace: 117K(320K)->117K(320K) NonClass: 109K(192K)->109K(192K) Class: 8K(128K)->8K(128K)
[38,529s][info][gc          ] GC(287) Pause Young (Normal) (G1 Evacuation Pause) 43M->8M(64M) 1,016ms
[38,529s][info][gc,cpu      ] GC(287) User=0,00s Sys=0,00s Real=0,00s
[38,629s][info][gc,start    ] GC(288) Pause Young (Normal) (G1 Evacuation Pause)
[38,629s][info][gc,task     ] GC(288) Using 4 workers of 8 for evacuation
[38,630s][info][gc,phases   ] GC(288)   Pre Evacuate Collection Set: 0,0ms
[38,630s][info][gc,phases   ] GC(288)   Merge Heap Roots: 0,0ms
[38,630s][info][gc,phases   ] GC(288)   Evacuate Collection Set: 0,6ms
[38,630s][info][gc,phases   ] GC(288)   Post Evacuate Collection Set: 0,1ms
[38,630s][info][gc,phases   ] GC(288)   Other: 0,2ms
[38,630s][info][gc,heap     ] GC(288) Eden regions: 35->0(33)
[38,630s][info][gc,heap     ] GC(288) Survivor regions: 3->5(5)
[38,630s][info][gc,heap     ] GC(288) Old regions: 5->5
[38,630s][info][gc,heap     ] GC(288) Archive regions: 2->2
[38,630s][info][gc,heap     ] GC(288) Humongous regions: 0->0
[38,630s][info][gc,metaspace] GC(288) Metaspace: 117K(320K)->117K(320K) NonClass: 109K(192K)->109K(192K) Class: 8K(128K)->8K(128K)
[38,631s][info][gc          ] GC(288) Pause Young (Normal) (G1 Evacuation Pause) 43M->10M(64M) 1,309ms
[38,631s][info][gc,cpu      ] GC(288) User=0,01s Sys=0,00s Real=0,00s
[38,778s][info][gc,start    ] GC(289) Pause Young (Normal) (G1 Evacuation Pause)
[38,778s][info][gc,task     ] GC(289) Using 4 workers of 8 for evacuation
[38,779s][info][gc,phases   ] GC(289)   Pre Evacuate Collection Set: 0,0ms
[38,779s][info][gc,phases   ] GC(289)   Merge Heap Roots: 0,0ms
[38,779s][info][gc,phases   ] GC(289)   Evacuate Collection Set: 0,5ms
[38,779s][info][gc,phases   ] GC(289)   Post Evacuate Collection Set: 0,1ms
[38,779s][info][gc,phases   ] GC(289)   Other: 0,2ms
[38,779s][info][gc,heap     ] GC(289) Eden regions: 33->0(34)
[38,779s][info][gc,heap     ] GC(289) Survivor regions: 5->4(5)
[38,779s][info][gc,heap     ] GC(289) Old regions: 5->5
[38,779s][info][gc,heap     ] GC(289) Archive regions: 2->2
[38,779s][info][gc,heap     ] GC(289) Humongous regions: 0->0
[38,779s][info][gc,metaspace] GC(289) Metaspace: 117K(320K)->117K(320K) NonClass: 109K(192K)->109K(192K) Class: 8K(128K)->8K(128K)
[38,779s][info][gc          ] GC(289) Pause Young (Normal) (G1 Evacuation Pause) 43M->8M(64M) 1,095ms
[38,779s][info][gc,cpu      ] GC(289) User=0,00s Sys=0,00s Real=0,00s
[38,929s][info][gc,start    ] GC(290) Pause Young (Normal) (G1 Evacuation Pause)
[38,929s][info][gc,task     ] GC(290) Using 4 workers of 8 for evacuation
[38,929s][info][gc,phases   ] GC(290)   Pre Evacuate Collection Set: 0,1ms
[38,929s][info][gc,phases   ] GC(290)   Merge Heap Roots: 0,1ms
[38,929s][info][gc,phases   ] GC(290)   Evacuate Collection Set: 0,3ms
[38,929s][info][gc,phases   ] GC(290)   Post Evacuate Collection Set: 0,1ms
[38,929s][info][gc,phases   ] GC(290)   Other: 0,1ms
[38,929s][info][gc,heap     ] GC(290) Eden regions: 34->0(34)
[38,929s][info][gc,heap     ] GC(290) Survivor regions: 4->4(5)
[38,929s][info][gc,heap     ] GC(290) Old regions: 5->5
[38,929s][info][gc,heap     ] GC(290) Archive regions: 2->2
[38,929s][info][gc,heap     ] GC(290) Humongous regions: 0->0
[38,929s][info][gc,metaspace] GC(290) Metaspace: 117K(320K)->117K(320K) NonClass: 109K(192K)->109K(192K) Class: 8K(128K)->8K(128K)
[38,929s][info][gc          ] GC(290) Pause Young (Normal) (G1 Evacuation Pause) 42M->8M(64M) 0,822ms
[38,930s][info][gc,cpu      ] GC(290) User=0,00s Sys=0,00s Real=0,00s
[39,029s][info][gc,start    ] GC(291) Pause Young (Normal) (G1 Evacuation Pause)
[39,029s][info][gc,task     ] GC(291) Using 4 workers of 8 for evacuation
[39,030s][info][gc,phases   ] GC(291)   Pre Evacuate Collection Set: 0,0ms
[39,030s][info][gc,phases   ] GC(291)   Merge Heap Roots: 0,1ms
[39,030s][info][gc,phases   ] GC(291)   Evacuate Collection Set: 0,5ms
[39,030s][info][gc,phases   ] GC(291)   Post Evacuate Collection Set: 0,1ms
[39,030s][info][gc,phases   ] GC(291)   Other: 0,2ms
[39,030s][info][gc,heap     ] GC(291) Eden regions: 34->0(33)
[39,030s][info][gc,heap     ] GC(291) Survivor regions: 4->5(5)
[39,030s][info][gc,heap     ] GC(291) Old regions: 5->5
[39,030s][info][gc,heap     ] GC(291) Archive regions: 2->2
[39,030s][info][gc,heap     ] GC(291) Humongous regions: 0->0
[39,030s][info][gc,metaspace] GC(291) Metaspace: 117K(320K)->117K(320K) NonClass: 109K(192K)->109K(192K) Class: 8K(128K)->8K(128K)
[39,030s][info][gc          ] GC(291) Pause Young (Normal) (G1 Evacuation Pause) 42M->9M(64M) 1,118ms
[39,031s][info][gc,cpu      ] GC(291) User=0,00s Sys=0,00s Real=0,00s
[39,179s][info][gc,start    ] GC(292) Pause Young (Normal) (G1 Evacuation Pause)
[39,179s][info][gc,task     ] GC(292) Using 4 workers of 8 for evacuation
[39,180s][info][gc,phases   ] GC(292)   Pre Evacuate Collection Set: 0,2ms
[39,180s][info][gc,phases   ] GC(292)   Merge Heap Roots: 0,0ms
[39,180s][info][gc,phases   ] GC(292)   Evacuate Collection Set: 0,3ms
[39,180s][info][gc,phases   ] GC(292)   Post Evacuate Collection Set: 0,2ms
[39,180s][info][gc,phases   ] GC(292)   Other: 0,3ms
[39,180s][info][gc,heap     ] GC(292) Eden regions: 33->0(36)
[39,180s][info][gc,heap     ] GC(292) Survivor regions: 5->2(5)
[39,180s][info][gc,heap     ] GC(292) Old regions: 5->5
[39,180s][info][gc,heap     ] GC(292) Archive regions: 2->2
[39,180s][info][gc,heap     ] GC(292) Humongous regions: 0->0
[39,180s][info][gc,metaspace] GC(292) Metaspace: 117K(320K)->117K(320K) NonClass: 109K(192K)->109K(192K) Class: 8K(128K)->8K(128K)
[39,180s][info][gc          ] GC(292) Pause Young (Normal) (G1 Evacuation Pause) 42M->7M(64M) 1,276ms
[39,180s][info][gc,cpu      ] GC(292) User=0,00s Sys=0,00s Real=0,00s
[39,329s][info][gc,start    ] GC(293) Pause Young (Normal) (G1 Evacuation Pause)
[39,329s][info][gc,task     ] GC(293) Using 4 workers of 8 for evacuation
[39,330s][info][gc,phases   ] GC(293)   Pre Evacuate Collection Set: 0,0ms
[39,330s][info][gc,phases   ] GC(293)   Merge Heap Roots: 0,0ms
[39,330s][info][gc,phases   ] GC(293)   Evacuate Collection Set: 0,6ms
[39,330s][info][gc,phases   ] GC(293)   Post Evacuate Collection Set: 0,2ms
[39,330s][info][gc,phases   ] GC(293)   Other: 0,2ms
[39,330s][info][gc,heap     ] GC(293) Eden regions: 36->0(33)
[39,330s][info][gc,heap     ] GC(293) Survivor regions: 2->5(5)
[39,330s][info][gc,heap     ] GC(293) Old regions: 5->5
[39,330s][info][gc,heap     ] GC(293) Archive regions: 2->2
[39,330s][info][gc,heap     ] GC(293) Humongous regions: 0->0
[39,330s][info][gc,metaspace] GC(293) Metaspace: 117K(320K)->117K(320K) NonClass: 109K(192K)->109K(192K) Class: 8K(128K)->8K(128K)
[39,330s][info][gc          ] GC(293) Pause Young (Normal) (G1 Evacuation Pause) 43M->10M(64M) 1,172ms
[39,330s][info][gc,cpu      ] GC(293) User=0,00s Sys=0,00s Real=0,00s
[39,428s][info][gc,start    ] GC(294) Pause Young (Normal) (G1 Evacuation Pause)
[39,428s][info][gc,task     ] GC(294) Using 4 workers of 8 for evacuation
[39,429s][info][gc,phases   ] GC(294)   Pre Evacuate Collection Set: 0,0ms
[39,429s][info][gc,phases   ] GC(294)   Merge Heap Roots: 0,0ms
[39,429s][info][gc,phases   ] GC(294)   Evacuate Collection Set: 0,7ms
[39,429s][info][gc,phases   ] GC(294)   Post Evacuate Collection Set: 0,2ms
[39,429s][info][gc,phases   ] GC(294)   Other: 0,1ms
[39,429s][info][gc,heap     ] GC(294) Eden regions: 33->0(34)
[39,429s][info][gc,heap     ] GC(294) Survivor regions: 5->4(5)
[39,429s][info][gc,heap     ] GC(294) Old regions: 5->5
[39,429s][info][gc,heap     ] GC(294) Archive regions: 2->2
[39,429s][info][gc,heap     ] GC(294) Humongous regions: 0->0
[39,429s][info][gc,metaspace] GC(294) Metaspace: 117K(320K)->117K(320K) NonClass: 109K(192K)->109K(192K) Class: 8K(128K)->8K(128K)
[39,429s][info][gc          ] GC(294) Pause Young (Normal) (G1 Evacuation Pause) 43M->9M(64M) 1,208ms
[39,429s][info][gc,cpu      ] GC(294) User=0,00s Sys=0,00s Real=0,00s
[39,578s][info][gc,start    ] GC(295) Pause Young (Normal) (G1 Evacuation Pause)
[39,578s][info][gc,task     ] GC(295) Using 4 workers of 8 for evacuation
[39,578s][info][gc,phases   ] GC(295)   Pre Evacuate Collection Set: 0,0ms
[39,578s][info][gc,phases   ] GC(295)   Merge Heap Roots: 0,0ms
[39,578s][info][gc,phases   ] GC(295)   Evacuate Collection Set: 0,4ms
[39,578s][info][gc,phases   ] GC(295)   Post Evacuate Collection Set: 0,1ms
[39,578s][info][gc,phases   ] GC(295)   Other: 0,1ms
[39,578s][info][gc,heap     ] GC(295) Eden regions: 34->0(33)
[39,578s][info][gc,heap     ] GC(295) Survivor regions: 4->5(5)
[39,578s][info][gc,heap     ] GC(295) Old regions: 5->5
[39,578s][info][gc,heap     ] GC(295) Archive regions: 2->2
[39,578s][info][gc,heap     ] GC(295) Humongous regions: 0->0
[39,578s][info][gc,metaspace] GC(295) Metaspace: 117K(320K)->117K(320K) NonClass: 109K(192K)->109K(192K) Class: 8K(128K)->8K(128K)
[39,578s][info][gc          ] GC(295) Pause Young (Normal) (G1 Evacuation Pause) 43M->10M(64M) 0,783ms
[39,578s][info][gc,cpu      ] GC(295) User=0,00s Sys=0,00s Real=0,00s
[39,728s][info][gc,start    ] GC(296) Pause Young (Normal) (G1 Evacuation Pause)
[39,728s][info][gc,task     ] GC(296) Using 4 workers of 8 for evacuation
[39,728s][info][gc,phases   ] GC(296)   Pre Evacuate Collection Set: 0,0ms
[39,728s][info][gc,phases   ] GC(296)   Merge Heap Roots: 0,0ms
[39,728s][info][gc,phases   ] GC(296)   Evacuate Collection Set: 0,4ms
[39,728s][info][gc,phases   ] GC(296)   Post Evacuate Collection Set: 0,1ms
[39,728s][info][gc,phases   ] GC(296)   Other: 0,1ms
[39,728s][info][gc,heap     ] GC(296) Eden regions: 33->0(34)
[39,728s][info][gc,heap     ] GC(296) Survivor regions: 5->4(5)
[39,728s][info][gc,heap     ] GC(296) Old regions: 5->5
[39,729s][info][gc,heap     ] GC(296) Archive regions: 2->2
[39,729s][info][gc,heap     ] GC(296) Humongous regions: 0->0
[39,729s][info][gc,metaspace] GC(296) Metaspace: 117K(320K)->117K(320K) NonClass: 109K(192K)->109K(192K) Class: 8K(128K)->8K(128K)
[39,729s][info][gc          ] GC(296) Pause Young (Normal) (G1 Evacuation Pause) 43M->8M(64M) 0,916ms
[39,729s][info][gc,cpu      ] GC(296) User=0,00s Sys=0,00s Real=0,00s
[39,828s][info][gc,start    ] GC(297) Pause Young (Normal) (G1 Evacuation Pause)
[39,828s][info][gc,task     ] GC(297) Using 4 workers of 8 for evacuation
[39,829s][info][gc,phases   ] GC(297)   Pre Evacuate Collection Set: 0,0ms
[39,829s][info][gc,phases   ] GC(297)   Merge Heap Roots: 0,0ms
[39,829s][info][gc,phases   ] GC(297)   Evacuate Collection Set: 0,5ms
[39,829s][info][gc,phases   ] GC(297)   Post Evacuate Collection Set: 0,1ms
[39,829s][info][gc,phases   ] GC(297)   Other: 0,1ms
[39,829s][info][gc,heap     ] GC(297) Eden regions: 34->0(33)
[39,829s][info][gc,heap     ] GC(297) Survivor regions: 4->5(5)
[39,829s][info][gc,heap     ] GC(297) Old regions: 5->5
[39,829s][info][gc,heap     ] GC(297) Archive regions: 2->2
[39,829s][info][gc,heap     ] GC(297) Humongous regions: 0->0
[39,829s][info][gc,metaspace] GC(297) Metaspace: 117K(320K)->117K(320K) NonClass: 109K(192K)->109K(192K) Class: 8K(128K)->8K(128K)
[39,829s][info][gc          ] GC(297) Pause Young (Normal) (G1 Evacuation Pause) 42M->9M(64M) 1,002ms
[39,829s][info][gc,cpu      ] GC(297) User=0,00s Sys=0,00s Real=0,00s
[39,977s][info][gc,start    ] GC(298) Pause Young (Normal) (G1 Evacuation Pause)
[39,977s][info][gc,task     ] GC(298) Using 4 workers of 8 for evacuation
[39,977s][info][gc,phases   ] GC(298)   Pre Evacuate Collection Set: 0,0ms
[39,978s][info][gc,phases   ] GC(298)   Merge Heap Roots: 0,0ms
[39,978s][info][gc,phases   ] GC(298)   Evacuate Collection Set: 0,2ms
[39,978s][info][gc,phases   ] GC(298)   Post Evacuate Collection Set: 0,1ms
[39,978s][info][gc,phases   ] GC(298)   Other: 0,1ms
[39,978s][info][gc,heap     ] GC(298) Eden regions: 33->0(35)
[39,978s][info][gc,heap     ] GC(298) Survivor regions: 5->3(5)
[39,978s][info][gc,heap     ] GC(298) Old regions: 5->5
[39,978s][info][gc,heap     ] GC(298) Archive regions: 2->2
[39,978s][info][gc,heap     ] GC(298) Humongous regions: 0->0
[39,978s][info][gc,metaspace] GC(298) Metaspace: 117K(320K)->117K(320K) NonClass: 109K(192K)->109K(192K) Class: 8K(128K)->8K(128K)
[39,978s][info][gc          ] GC(298) Pause Young (Normal) (G1 Evacuation Pause) 42M->8M(64M) 0,529ms
[39,978s][info][gc,cpu      ] GC(298) User=0,01s Sys=0,00s Real=0,00s
[40,127s][info][gc,start    ] GC(299) Pause Young (Normal) (G1 Evacuation Pause)
[40,127s][info][gc,task     ] GC(299) Using 4 workers of 8 for evacuation
[40,127s][info][gc,phases   ] GC(299)   Pre Evacuate Collection Set: 0,0ms
[40,127s][info][gc,phases   ] GC(299)   Merge Heap Roots: 0,0ms
[40,127s][info][gc,phases   ] GC(299)   Evacuate Collection Set: 0,4ms
[40,127s][info][gc,phases   ] GC(299)   Post Evacuate Collection Set: 0,1ms
[40,127s][info][gc,phases   ] GC(299)   Other: 0,1ms
[40,127s][info][gc,heap     ] GC(299) Eden regions: 35->0(33)
[40,127s][info][gc,heap     ] GC(299) Survivor regions: 3->5(5)
[40,127s][info][gc,heap     ] GC(299) Old regions: 5->5
[40,127s][info][gc,heap     ] GC(299) Archive regions: 2->2
[40,127s][info][gc,heap     ] GC(299) Humongous regions: 0->0
[40,127s][info][gc,metaspace] GC(299) Metaspace: 117K(320K)->117K(320K) NonClass: 109K(192K)->109K(192K) Class: 8K(128K)->8K(128K)
[40,127s][info][gc          ] GC(299) Pause Young (Normal) (G1 Evacuation Pause) 43M->10M(64M) 0,767ms
[40,127s][info][gc,cpu      ] GC(299) User=0,00s Sys=0,01s Real=0,00s
[40,228s][info][gc,start    ] GC(300) Pause Young (Normal) (G1 Evacuation Pause)
[40,228s][info][gc,task     ] GC(300) Using 4 workers of 8 for evacuation
[40,229s][info][gc,phases   ] GC(300)   Pre Evacuate Collection Set: 0,0ms
[40,229s][info][gc,phases   ] GC(300)   Merge Heap Roots: 0,0ms
[40,229s][info][gc,phases   ] GC(300)   Evacuate Collection Set: 0,3ms
[40,229s][info][gc,phases   ] GC(300)   Post Evacuate Collection Set: 0,1ms
[40,229s][info][gc,phases   ] GC(300)   Other: 0,2ms
[40,229s][info][gc,heap     ] GC(300) Eden regions: 33->0(35)
[40,229s][info][gc,heap     ] GC(300) Survivor regions: 5->3(5)
[40,229s][info][gc,heap     ] GC(300) Old regions: 5->5
[40,229s][info][gc,heap     ] GC(300) Archive regions: 2->2
[40,229s][info][gc,heap     ] GC(300) Humongous regions: 0->0
[40,229s][info][gc,metaspace] GC(300) Metaspace: 117K(320K)->117K(320K) NonClass: 109K(192K)->109K(192K) Class: 8K(128K)->8K(128K)
[40,229s][info][gc          ] GC(300) Pause Young (Normal) (G1 Evacuation Pause) 43M->8M(64M) 0,807ms
[40,229s][info][gc,cpu      ] GC(300) User=0,00s Sys=0,00s Real=0,00s
[40,377s][info][gc,start    ] GC(301) Pause Young (Normal) (G1 Evacuation Pause)
[40,377s][info][gc,task     ] GC(301) Using 4 workers of 8 for evacuation
[40,377s][info][gc,phases   ] GC(301)   Pre Evacuate Collection Set: 0,0ms
[40,377s][info][gc,phases   ] GC(301)   Merge Heap Roots: 0,0ms
[40,377s][info][gc,phases   ] GC(301)   Evacuate Collection Set: 0,4ms
[40,377s][info][gc,phases   ] GC(301)   Post Evacuate Collection Set: 0,1ms
[40,377s][info][gc,phases   ] GC(301)   Other: 0,1ms
[40,378s][info][gc,heap     ] GC(301) Eden regions: 35->0(33)
[40,378s][info][gc,heap     ] GC(301) Survivor regions: 3->5(5)
[40,378s][info][gc,heap     ] GC(301) Old regions: 5->5
[40,378s][info][gc,heap     ] GC(301) Archive regions: 2->2
[40,378s][info][gc,heap     ] GC(301) Humongous regions: 0->0
[40,378s][info][gc,metaspace] GC(301) Metaspace: 117K(320K)->117K(320K) NonClass: 109K(192K)->109K(192K) Class: 8K(128K)->8K(128K)
[40,378s][info][gc          ] GC(301) Pause Young (Normal) (G1 Evacuation Pause) 43M->10M(64M) 0,847ms
[40,378s][info][gc,cpu      ] GC(301) User=0,01s Sys=0,00s Real=0,00s
[40,527s][info][gc,start    ] GC(302) Pause Young (Normal) (G1 Evacuation Pause)
[40,527s][info][gc,task     ] GC(302) Using 4 workers of 8 for evacuation
[40,528s][info][gc,phases   ] GC(302)   Pre Evacuate Collection Set: 0,0ms
[40,528s][info][gc,phases   ] GC(302)   Merge Heap Roots: 0,0ms
[40,528s][info][gc,phases   ] GC(302)   Evacuate Collection Set: 0,4ms
[40,528s][info][gc,phases   ] GC(302)   Post Evacuate Collection Set: 0,1ms
[40,528s][info][gc,phases   ] GC(302)   Other: 0,1ms
[40,528s][info][gc,heap     ] GC(302) Eden regions: 33->0(34)
[40,528s][info][gc,heap     ] GC(302) Survivor regions: 5->4(5)
[40,528s][info][gc,heap     ] GC(302) Old regions: 5->5
[40,528s][info][gc,heap     ] GC(302) Archive regions: 2->2
[40,528s][info][gc,heap     ] GC(302) Humongous regions: 0->0
[40,528s][info][gc,metaspace] GC(302) Metaspace: 117K(320K)->117K(320K) NonClass: 109K(192K)->109K(192K) Class: 8K(128K)->8K(128K)
[40,528s][info][gc          ] GC(302) Pause Young (Normal) (G1 Evacuation Pause) 43M->9M(64M) 0,902ms
[40,528s][info][gc,cpu      ] GC(302) User=0,00s Sys=0,00s Real=0,00s
[40,629s][info][gc,start    ] GC(303) Pause Young (Normal) (G1 Evacuation Pause)
[40,629s][info][gc,task     ] GC(303) Using 4 workers of 8 for evacuation
[40,630s][info][gc,phases   ] GC(303)   Pre Evacuate Collection Set: 0,0ms
[40,630s][info][gc,phases   ] GC(303)   Merge Heap Roots: 0,0ms
[40,630s][info][gc,phases   ] GC(303)   Evacuate Collection Set: 0,3ms
[40,630s][info][gc,phases   ] GC(303)   Post Evacuate Collection Set: 0,1ms
[40,630s][info][gc,phases   ] GC(303)   Other: 0,1ms
[40,630s][info][gc,heap     ] GC(303) Eden regions: 34->0(35)
[40,630s][info][gc,heap     ] GC(303) Survivor regions: 4->3(5)
[40,630s][info][gc,heap     ] GC(303) Old regions: 5->5
[40,630s][info][gc,heap     ] GC(303) Archive regions: 2->2
[40,630s][info][gc,heap     ] GC(303) Humongous regions: 0->0
[40,630s][info][gc,metaspace] GC(303) Metaspace: 117K(320K)->117K(320K) NonClass: 109K(192K)->109K(192K) Class: 8K(128K)->8K(128K)
[40,630s][info][gc          ] GC(303) Pause Young (Normal) (G1 Evacuation Pause) 43M->8M(64M) 0,688ms
[40,630s][info][gc,cpu      ] GC(303) User=0,00s Sys=0,00s Real=0,00s
[40,777s][info][gc,start    ] GC(304) Pause Young (Normal) (G1 Evacuation Pause)
[40,777s][info][gc,task     ] GC(304) Using 4 workers of 8 for evacuation
[40,778s][info][gc,phases   ] GC(304)   Pre Evacuate Collection Set: 0,0ms
[40,778s][info][gc,phases   ] GC(304)   Merge Heap Roots: 0,0ms
[40,778s][info][gc,phases   ] GC(304)   Evacuate Collection Set: 0,3ms
[40,778s][info][gc,phases   ] GC(304)   Post Evacuate Collection Set: 0,1ms
[40,778s][info][gc,phases   ] GC(304)   Other: 0,1ms
[40,778s][info][gc,heap     ] GC(304) Eden regions: 35->0(33)
[40,778s][info][gc,heap     ] GC(304) Survivor regions: 3->5(5)
[40,778s][info][gc,heap     ] GC(304) Old regions: 5->5
[40,778s][info][gc,heap     ] GC(304) Archive regions: 2->2
[40,778s][info][gc,heap     ] GC(304) Humongous regions: 0->0
[40,778s][info][gc,metaspace] GC(304) Metaspace: 117K(320K)->117K(320K) NonClass: 109K(192K)->109K(192K) Class: 8K(128K)->8K(128K)
[40,778s][info][gc          ] GC(304) Pause Young (Normal) (G1 Evacuation Pause) 43M->10M(64M) 0,673ms
[40,778s][info][gc,cpu      ] GC(304) User=0,01s Sys=0,00s Real=0,00s
[40,927s][info][gc,start    ] GC(305) Pause Young (Normal) (G1 Evacuation Pause)
[40,927s][info][gc,task     ] GC(305) Using 4 workers of 8 for evacuation
[40,928s][info][gc,phases   ] GC(305)   Pre Evacuate Collection Set: 0,0ms
[40,928s][info][gc,phases   ] GC(305)   Merge Heap Roots: 0,0ms
[40,928s][info][gc,phases   ] GC(305)   Evacuate Collection Set: 0,3ms
[40,928s][info][gc,phases   ] GC(305)   Post Evacuate Collection Set: 0,1ms
[40,928s][info][gc,phases   ] GC(305)   Other: 0,1ms
[40,928s][info][gc,heap     ] GC(305) Eden regions: 33->0(34)
[40,928s][info][gc,heap     ] GC(305) Survivor regions: 5->4(5)
[40,928s][info][gc,heap     ] GC(305) Old regions: 5->5
[40,928s][info][gc,heap     ] GC(305) Archive regions: 2->2
[40,928s][info][gc,heap     ] GC(305) Humongous regions: 0->0
[40,928s][info][gc,metaspace] GC(305) Metaspace: 117K(320K)->117K(320K) NonClass: 109K(192K)->109K(192K) Class: 8K(128K)->8K(128K)
[40,928s][info][gc          ] GC(305) Pause Young (Normal) (G1 Evacuation Pause) 43M->9M(64M) 0,620ms
[40,928s][info][gc,cpu      ] GC(305) User=0,00s Sys=0,00s Real=0,00s
[41,029s][info][gc,start    ] GC(306) Pause Young (Normal) (G1 Evacuation Pause)
[41,029s][info][gc,task     ] GC(306) Using 4 workers of 8 for evacuation
[41,030s][info][gc,phases   ] GC(306)   Pre Evacuate Collection Set: 0,0ms
[41,030s][info][gc,phases   ] GC(306)   Merge Heap Roots: 0,0ms
[41,030s][info][gc,phases   ] GC(306)   Evacuate Collection Set: 0,4ms
[41,030s][info][gc,phases   ] GC(306)   Post Evacuate Collection Set: 0,1ms
[41,030s][info][gc,phases   ] GC(306)   Other: 0,1ms
[41,030s][info][gc,heap     ] GC(306) Eden regions: 34->0(33)
[41,030s][info][gc,heap     ] GC(306) Survivor regions: 4->5(5)
[41,030s][info][gc,heap     ] GC(306) Old regions: 5->5
[41,030s][info][gc,heap     ] GC(306) Archive regions: 2->2
[41,030s][info][gc,heap     ] GC(306) Humongous regions: 0->0
[41,030s][info][gc,metaspace] GC(306) Metaspace: 117K(320K)->117K(320K) NonClass: 109K(192K)->109K(192K) Class: 8K(128K)->8K(128K)
[41,030s][info][gc          ] GC(306) Pause Young (Normal) (G1 Evacuation Pause) 43M->10M(64M) 0,805ms
[41,030s][info][gc,cpu      ] GC(306) User=0,00s Sys=0,00s Real=0,00s
[41,179s][info][gc,start    ] GC(307) Pause Young (Normal) (G1 Evacuation Pause)
[41,179s][info][gc,task     ] GC(307) Using 4 workers of 8 for evacuation
[41,180s][info][gc,phases   ] GC(307)   Pre Evacuate Collection Set: 0,1ms
[41,180s][info][gc,phases   ] GC(307)   Merge Heap Roots: 0,0ms
[41,180s][info][gc,phases   ] GC(307)   Evacuate Collection Set: 0,4ms
[41,180s][info][gc,phases   ] GC(307)   Post Evacuate Collection Set: 0,1ms
[41,180s][info][gc,phases   ] GC(307)   Other: 0,2ms
[41,180s][info][gc,heap     ] GC(307) Eden regions: 33->0(35)
[41,180s][info][gc,heap     ] GC(307) Survivor regions: 5->3(5)
[41,180s][info][gc,heap     ] GC(307) Old regions: 5->5
[41,180s][info][gc,heap     ] GC(307) Archive regions: 2->2
[41,180s][info][gc,heap     ] GC(307) Humongous regions: 0->0
[41,180s][info][gc,metaspace] GC(307) Metaspace: 117K(320K)->117K(320K) NonClass: 109K(192K)->109K(192K) Class: 8K(128K)->8K(128K)
[41,180s][info][gc          ] GC(307) Pause Young (Normal) (G1 Evacuation Pause) 43M->8M(64M) 0,833ms
[41,180s][info][gc,cpu      ] GC(307) User=0,01s Sys=0,00s Real=0,00s
[41,327s][info][gc,start    ] GC(308) Pause Young (Normal) (G1 Evacuation Pause)
[41,327s][info][gc,task     ] GC(308) Using 4 workers of 8 for evacuation
[41,327s][info][gc,phases   ] GC(308)   Pre Evacuate Collection Set: 0,0ms
[41,327s][info][gc,phases   ] GC(308)   Merge Heap Roots: 0,0ms
[41,327s][info][gc,phases   ] GC(308)   Evacuate Collection Set: 0,4ms
[41,327s][info][gc,phases   ] GC(308)   Post Evacuate Collection Set: 0,1ms
[41,327s][info][gc,phases   ] GC(308)   Other: 0,1ms
[41,327s][info][gc,heap     ] GC(308) Eden regions: 35->0(33)
[41,327s][info][gc,heap     ] GC(308) Survivor regions: 3->5(5)
[41,327s][info][gc,heap     ] GC(308) Old regions: 5->5
[41,327s][info][gc,heap     ] GC(308) Archive regions: 2->2
[41,327s][info][gc,heap     ] GC(308) Humongous regions: 0->0
[41,327s][info][gc,metaspace] GC(308) Metaspace: 117K(320K)->117K(320K) NonClass: 109K(192K)->109K(192K) Class: 8K(128K)->8K(128K)
[41,328s][info][gc          ] GC(308) Pause Young (Normal) (G1 Evacuation Pause) 43M->10M(64M) 0,747ms
[41,328s][info][gc,cpu      ] GC(308) User=0,00s Sys=0,00s Real=0,00s
[41,428s][info][gc,start    ] GC(309) Pause Young (Normal) (G1 Evacuation Pause)
[41,428s][info][gc,task     ] GC(309) Using 4 workers of 8 for evacuation
[41,429s][info][gc,phases   ] GC(309)   Pre Evacuate Collection Set: 0,0ms
[41,429s][info][gc,phases   ] GC(309)   Merge Heap Roots: 0,0ms
[41,429s][info][gc,phases   ] GC(309)   Evacuate Collection Set: 0,4ms
[41,429s][info][gc,phases   ] GC(309)   Post Evacuate Collection Set: 0,1ms
[41,429s][info][gc,phases   ] GC(309)   Other: 0,1ms
[41,429s][info][gc,heap     ] GC(309) Eden regions: 33->0(35)
[41,429s][info][gc,heap     ] GC(309) Survivor regions: 5->3(5)
[41,429s][info][gc,heap     ] GC(309) Old regions: 5->5
[41,429s][info][gc,heap     ] GC(309) Archive regions: 2->2
[41,429s][info][gc,heap     ] GC(309) Humongous regions: 0->0
[41,429s][info][gc,metaspace] GC(309) Metaspace: 117K(320K)->117K(320K) NonClass: 109K(192K)->109K(192K) Class: 8K(128K)->8K(128K)
[41,429s][info][gc          ] GC(309) Pause Young (Normal) (G1 Evacuation Pause) 43M->8M(64M) 0,818ms
[41,429s][info][gc,cpu      ] GC(309) User=0,00s Sys=0,00s Real=0,00s
[41,575s][info][gc,start    ] GC(310) Pause Young (Normal) (G1 Evacuation Pause)
[41,575s][info][gc,task     ] GC(310) Using 4 workers of 8 for evacuation
[41,576s][info][gc,phases   ] GC(310)   Pre Evacuate Collection Set: 0,0ms
[41,576s][info][gc,phases   ] GC(310)   Merge Heap Roots: 0,1ms
[41,576s][info][gc,phases   ] GC(310)   Evacuate Collection Set: 0,6ms
[41,576s][info][gc,phases   ] GC(310)   Post Evacuate Collection Set: 0,1ms
[41,576s][info][gc,phases   ] GC(310)   Other: 0,1ms
[41,576s][info][gc,heap     ] GC(310) Eden regions: 35->0(33)
[41,576s][info][gc,heap     ] GC(310) Survivor regions: 3->5(5)
[41,576s][info][gc,heap     ] GC(310) Old regions: 5->5
[41,576s][info][gc,heap     ] GC(310) Archive regions: 2->2
[41,576s][info][gc,heap     ] GC(310) Humongous regions: 0->0
[41,576s][info][gc,metaspace] GC(310) Metaspace: 117K(320K)->117K(320K) NonClass: 109K(192K)->109K(192K) Class: 8K(128K)->8K(128K)
[41,576s][info][gc          ] GC(310) Pause Young (Normal) (G1 Evacuation Pause) 43M->10M(64M) 1,054ms
[41,576s][info][gc,cpu      ] GC(310) User=0,01s Sys=0,00s Real=0,00s
[41,724s][info][gc,start    ] GC(311) Pause Young (Normal) (G1 Evacuation Pause)
[41,724s][info][gc,task     ] GC(311) Using 4 workers of 8 for evacuation
[41,724s][info][gc,phases   ] GC(311)   Pre Evacuate Collection Set: 0,0ms
[41,725s][info][gc,phases   ] GC(311)   Merge Heap Roots: 0,0ms
[41,725s][info][gc,phases   ] GC(311)   Evacuate Collection Set: 0,5ms
[41,725s][info][gc,phases   ] GC(311)   Post Evacuate Collection Set: 0,2ms
[41,725s][info][gc,phases   ] GC(311)   Other: 0,1ms
[41,725s][info][gc,heap     ] GC(311) Eden regions: 33->0(34)
[41,725s][info][gc,heap     ] GC(311) Survivor regions: 5->4(5)
[41,725s][info][gc,heap     ] GC(311) Old regions: 5->5
[41,725s][info][gc,heap     ] GC(311) Archive regions: 2->2
[41,725s][info][gc,heap     ] GC(311) Humongous regions: 0->0
[41,725s][info][gc,metaspace] GC(311) Metaspace: 117K(320K)->117K(320K) NonClass: 109K(192K)->109K(192K) Class: 8K(128K)->8K(128K)
[41,725s][info][gc          ] GC(311) Pause Young (Normal) (G1 Evacuation Pause) 43M->9M(64M) 0,920ms
[41,725s][info][gc,cpu      ] GC(311) User=0,00s Sys=0,00s Real=0,00s
[41,829s][info][gc,start    ] GC(312) Pause Young (Normal) (G1 Evacuation Pause)
[41,829s][info][gc,task     ] GC(312) Using 4 workers of 8 for evacuation
[41,829s][info][gc,phases   ] GC(312)   Pre Evacuate Collection Set: 0,0ms
[41,829s][info][gc,phases   ] GC(312)   Merge Heap Roots: 0,0ms
[41,829s][info][gc,phases   ] GC(312)   Evacuate Collection Set: 0,4ms
[41,829s][info][gc,phases   ] GC(312)   Post Evacuate Collection Set: 0,1ms
[41,829s][info][gc,phases   ] GC(312)   Other: 0,1ms
[41,829s][info][gc,heap     ] GC(312) Eden regions: 34->0(33)
[41,829s][info][gc,heap     ] GC(312) Survivor regions: 4->5(5)
[41,829s][info][gc,heap     ] GC(312) Old regions: 5->5
[41,829s][info][gc,heap     ] GC(312) Archive regions: 2->2
[41,829s][info][gc,heap     ] GC(312) Humongous regions: 0->0
[41,829s][info][gc,metaspace] GC(312) Metaspace: 117K(320K)->117K(320K) NonClass: 109K(192K)->109K(192K) Class: 8K(128K)->8K(128K)
[41,829s][info][gc          ] GC(312) Pause Young (Normal) (G1 Evacuation Pause) 43M->10M(64M) 0,723ms
[41,829s][info][gc,cpu      ] GC(312) User=0,00s Sys=0,00s Real=0,00s
[41,978s][info][gc,start    ] GC(313) Pause Young (Normal) (G1 Evacuation Pause)
[41,978s][info][gc,task     ] GC(313) Using 4 workers of 8 for evacuation
[41,978s][info][gc,phases   ] GC(313)   Pre Evacuate Collection Set: 0,0ms
[41,978s][info][gc,phases   ] GC(313)   Merge Heap Roots: 0,0ms
[41,978s][info][gc,phases   ] GC(313)   Evacuate Collection Set: 0,4ms
[41,978s][info][gc,phases   ] GC(313)   Post Evacuate Collection Set: 0,1ms
[41,978s][info][gc,phases   ] GC(313)   Other: 0,1ms
[41,978s][info][gc,heap     ] GC(313) Eden regions: 33->0(34)
[41,978s][info][gc,heap     ] GC(313) Survivor regions: 5->4(5)
[41,978s][info][gc,heap     ] GC(313) Old regions: 5->5
[41,978s][info][gc,heap     ] GC(313) Archive regions: 2->2
[41,978s][info][gc,heap     ] GC(313) Humongous regions: 0->0
[41,978s][info][gc,metaspace] GC(313) Metaspace: 117K(320K)->117K(320K) NonClass: 109K(192K)->109K(192K) Class: 8K(128K)->8K(128K)
[41,978s][info][gc          ] GC(313) Pause Young (Normal) (G1 Evacuation Pause) 43M->9M(64M) 0,809ms
[41,978s][info][gc,cpu      ] GC(313) User=0,01s Sys=0,00s Real=0,00s
[42,127s][info][gc,start    ] GC(314) Pause Young (Normal) (G1 Evacuation Pause)
[42,127s][info][gc,task     ] GC(314) Using 4 workers of 8 for evacuation
[42,128s][info][gc,phases   ] GC(314)   Pre Evacuate Collection Set: 0,0ms
[42,128s][info][gc,phases   ] GC(314)   Merge Heap Roots: 0,0ms
[42,128s][info][gc,phases   ] GC(314)   Evacuate Collection Set: 0,4ms
[42,128s][info][gc,phases   ] GC(314)   Post Evacuate Collection Set: 0,1ms
[42,128s][info][gc,phases   ] GC(314)   Other: 0,1ms
[42,128s][info][gc,heap     ] GC(314) Eden regions: 34->0(33)
[42,128s][info][gc,heap     ] GC(314) Survivor regions: 4->5(5)
[42,128s][info][gc,heap     ] GC(314) Old regions: 5->5
[42,128s][info][gc,heap     ] GC(314) Archive regions: 2->2
[42,128s][info][gc,heap     ] GC(314) Humongous regions: 0->0
[42,128s][info][gc,metaspace] GC(314) Metaspace: 117K(320K)->117K(320K) NonClass: 109K(192K)->109K(192K) Class: 8K(128K)->8K(128K)
[42,128s][info][gc          ] GC(314) Pause Young (Normal) (G1 Evacuation Pause) 43M->10M(64M) 0,740ms
[42,128s][info][gc,cpu      ] GC(314) User=0,00s Sys=0,00s Real=0,00s
[42,228s][info][gc,start    ] GC(315) Pause Young (Normal) (G1 Evacuation Pause)
[42,228s][info][gc,task     ] GC(315) Using 4 workers of 8 for evacuation
[42,228s][info][gc,phases   ] GC(315)   Pre Evacuate Collection Set: 0,0ms
[42,228s][info][gc,phases   ] GC(315)   Merge Heap Roots: 0,0ms
[42,228s][info][gc,phases   ] GC(315)   Evacuate Collection Set: 0,2ms
[42,228s][info][gc,phases   ] GC(315)   Post Evacuate Collection Set: 0,1ms
[42,228s][info][gc,phases   ] GC(315)   Other: 0,1ms
[42,228s][info][gc,heap     ] GC(315) Eden regions: 33->0(35)
[42,228s][info][gc,heap     ] GC(315) Survivor regions: 5->3(5)
[42,228s][info][gc,heap     ] GC(315) Old regions: 5->5
[42,228s][info][gc,heap     ] GC(315) Archive regions: 2->2
[42,228s][info][gc,heap     ] GC(315) Humongous regions: 0->0
[42,228s][info][gc,metaspace] GC(315) Metaspace: 117K(320K)->117K(320K) NonClass: 109K(192K)->109K(192K) Class: 8K(128K)->8K(128K)
[42,228s][info][gc          ] GC(315) Pause Young (Normal) (G1 Evacuation Pause) 42M->7M(64M) 0,532ms
[42,228s][info][gc,cpu      ] GC(315) User=0,00s Sys=0,00s Real=0,00s
[42,377s][info][gc,start    ] GC(316) Pause Young (Normal) (G1 Evacuation Pause)
[42,377s][info][gc,task     ] GC(316) Using 4 workers of 8 for evacuation
[42,378s][info][gc,phases   ] GC(316)   Pre Evacuate Collection Set: 0,0ms
[42,378s][info][gc,phases   ] GC(316)   Merge Heap Roots: 0,0ms
[42,378s][info][gc,phases   ] GC(316)   Evacuate Collection Set: 0,5ms
[42,378s][info][gc,phases   ] GC(316)   Post Evacuate Collection Set: 0,1ms
[42,378s][info][gc,phases   ] GC(316)   Other: 0,1ms
[42,378s][info][gc,heap     ] GC(316) Eden regions: 35->0(34)
[42,378s][info][gc,heap     ] GC(316) Survivor regions: 3->4(5)
[42,378s][info][gc,heap     ] GC(316) Old regions: 5->5
[42,378s][info][gc,heap     ] GC(316) Archive regions: 2->2
[42,378s][info][gc,heap     ] GC(316) Humongous regions: 0->0
[42,378s][info][gc,metaspace] GC(316) Metaspace: 117K(320K)->117K(320K) NonClass: 109K(192K)->109K(192K) Class: 8K(128K)->8K(128K)
[42,378s][info][gc          ] GC(316) Pause Young (Normal) (G1 Evacuation Pause) 42M->9M(64M) 0,943ms
[42,378s][info][gc,cpu      ] GC(316) User=0,01s Sys=0,00s Real=0,00s
[42,529s][info][gc,start    ] GC(317) Pause Young (Normal) (G1 Evacuation Pause)
[42,529s][info][gc,task     ] GC(317) Using 4 workers of 8 for evacuation
[42,529s][info][gc,phases   ] GC(317)   Pre Evacuate Collection Set: 0,0ms
[42,529s][info][gc,phases   ] GC(317)   Merge Heap Roots: 0,0ms
[42,529s][info][gc,phases   ] GC(317)   Evacuate Collection Set: 0,3ms
[42,529s][info][gc,phases   ] GC(317)   Post Evacuate Collection Set: 0,1ms
[42,529s][info][gc,phases   ] GC(317)   Other: 0,1ms
[42,529s][info][gc,heap     ] GC(317) Eden regions: 34->0(34)
[42,529s][info][gc,heap     ] GC(317) Survivor regions: 4->4(5)
[42,529s][info][gc,heap     ] GC(317) Old regions: 5->5
[42,529s][info][gc,heap     ] GC(317) Archive regions: 2->2
[42,529s][info][gc,heap     ] GC(317) Humongous regions: 0->0
[42,529s][info][gc,metaspace] GC(317) Metaspace: 117K(320K)->117K(320K) NonClass: 109K(192K)->109K(192K) Class: 8K(128K)->8K(128K)
[42,529s][info][gc          ] GC(317) Pause Young (Normal) (G1 Evacuation Pause) 43M->9M(64M) 0,680ms
[42,529s][info][gc,cpu      ] GC(317) User=0,00s Sys=0,01s Real=0,00s
[42,629s][info][gc,start    ] GC(318) Pause Young (Normal) (G1 Evacuation Pause)
[42,629s][info][gc,task     ] GC(318) Using 4 workers of 8 for evacuation
[42,629s][info][gc,phases   ] GC(318)   Pre Evacuate Collection Set: 0,0ms
[42,629s][info][gc,phases   ] GC(318)   Merge Heap Roots: 0,0ms
[42,629s][info][gc,phases   ] GC(318)   Evacuate Collection Set: 0,3ms
[42,629s][info][gc,phases   ] GC(318)   Post Evacuate Collection Set: 0,1ms
[42,629s][info][gc,phases   ] GC(318)   Other: 0,1ms
[42,629s][info][gc,heap     ] GC(318) Eden regions: 34->0(34)
[42,629s][info][gc,heap     ] GC(318) Survivor regions: 4->4(5)
[42,629s][info][gc,heap     ] GC(318) Old regions: 5->5
[42,629s][info][gc,heap     ] GC(318) Archive regions: 2->2
[42,629s][info][gc,heap     ] GC(318) Humongous regions: 0->0
[42,629s][info][gc,metaspace] GC(318) Metaspace: 117K(320K)->117K(320K) NonClass: 109K(192K)->109K(192K) Class: 8K(128K)->8K(128K)
[42,629s][info][gc          ] GC(318) Pause Young (Normal) (G1 Evacuation Pause) 43M->9M(64M) 0,574ms
[42,629s][info][gc,cpu      ] GC(318) User=0,00s Sys=0,00s Real=0,00s
[42,776s][info][gc,start    ] GC(319) Pause Young (Normal) (G1 Evacuation Pause)
[42,777s][info][gc,task     ] GC(319) Using 4 workers of 8 for evacuation
[42,777s][info][gc,phases   ] GC(319)   Pre Evacuate Collection Set: 0,0ms
[42,777s][info][gc,phases   ] GC(319)   Merge Heap Roots: 0,0ms
[42,777s][info][gc,phases   ] GC(319)   Evacuate Collection Set: 0,5ms
[42,777s][info][gc,phases   ] GC(319)   Post Evacuate Collection Set: 0,1ms
[42,777s][info][gc,phases   ] GC(319)   Other: 0,1ms
[42,777s][info][gc,heap     ] GC(319) Eden regions: 34->0(33)
[42,777s][info][gc,heap     ] GC(319) Survivor regions: 4->5(5)
[42,777s][info][gc,heap     ] GC(319) Old regions: 5->5
[42,777s][info][gc,heap     ] GC(319) Archive regions: 2->2
[42,777s][info][gc,heap     ] GC(319) Humongous regions: 0->0
[42,777s][info][gc,metaspace] GC(319) Metaspace: 117K(320K)->117K(320K) NonClass: 109K(192K)->109K(192K) Class: 8K(128K)->8K(128K)
[42,777s][info][gc          ] GC(319) Pause Young (Normal) (G1 Evacuation Pause) 43M->10M(64M) 0,888ms
[42,777s][info][gc,cpu      ] GC(319) User=0,00s Sys=0,00s Real=0,00s
[42,923s][info][gc,start    ] GC(320) Pause Young (Normal) (G1 Evacuation Pause)
[42,923s][info][gc,task     ] GC(320) Using 4 workers of 8 for evacuation
[42,923s][info][gc,phases   ] GC(320)   Pre Evacuate Collection Set: 0,0ms
[42,923s][info][gc,phases   ] GC(320)   Merge Heap Roots: 0,0ms
[42,923s][info][gc,phases   ] GC(320)   Evacuate Collection Set: 0,2ms
[42,923s][info][gc,phases   ] GC(320)   Post Evacuate Collection Set: 0,1ms
[42,923s][info][gc,phases   ] GC(320)   Other: 0,1ms
[42,923s][info][gc,heap     ] GC(320) Eden regions: 33->0(35)
[42,923s][info][gc,heap     ] GC(320) Survivor regions: 5->3(5)
[42,923s][info][gc,heap     ] GC(320) Old regions: 5->5
[42,923s][info][gc,heap     ] GC(320) Archive regions: 2->2
[42,923s][info][gc,heap     ] GC(320) Humongous regions: 0->0
[42,923s][info][gc,metaspace] GC(320) Metaspace: 117K(320K)->117K(320K) NonClass: 109K(192K)->109K(192K) Class: 8K(128K)->8K(128K)
[42,923s][info][gc          ] GC(320) Pause Young (Normal) (G1 Evacuation Pause) 43M->8M(64M) 0,530ms
[42,923s][info][gc,cpu      ] GC(320) User=0,00s Sys=0,00s Real=0,00s
[43,029s][info][gc,start    ] GC(321) Pause Young (Normal) (G1 Evacuation Pause)
[43,029s][info][gc,task     ] GC(321) Using 4 workers of 8 for evacuation
[43,029s][info][gc,phases   ] GC(321)   Pre Evacuate Collection Set: 0,0ms
[43,029s][info][gc,phases   ] GC(321)   Merge Heap Roots: 0,0ms
[43,029s][info][gc,phases   ] GC(321)   Evacuate Collection Set: 0,3ms
[43,029s][info][gc,phases   ] GC(321)   Post Evacuate Collection Set: 0,1ms
[43,029s][info][gc,phases   ] GC(321)   Other: 0,1ms
[43,029s][info][gc,heap     ] GC(321) Eden regions: 35->0(33)
[43,029s][info][gc,heap     ] GC(321) Survivor regions: 3->5(5)
[43,029s][info][gc,heap     ] GC(321) Old regions: 5->5
[43,029s][info][gc,heap     ] GC(321) Archive regions: 2->2
[43,029s][info][gc,heap     ] GC(321) Humongous regions: 0->0
[43,029s][info][gc,metaspace] GC(321) Metaspace: 117K(320K)->117K(320K) NonClass: 109K(192K)->109K(192K) Class: 8K(128K)->8K(128K)
[43,029s][info][gc          ] GC(321) Pause Young (Normal) (G1 Evacuation Pause) 43M->10M(64M) 0,705ms
[43,029s][info][gc,cpu      ] GC(321) User=0,00s Sys=0,00s Real=0,00s
[43,177s][info][gc,start    ] GC(322) Pause Young (Normal) (G1 Evacuation Pause)
[43,178s][info][gc,task     ] GC(322) Using 4 workers of 8 for evacuation
[43,178s][info][gc,phases   ] GC(322)   Pre Evacuate Collection Set: 0,0ms
[43,178s][info][gc,phases   ] GC(322)   Merge Heap Roots: 0,0ms
[43,178s][info][gc,phases   ] GC(322)   Evacuate Collection Set: 0,3ms
[43,178s][info][gc,phases   ] GC(322)   Post Evacuate Collection Set: 0,1ms
[43,178s][info][gc,phases   ] GC(322)   Other: 0,1ms
[43,178s][info][gc,heap     ] GC(322) Eden regions: 33->0(35)
[43,178s][info][gc,heap     ] GC(322) Survivor regions: 5->3(5)
[43,178s][info][gc,heap     ] GC(322) Old regions: 5->5
[43,178s][info][gc,heap     ] GC(322) Archive regions: 2->2
[43,178s][info][gc,heap     ] GC(322) Humongous regions: 0->0
[43,178s][info][gc,metaspace] GC(322) Metaspace: 117K(320K)->117K(320K) NonClass: 109K(192K)->109K(192K) Class: 8K(128K)->8K(128K)
[43,178s][info][gc          ] GC(322) Pause Young (Normal) (G1 Evacuation Pause) 43M->8M(64M) 0,689ms
[43,178s][info][gc,cpu      ] GC(322) User=0,00s Sys=0,00s Real=0,00s
[43,325s][info][gc,start    ] GC(323) Pause Young (Normal) (G1 Evacuation Pause)
[43,325s][info][gc,task     ] GC(323) Using 4 workers of 8 for evacuation
[43,326s][info][gc,phases   ] GC(323)   Pre Evacuate Collection Set: 0,0ms
[43,326s][info][gc,phases   ] GC(323)   Merge Heap Roots: 0,1ms
[43,326s][info][gc,phases   ] GC(323)   Evacuate Collection Set: 0,4ms
[43,326s][info][gc,phases   ] GC(323)   Post Evacuate Collection Set: 0,1ms
[43,326s][info][gc,phases   ] GC(323)   Other: 0,1ms
[43,326s][info][gc,heap     ] GC(323) Eden regions: 35->0(33)
[43,326s][info][gc,heap     ] GC(323) Survivor regions: 3->5(5)
[43,326s][info][gc,heap     ] GC(323) Old regions: 5->5
[43,326s][info][gc,heap     ] GC(323) Archive regions: 2->2
[43,326s][info][gc,heap     ] GC(323) Humongous regions: 0->0
[43,326s][info][gc,metaspace] GC(323) Metaspace: 117K(320K)->117K(320K) NonClass: 109K(192K)->109K(192K) Class: 8K(128K)->8K(128K)
[43,326s][info][gc          ] GC(323) Pause Young (Normal) (G1 Evacuation Pause) 43M->10M(64M) 0,806ms
[43,326s][info][gc,cpu      ] GC(323) User=0,00s Sys=0,00s Real=0,00s
[43,428s][info][gc,start    ] GC(324) Pause Young (Normal) (G1 Evacuation Pause)
[43,428s][info][gc,task     ] GC(324) Using 4 workers of 8 for evacuation
[43,429s][info][gc,phases   ] GC(324)   Pre Evacuate Collection Set: 0,1ms
[43,429s][info][gc,phases   ] GC(324)   Merge Heap Roots: 0,0ms
[43,429s][info][gc,phases   ] GC(324)   Evacuate Collection Set: 0,4ms
[43,429s][info][gc,phases   ] GC(324)   Post Evacuate Collection Set: 0,1ms
[43,429s][info][gc,phases   ] GC(324)   Other: 0,1ms
[43,429s][info][gc,heap     ] GC(324) Eden regions: 33->0(34)
[43,429s][info][gc,heap     ] GC(324) Survivor regions: 5->4(5)
[43,429s][info][gc,heap     ] GC(324) Old regions: 5->5
[43,429s][info][gc,heap     ] GC(324) Archive regions: 2->2
[43,429s][info][gc,heap     ] GC(324) Humongous regions: 0->0
[43,429s][info][gc,metaspace] GC(324) Metaspace: 117K(320K)->117K(320K) NonClass: 109K(192K)->109K(192K) Class: 8K(128K)->8K(128K)
[43,429s][info][gc          ] GC(324) Pause Young (Normal) (G1 Evacuation Pause) 43M->9M(64M) 0,804ms
[43,429s][info][gc,cpu      ] GC(324) User=0,00s Sys=0,00s Real=0,00s
[43,579s][info][gc,start    ] GC(325) Pause Young (Normal) (G1 Evacuation Pause)
[43,579s][info][gc,task     ] GC(325) Using 4 workers of 8 for evacuation
[43,580s][info][gc,phases   ] GC(325)   Pre Evacuate Collection Set: 0,0ms
[43,580s][info][gc,phases   ] GC(325)   Merge Heap Roots: 0,0ms
[43,580s][info][gc,phases   ] GC(325)   Evacuate Collection Set: 0,5ms
[43,580s][info][gc,phases   ] GC(325)   Post Evacuate Collection Set: 0,1ms
[43,580s][info][gc,phases   ] GC(325)   Other: 0,1ms
[43,580s][info][gc,heap     ] GC(325) Eden regions: 34->0(33)
[43,580s][info][gc,heap     ] GC(325) Survivor regions: 4->5(5)
[43,580s][info][gc,heap     ] GC(325) Old regions: 5->5
[43,580s][info][gc,heap     ] GC(325) Archive regions: 2->2
[43,580s][info][gc,heap     ] GC(325) Humongous regions: 0->0
[43,580s][info][gc,metaspace] GC(325) Metaspace: 117K(320K)->117K(320K) NonClass: 109K(192K)->109K(192K) Class: 8K(128K)->8K(128K)
[43,580s][info][gc          ] GC(325) Pause Young (Normal) (G1 Evacuation Pause) 43M->10M(64M) 0,878ms
[43,580s][info][gc,cpu      ] GC(325) User=0,00s Sys=0,00s Real=0,00s
[43,729s][info][gc,start    ] GC(326) Pause Young (Normal) (G1 Evacuation Pause)
[43,729s][info][gc,task     ] GC(326) Using 4 workers of 8 for evacuation
[43,730s][info][gc,phases   ] GC(326)   Pre Evacuate Collection Set: 0,0ms
[43,730s][info][gc,phases   ] GC(326)   Merge Heap Roots: 0,0ms
[43,730s][info][gc,phases   ] GC(326)   Evacuate Collection Set: 0,4ms
[43,730s][info][gc,phases   ] GC(326)   Post Evacuate Collection Set: 0,1ms
[43,730s][info][gc,phases   ] GC(326)   Other: 0,1ms
[43,730s][info][gc,heap     ] GC(326) Eden regions: 33->0(35)
[43,730s][info][gc,heap     ] GC(326) Survivor regions: 5->3(5)
[43,730s][info][gc,heap     ] GC(326) Old regions: 5->5
[43,730s][info][gc,heap     ] GC(326) Archive regions: 2->2
[43,730s][info][gc,heap     ] GC(326) Humongous regions: 0->0
[43,730s][info][gc,metaspace] GC(326) Metaspace: 117K(320K)->117K(320K) NonClass: 109K(192K)->109K(192K) Class: 8K(128K)->8K(128K)
[43,730s][info][gc          ] GC(326) Pause Young (Normal) (G1 Evacuation Pause) 43M->8M(64M) 0,805ms
[43,730s][info][gc,cpu      ] GC(326) User=0,00s Sys=0,00s Real=0,00s
[43,827s][info][gc,start    ] GC(327) Pause Young (Normal) (G1 Evacuation Pause)
[43,827s][info][gc,task     ] GC(327) Using 4 workers of 8 for evacuation
[43,828s][info][gc,phases   ] GC(327)   Pre Evacuate Collection Set: 0,0ms
[43,828s][info][gc,phases   ] GC(327)   Merge Heap Roots: 0,0ms
[43,828s][info][gc,phases   ] GC(327)   Evacuate Collection Set: 0,4ms
[43,828s][info][gc,phases   ] GC(327)   Post Evacuate Collection Set: 0,1ms
[43,828s][info][gc,phases   ] GC(327)   Other: 0,1ms
[43,828s][info][gc,heap     ] GC(327) Eden regions: 35->0(33)
[43,828s][info][gc,heap     ] GC(327) Survivor regions: 3->5(5)
[43,828s][info][gc,heap     ] GC(327) Old regions: 5->5
[43,828s][info][gc,heap     ] GC(327) Archive regions: 2->2
[43,828s][info][gc,heap     ] GC(327) Humongous regions: 0->0
[43,828s][info][gc,metaspace] GC(327) Metaspace: 117K(320K)->117K(320K) NonClass: 109K(192K)->109K(192K) Class: 8K(128K)->8K(128K)
[43,828s][info][gc          ] GC(327) Pause Young (Normal) (G1 Evacuation Pause) 43M->10M(64M) 0,759ms
[43,828s][info][gc,cpu      ] GC(327) User=0,00s Sys=0,00s Real=0,00s
[43,978s][info][gc,start    ] GC(328) Pause Young (Normal) (G1 Evacuation Pause)
[43,978s][info][gc,task     ] GC(328) Using 4 workers of 8 for evacuation
[43,978s][info][gc,phases   ] GC(328)   Pre Evacuate Collection Set: 0,0ms
[43,978s][info][gc,phases   ] GC(328)   Merge Heap Roots: 0,0ms
[43,978s][info][gc,phases   ] GC(328)   Evacuate Collection Set: 0,3ms
[43,978s][info][gc,phases   ] GC(328)   Post Evacuate Collection Set: 0,1ms
[43,978s][info][gc,phases   ] GC(328)   Other: 0,1ms
[43,978s][info][gc,heap     ] GC(328) Eden regions: 33->0(34)
[43,978s][info][gc,heap     ] GC(328) Survivor regions: 5->4(5)
[43,978s][info][gc,heap     ] GC(328) Old regions: 5->5
[43,978s][info][gc,heap     ] GC(328) Archive regions: 2->2
[43,978s][info][gc,heap     ] GC(328) Humongous regions: 0->0
[43,978s][info][gc,metaspace] GC(328) Metaspace: 117K(320K)->117K(320K) NonClass: 109K(192K)->109K(192K) Class: 8K(128K)->8K(128K)
[43,978s][info][gc          ] GC(328) Pause Young (Normal) (G1 Evacuation Pause) 43M->9M(64M) 0,710ms
[43,978s][info][gc,cpu      ] GC(328) User=0,00s Sys=0,00s Real=0,00s
[44,127s][info][gc,start    ] GC(329) Pause Young (Normal) (G1 Evacuation Pause)
[44,127s][info][gc,task     ] GC(329) Using 4 workers of 8 for evacuation
[44,127s][info][gc,phases   ] GC(329)   Pre Evacuate Collection Set: 0,0ms
[44,127s][info][gc,phases   ] GC(329)   Merge Heap Roots: 0,0ms
[44,127s][info][gc,phases   ] GC(329)   Evacuate Collection Set: 0,3ms
[44,127s][info][gc,phases   ] GC(329)   Post Evacuate Collection Set: 0,1ms
[44,127s][info][gc,phases   ] GC(329)   Other: 0,1ms
[44,127s][info][gc,heap     ] GC(329) Eden regions: 34->0(33)
[44,127s][info][gc,heap     ] GC(329) Survivor regions: 4->5(5)
[44,127s][info][gc,heap     ] GC(329) Old regions: 5->5
[44,127s][info][gc,heap     ] GC(329) Archive regions: 2->2
[44,127s][info][gc,heap     ] GC(329) Humongous regions: 0->0
[44,127s][info][gc,metaspace] GC(329) Metaspace: 117K(320K)->117K(320K) NonClass: 109K(192K)->109K(192K) Class: 8K(128K)->8K(128K)
[44,127s][info][gc          ] GC(329) Pause Young (Normal) (G1 Evacuation Pause) 43M->10M(64M) 0,670ms
[44,127s][info][gc,cpu      ] GC(329) User=0,00s Sys=0,00s Real=0,00s
[44,228s][info][gc,start    ] GC(330) Pause Young (Normal) (G1 Evacuation Pause)
[44,228s][info][gc,task     ] GC(330) Using 4 workers of 8 for evacuation
[44,229s][info][gc,phases   ] GC(330)   Pre Evacuate Collection Set: 0,0ms
[44,229s][info][gc,phases   ] GC(330)   Merge Heap Roots: 0,0ms
[44,229s][info][gc,phases   ] GC(330)   Evacuate Collection Set: 0,3ms
[44,229s][info][gc,phases   ] GC(330)   Post Evacuate Collection Set: 0,1ms
[44,229s][info][gc,phases   ] GC(330)   Other: 0,1ms
[44,229s][info][gc,heap     ] GC(330) Eden regions: 33->0(35)
[44,229s][info][gc,heap     ] GC(330) Survivor regions: 5->3(5)
[44,229s][info][gc,heap     ] GC(330) Old regions: 5->5
[44,229s][info][gc,heap     ] GC(330) Archive regions: 2->2
[44,229s][info][gc,heap     ] GC(330) Humongous regions: 0->0
[44,229s][info][gc,metaspace] GC(330) Metaspace: 117K(320K)->117K(320K) NonClass: 109K(192K)->109K(192K) Class: 8K(128K)->8K(128K)
[44,229s][info][gc          ] GC(330) Pause Young (Normal) (G1 Evacuation Pause) 43M->8M(64M) 0,708ms
[44,229s][info][gc,cpu      ] GC(330) User=0,00s Sys=0,00s Real=0,00s
[44,378s][info][gc,start    ] GC(331) Pause Young (Normal) (G1 Evacuation Pause)
[44,378s][info][gc,task     ] GC(331) Using 4 workers of 8 for evacuation
[44,378s][info][gc,phases   ] GC(331)   Pre Evacuate Collection Set: 0,0ms
[44,378s][info][gc,phases   ] GC(331)   Merge Heap Roots: 0,0ms
[44,378s][info][gc,phases   ] GC(331)   Evacuate Collection Set: 0,6ms
[44,378s][info][gc,phases   ] GC(331)   Post Evacuate Collection Set: 0,1ms
[44,378s][info][gc,phases   ] GC(331)   Other: 0,1ms
[44,378s][info][gc,heap     ] GC(331) Eden regions: 35->0(33)
[44,378s][info][gc,heap     ] GC(331) Survivor regions: 3->5(5)
[44,378s][info][gc,heap     ] GC(331) Old regions: 5->5
[44,378s][info][gc,heap     ] GC(331) Archive regions: 2->2
[44,378s][info][gc,heap     ] GC(331) Humongous regions: 0->0
[44,378s][info][gc,metaspace] GC(331) Metaspace: 117K(320K)->117K(320K) NonClass: 109K(192K)->109K(192K) Class: 8K(128K)->8K(128K)
[44,378s][info][gc          ] GC(331) Pause Young (Normal) (G1 Evacuation Pause) 43M->10M(64M) 0,958ms
[44,379s][info][gc,cpu      ] GC(331) User=0,00s Sys=0,00s Real=0,00s
[44,527s][info][gc,start    ] GC(332) Pause Young (Normal) (G1 Evacuation Pause)
[44,528s][info][gc,task     ] GC(332) Using 4 workers of 8 for evacuation
[44,528s][info][gc,phases   ] GC(332)   Pre Evacuate Collection Set: 0,0ms
[44,528s][info][gc,phases   ] GC(332)   Merge Heap Roots: 0,0ms
[44,528s][info][gc,phases   ] GC(332)   Evacuate Collection Set: 0,2ms
[44,528s][info][gc,phases   ] GC(332)   Post Evacuate Collection Set: 0,1ms
[44,528s][info][gc,phases   ] GC(332)   Other: 0,1ms
[44,528s][info][gc,heap     ] GC(332) Eden regions: 33->0(34)
[44,528s][info][gc,heap     ] GC(332) Survivor regions: 5->4(5)
[44,528s][info][gc,heap     ] GC(332) Old regions: 5->5
[44,528s][info][gc,heap     ] GC(332) Archive regions: 2->2
[44,528s][info][gc,heap     ] GC(332) Humongous regions: 0->0
[44,528s][info][gc,metaspace] GC(332) Metaspace: 117K(320K)->117K(320K) NonClass: 109K(192K)->109K(192K) Class: 8K(128K)->8K(128K)
[44,528s][info][gc          ] GC(332) Pause Young (Normal) (G1 Evacuation Pause) 43M->9M(64M) 0,553ms
[44,528s][info][gc,cpu      ] GC(332) User=0,00s Sys=0,00s Real=0,00s
[44,627s][info][gc,start    ] GC(333) Pause Young (Normal) (G1 Evacuation Pause)
[44,627s][info][gc,task     ] GC(333) Using 4 workers of 8 for evacuation
[44,628s][info][gc,phases   ] GC(333)   Pre Evacuate Collection Set: 0,0ms
[44,628s][info][gc,phases   ] GC(333)   Merge Heap Roots: 0,0ms
[44,628s][info][gc,phases   ] GC(333)   Evacuate Collection Set: 0,3ms
[44,628s][info][gc,phases   ] GC(333)   Post Evacuate Collection Set: 0,1ms
[44,628s][info][gc,phases   ] GC(333)   Other: 0,1ms
[44,628s][info][gc,heap     ] GC(333) Eden regions: 34->0(33)
[44,628s][info][gc,heap     ] GC(333) Survivor regions: 4->5(5)
[44,628s][info][gc,heap     ] GC(333) Old regions: 5->6
[44,628s][info][gc,heap     ] GC(333) Archive regions: 2->2
[44,628s][info][gc,heap     ] GC(333) Humongous regions: 0->0
[44,628s][info][gc,metaspace] GC(333) Metaspace: 117K(320K)->117K(320K) NonClass: 109K(192K)->109K(192K) Class: 8K(128K)->8K(128K)
[44,628s][info][gc          ] GC(333) Pause Young (Normal) (G1 Evacuation Pause) 43M->9M(64M) 0,632ms
[44,628s][info][gc,cpu      ] GC(333) User=0,00s Sys=0,00s Real=0,00s
[44,779s][info][gc,start    ] GC(334) Pause Young (Normal) (G1 Evacuation Pause)
[44,779s][info][gc,task     ] GC(334) Using 4 workers of 8 for evacuation
[44,779s][info][gc,phases   ] GC(334)   Pre Evacuate Collection Set: 0,0ms
[44,779s][info][gc,phases   ] GC(334)   Merge Heap Roots: 0,0ms
[44,779s][info][gc,phases   ] GC(334)   Evacuate Collection Set: 0,2ms
[44,779s][info][gc,phases   ] GC(334)   Post Evacuate Collection Set: 0,1ms
[44,779s][info][gc,phases   ] GC(334)   Other: 0,1ms
[44,779s][info][gc,heap     ] GC(334) Eden regions: 33->0(35)
[44,779s][info][gc,heap     ] GC(334) Survivor regions: 5->3(5)
[44,779s][info][gc,heap     ] GC(334) Old regions: 6->6
[44,779s][info][gc,heap     ] GC(334) Archive regions: 2->2
[44,779s][info][gc,heap     ] GC(334) Humongous regions: 0->0
[44,779s][info][gc,metaspace] GC(334) Metaspace: 117K(320K)->117K(320K) NonClass: 109K(192K)->109K(192K) Class: 8K(128K)->8K(128K)
[44,779s][info][gc          ] GC(334) Pause Young (Normal) (G1 Evacuation Pause) 42M->8M(64M) 0,574ms
[44,779s][info][gc,cpu      ] GC(334) User=0,00s Sys=0,00s Real=0,00s
[44,929s][info][gc,start    ] GC(335) Pause Young (Normal) (G1 Evacuation Pause)
[44,929s][info][gc,task     ] GC(335) Using 4 workers of 8 for evacuation
[44,929s][info][gc,phases   ] GC(335)   Pre Evacuate Collection Set: 0,0ms
[44,929s][info][gc,phases   ] GC(335)   Merge Heap Roots: 0,0ms
[44,929s][info][gc,phases   ] GC(335)   Evacuate Collection Set: 0,3ms
[44,929s][info][gc,phases   ] GC(335)   Post Evacuate Collection Set: 0,1ms
[44,929s][info][gc,phases   ] GC(335)   Other: 0,1ms
[44,929s][info][gc,heap     ] GC(335) Eden regions: 35->0(34)
[44,929s][info][gc,heap     ] GC(335) Survivor regions: 3->4(5)
[44,929s][info][gc,heap     ] GC(335) Old regions: 6->6
[44,929s][info][gc,heap     ] GC(335) Archive regions: 2->2
[44,929s][info][gc,heap     ] GC(335) Humongous regions: 0->0
[44,929s][info][gc,metaspace] GC(335) Metaspace: 117K(320K)->117K(320K) NonClass: 109K(192K)->109K(192K) Class: 8K(128K)->8K(128K)
[44,929s][info][gc          ] GC(335) Pause Young (Normal) (G1 Evacuation Pause) 43M->9M(64M) 0,581ms
[44,929s][info][gc,cpu      ] GC(335) User=0,00s Sys=0,00s Real=0,00s
[45,029s][info][gc,start    ] GC(336) Pause Young (Normal) (G1 Evacuation Pause)
[45,029s][info][gc,task     ] GC(336) Using 4 workers of 8 for evacuation
[45,030s][info][gc,phases   ] GC(336)   Pre Evacuate Collection Set: 0,0ms
[45,030s][info][gc,phases   ] GC(336)   Merge Heap Roots: 0,0ms
[45,030s][info][gc,phases   ] GC(336)   Evacuate Collection Set: 0,4ms
[45,030s][info][gc,phases   ] GC(336)   Post Evacuate Collection Set: 0,1ms
[45,030s][info][gc,phases   ] GC(336)   Other: 0,1ms
[45,030s][info][gc,heap     ] GC(336) Eden regions: 34->0(33)
[45,030s][info][gc,heap     ] GC(336) Survivor regions: 4->5(5)
[45,030s][info][gc,heap     ] GC(336) Old regions: 6->6
[45,030s][info][gc,heap     ] GC(336) Archive regions: 2->2
[45,030s][info][gc,heap     ] GC(336) Humongous regions: 0->0
[45,030s][info][gc,metaspace] GC(336) Metaspace: 117K(320K)->117K(320K) NonClass: 109K(192K)->109K(192K) Class: 8K(128K)->8K(128K)
[45,030s][info][gc          ] GC(336) Pause Young (Normal) (G1 Evacuation Pause) 43M->10M(64M) 0,777ms
[45,030s][info][gc,cpu      ] GC(336) User=0,00s Sys=0,00s Real=0,00s
[45,178s][info][gc,start    ] GC(337) Pause Young (Normal) (G1 Evacuation Pause)
[45,178s][info][gc,task     ] GC(337) Using 4 workers of 8 for evacuation
[45,179s][info][gc,phases   ] GC(337)   Pre Evacuate Collection Set: 0,0ms
[45,179s][info][gc,phases   ] GC(337)   Merge Heap Roots: 0,0ms
[45,179s][info][gc,phases   ] GC(337)   Evacuate Collection Set: 0,3ms
[45,179s][info][gc,phases   ] GC(337)   Post Evacuate Collection Set: 0,1ms
[45,179s][info][gc,phases   ] GC(337)   Other: 0,1ms
[45,179s][info][gc,heap     ] GC(337) Eden regions: 33->0(35)
[45,179s][info][gc,heap     ] GC(337) Survivor regions: 5->3(5)
[45,179s][info][gc,heap     ] GC(337) Old regions: 6->6
[45,179s][info][gc,heap     ] GC(337) Archive regions: 2->2
[45,179s][info][gc,heap     ] GC(337) Humongous regions: 0->0
[45,179s][info][gc,metaspace] GC(337) Metaspace: 117K(320K)->117K(320K) NonClass: 109K(192K)->109K(192K) Class: 8K(128K)->8K(128K)
[45,179s][info][gc          ] GC(337) Pause Young (Normal) (G1 Evacuation Pause) 43M->8M(64M) 0,679ms
[45,179s][info][gc,cpu      ] GC(337) User=0,00s Sys=0,00s Real=0,00s
[45,326s][info][gc,start    ] GC(338) Pause Young (Normal) (G1 Evacuation Pause)
[45,326s][info][gc,task     ] GC(338) Using 4 workers of 8 for evacuation
[45,327s][info][gc,phases   ] GC(338)   Pre Evacuate Collection Set: 0,0ms
[45,327s][info][gc,phases   ] GC(338)   Merge Heap Roots: 0,0ms
[45,327s][info][gc,phases   ] GC(338)   Evacuate Collection Set: 0,3ms
[45,327s][info][gc,phases   ] GC(338)   Post Evacuate Collection Set: 0,1ms
[45,327s][info][gc,phases   ] GC(338)   Other: 0,1ms
[45,327s][info][gc,heap     ] GC(338) Eden regions: 35->0(34)
[45,327s][info][gc,heap     ] GC(338) Survivor regions: 3->4(5)
[45,327s][info][gc,heap     ] GC(338) Old regions: 6->6
[45,327s][info][gc,heap     ] GC(338) Archive regions: 2->2
[45,327s][info][gc,heap     ] GC(338) Humongous regions: 0->0
[45,327s][info][gc,metaspace] GC(338) Metaspace: 117K(320K)->117K(320K) NonClass: 109K(192K)->109K(192K) Class: 8K(128K)->8K(128K)
[45,327s][info][gc          ] GC(338) Pause Young (Normal) (G1 Evacuation Pause) 43M->9M(64M) 0,607ms
[45,327s][info][gc,cpu      ] GC(338) User=0,00s Sys=0,00s Real=0,00s
[45,428s][info][gc,start    ] GC(339) Pause Young (Normal) (G1 Evacuation Pause)
[45,428s][info][gc,task     ] GC(339) Using 4 workers of 8 for evacuation
[45,429s][info][gc,phases   ] GC(339)   Pre Evacuate Collection Set: 0,0ms
[45,429s][info][gc,phases   ] GC(339)   Merge Heap Roots: 0,0ms
[45,429s][info][gc,phases   ] GC(339)   Evacuate Collection Set: 0,3ms
[45,429s][info][gc,phases   ] GC(339)   Post Evacuate Collection Set: 0,1ms
[45,429s][info][gc,phases   ] GC(339)   Other: 0,1ms
[45,429s][info][gc,heap     ] GC(339) Eden regions: 34->0(34)
[45,429s][info][gc,heap     ] GC(339) Survivor regions: 4->4(5)
[45,429s][info][gc,heap     ] GC(339) Old regions: 6->6
[45,429s][info][gc,heap     ] GC(339) Archive regions: 2->2
[45,429s][info][gc,heap     ] GC(339) Humongous regions: 0->0
[45,429s][info][gc,metaspace] GC(339) Metaspace: 117K(320K)->117K(320K) NonClass: 109K(192K)->109K(192K) Class: 8K(128K)->8K(128K)
[45,429s][info][gc          ] GC(339) Pause Young (Normal) (G1 Evacuation Pause) 43M->9M(64M) 0,694ms
[45,429s][info][gc,cpu      ] GC(339) User=0,00s Sys=0,00s Real=0,00s
[45,578s][info][gc,start    ] GC(340) Pause Young (Normal) (G1 Evacuation Pause)
[45,578s][info][gc,task     ] GC(340) Using 4 workers of 8 for evacuation
[45,579s][info][gc,phases   ] GC(340)   Pre Evacuate Collection Set: 0,0ms
[45,579s][info][gc,phases   ] GC(340)   Merge Heap Roots: 0,0ms
[45,579s][info][gc,phases   ] GC(340)   Evacuate Collection Set: 0,6ms
[45,579s][info][gc,phases   ] GC(340)   Post Evacuate Collection Set: 0,1ms
[45,579s][info][gc,phases   ] GC(340)   Other: 0,1ms
[45,579s][info][gc,heap     ] GC(340) Eden regions: 34->0(33)
[45,579s][info][gc,heap     ] GC(340) Survivor regions: 4->5(5)
[45,579s][info][gc,heap     ] GC(340) Old regions: 6->6
[45,579s][info][gc,heap     ] GC(340) Archive regions: 2->2
[45,579s][info][gc,heap     ] GC(340) Humongous regions: 0->0
[45,579s][info][gc,metaspace] GC(340) Metaspace: 117K(320K)->117K(320K) NonClass: 109K(192K)->109K(192K) Class: 8K(128K)->8K(128K)
[45,579s][info][gc          ] GC(340) Pause Young (Normal) (G1 Evacuation Pause) 43M->10M(64M) 0,996ms
[45,579s][info][gc,cpu      ] GC(340) User=0,01s Sys=0,00s Real=0,00s
[45,726s][info][gc,start    ] GC(341) Pause Young (Normal) (G1 Evacuation Pause)
[45,726s][info][gc,task     ] GC(341) Using 4 workers of 8 for evacuation
[45,727s][info][gc,phases   ] GC(341)   Pre Evacuate Collection Set: 0,0ms
[45,727s][info][gc,phases   ] GC(341)   Merge Heap Roots: 0,0ms
[45,727s][info][gc,phases   ] GC(341)   Evacuate Collection Set: 0,4ms
[45,727s][info][gc,phases   ] GC(341)   Post Evacuate Collection Set: 0,1ms
[45,727s][info][gc,phases   ] GC(341)   Other: 0,2ms
[45,727s][info][gc,heap     ] GC(341) Eden regions: 33->0(34)
[45,727s][info][gc,heap     ] GC(341) Survivor regions: 5->4(5)
[45,727s][info][gc,heap     ] GC(341) Old regions: 6->6
[45,727s][info][gc,heap     ] GC(341) Archive regions: 2->2
[45,727s][info][gc,heap     ] GC(341) Humongous regions: 0->0
[45,727s][info][gc,metaspace] GC(341) Metaspace: 117K(320K)->117K(320K) NonClass: 109K(192K)->109K(192K) Class: 8K(128K)->8K(128K)
[45,727s][info][gc          ] GC(341) Pause Young (Normal) (G1 Evacuation Pause) 43M->9M(64M) 0,821ms
[45,727s][info][gc,cpu      ] GC(341) User=0,00s Sys=0,00s Real=0,00s
[45,829s][info][gc,start    ] GC(342) Pause Young (Normal) (G1 Evacuation Pause)
[45,829s][info][gc,task     ] GC(342) Using 4 workers of 8 for evacuation
[45,830s][info][gc,phases   ] GC(342)   Pre Evacuate Collection Set: 0,0ms
[45,830s][info][gc,phases   ] GC(342)   Merge Heap Roots: 0,0ms
[45,830s][info][gc,phases   ] GC(342)   Evacuate Collection Set: 0,4ms
[45,830s][info][gc,phases   ] GC(342)   Post Evacuate Collection Set: 0,1ms
[45,830s][info][gc,phases   ] GC(342)   Other: 0,1ms
[45,830s][info][gc,heap     ] GC(342) Eden regions: 34->0(33)
[45,830s][info][gc,heap     ] GC(342) Survivor regions: 4->5(5)
[45,830s][info][gc,heap     ] GC(342) Old regions: 6->6
[45,830s][info][gc,heap     ] GC(342) Archive regions: 2->2
[45,830s][info][gc,heap     ] GC(342) Humongous regions: 0->0
[45,830s][info][gc,metaspace] GC(342) Metaspace: 117K(320K)->117K(320K) NonClass: 109K(192K)->109K(192K) Class: 8K(128K)->8K(128K)
[45,830s][info][gc          ] GC(342) Pause Young (Normal) (G1 Evacuation Pause) 43M->10M(64M) 0,812ms
[45,830s][info][gc,cpu      ] GC(342) User=0,00s Sys=0,00s Real=0,00s
[45,977s][info][gc,start    ] GC(343) Pause Young (Normal) (G1 Evacuation Pause)
[45,977s][info][gc,task     ] GC(343) Using 4 workers of 8 for evacuation
[45,978s][info][gc,phases   ] GC(343)   Pre Evacuate Collection Set: 0,0ms
[45,978s][info][gc,phases   ] GC(343)   Merge Heap Roots: 0,1ms
[45,978s][info][gc,phases   ] GC(343)   Evacuate Collection Set: 0,4ms
[45,978s][info][gc,phases   ] GC(343)   Post Evacuate Collection Set: 0,1ms
[45,978s][info][gc,phases   ] GC(343)   Other: 0,1ms
[45,978s][info][gc,heap     ] GC(343) Eden regions: 33->0(35)
[45,978s][info][gc,heap     ] GC(343) Survivor regions: 5->3(5)
[45,978s][info][gc,heap     ] GC(343) Old regions: 6->6
[45,978s][info][gc,heap     ] GC(343) Archive regions: 2->2
[45,978s][info][gc,heap     ] GC(343) Humongous regions: 0->0
[45,978s][info][gc,metaspace] GC(343) Metaspace: 117K(320K)->117K(320K) NonClass: 109K(192K)->109K(192K) Class: 8K(128K)->8K(128K)
[45,978s][info][gc          ] GC(343) Pause Young (Normal) (G1 Evacuation Pause) 43M->8M(64M) 0,889ms
[45,978s][info][gc,cpu      ] GC(343) User=0,00s Sys=0,00s Real=0,00s
[46,129s][info][gc,start    ] GC(344) Pause Young (Normal) (G1 Evacuation Pause)
[46,129s][info][gc,task     ] GC(344) Using 4 workers of 8 for evacuation
[46,130s][info][gc,phases   ] GC(344)   Pre Evacuate Collection Set: 0,0ms
[46,130s][info][gc,phases   ] GC(344)   Merge Heap Roots: 0,0ms
[46,130s][info][gc,phases   ] GC(344)   Evacuate Collection Set: 0,6ms
[46,130s][info][gc,phases   ] GC(344)   Post Evacuate Collection Set: 0,1ms
[46,130s][info][gc,phases   ] GC(344)   Other: 0,1ms
[46,130s][info][gc,heap     ] GC(344) Eden regions: 35->0(33)
[46,130s][info][gc,heap     ] GC(344) Survivor regions: 3->5(5)
[46,130s][info][gc,heap     ] GC(344) Old regions: 6->6
[46,130s][info][gc,heap     ] GC(344) Archive regions: 2->2
[46,130s][info][gc,heap     ] GC(344) Humongous regions: 0->0
[46,130s][info][gc,metaspace] GC(344) Metaspace: 117K(320K)->117K(320K) NonClass: 109K(192K)->109K(192K) Class: 8K(128K)->8K(128K)
[46,130s][info][gc          ] GC(344) Pause Young (Normal) (G1 Evacuation Pause) 43M->10M(64M) 0,960ms
[46,130s][info][gc,cpu      ] GC(344) User=0,00s Sys=0,00s Real=0,00s
[46,228s][info][gc,start    ] GC(345) Pause Young (Normal) (G1 Evacuation Pause)
[46,229s][info][gc,task     ] GC(345) Using 4 workers of 8 for evacuation
[46,229s][info][gc,phases   ] GC(345)   Pre Evacuate Collection Set: 0,0ms
[46,229s][info][gc,phases   ] GC(345)   Merge Heap Roots: 0,0ms
[46,229s][info][gc,phases   ] GC(345)   Evacuate Collection Set: 0,3ms
[46,229s][info][gc,phases   ] GC(345)   Post Evacuate Collection Set: 0,1ms
[46,229s][info][gc,phases   ] GC(345)   Other: 0,1ms
[46,229s][info][gc,heap     ] GC(345) Eden regions: 33->0(35)
[46,229s][info][gc,heap     ] GC(345) Survivor regions: 5->3(5)
[46,229s][info][gc,heap     ] GC(345) Old regions: 6->6
[46,229s][info][gc,heap     ] GC(345) Archive regions: 2->2
[46,229s][info][gc,heap     ] GC(345) Humongous regions: 0->0
[46,229s][info][gc,metaspace] GC(345) Metaspace: 117K(320K)->117K(320K) NonClass: 109K(192K)->109K(192K) Class: 8K(128K)->8K(128K)
[46,229s][info][gc          ] GC(345) Pause Young (Normal) (G1 Evacuation Pause) 43M->8M(64M) 0,658ms
[46,229s][info][gc,cpu      ] GC(345) User=0,00s Sys=0,00s Real=0,00s
[46,378s][info][gc,start    ] GC(346) Pause Young (Normal) (G1 Evacuation Pause)
[46,378s][info][gc,task     ] GC(346) Using 4 workers of 8 for evacuation
[46,378s][info][gc,phases   ] GC(346)   Pre Evacuate Collection Set: 0,0ms
[46,378s][info][gc,phases   ] GC(346)   Merge Heap Roots: 0,0ms
[46,378s][info][gc,phases   ] GC(346)   Evacuate Collection Set: 0,3ms
[46,378s][info][gc,phases   ] GC(346)   Post Evacuate Collection Set: 0,1ms
[46,378s][info][gc,phases   ] GC(346)   Other: 0,1ms
[46,378s][info][gc,heap     ] GC(346) Eden regions: 35->0(34)
[46,378s][info][gc,heap     ] GC(346) Survivor regions: 3->4(5)
[46,378s][info][gc,heap     ] GC(346) Old regions: 6->6
[46,378s][info][gc,heap     ] GC(346) Archive regions: 2->2
[46,378s][info][gc,heap     ] GC(346) Humongous regions: 0->0
[46,378s][info][gc,metaspace] GC(346) Metaspace: 117K(320K)->117K(320K) NonClass: 109K(192K)->109K(192K) Class: 8K(128K)->8K(128K)
[46,378s][info][gc          ] GC(346) Pause Young (Normal) (G1 Evacuation Pause) 43M->9M(64M) 0,674ms
[46,378s][info][gc,cpu      ] GC(346) User=0,00s Sys=0,00s Real=0,00s
[46,527s][info][gc,start    ] GC(347) Pause Young (Normal) (G1 Evacuation Pause)
[46,527s][info][gc,task     ] GC(347) Using 4 workers of 8 for evacuation
[46,527s][info][gc,phases   ] GC(347)   Pre Evacuate Collection Set: 0,0ms
[46,527s][info][gc,phases   ] GC(347)   Merge Heap Roots: 0,0ms
[46,527s][info][gc,phases   ] GC(347)   Evacuate Collection Set: 0,4ms
[46,527s][info][gc,phases   ] GC(347)   Post Evacuate Collection Set: 0,1ms
[46,527s][info][gc,phases   ] GC(347)   Other: 0,1ms
[46,527s][info][gc,heap     ] GC(347) Eden regions: 34->0(33)
[46,527s][info][gc,heap     ] GC(347) Survivor regions: 4->5(5)
[46,527s][info][gc,heap     ] GC(347) Old regions: 6->6
[46,527s][info][gc,heap     ] GC(347) Archive regions: 2->2
[46,527s][info][gc,heap     ] GC(347) Humongous regions: 0->0
[46,527s][info][gc,metaspace] GC(347) Metaspace: 117K(320K)->117K(320K) NonClass: 109K(192K)->109K(192K) Class: 8K(128K)->8K(128K)
[46,527s][info][gc          ] GC(347) Pause Young (Normal) (G1 Evacuation Pause) 43M->10M(64M) 0,679ms
[46,527s][info][gc,cpu      ] GC(347) User=0,00s Sys=0,00s Real=0,00s
[46,628s][info][gc,start    ] GC(348) Pause Young (Normal) (G1 Evacuation Pause)
[46,628s][info][gc,task     ] GC(348) Using 4 workers of 8 for evacuation
[46,629s][info][gc,phases   ] GC(348)   Pre Evacuate Collection Set: 0,0ms
[46,629s][info][gc,phases   ] GC(348)   Merge Heap Roots: 0,0ms
[46,629s][info][gc,phases   ] GC(348)   Evacuate Collection Set: 0,4ms
[46,629s][info][gc,phases   ] GC(348)   Post Evacuate Collection Set: 0,1ms
[46,629s][info][gc,phases   ] GC(348)   Other: 0,1ms
[46,629s][info][gc,heap     ] GC(348) Eden regions: 33->0(33)
[46,629s][info][gc,heap     ] GC(348) Survivor regions: 5->5(5)
[46,629s][info][gc,heap     ] GC(348) Old regions: 6->6
[46,629s][info][gc,heap     ] GC(348) Archive regions: 2->2
[46,629s][info][gc,heap     ] GC(348) Humongous regions: 0->0
[46,629s][info][gc,metaspace] GC(348) Metaspace: 117K(320K)->117K(320K) NonClass: 109K(192K)->109K(192K) Class: 8K(128K)->8K(128K)
[46,629s][info][gc          ] GC(348) Pause Young (Normal) (G1 Evacuation Pause) 43M->10M(64M) 0,746ms
[46,629s][info][gc,cpu      ] GC(348) User=0,01s Sys=0,00s Real=0,00s
[46,778s][info][gc,start    ] GC(349) Pause Young (Normal) (G1 Evacuation Pause)
[46,778s][info][gc,task     ] GC(349) Using 4 workers of 8 for evacuation
[46,779s][info][gc,phases   ] GC(349)   Pre Evacuate Collection Set: 0,0ms
[46,779s][info][gc,phases   ] GC(349)   Merge Heap Roots: 0,0ms
[46,779s][info][gc,phases   ] GC(349)   Evacuate Collection Set: 0,4ms
[46,779s][info][gc,phases   ] GC(349)   Post Evacuate Collection Set: 0,1ms
[46,779s][info][gc,phases   ] GC(349)   Other: 0,1ms
[46,779s][info][gc,heap     ] GC(349) Eden regions: 33->0(35)
[46,779s][info][gc,heap     ] GC(349) Survivor regions: 5->3(5)
[46,779s][info][gc,heap     ] GC(349) Old regions: 6->6
[46,779s][info][gc,heap     ] GC(349) Archive regions: 2->2
[46,779s][info][gc,heap     ] GC(349) Humongous regions: 0->0
[46,779s][info][gc,metaspace] GC(349) Metaspace: 117K(320K)->117K(320K) NonClass: 109K(192K)->109K(192K) Class: 8K(128K)->8K(128K)
[46,779s][info][gc          ] GC(349) Pause Young (Normal) (G1 Evacuation Pause) 43M->8M(64M) 0,856ms
[46,779s][info][gc,cpu      ] GC(349) User=0,00s Sys=0,00s Real=0,00s
[46,928s][info][gc,start    ] GC(350) Pause Young (Normal) (G1 Evacuation Pause)
[46,928s][info][gc,task     ] GC(350) Using 4 workers of 8 for evacuation
[46,929s][info][gc,phases   ] GC(350)   Pre Evacuate Collection Set: 0,0ms
[46,929s][info][gc,phases   ] GC(350)   Merge Heap Roots: 0,0ms
[46,929s][info][gc,phases   ] GC(350)   Evacuate Collection Set: 0,4ms
[46,929s][info][gc,phases   ] GC(350)   Post Evacuate Collection Set: 0,2ms
[46,929s][info][gc,phases   ] GC(350)   Other: 0,1ms
[46,929s][info][gc,heap     ] GC(350) Eden regions: 35->0(34)
[46,929s][info][gc,heap     ] GC(350) Survivor regions: 3->4(5)
[46,929s][info][gc,heap     ] GC(350) Old regions: 6->6
[46,929s][info][gc,heap     ] GC(350) Archive regions: 2->2
[46,929s][info][gc,heap     ] GC(350) Humongous regions: 0->0
[46,929s][info][gc,metaspace] GC(350) Metaspace: 117K(320K)->117K(320K) NonClass: 109K(192K)->109K(192K) Class: 8K(128K)->8K(128K)
[46,929s][info][gc          ] GC(350) Pause Young (Normal) (G1 Evacuation Pause) 43M->9M(64M) 0,949ms
[46,929s][info][gc,cpu      ] GC(350) User=0,00s Sys=0,00s Real=0,00s
[47,028s][info][gc,start    ] GC(351) Pause Young (Normal) (G1 Evacuation Pause)
[47,028s][info][gc,task     ] GC(351) Using 4 workers of 8 for evacuation
[47,029s][info][gc,phases   ] GC(351)   Pre Evacuate Collection Set: 0,0ms
[47,029s][info][gc,phases   ] GC(351)   Merge Heap Roots: 0,0ms
[47,029s][info][gc,phases   ] GC(351)   Evacuate Collection Set: 0,5ms
[47,029s][info][gc,phases   ] GC(351)   Post Evacuate Collection Set: 0,1ms
[47,029s][info][gc,phases   ] GC(351)   Other: 0,1ms
[47,029s][info][gc,heap     ] GC(351) Eden regions: 34->0(33)
[47,029s][info][gc,heap     ] GC(351) Survivor regions: 4->5(5)
[47,029s][info][gc,heap     ] GC(351) Old regions: 6->6
[47,029s][info][gc,heap     ] GC(351) Archive regions: 2->2
[47,029s][info][gc,heap     ] GC(351) Humongous regions: 0->0
[47,029s][info][gc,metaspace] GC(351) Metaspace: 117K(320K)->117K(320K) NonClass: 109K(192K)->109K(192K) Class: 8K(128K)->8K(128K)
[47,029s][info][gc          ] GC(351) Pause Young (Normal) (G1 Evacuation Pause) 43M->10M(64M) 0,981ms
[47,029s][info][gc,cpu      ] GC(351) User=0,01s Sys=0,00s Real=0,00s
[47,178s][info][gc,start    ] GC(352) Pause Young (Normal) (G1 Evacuation Pause)
[47,178s][info][gc,task     ] GC(352) Using 4 workers of 8 for evacuation
[47,178s][info][gc,phases   ] GC(352)   Pre Evacuate Collection Set: 0,0ms
[47,178s][info][gc,phases   ] GC(352)   Merge Heap Roots: 0,0ms
[47,178s][info][gc,phases   ] GC(352)   Evacuate Collection Set: 0,3ms
[47,178s][info][gc,phases   ] GC(352)   Post Evacuate Collection Set: 0,1ms
[47,178s][info][gc,phases   ] GC(352)   Other: 0,1ms
[47,178s][info][gc,heap     ] GC(352) Eden regions: 33->0(35)
[47,179s][info][gc,heap     ] GC(352) Survivor regions: 5->3(5)
[47,179s][info][gc,heap     ] GC(352) Old regions: 6->6
[47,179s][info][gc,heap     ] GC(352) Archive regions: 2->2
[47,179s][info][gc,heap     ] GC(352) Humongous regions: 0->0
[47,179s][info][gc,metaspace] GC(352) Metaspace: 117K(320K)->117K(320K) NonClass: 109K(192K)->109K(192K) Class: 8K(128K)->8K(128K)
[47,179s][info][gc          ] GC(352) Pause Young (Normal) (G1 Evacuation Pause) 43M->8M(64M) 0,623ms
[47,179s][info][gc,cpu      ] GC(352) User=0,00s Sys=0,00s Real=0,00s
[47,327s][info][gc,start    ] GC(353) Pause Young (Normal) (G1 Evacuation Pause)
[47,327s][info][gc,task     ] GC(353) Using 4 workers of 8 for evacuation
[47,328s][info][gc,phases   ] GC(353)   Pre Evacuate Collection Set: 0,0ms
[47,328s][info][gc,phases   ] GC(353)   Merge Heap Roots: 0,0ms
[47,328s][info][gc,phases   ] GC(353)   Evacuate Collection Set: 0,4ms
[47,328s][info][gc,phases   ] GC(353)   Post Evacuate Collection Set: 0,1ms
[47,328s][info][gc,phases   ] GC(353)   Other: 0,1ms
[47,328s][info][gc,heap     ] GC(353) Eden regions: 35->0(33)
[47,328s][info][gc,heap     ] GC(353) Survivor regions: 3->5(5)
[47,328s][info][gc,heap     ] GC(353) Old regions: 6->6
[47,328s][info][gc,heap     ] GC(353) Archive regions: 2->2
[47,328s][info][gc,heap     ] GC(353) Humongous regions: 0->0
[47,328s][info][gc,metaspace] GC(353) Metaspace: 117K(320K)->117K(320K) NonClass: 109K(192K)->109K(192K) Class: 8K(128K)->8K(128K)
[47,328s][info][gc          ] GC(353) Pause Young (Normal) (G1 Evacuation Pause) 43M->10M(64M) 0,749ms
[47,328s][info][gc,cpu      ] GC(353) User=0,00s Sys=0,00s Real=0,00s
[47,428s][info][gc,start    ] GC(354) Pause Young (Normal) (G1 Evacuation Pause)
[47,428s][info][gc,task     ] GC(354) Using 4 workers of 8 for evacuation
[47,429s][info][gc,phases   ] GC(354)   Pre Evacuate Collection Set: 0,0ms
[47,429s][info][gc,phases   ] GC(354)   Merge Heap Roots: 0,0ms
[47,429s][info][gc,phases   ] GC(354)   Evacuate Collection Set: 0,4ms
[47,429s][info][gc,phases   ] GC(354)   Post Evacuate Collection Set: 0,1ms
[47,429s][info][gc,phases   ] GC(354)   Other: 0,1ms
[47,429s][info][gc,heap     ] GC(354) Eden regions: 33->0(34)
[47,429s][info][gc,heap     ] GC(354) Survivor regions: 5->4(5)
[47,429s][info][gc,heap     ] GC(354) Old regions: 6->6
[47,429s][info][gc,heap     ] GC(354) Archive regions: 2->2
[47,429s][info][gc,heap     ] GC(354) Humongous regions: 0->0
[47,429s][info][gc,metaspace] GC(354) Metaspace: 117K(320K)->117K(320K) NonClass: 109K(192K)->109K(192K) Class: 8K(128K)->8K(128K)
[47,429s][info][gc          ] GC(354) Pause Young (Normal) (G1 Evacuation Pause) 43M->9M(64M) 0,709ms
[47,429s][info][gc,cpu      ] GC(354) User=0,00s Sys=0,00s Real=0,00s
[47,578s][info][gc,start    ] GC(355) Pause Young (Normal) (G1 Evacuation Pause)
[47,578s][info][gc,task     ] GC(355) Using 4 workers of 8 for evacuation
[47,578s][info][gc,phases   ] GC(355)   Pre Evacuate Collection Set: 0,0ms
[47,578s][info][gc,phases   ] GC(355)   Merge Heap Roots: 0,0ms
[47,578s][info][gc,phases   ] GC(355)   Evacuate Collection Set: 0,4ms
[47,578s][info][gc,phases   ] GC(355)   Post Evacuate Collection Set: 0,1ms
[47,578s][info][gc,phases   ] GC(355)   Other: 0,1ms
[47,578s][info][gc,heap     ] GC(355) Eden regions: 34->0(33)
[47,578s][info][gc,heap     ] GC(355) Survivor regions: 4->5(5)
[47,578s][info][gc,heap     ] GC(355) Old regions: 6->6
[47,578s][info][gc,heap     ] GC(355) Archive regions: 2->2
[47,578s][info][gc,heap     ] GC(355) Humongous regions: 0->0
[47,578s][info][gc,metaspace] GC(355) Metaspace: 117K(320K)->117K(320K) NonClass: 109K(192K)->109K(192K) Class: 8K(128K)->8K(128K)
[47,578s][info][gc          ] GC(355) Pause Young (Normal) (G1 Evacuation Pause) 43M->10M(64M) 0,798ms
[47,578s][info][gc,cpu      ] GC(355) User=0,00s Sys=0,00s Real=0,00s
[47,724s][info][gc,start    ] GC(356) Pause Young (Normal) (G1 Evacuation Pause)
[47,724s][info][gc,task     ] GC(356) Using 4 workers of 8 for evacuation
[47,724s][info][gc,phases   ] GC(356)   Pre Evacuate Collection Set: 0,0ms
[47,724s][info][gc,phases   ] GC(356)   Merge Heap Roots: 0,0ms
[47,724s][info][gc,phases   ] GC(356)   Evacuate Collection Set: 0,2ms
[47,724s][info][gc,phases   ] GC(356)   Post Evacuate Collection Set: 0,1ms
[47,724s][info][gc,phases   ] GC(356)   Other: 0,1ms
[47,724s][info][gc,heap     ] GC(356) Eden regions: 33->0(35)
[47,724s][info][gc,heap     ] GC(356) Survivor regions: 5->3(5)
[47,724s][info][gc,heap     ] GC(356) Old regions: 6->6
[47,724s][info][gc,heap     ] GC(356) Archive regions: 2->2
[47,724s][info][gc,heap     ] GC(356) Humongous regions: 0->0
[47,724s][info][gc,metaspace] GC(356) Metaspace: 117K(320K)->117K(320K) NonClass: 109K(192K)->109K(192K) Class: 8K(128K)->8K(128K)
[47,724s][info][gc          ] GC(356) Pause Young (Normal) (G1 Evacuation Pause) 43M->8M(64M) 0,545ms
[47,724s][info][gc,cpu      ] GC(356) User=0,00s Sys=0,00s Real=0,00s
[47,828s][info][gc,start    ] GC(357) Pause Young (Normal) (G1 Evacuation Pause)
[47,828s][info][gc,task     ] GC(357) Using 4 workers of 8 for evacuation
[47,829s][info][gc,phases   ] GC(357)   Pre Evacuate Collection Set: 0,0ms
[47,829s][info][gc,phases   ] GC(357)   Merge Heap Roots: 0,0ms
[47,829s][info][gc,phases   ] GC(357)   Evacuate Collection Set: 0,4ms
[47,829s][info][gc,phases   ] GC(357)   Post Evacuate Collection Set: 0,1ms
[47,829s][info][gc,phases   ] GC(357)   Other: 0,1ms
[47,829s][info][gc,heap     ] GC(357) Eden regions: 35->0(33)
[47,829s][info][gc,heap     ] GC(357) Survivor regions: 3->5(5)
[47,829s][info][gc,heap     ] GC(357) Old regions: 6->6
[47,829s][info][gc,heap     ] GC(357) Archive regions: 2->2
[47,829s][info][gc,heap     ] GC(357) Humongous regions: 0->0
[47,829s][info][gc,metaspace] GC(357) Metaspace: 117K(320K)->117K(320K) NonClass: 109K(192K)->109K(192K) Class: 8K(128K)->8K(128K)
[47,829s][info][gc          ] GC(357) Pause Young (Normal) (G1 Evacuation Pause) 43M->10M(64M) 0,792ms
[47,829s][info][gc,cpu      ] GC(357) User=0,01s Sys=0,00s Real=0,00s
[47,978s][info][gc,start    ] GC(358) Pause Young (Normal) (G1 Evacuation Pause)
[47,978s][info][gc,task     ] GC(358) Using 4 workers of 8 for evacuation
[47,979s][info][gc,phases   ] GC(358)   Pre Evacuate Collection Set: 0,0ms
[47,979s][info][gc,phases   ] GC(358)   Merge Heap Roots: 0,0ms
[47,979s][info][gc,phases   ] GC(358)   Evacuate Collection Set: 0,3ms
[47,979s][info][gc,phases   ] GC(358)   Post Evacuate Collection Set: 0,1ms
[47,979s][info][gc,phases   ] GC(358)   Other: 0,1ms
[47,979s][info][gc,heap     ] GC(358) Eden regions: 33->0(34)
[47,979s][info][gc,heap     ] GC(358) Survivor regions: 5->4(5)
[47,979s][info][gc,heap     ] GC(358) Old regions: 6->6
[47,979s][info][gc,heap     ] GC(358) Archive regions: 2->2
[47,979s][info][gc,heap     ] GC(358) Humongous regions: 0->0
[47,979s][info][gc,metaspace] GC(358) Metaspace: 117K(320K)->117K(320K) NonClass: 109K(192K)->109K(192K) Class: 8K(128K)->8K(128K)
[47,979s][info][gc          ] GC(358) Pause Young (Normal) (G1 Evacuation Pause) 43M->9M(64M) 0,606ms
[47,979s][info][gc,cpu      ] GC(358) User=0,00s Sys=0,00s Real=0,00s
[48,128s][info][gc,start    ] GC(359) Pause Young (Normal) (G1 Evacuation Pause)
[48,128s][info][gc,task     ] GC(359) Using 4 workers of 8 for evacuation
[48,129s][info][gc,phases   ] GC(359)   Pre Evacuate Collection Set: 0,0ms
[48,129s][info][gc,phases   ] GC(359)   Merge Heap Roots: 0,0ms
[48,129s][info][gc,phases   ] GC(359)   Evacuate Collection Set: 0,5ms
[48,129s][info][gc,phases   ] GC(359)   Post Evacuate Collection Set: 0,1ms
[48,129s][info][gc,phases   ] GC(359)   Other: 0,1ms
[48,129s][info][gc,heap     ] GC(359) Eden regions: 34->0(33)
[48,129s][info][gc,heap     ] GC(359) Survivor regions: 4->5(5)
[48,129s][info][gc,heap     ] GC(359) Old regions: 6->6
[48,129s][info][gc,heap     ] GC(359) Archive regions: 2->2
[48,129s][info][gc,heap     ] GC(359) Humongous regions: 0->0
[48,129s][info][gc,metaspace] GC(359) Metaspace: 117K(320K)->117K(320K) NonClass: 109K(192K)->109K(192K) Class: 8K(128K)->8K(128K)
[48,129s][info][gc          ] GC(359) Pause Young (Normal) (G1 Evacuation Pause) 43M->10M(64M) 0,884ms
[48,129s][info][gc,cpu      ] GC(359) User=0,00s Sys=0,00s Real=0,00s
[48,229s][info][gc,start    ] GC(360) Pause Young (Normal) (G1 Evacuation Pause)
[48,229s][info][gc,task     ] GC(360) Using 4 workers of 8 for evacuation
[48,230s][info][gc,phases   ] GC(360)   Pre Evacuate Collection Set: 0,0ms
[48,230s][info][gc,phases   ] GC(360)   Merge Heap Roots: 0,0ms
[48,230s][info][gc,phases   ] GC(360)   Evacuate Collection Set: 0,2ms
[48,230s][info][gc,phases   ] GC(360)   Post Evacuate Collection Set: 0,1ms
[48,230s][info][gc,phases   ] GC(360)   Other: 0,1ms
[48,230s][info][gc,heap     ] GC(360) Eden regions: 33->0(35)
[48,230s][info][gc,heap     ] GC(360) Survivor regions: 5->3(5)
[48,230s][info][gc,heap     ] GC(360) Old regions: 6->6
[48,230s][info][gc,heap     ] GC(360) Archive regions: 2->2
[48,230s][info][gc,heap     ] GC(360) Humongous regions: 0->0
[48,230s][info][gc,metaspace] GC(360) Metaspace: 117K(320K)->117K(320K) NonClass: 109K(192K)->109K(192K) Class: 8K(128K)->8K(128K)
[48,230s][info][gc          ] GC(360) Pause Young (Normal) (G1 Evacuation Pause) 43M->8M(64M) 0,596ms
[48,230s][info][gc,cpu      ] GC(360) User=0,01s Sys=0,00s Real=0,00s
[48,378s][info][gc,start    ] GC(361) Pause Young (Normal) (G1 Evacuation Pause)
[48,378s][info][gc,task     ] GC(361) Using 4 workers of 8 for evacuation
[48,378s][info][gc,phases   ] GC(361)   Pre Evacuate Collection Set: 0,0ms
[48,378s][info][gc,phases   ] GC(361)   Merge Heap Roots: 0,0ms
[48,378s][info][gc,phases   ] GC(361)   Evacuate Collection Set: 0,2ms
[48,378s][info][gc,phases   ] GC(361)   Post Evacuate Collection Set: 0,1ms
[48,378s][info][gc,phases   ] GC(361)   Other: 0,1ms
[48,378s][info][gc,heap     ] GC(361) Eden regions: 35->0(34)
[48,378s][info][gc,heap     ] GC(361) Survivor regions: 3->4(5)
[48,378s][info][gc,heap     ] GC(361) Old regions: 6->6
[48,378s][info][gc,heap     ] GC(361) Archive regions: 2->2
[48,378s][info][gc,heap     ] GC(361) Humongous regions: 0->0
[48,378s][info][gc,metaspace] GC(361) Metaspace: 117K(320K)->117K(320K) NonClass: 109K(192K)->109K(192K) Class: 8K(128K)->8K(128K)
[48,378s][info][gc          ] GC(361) Pause Young (Normal) (G1 Evacuation Pause) 43M->9M(64M) 0,519ms
[48,378s][info][gc,cpu      ] GC(361) User=0,00s Sys=0,00s Real=0,00s
[48,528s][info][gc,start    ] GC(362) Pause Young (Normal) (G1 Evacuation Pause)
[48,528s][info][gc,task     ] GC(362) Using 4 workers of 8 for evacuation
[48,528s][info][gc,phases   ] GC(362)   Pre Evacuate Collection Set: 0,0ms
[48,528s][info][gc,phases   ] GC(362)   Merge Heap Roots: 0,0ms
[48,528s][info][gc,phases   ] GC(362)   Evacuate Collection Set: 0,3ms
[48,528s][info][gc,phases   ] GC(362)   Post Evacuate Collection Set: 0,1ms
[48,528s][info][gc,phases   ] GC(362)   Other: 0,1ms
[48,528s][info][gc,heap     ] GC(362) Eden regions: 34->0(33)
[48,528s][info][gc,heap     ] GC(362) Survivor regions: 4->5(5)
[48,528s][info][gc,heap     ] GC(362) Old regions: 6->6
[48,528s][info][gc,heap     ] GC(362) Archive regions: 2->2
[48,528s][info][gc,heap     ] GC(362) Humongous regions: 0->0
[48,528s][info][gc,metaspace] GC(362) Metaspace: 117K(320K)->117K(320K) NonClass: 109K(192K)->109K(192K) Class: 8K(128K)->8K(128K)
[48,528s][info][gc          ] GC(362) Pause Young (Normal) (G1 Evacuation Pause) 43M->10M(64M) 0,679ms
[48,528s][info][gc,cpu      ] GC(362) User=0,00s Sys=0,00s Real=0,00s
[48,628s][info][gc,start    ] GC(363) Pause Young (Normal) (G1 Evacuation Pause)
[48,628s][info][gc,task     ] GC(363) Using 4 workers of 8 for evacuation
[48,628s][info][gc,phases   ] GC(363)   Pre Evacuate Collection Set: 0,0ms
[48,628s][info][gc,phases   ] GC(363)   Merge Heap Roots: 0,0ms
[48,628s][info][gc,phases   ] GC(363)   Evacuate Collection Set: 0,4ms
[48,628s][info][gc,phases   ] GC(363)   Post Evacuate Collection Set: 0,1ms
[48,628s][info][gc,phases   ] GC(363)   Other: 0,1ms
[48,628s][info][gc,heap     ] GC(363) Eden regions: 33->0(34)
[48,628s][info][gc,heap     ] GC(363) Survivor regions: 5->4(5)
[48,628s][info][gc,heap     ] GC(363) Old regions: 6->6
[48,628s][info][gc,heap     ] GC(363) Archive regions: 2->2
[48,628s][info][gc,heap     ] GC(363) Humongous regions: 0->0
[48,628s][info][gc,metaspace] GC(363) Metaspace: 117K(320K)->117K(320K) NonClass: 109K(192K)->109K(192K) Class: 8K(128K)->8K(128K)
[48,628s][info][gc          ] GC(363) Pause Young (Normal) (G1 Evacuation Pause) 43M->10M(64M) 0,721ms
[48,628s][info][gc,cpu      ] GC(363) User=0,00s Sys=0,00s Real=0,00s
[48,778s][info][gc,start    ] GC(364) Pause Young (Normal) (G1 Evacuation Pause)
[48,778s][info][gc,task     ] GC(364) Using 4 workers of 8 for evacuation
[48,778s][info][gc,phases   ] GC(364)   Pre Evacuate Collection Set: 0,0ms
[48,778s][info][gc,phases   ] GC(364)   Merge Heap Roots: 0,1ms
[48,778s][info][gc,phases   ] GC(364)   Evacuate Collection Set: 0,3ms
[48,778s][info][gc,phases   ] GC(364)   Post Evacuate Collection Set: 0,1ms
[48,778s][info][gc,phases   ] GC(364)   Other: 0,1ms
[48,778s][info][gc,heap     ] GC(364) Eden regions: 34->0(34)
[48,778s][info][gc,heap     ] GC(364) Survivor regions: 4->4(5)
[48,778s][info][gc,heap     ] GC(364) Old regions: 6->6
[48,778s][info][gc,heap     ] GC(364) Archive regions: 2->2
[48,778s][info][gc,heap     ] GC(364) Humongous regions: 0->0
[48,778s][info][gc,metaspace] GC(364) Metaspace: 117K(320K)->117K(320K) NonClass: 109K(192K)->109K(192K) Class: 8K(128K)->8K(128K)
[48,778s][info][gc          ] GC(364) Pause Young (Normal) (G1 Evacuation Pause) 44M->9M(64M) 0,694ms
[48,778s][info][gc,cpu      ] GC(364) User=0,00s Sys=0,00s Real=0,00s
[48,928s][info][gc,start    ] GC(365) Pause Young (Normal) (G1 Evacuation Pause)
[48,928s][info][gc,task     ] GC(365) Using 4 workers of 8 for evacuation
[48,928s][info][gc,phases   ] GC(365)   Pre Evacuate Collection Set: 0,0ms
[48,929s][info][gc,phases   ] GC(365)   Merge Heap Roots: 0,0ms
[48,929s][info][gc,phases   ] GC(365)   Evacuate Collection Set: 0,4ms
[48,929s][info][gc,phases   ] GC(365)   Post Evacuate Collection Set: 0,1ms
[48,929s][info][gc,phases   ] GC(365)   Other: 0,1ms
[48,929s][info][gc,heap     ] GC(365) Eden regions: 34->0(35)
[48,929s][info][gc,heap     ] GC(365) Survivor regions: 4->3(5)
[48,929s][info][gc,heap     ] GC(365) Old regions: 6->6
[48,929s][info][gc,heap     ] GC(365) Archive regions: 2->2
[48,929s][info][gc,heap     ] GC(365) Humongous regions: 0->0
[48,929s][info][gc,metaspace] GC(365) Metaspace: 117K(320K)->117K(320K) NonClass: 109K(192K)->109K(192K) Class: 8K(128K)->8K(128K)
[48,929s][info][gc          ] GC(365) Pause Young (Normal) (G1 Evacuation Pause) 43M->8M(64M) 0,864ms
[48,929s][info][gc,cpu      ] GC(365) User=0,00s Sys=0,00s Real=0,00s
[49,028s][info][gc,start    ] GC(366) Pause Young (Normal) (G1 Evacuation Pause)
[49,028s][info][gc,task     ] GC(366) Using 4 workers of 8 for evacuation
[49,029s][info][gc,phases   ] GC(366)   Pre Evacuate Collection Set: 0,0ms
[49,029s][info][gc,phases   ] GC(366)   Merge Heap Roots: 0,0ms
[49,029s][info][gc,phases   ] GC(366)   Evacuate Collection Set: 0,6ms
[49,029s][info][gc,phases   ] GC(366)   Post Evacuate Collection Set: 0,1ms
[49,029s][info][gc,phases   ] GC(366)   Other: 0,1ms
[49,029s][info][gc,heap     ] GC(366) Eden regions: 35->0(33)
[49,029s][info][gc,heap     ] GC(366) Survivor regions: 3->5(5)
[49,029s][info][gc,heap     ] GC(366) Old regions: 6->6
[49,029s][info][gc,heap     ] GC(366) Archive regions: 2->2
[49,029s][info][gc,heap     ] GC(366) Humongous regions: 0->0
[49,029s][info][gc,metaspace] GC(366) Metaspace: 117K(320K)->117K(320K) NonClass: 109K(192K)->109K(192K) Class: 8K(128K)->8K(128K)
[49,029s][info][gc          ] GC(366) Pause Young (Normal) (G1 Evacuation Pause) 43M->10M(64M) 0,990ms
[49,029s][info][gc,cpu      ] GC(366) User=0,01s Sys=0,00s Real=0,00s
[49,177s][info][gc,start    ] GC(367) Pause Young (Normal) (G1 Evacuation Pause)
[49,177s][info][gc,task     ] GC(367) Using 4 workers of 8 for evacuation
[49,178s][info][gc,phases   ] GC(367)   Pre Evacuate Collection Set: 0,0ms
[49,178s][info][gc,phases   ] GC(367)   Merge Heap Roots: 0,0ms
[49,178s][info][gc,phases   ] GC(367)   Evacuate Collection Set: 0,2ms
[49,178s][info][gc,phases   ] GC(367)   Post Evacuate Collection Set: 0,1ms
[49,178s][info][gc,phases   ] GC(367)   Other: 0,1ms
[49,178s][info][gc,heap     ] GC(367) Eden regions: 33->0(35)
[49,178s][info][gc,heap     ] GC(367) Survivor regions: 5->3(5)
[49,178s][info][gc,heap     ] GC(367) Old regions: 6->6
[49,178s][info][gc,heap     ] GC(367) Archive regions: 2->2
[49,178s][info][gc,heap     ] GC(367) Humongous regions: 0->0
[49,178s][info][gc,metaspace] GC(367) Metaspace: 117K(320K)->117K(320K) NonClass: 109K(192K)->109K(192K) Class: 8K(128K)->8K(128K)
[49,178s][info][gc          ] GC(367) Pause Young (Normal) (G1 Evacuation Pause) 43M->9M(64M) 0,528ms
[49,178s][info][gc,cpu      ] GC(367) User=0,00s Sys=0,00s Real=0,00s
[49,328s][info][gc,start    ] GC(368) Pause Young (Normal) (G1 Evacuation Pause)
[49,328s][info][gc,task     ] GC(368) Using 4 workers of 8 for evacuation
[49,329s][info][gc,phases   ] GC(368)   Pre Evacuate Collection Set: 0,0ms
[49,329s][info][gc,phases   ] GC(368)   Merge Heap Roots: 0,0ms
[49,329s][info][gc,phases   ] GC(368)   Evacuate Collection Set: 0,6ms
[49,329s][info][gc,phases   ] GC(368)   Post Evacuate Collection Set: 0,1ms
[49,329s][info][gc,phases   ] GC(368)   Other: 0,1ms
[49,329s][info][gc,heap     ] GC(368) Eden regions: 35->0(33)
[49,329s][info][gc,heap     ] GC(368) Survivor regions: 3->5(5)
[49,329s][info][gc,heap     ] GC(368) Old regions: 6->6
[49,329s][info][gc,heap     ] GC(368) Archive regions: 2->2
[49,329s][info][gc,heap     ] GC(368) Humongous regions: 0->0
[49,329s][info][gc,metaspace] GC(368) Metaspace: 117K(320K)->117K(320K) NonClass: 109K(192K)->109K(192K) Class: 8K(128K)->8K(128K)
[49,329s][info][gc          ] GC(368) Pause Young (Normal) (G1 Evacuation Pause) 44M->11M(64M) 0,950ms
[49,329s][info][gc,cpu      ] GC(368) User=0,00s Sys=0,00s Real=0,00s
[49,427s][info][gc,start    ] GC(369) Pause Young (Normal) (G1 Evacuation Pause)
[49,427s][info][gc,task     ] GC(369) Using 4 workers of 8 for evacuation
[49,428s][info][gc,phases   ] GC(369)   Pre Evacuate Collection Set: 0,0ms
[49,428s][info][gc,phases   ] GC(369)   Merge Heap Roots: 0,0ms
[49,428s][info][gc,phases   ] GC(369)   Evacuate Collection Set: 0,4ms
[49,428s][info][gc,phases   ] GC(369)   Post Evacuate Collection Set: 0,1ms
[49,428s][info][gc,phases   ] GC(369)   Other: 0,1ms
[49,428s][info][gc,heap     ] GC(369) Eden regions: 33->0(34)
[49,428s][info][gc,heap     ] GC(369) Survivor regions: 5->4(5)
[49,428s][info][gc,heap     ] GC(369) Old regions: 6->6
[49,428s][info][gc,heap     ] GC(369) Archive regions: 2->2
[49,428s][info][gc,heap     ] GC(369) Humongous regions: 0->0
[49,428s][info][gc,metaspace] GC(369) Metaspace: 117K(320K)->117K(320K) NonClass: 109K(192K)->109K(192K) Class: 8K(128K)->8K(128K)
[49,428s][info][gc          ] GC(369) Pause Young (Normal) (G1 Evacuation Pause) 44M->10M(64M) 0,790ms
[49,428s][info][gc,cpu      ] GC(369) User=0,01s Sys=0,00s Real=0,00s
[49,578s][info][gc,start    ] GC(370) Pause Young (Normal) (G1 Evacuation Pause)
[49,578s][info][gc,task     ] GC(370) Using 4 workers of 8 for evacuation
[49,579s][info][gc,phases   ] GC(370)   Pre Evacuate Collection Set: 0,0ms
[49,579s][info][gc,phases   ] GC(370)   Merge Heap Roots: 0,0ms
[49,579s][info][gc,phases   ] GC(370)   Evacuate Collection Set: 0,6ms
[49,579s][info][gc,phases   ] GC(370)   Post Evacuate Collection Set: 0,1ms
[49,579s][info][gc,phases   ] GC(370)   Other: 0,2ms
[49,579s][info][gc,heap     ] GC(370) Eden regions: 34->0(33)
[49,579s][info][gc,heap     ] GC(370) Survivor regions: 4->5(5)
[49,579s][info][gc,heap     ] GC(370) Old regions: 6->6
[49,579s][info][gc,heap     ] GC(370) Archive regions: 2->2
[49,579s][info][gc,heap     ] GC(370) Humongous regions: 0->0
[49,579s][info][gc,metaspace] GC(370) Metaspace: 117K(320K)->117K(320K) NonClass: 109K(192K)->109K(192K) Class: 8K(128K)->8K(128K)
[49,579s][info][gc          ] GC(370) Pause Young (Normal) (G1 Evacuation Pause) 44M->10M(64M) 1,047ms
[49,579s][info][gc,cpu      ] GC(370) User=0,00s Sys=0,00s Real=0,00s
[49,729s][info][gc,start    ] GC(371) Pause Young (Normal) (G1 Evacuation Pause)
[49,729s][info][gc,task     ] GC(371) Using 4 workers of 8 for evacuation
[49,729s][info][gc,phases   ] GC(371)   Pre Evacuate Collection Set: 0,0ms
[49,730s][info][gc,phases   ] GC(371)   Merge Heap Roots: 0,0ms
[49,730s][info][gc,phases   ] GC(371)   Evacuate Collection Set: 0,4ms
[49,730s][info][gc,phases   ] GC(371)   Post Evacuate Collection Set: 0,1ms
[49,730s][info][gc,phases   ] GC(371)   Other: 0,1ms
[49,730s][info][gc,heap     ] GC(371) Eden regions: 33->0(35)
[49,730s][info][gc,heap     ] GC(371) Survivor regions: 5->3(5)
[49,730s][info][gc,heap     ] GC(371) Old regions: 6->6
[49,730s][info][gc,heap     ] GC(371) Archive regions: 2->2
[49,730s][info][gc,heap     ] GC(371) Humongous regions: 0->0
[49,730s][info][gc,metaspace] GC(371) Metaspace: 117K(320K)->117K(320K) NonClass: 109K(192K)->109K(192K) Class: 8K(128K)->8K(128K)
[49,730s][info][gc          ] GC(371) Pause Young (Normal) (G1 Evacuation Pause) 43M->8M(64M) 0,836ms
[49,730s][info][gc,cpu      ] GC(371) User=0,00s Sys=0,00s Real=0,00s
[49,829s][info][gc,start    ] GC(372) Pause Young (Normal) (G1 Evacuation Pause)
[49,829s][info][gc,task     ] GC(372) Using 4 workers of 8 for evacuation
[49,829s][info][gc,phases   ] GC(372)   Pre Evacuate Collection Set: 0,0ms
[49,829s][info][gc,phases   ] GC(372)   Merge Heap Roots: 0,0ms
[49,829s][info][gc,phases   ] GC(372)   Evacuate Collection Set: 0,4ms
[49,829s][info][gc,phases   ] GC(372)   Post Evacuate Collection Set: 0,1ms
[49,829s][info][gc,phases   ] GC(372)   Other: 0,1ms
[49,829s][info][gc,heap     ] GC(372) Eden regions: 35->0(33)
[49,829s][info][gc,heap     ] GC(372) Survivor regions: 3->5(5)
[49,829s][info][gc,heap     ] GC(372) Old regions: 6->6
[49,830s][info][gc,heap     ] GC(372) Archive regions: 2->2
[49,830s][info][gc,heap     ] GC(372) Humongous regions: 0->0
[49,830s][info][gc,metaspace] GC(372) Metaspace: 117K(320K)->117K(320K) NonClass: 109K(192K)->109K(192K) Class: 8K(128K)->8K(128K)
[49,830s][info][gc          ] GC(372) Pause Young (Normal) (G1 Evacuation Pause) 43M->10M(64M) 0,739ms
[49,830s][info][gc,cpu      ] GC(372) User=0,00s Sys=0,00s Real=0,00s
[49,976s][info][gc,start    ] GC(373) Pause Young (Normal) (G1 Evacuation Pause)
[49,976s][info][gc,task     ] GC(373) Using 4 workers of 8 for evacuation
[49,977s][info][gc,phases   ] GC(373)   Pre Evacuate Collection Set: 0,0ms
[49,977s][info][gc,phases   ] GC(373)   Merge Heap Roots: 0,0ms
[49,977s][info][gc,phases   ] GC(373)   Evacuate Collection Set: 0,4ms
[49,977s][info][gc,phases   ] GC(373)   Post Evacuate Collection Set: 0,1ms
[49,977s][info][gc,phases   ] GC(373)   Other: 0,1ms
[49,977s][info][gc,heap     ] GC(373) Eden regions: 33->0(34)
[49,977s][info][gc,heap     ] GC(373) Survivor regions: 5->4(5)
[49,977s][info][gc,heap     ] GC(373) Old regions: 6->6
[49,977s][info][gc,heap     ] GC(373) Archive regions: 2->2
[49,977s][info][gc,heap     ] GC(373) Humongous regions: 0->0
[49,977s][info][gc,metaspace] GC(373) Metaspace: 117K(320K)->117K(320K) NonClass: 109K(192K)->109K(192K) Class: 8K(128K)->8K(128K)
[49,977s][info][gc          ] GC(373) Pause Young (Normal) (G1 Evacuation Pause) 43M->9M(64M) 0,790ms
[49,977s][info][gc,cpu      ] GC(373) User=0,00s Sys=0,00s Real=0,00s
[50,127s][info][gc,start    ] GC(374) Pause Young (Normal) (G1 Evacuation Pause)
[50,127s][info][gc,task     ] GC(374) Using 4 workers of 8 for evacuation
[50,128s][info][gc,phases   ] GC(374)   Pre Evacuate Collection Set: 0,0ms
[50,128s][info][gc,phases   ] GC(374)   Merge Heap Roots: 0,0ms
[50,128s][info][gc,phases   ] GC(374)   Evacuate Collection Set: 0,6ms
[50,128s][info][gc,phases   ] GC(374)   Post Evacuate Collection Set: 0,1ms
[50,128s][info][gc,phases   ] GC(374)   Other: 0,1ms
[50,128s][info][gc,heap     ] GC(374) Eden regions: 34->0(33)
[50,128s][info][gc,heap     ] GC(374) Survivor regions: 4->5(5)
[50,128s][info][gc,heap     ] GC(374) Old regions: 6->6
[50,128s][info][gc,heap     ] GC(374) Archive regions: 2->2
[50,128s][info][gc,heap     ] GC(374) Humongous regions: 0->0
[50,128s][info][gc,metaspace] GC(374) Metaspace: 117K(320K)->117K(320K) NonClass: 109K(192K)->109K(192K) Class: 8K(128K)->8K(128K)
[50,128s][info][gc          ] GC(374) Pause Young (Normal) (G1 Evacuation Pause) 43M->10M(64M) 0,950ms
[50,128s][info][gc,cpu      ] GC(374) User=0,01s Sys=0,00s Real=0,00s
[50,228s][info][gc,start    ] GC(375) Pause Young (Normal) (G1 Evacuation Pause)
[50,228s][info][gc,task     ] GC(375) Using 4 workers of 8 for evacuation
[50,229s][info][gc,phases   ] GC(375)   Pre Evacuate Collection Set: 0,0ms
[50,229s][info][gc,phases   ] GC(375)   Merge Heap Roots: 0,0ms
[50,229s][info][gc,phases   ] GC(375)   Evacuate Collection Set: 0,3ms
[50,229s][info][gc,phases   ] GC(375)   Post Evacuate Collection Set: 0,1ms
[50,229s][info][gc,phases   ] GC(375)   Other: 0,1ms
[50,229s][info][gc,heap     ] GC(375) Eden regions: 33->0(35)
[50,229s][info][gc,heap     ] GC(375) Survivor regions: 5->3(5)
[50,229s][info][gc,heap     ] GC(375) Old regions: 6->6
[50,229s][info][gc,heap     ] GC(375) Archive regions: 2->2
[50,229s][info][gc,heap     ] GC(375) Humongous regions: 0->0
[50,229s][info][gc,metaspace] GC(375) Metaspace: 117K(320K)->117K(320K) NonClass: 109K(192K)->109K(192K) Class: 8K(128K)->8K(128K)
[50,229s][info][gc          ] GC(375) Pause Young (Normal) (G1 Evacuation Pause) 43M->9M(64M) 0,663ms
[50,229s][info][gc,cpu      ] GC(375) User=0,00s Sys=0,00s Real=0,00s
[50,378s][info][gc,start    ] GC(376) Pause Young (Normal) (G1 Evacuation Pause)
[50,378s][info][gc,task     ] GC(376) Using 4 workers of 8 for evacuation
[50,379s][info][gc,phases   ] GC(376)   Pre Evacuate Collection Set: 0,0ms
[50,379s][info][gc,phases   ] GC(376)   Merge Heap Roots: 0,0ms
[50,379s][info][gc,phases   ] GC(376)   Evacuate Collection Set: 0,6ms
[50,379s][info][gc,phases   ] GC(376)   Post Evacuate Collection Set: 0,1ms
[50,379s][info][gc,phases   ] GC(376)   Other: 0,1ms
[50,379s][info][gc,heap     ] GC(376) Eden regions: 35->0(33)
[50,379s][info][gc,heap     ] GC(376) Survivor regions: 3->5(5)
[50,379s][info][gc,heap     ] GC(376) Old regions: 6->6
[50,379s][info][gc,heap     ] GC(376) Archive regions: 2->2
[50,379s][info][gc,heap     ] GC(376) Humongous regions: 0->0
[50,379s][info][gc,metaspace] GC(376) Metaspace: 117K(320K)->117K(320K) NonClass: 109K(192K)->109K(192K) Class: 8K(128K)->8K(128K)
[50,379s][info][gc          ] GC(376) Pause Young (Normal) (G1 Evacuation Pause) 44M->11M(64M) 1,009ms
[50,379s][info][gc,cpu      ] GC(376) User=0,00s Sys=0,00s Real=0,00s
[50,528s][info][gc,start    ] GC(377) Pause Young (Normal) (G1 Evacuation Pause)
[50,528s][info][gc,task     ] GC(377) Using 4 workers of 8 for evacuation
[50,528s][info][gc,phases   ] GC(377)   Pre Evacuate Collection Set: 0,0ms
[50,528s][info][gc,phases   ] GC(377)   Merge Heap Roots: 0,0ms
[50,528s][info][gc,phases   ] GC(377)   Evacuate Collection Set: 0,2ms
[50,528s][info][gc,phases   ] GC(377)   Post Evacuate Collection Set: 0,1ms
[50,528s][info][gc,phases   ] GC(377)   Other: 0,1ms
[50,528s][info][gc,heap     ] GC(377) Eden regions: 33->0(34)
[50,528s][info][gc,heap     ] GC(377) Survivor regions: 5->4(5)
[50,528s][info][gc,heap     ] GC(377) Old regions: 6->6
[50,528s][info][gc,heap     ] GC(377) Archive regions: 2->2
[50,528s][info][gc,heap     ] GC(377) Humongous regions: 0->0
[50,529s][info][gc,metaspace] GC(377) Metaspace: 117K(320K)->117K(320K) NonClass: 109K(192K)->109K(192K) Class: 8K(128K)->8K(128K)
[50,529s][info][gc          ] GC(377) Pause Young (Normal) (G1 Evacuation Pause) 44M->9M(64M) 0,558ms
[50,529s][info][gc,cpu      ] GC(377) User=0,01s Sys=0,00s Real=0,00s
[50,628s][info][gc,start    ] GC(378) Pause Young (Normal) (G1 Evacuation Pause)
[50,629s][info][gc,task     ] GC(378) Using 4 workers of 8 for evacuation
[50,629s][info][gc,phases   ] GC(378)   Pre Evacuate Collection Set: 0,0ms
[50,629s][info][gc,phases   ] GC(378)   Merge Heap Roots: 0,0ms
[50,629s][info][gc,phases   ] GC(378)   Evacuate Collection Set: 0,4ms
[50,629s][info][gc,phases   ] GC(378)   Post Evacuate Collection Set: 0,1ms
[50,629s][info][gc,phases   ] GC(378)   Other: 0,1ms
[50,629s][info][gc,heap     ] GC(378) Eden regions: 34->0(33)
[50,629s][info][gc,heap     ] GC(378) Survivor regions: 4->5(5)
[50,629s][info][gc,heap     ] GC(378) Old regions: 6->6
[50,629s][info][gc,heap     ] GC(378) Archive regions: 2->2
[50,629s][info][gc,heap     ] GC(378) Humongous regions: 0->0
[50,629s][info][gc,metaspace] GC(378) Metaspace: 117K(320K)->117K(320K) NonClass: 109K(192K)->109K(192K) Class: 8K(128K)->8K(128K)
[50,629s][info][gc          ] GC(378) Pause Young (Normal) (G1 Evacuation Pause) 43M->10M(64M) 0,815ms
[50,629s][info][gc,cpu      ] GC(378) User=0,00s Sys=0,00s Real=0,00s
[50,779s][info][gc,start    ] GC(379) Pause Young (Normal) (G1 Evacuation Pause)
[50,779s][info][gc,task     ] GC(379) Using 4 workers of 8 for evacuation
[50,779s][info][gc,phases   ] GC(379)   Pre Evacuate Collection Set: 0,0ms
[50,779s][info][gc,phases   ] GC(379)   Merge Heap Roots: 0,0ms
[50,779s][info][gc,phases   ] GC(379)   Evacuate Collection Set: 0,2ms
[50,779s][info][gc,phases   ] GC(379)   Post Evacuate Collection Set: 0,1ms
[50,779s][info][gc,phases   ] GC(379)   Other: 0,1ms
[50,779s][info][gc,heap     ] GC(379) Eden regions: 33->0(35)
[50,779s][info][gc,heap     ] GC(379) Survivor regions: 5->3(5)
[50,779s][info][gc,heap     ] GC(379) Old regions: 6->6
[50,779s][info][gc,heap     ] GC(379) Archive regions: 2->2
[50,779s][info][gc,heap     ] GC(379) Humongous regions: 0->0
[50,779s][info][gc,metaspace] GC(379) Metaspace: 117K(320K)->117K(320K) NonClass: 109K(192K)->109K(192K) Class: 8K(128K)->8K(128K)
[50,779s][info][gc          ] GC(379) Pause Young (Normal) (G1 Evacuation Pause) 43M->8M(64M) 0,606ms
[50,779s][info][gc,cpu      ] GC(379) User=0,00s Sys=0,00s Real=0,00s
[50,927s][info][gc,start    ] GC(380) Pause Young (Normal) (G1 Evacuation Pause)
[50,927s][info][gc,task     ] GC(380) Using 4 workers of 8 for evacuation
[50,928s][info][gc,phases   ] GC(380)   Pre Evacuate Collection Set: 0,0ms
[50,928s][info][gc,phases   ] GC(380)   Merge Heap Roots: 0,0ms
[50,928s][info][gc,phases   ] GC(380)   Evacuate Collection Set: 0,4ms
[50,928s][info][gc,phases   ] GC(380)   Post Evacuate Collection Set: 0,1ms
[50,928s][info][gc,phases   ] GC(380)   Other: 0,1ms
[50,928s][info][gc,heap     ] GC(380) Eden regions: 35->0(34)
[50,928s][info][gc,heap     ] GC(380) Survivor regions: 3->4(5)
[50,928s][info][gc,heap     ] GC(380) Old regions: 6->6
[50,928s][info][gc,heap     ] GC(380) Archive regions: 2->2
[50,928s][info][gc,heap     ] GC(380) Humongous regions: 0->0
[50,928s][info][gc,metaspace] GC(380) Metaspace: 117K(320K)->117K(320K) NonClass: 109K(192K)->109K(192K) Class: 8K(128K)->8K(128K)
[50,928s][info][gc          ] GC(380) Pause Young (Normal) (G1 Evacuation Pause) 43M->9M(64M) 0,859ms
[50,928s][info][gc,cpu      ] GC(380) User=0,01s Sys=0,00s Real=0,00s
[51,028s][info][gc,start    ] GC(381) Pause Young (Normal) (G1 Evacuation Pause)
[51,028s][info][gc,task     ] GC(381) Using 4 workers of 8 for evacuation
[51,028s][info][gc,phases   ] GC(381)   Pre Evacuate Collection Set: 0,0ms
[51,028s][info][gc,phases   ] GC(381)   Merge Heap Roots: 0,0ms
[51,028s][info][gc,phases   ] GC(381)   Evacuate Collection Set: 0,4ms
[51,028s][info][gc,phases   ] GC(381)   Post Evacuate Collection Set: 0,1ms
[51,028s][info][gc,phases   ] GC(381)   Other: 0,1ms
[51,028s][info][gc,heap     ] GC(381) Eden regions: 34->0(33)
[51,028s][info][gc,heap     ] GC(381) Survivor regions: 4->5(5)
[51,028s][info][gc,heap     ] GC(381) Old regions: 6->6
[51,028s][info][gc,heap     ] GC(381) Archive regions: 2->2
[51,028s][info][gc,heap     ] GC(381) Humongous regions: 0->0
[51,028s][info][gc,metaspace] GC(381) Metaspace: 117K(320K)->117K(320K) NonClass: 109K(192K)->109K(192K) Class: 8K(128K)->8K(128K)
[51,029s][info][gc          ] GC(381) Pause Young (Normal) (G1 Evacuation Pause) 43M->10M(64M) 0,818ms
[51,029s][info][gc,cpu      ] GC(381) User=0,00s Sys=0,00s Real=0,00s
[51,174s][info][gc,start    ] GC(382) Pause Young (Normal) (G1 Evacuation Pause)
[51,174s][info][gc,task     ] GC(382) Using 4 workers of 8 for evacuation
[51,174s][info][gc,phases   ] GC(382)   Pre Evacuate Collection Set: 0,0ms
[51,174s][info][gc,phases   ] GC(382)   Merge Heap Roots: 0,0ms
[51,174s][info][gc,phases   ] GC(382)   Evacuate Collection Set: 0,2ms
[51,174s][info][gc,phases   ] GC(382)   Post Evacuate Collection Set: 0,1ms
[51,174s][info][gc,phases   ] GC(382)   Other: 0,1ms
[51,174s][info][gc,heap     ] GC(382) Eden regions: 33->0(35)
[51,174s][info][gc,heap     ] GC(382) Survivor regions: 5->3(5)
[51,174s][info][gc,heap     ] GC(382) Old regions: 6->6
[51,174s][info][gc,heap     ] GC(382) Archive regions: 2->2
[51,174s][info][gc,heap     ] GC(382) Humongous regions: 0->0
[51,174s][info][gc,metaspace] GC(382) Metaspace: 117K(320K)->117K(320K) NonClass: 109K(192K)->109K(192K) Class: 8K(128K)->8K(128K)
[51,174s][info][gc          ] GC(382) Pause Young (Normal) (G1 Evacuation Pause) 43M->8M(64M) 0,512ms
[51,174s][info][gc,cpu      ] GC(382) User=0,00s Sys=0,00s Real=0,00s
[51,326s][info][gc,start    ] GC(383) Pause Young (Normal) (G1 Evacuation Pause)
[51,326s][info][gc,task     ] GC(383) Using 4 workers of 8 for evacuation
[51,327s][info][gc,phases   ] GC(383)   Pre Evacuate Collection Set: 0,0ms
[51,327s][info][gc,phases   ] GC(383)   Merge Heap Roots: 0,0ms
[51,327s][info][gc,phases   ] GC(383)   Evacuate Collection Set: 0,3ms
[51,327s][info][gc,phases   ] GC(383)   Post Evacuate Collection Set: 0,1ms
[51,327s][info][gc,phases   ] GC(383)   Other: 0,1ms
[51,327s][info][gc,heap     ] GC(383) Eden regions: 35->0(33)
[51,327s][info][gc,heap     ] GC(383) Survivor regions: 3->5(5)
[51,327s][info][gc,heap     ] GC(383) Old regions: 6->6
[51,327s][info][gc,heap     ] GC(383) Archive regions: 2->2
[51,327s][info][gc,heap     ] GC(383) Humongous regions: 0->0
[51,327s][info][gc,metaspace] GC(383) Metaspace: 117K(320K)->117K(320K) NonClass: 109K(192K)->109K(192K) Class: 8K(128K)->8K(128K)
[51,327s][info][gc          ] GC(383) Pause Young (Normal) (G1 Evacuation Pause) 43M->10M(64M) 0,653ms
[51,327s][info][gc,cpu      ] GC(383) User=0,00s Sys=0,00s Real=0,00s
[51,428s][info][gc,start    ] GC(384) Pause Young (Normal) (G1 Evacuation Pause)
[51,428s][info][gc,task     ] GC(384) Using 4 workers of 8 for evacuation
[51,429s][info][gc,phases   ] GC(384)   Pre Evacuate Collection Set: 0,0ms
[51,429s][info][gc,phases   ] GC(384)   Merge Heap Roots: 0,0ms
[51,429s][info][gc,phases   ] GC(384)   Evacuate Collection Set: 0,3ms
[51,429s][info][gc,phases   ] GC(384)   Post Evacuate Collection Set: 0,1ms
[51,429s][info][gc,phases   ] GC(384)   Other: 0,1ms
[51,429s][info][gc,heap     ] GC(384) Eden regions: 33->0(34)
[51,429s][info][gc,heap     ] GC(384) Survivor regions: 5->4(5)
[51,429s][info][gc,heap     ] GC(384) Old regions: 6->6
[51,429s][info][gc,heap     ] GC(384) Archive regions: 2->2
[51,429s][info][gc,heap     ] GC(384) Humongous regions: 0->0
[51,429s][info][gc,metaspace] GC(384) Metaspace: 117K(320K)->117K(320K) NonClass: 109K(192K)->109K(192K) Class: 8K(128K)->8K(128K)
[51,429s][info][gc          ] GC(384) Pause Young (Normal) (G1 Evacuation Pause) 43M->9M(64M) 0,690ms
[51,429s][info][gc,cpu      ] GC(384) User=0,00s Sys=0,00s Real=0,00s
[51,577s][info][gc,start    ] GC(385) Pause Young (Normal) (G1 Evacuation Pause)
[51,577s][info][gc,task     ] GC(385) Using 4 workers of 8 for evacuation
[51,578s][info][gc,phases   ] GC(385)   Pre Evacuate Collection Set: 0,0ms
[51,578s][info][gc,phases   ] GC(385)   Merge Heap Roots: 0,0ms
[51,578s][info][gc,phases   ] GC(385)   Evacuate Collection Set: 0,5ms
[51,578s][info][gc,phases   ] GC(385)   Post Evacuate Collection Set: 0,1ms
[51,578s][info][gc,phases   ] GC(385)   Other: 0,1ms
[51,578s][info][gc,heap     ] GC(385) Eden regions: 34->0(33)
[51,578s][info][gc,heap     ] GC(385) Survivor regions: 4->5(5)
[51,578s][info][gc,heap     ] GC(385) Old regions: 6->6
[51,578s][info][gc,heap     ] GC(385) Archive regions: 2->2
[51,578s][info][gc,heap     ] GC(385) Humongous regions: 0->0
[51,578s][info][gc,metaspace] GC(385) Metaspace: 117K(320K)->117K(320K) NonClass: 109K(192K)->109K(192K) Class: 8K(128K)->8K(128K)
[51,578s][info][gc          ] GC(385) Pause Young (Normal) (G1 Evacuation Pause) 43M->10M(64M) 0,858ms
[51,578s][info][gc,cpu      ] GC(385) User=0,00s Sys=0,00s Real=0,00s
[51,727s][info][gc,start    ] GC(386) Pause Young (Normal) (G1 Evacuation Pause)
[51,727s][info][gc,task     ] GC(386) Using 4 workers of 8 for evacuation
[51,728s][info][gc,phases   ] GC(386)   Pre Evacuate Collection Set: 0,0ms
[51,728s][info][gc,phases   ] GC(386)   Merge Heap Roots: 0,0ms
[51,728s][info][gc,phases   ] GC(386)   Evacuate Collection Set: 0,2ms
[51,728s][info][gc,phases   ] GC(386)   Post Evacuate Collection Set: 0,1ms
[51,728s][info][gc,phases   ] GC(386)   Other: 0,1ms
[51,728s][info][gc,heap     ] GC(386) Eden regions: 33->0(35)
[51,728s][info][gc,heap     ] GC(386) Survivor regions: 5->3(5)
[51,728s][info][gc,heap     ] GC(386) Old regions: 6->6
[51,728s][info][gc,heap     ] GC(386) Archive regions: 2->2
[51,728s][info][gc,heap     ] GC(386) Humongous regions: 0->0
[51,728s][info][gc,metaspace] GC(386) Metaspace: 117K(320K)->117K(320K) NonClass: 109K(192K)->109K(192K) Class: 8K(128K)->8K(128K)
[51,728s][info][gc          ] GC(386) Pause Young (Normal) (G1 Evacuation Pause) 43M->8M(64M) 0,495ms
[51,728s][info][gc,cpu      ] GC(386) User=0,00s Sys=0,00s Real=0,00s
[51,828s][info][gc,start    ] GC(387) Pause Young (Normal) (G1 Evacuation Pause)
[51,828s][info][gc,task     ] GC(387) Using 4 workers of 8 for evacuation
[51,828s][info][gc,phases   ] GC(387)   Pre Evacuate Collection Set: 0,0ms
[51,828s][info][gc,phases   ] GC(387)   Merge Heap Roots: 0,0ms
[51,828s][info][gc,phases   ] GC(387)   Evacuate Collection Set: 0,4ms
[51,828s][info][gc,phases   ] GC(387)   Post Evacuate Collection Set: 0,1ms
[51,828s][info][gc,phases   ] GC(387)   Other: 0,1ms
[51,828s][info][gc,heap     ] GC(387) Eden regions: 35->0(33)
[51,828s][info][gc,heap     ] GC(387) Survivor regions: 3->5(5)
[51,828s][info][gc,heap     ] GC(387) Old regions: 6->6
[51,828s][info][gc,heap     ] GC(387) Archive regions: 2->2
[51,828s][info][gc,heap     ] GC(387) Humongous regions: 0->0
[51,828s][info][gc,metaspace] GC(387) Metaspace: 117K(320K)->117K(320K) NonClass: 109K(192K)->109K(192K) Class: 8K(128K)->8K(128K)
[51,828s][info][gc          ] GC(387) Pause Young (Normal) (G1 Evacuation Pause) 43M->10M(64M) 0,745ms
[51,828s][info][gc,cpu      ] GC(387) User=0,00s Sys=0,00s Real=0,00s
[51,977s][info][gc,start    ] GC(388) Pause Young (Normal) (G1 Evacuation Pause)
[51,977s][info][gc,task     ] GC(388) Using 4 workers of 8 for evacuation
[51,978s][info][gc,phases   ] GC(388)   Pre Evacuate Collection Set: 0,0ms
[51,978s][info][gc,phases   ] GC(388)   Merge Heap Roots: 0,0ms
[51,978s][info][gc,phases   ] GC(388)   Evacuate Collection Set: 0,2ms
[51,978s][info][gc,phases   ] GC(388)   Post Evacuate Collection Set: 0,1ms
[51,978s][info][gc,phases   ] GC(388)   Other: 0,1ms
[51,978s][info][gc,heap     ] GC(388) Eden regions: 33->0(35)
[51,978s][info][gc,heap     ] GC(388) Survivor regions: 5->3(5)
[51,978s][info][gc,heap     ] GC(388) Old regions: 6->6
[51,978s][info][gc,heap     ] GC(388) Archive regions: 2->2
[51,978s][info][gc,heap     ] GC(388) Humongous regions: 0->0
[51,978s][info][gc,metaspace] GC(388) Metaspace: 117K(320K)->117K(320K) NonClass: 109K(192K)->109K(192K) Class: 8K(128K)->8K(128K)
[51,978s][info][gc          ] GC(388) Pause Young (Normal) (G1 Evacuation Pause) 43M->9M(64M) 0,523ms
[51,978s][info][gc,cpu      ] GC(388) User=0,00s Sys=0,00s Real=0,00s
[52,127s][info][gc,start    ] GC(389) Pause Young (Normal) (G1 Evacuation Pause)
[52,127s][info][gc,task     ] GC(389) Using 4 workers of 8 for evacuation
[52,128s][info][gc,phases   ] GC(389)   Pre Evacuate Collection Set: 0,0ms
[52,128s][info][gc,phases   ] GC(389)   Merge Heap Roots: 0,0ms
[52,128s][info][gc,phases   ] GC(389)   Evacuate Collection Set: 0,5ms
[52,128s][info][gc,phases   ] GC(389)   Post Evacuate Collection Set: 0,1ms
[52,128s][info][gc,phases   ] GC(389)   Other: 0,1ms
[52,128s][info][gc,heap     ] GC(389) Eden regions: 35->0(33)
[52,128s][info][gc,heap     ] GC(389) Survivor regions: 3->5(5)
[52,128s][info][gc,heap     ] GC(389) Old regions: 6->6
[52,128s][info][gc,heap     ] GC(389) Archive regions: 2->2
[52,128s][info][gc,heap     ] GC(389) Humongous regions: 0->0
[52,128s][info][gc,metaspace] GC(389) Metaspace: 117K(320K)->117K(320K) NonClass: 109K(192K)->109K(192K) Class: 8K(128K)->8K(128K)
[52,128s][info][gc          ] GC(389) Pause Young (Normal) (G1 Evacuation Pause) 44M->11M(64M) 0,869ms
[52,128s][info][gc,cpu      ] GC(389) User=0,00s Sys=0,00s Real=0,00s
[52,228s][info][gc,start    ] GC(390) Pause Young (Normal) (G1 Evacuation Pause)
[52,228s][info][gc,task     ] GC(390) Using 4 workers of 8 for evacuation
[52,229s][info][gc,phases   ] GC(390)   Pre Evacuate Collection Set: 0,0ms
[52,229s][info][gc,phases   ] GC(390)   Merge Heap Roots: 0,0ms
[52,229s][info][gc,phases   ] GC(390)   Evacuate Collection Set: 0,3ms
[52,229s][info][gc,phases   ] GC(390)   Post Evacuate Collection Set: 0,1ms
[52,229s][info][gc,phases   ] GC(390)   Other: 0,1ms
[52,229s][info][gc,heap     ] GC(390) Eden regions: 33->0(34)
[52,229s][info][gc,heap     ] GC(390) Survivor regions: 5->4(5)
[52,229s][info][gc,heap     ] GC(390) Old regions: 6->6
[52,229s][info][gc,heap     ] GC(390) Archive regions: 2->2
[52,229s][info][gc,heap     ] GC(390) Humongous regions: 0->0
[52,229s][info][gc,metaspace] GC(390) Metaspace: 117K(320K)->117K(320K) NonClass: 109K(192K)->109K(192K) Class: 8K(128K)->8K(128K)
[52,229s][info][gc          ] GC(390) Pause Young (Normal) (G1 Evacuation Pause) 44M->9M(64M) 0,707ms
[52,229s][info][gc,cpu      ] GC(390) User=0,00s Sys=0,00s Real=0,00s
[52,377s][info][gc,start    ] GC(391) Pause Young (Normal) (G1 Evacuation Pause)
[52,377s][info][gc,task     ] GC(391) Using 4 workers of 8 for evacuation
[52,377s][info][gc,phases   ] GC(391)   Pre Evacuate Collection Set: 0,0ms
[52,377s][info][gc,phases   ] GC(391)   Merge Heap Roots: 0,0ms
[52,377s][info][gc,phases   ] GC(391)   Evacuate Collection Set: 0,5ms
[52,377s][info][gc,phases   ] GC(391)   Post Evacuate Collection Set: 0,2ms
[52,377s][info][gc,phases   ] GC(391)   Other: 0,1ms
[52,377s][info][gc,heap     ] GC(391) Eden regions: 34->0(33)
[52,377s][info][gc,heap     ] GC(391) Survivor regions: 4->5(5)
[52,377s][info][gc,heap     ] GC(391) Old regions: 6->6
[52,377s][info][gc,heap     ] GC(391) Archive regions: 2->2
[52,377s][info][gc,heap     ] GC(391) Humongous regions: 0->0
[52,377s][info][gc,metaspace] GC(391) Metaspace: 117K(320K)->117K(320K) NonClass: 109K(192K)->109K(192K) Class: 8K(128K)->8K(128K)
[52,377s][info][gc          ] GC(391) Pause Young (Normal) (G1 Evacuation Pause) 43M->10M(64M) 0,906ms
[52,378s][info][gc,cpu      ] GC(391) User=0,00s Sys=0,00s Real=0,00s
[52,527s][info][gc,start    ] GC(392) Pause Young (Normal) (G1 Evacuation Pause)
[52,527s][info][gc,task     ] GC(392) Using 4 workers of 8 for evacuation
[52,527s][info][gc,phases   ] GC(392)   Pre Evacuate Collection Set: 0,0ms
[52,527s][info][gc,phases   ] GC(392)   Merge Heap Roots: 0,0ms
[52,527s][info][gc,phases   ] GC(392)   Evacuate Collection Set: 0,2ms
[52,527s][info][gc,phases   ] GC(392)   Post Evacuate Collection Set: 0,1ms
[52,527s][info][gc,phases   ] GC(392)   Other: 0,1ms
[52,527s][info][gc,heap     ] GC(392) Eden regions: 33->0(34)
[52,527s][info][gc,heap     ] GC(392) Survivor regions: 5->4(5)
[52,527s][info][gc,heap     ] GC(392) Old regions: 6->6
[52,527s][info][gc,heap     ] GC(392) Archive regions: 2->2
[52,527s][info][gc,heap     ] GC(392) Humongous regions: 0->0
[52,527s][info][gc,metaspace] GC(392) Metaspace: 117K(320K)->117K(320K) NonClass: 109K(192K)->109K(192K) Class: 8K(128K)->8K(128K)
[52,527s][info][gc          ] GC(392) Pause Young (Normal) (G1 Evacuation Pause) 43M->9M(64M) 0,565ms
[52,527s][info][gc,cpu      ] GC(392) User=0,00s Sys=0,00s Real=0,00s
[52,629s][info][gc,start    ] GC(393) Pause Young (Normal) (G1 Evacuation Pause)
[52,629s][info][gc,task     ] GC(393) Using 4 workers of 8 for evacuation
[52,629s][info][gc,phases   ] GC(393)   Pre Evacuate Collection Set: 0,0ms
[52,629s][info][gc,phases   ] GC(393)   Merge Heap Roots: 0,0ms
[52,629s][info][gc,phases   ] GC(393)   Evacuate Collection Set: 0,2ms
[52,629s][info][gc,phases   ] GC(393)   Post Evacuate Collection Set: 0,1ms
[52,629s][info][gc,phases   ] GC(393)   Other: 0,1ms
[52,629s][info][gc,heap     ] GC(393) Eden regions: 34->0(35)
[52,629s][info][gc,heap     ] GC(393) Survivor regions: 4->3(5)
[52,629s][info][gc,heap     ] GC(393) Old regions: 6->6
[52,629s][info][gc,heap     ] GC(393) Archive regions: 2->2
[52,629s][info][gc,heap     ] GC(393) Humongous regions: 0->0
[52,629s][info][gc,metaspace] GC(393) Metaspace: 117K(320K)->117K(320K) NonClass: 109K(192K)->109K(192K) Class: 8K(128K)->8K(128K)
[52,629s][info][gc          ] GC(393) Pause Young (Normal) (G1 Evacuation Pause) 43M->8M(64M) 0,573ms
[52,629s][info][gc,cpu      ] GC(393) User=0,00s Sys=0,00s Real=0,00s
[52,777s][info][gc,start    ] GC(394) Pause Young (Normal) (G1 Evacuation Pause)
[52,777s][info][gc,task     ] GC(394) Using 4 workers of 8 for evacuation
[52,778s][info][gc,phases   ] GC(394)   Pre Evacuate Collection Set: 0,0ms
[52,778s][info][gc,phases   ] GC(394)   Merge Heap Roots: 0,0ms
[52,778s][info][gc,phases   ] GC(394)   Evacuate Collection Set: 0,4ms
[52,778s][info][gc,phases   ] GC(394)   Post Evacuate Collection Set: 0,1ms
[52,778s][info][gc,phases   ] GC(394)   Other: 0,1ms
[52,778s][info][gc,heap     ] GC(394) Eden regions: 35->0(33)
[52,778s][info][gc,heap     ] GC(394) Survivor regions: 3->5(5)
[52,778s][info][gc,heap     ] GC(394) Old regions: 6->6
[52,778s][info][gc,heap     ] GC(394) Archive regions: 2->2
[52,778s][info][gc,heap     ] GC(394) Humongous regions: 0->0
[52,778s][info][gc,metaspace] GC(394) Metaspace: 117K(320K)->117K(320K) NonClass: 109K(192K)->109K(192K) Class: 8K(128K)->8K(128K)
[52,778s][info][gc          ] GC(394) Pause Young (Normal) (G1 Evacuation Pause) 43M->10M(64M) 0,814ms
[52,778s][info][gc,cpu      ] GC(394) User=0,00s Sys=0,00s Real=0,00s
[52,927s][info][gc,start    ] GC(395) Pause Young (Normal) (G1 Evacuation Pause)
[52,927s][info][gc,task     ] GC(395) Using 4 workers of 8 for evacuation
[52,928s][info][gc,phases   ] GC(395)   Pre Evacuate Collection Set: 0,0ms
[52,928s][info][gc,phases   ] GC(395)   Merge Heap Roots: 0,0ms
[52,928s][info][gc,phases   ] GC(395)   Evacuate Collection Set: 0,2ms
[52,928s][info][gc,phases   ] GC(395)   Post Evacuate Collection Set: 0,1ms
[52,928s][info][gc,phases   ] GC(395)   Other: 0,1ms
[52,928s][info][gc,heap     ] GC(395) Eden regions: 33->0(35)
[52,928s][info][gc,heap     ] GC(395) Survivor regions: 5->3(5)
[52,928s][info][gc,heap     ] GC(395) Old regions: 6->6
[52,928s][info][gc,heap     ] GC(395) Archive regions: 2->2
[52,928s][info][gc,heap     ] GC(395) Humongous regions: 0->0
[52,928s][info][gc,metaspace] GC(395) Metaspace: 117K(320K)->117K(320K) NonClass: 109K(192K)->109K(192K) Class: 8K(128K)->8K(128K)
[52,928s][info][gc          ] GC(395) Pause Young (Normal) (G1 Evacuation Pause) 43M->9M(64M) 0,618ms
[52,928s][info][gc,cpu      ] GC(395) User=0,00s Sys=0,00s Real=0,00s
[53,029s][info][gc,start    ] GC(396) Pause Young (Normal) (G1 Evacuation Pause)
[53,029s][info][gc,task     ] GC(396) Using 4 workers of 8 for evacuation
[53,030s][info][gc,phases   ] GC(396)   Pre Evacuate Collection Set: 0,0ms
[53,030s][info][gc,phases   ] GC(396)   Merge Heap Roots: 0,0ms
[53,030s][info][gc,phases   ] GC(396)   Evacuate Collection Set: 0,5ms
[53,030s][info][gc,phases   ] GC(396)   Post Evacuate Collection Set: 0,1ms
[53,030s][info][gc,phases   ] GC(396)   Other: 0,1ms
[53,030s][info][gc,heap     ] GC(396) Eden regions: 35->0(33)
[53,030s][info][gc,heap     ] GC(396) Survivor regions: 3->5(5)
[53,030s][info][gc,heap     ] GC(396) Old regions: 6->6
[53,030s][info][gc,heap     ] GC(396) Archive regions: 2->2
[53,030s][info][gc,heap     ] GC(396) Humongous regions: 0->0
[53,030s][info][gc,metaspace] GC(396) Metaspace: 117K(320K)->117K(320K) NonClass: 109K(192K)->109K(192K) Class: 8K(128K)->8K(128K)
[53,030s][info][gc          ] GC(396) Pause Young (Normal) (G1 Evacuation Pause) 44M->11M(64M) 0,849ms
[53,030s][info][gc,cpu      ] GC(396) User=0,01s Sys=0,00s Real=0,00s
[53,179s][info][gc,start    ] GC(397) Pause Young (Normal) (G1 Evacuation Pause)
[53,179s][info][gc,task     ] GC(397) Using 4 workers of 8 for evacuation
[53,179s][info][gc,phases   ] GC(397)   Pre Evacuate Collection Set: 0,0ms
[53,179s][info][gc,phases   ] GC(397)   Merge Heap Roots: 0,0ms
[53,179s][info][gc,phases   ] GC(397)   Evacuate Collection Set: 0,2ms
[53,179s][info][gc,phases   ] GC(397)   Post Evacuate Collection Set: 0,1ms
[53,179s][info][gc,phases   ] GC(397)   Other: 0,1ms
[53,179s][info][gc,heap     ] GC(397) Eden regions: 33->0(34)
[53,179s][info][gc,heap     ] GC(397) Survivor regions: 5->4(5)
[53,179s][info][gc,heap     ] GC(397) Old regions: 6->6
[53,179s][info][gc,heap     ] GC(397) Archive regions: 2->2
[53,179s][info][gc,heap     ] GC(397) Humongous regions: 0->0
[53,179s][info][gc,metaspace] GC(397) Metaspace: 117K(320K)->117K(320K) NonClass: 109K(192K)->109K(192K) Class: 8K(128K)->8K(128K)
[53,179s][info][gc          ] GC(397) Pause Young (Normal) (G1 Evacuation Pause) 44M->9M(64M) 0,532ms
[53,179s][info][gc,cpu      ] GC(397) User=0,00s Sys=0,00s Real=0,00s
[53,329s][info][gc,start    ] GC(398) Pause Young (Normal) (G1 Evacuation Pause)
[53,329s][info][gc,task     ] GC(398) Using 4 workers of 8 for evacuation
[53,329s][info][gc,phases   ] GC(398)   Pre Evacuate Collection Set: 0,0ms
[53,329s][info][gc,phases   ] GC(398)   Merge Heap Roots: 0,0ms
[53,329s][info][gc,phases   ] GC(398)   Evacuate Collection Set: 0,4ms
[53,329s][info][gc,phases   ] GC(398)   Post Evacuate Collection Set: 0,1ms
[53,329s][info][gc,phases   ] GC(398)   Other: 0,1ms
[53,329s][info][gc,heap     ] GC(398) Eden regions: 34->0(33)
[53,329s][info][gc,heap     ] GC(398) Survivor regions: 4->5(5)
[53,329s][info][gc,heap     ] GC(398) Old regions: 6->6
[53,329s][info][gc,heap     ] GC(398) Archive regions: 2->2
[53,329s][info][gc,heap     ] GC(398) Humongous regions: 0->0
[53,329s][info][gc,metaspace] GC(398) Metaspace: 117K(320K)->117K(320K) NonClass: 109K(192K)->109K(192K) Class: 8K(128K)->8K(128K)
[53,329s][info][gc          ] GC(398) Pause Young (Normal) (G1 Evacuation Pause) 43M->10M(64M) 0,699ms
[53,329s][info][gc,cpu      ] GC(398) User=0,00s Sys=0,00s Real=0,00s
[53,428s][info][gc,start    ] GC(399) Pause Young (Normal) (G1 Evacuation Pause)
[53,428s][info][gc,task     ] GC(399) Using 4 workers of 8 for evacuation
[53,428s][info][gc,phases   ] GC(399)   Pre Evacuate Collection Set: 0,0ms
[53,428s][info][gc,phases   ] GC(399)   Merge Heap Roots: 0,0ms
[53,428s][info][gc,phases   ] GC(399)   Evacuate Collection Set: 0,3ms
[53,428s][info][gc,phases   ] GC(399)   Post Evacuate Collection Set: 0,1ms
[53,428s][info][gc,phases   ] GC(399)   Other: 0,1ms
[53,428s][info][gc,heap     ] GC(399) Eden regions: 33->0(35)
[53,428s][info][gc,heap     ] GC(399) Survivor regions: 5->3(5)
[53,428s][info][gc,heap     ] GC(399) Old regions: 6->6
[53,428s][info][gc,heap     ] GC(399) Archive regions: 2->2
[53,428s][info][gc,heap     ] GC(399) Humongous regions: 0->0
[53,428s][info][gc,metaspace] GC(399) Metaspace: 117K(320K)->117K(320K) NonClass: 109K(192K)->109K(192K) Class: 8K(128K)->8K(128K)
[53,428s][info][gc          ] GC(399) Pause Young (Normal) (G1 Evacuation Pause) 43M->8M(64M) 0,735ms
[53,428s][info][gc,cpu      ] GC(399) User=0,01s Sys=0,00s Real=0,00s
[53,577s][info][gc,start    ] GC(400) Pause Young (Normal) (G1 Evacuation Pause)
[53,577s][info][gc,task     ] GC(400) Using 4 workers of 8 for evacuation
[53,578s][info][gc,phases   ] GC(400)   Pre Evacuate Collection Set: 0,0ms
[53,578s][info][gc,phases   ] GC(400)   Merge Heap Roots: 0,0ms
[53,578s][info][gc,phases   ] GC(400)   Evacuate Collection Set: 0,5ms
[53,578s][info][gc,phases   ] GC(400)   Post Evacuate Collection Set: 0,1ms
[53,578s][info][gc,phases   ] GC(400)   Other: 0,1ms
[53,578s][info][gc,heap     ] GC(400) Eden regions: 35->0(33)
[53,578s][info][gc,heap     ] GC(400) Survivor regions: 3->5(5)
[53,578s][info][gc,heap     ] GC(400) Old regions: 6->6
[53,578s][info][gc,heap     ] GC(400) Archive regions: 2->2
[53,578s][info][gc,heap     ] GC(400) Humongous regions: 0->0
[53,578s][info][gc,metaspace] GC(400) Metaspace: 117K(320K)->117K(320K) NonClass: 109K(192K)->109K(192K) Class: 8K(128K)->8K(128K)
[53,578s][info][gc          ] GC(400) Pause Young (Normal) (G1 Evacuation Pause) 43M->10M(64M) 0,838ms
[53,578s][info][gc,cpu      ] GC(400) User=0,00s Sys=0,00s Real=0,00s
[53,727s][info][gc,start    ] GC(401) Pause Young (Normal) (G1 Evacuation Pause)
[53,727s][info][gc,task     ] GC(401) Using 4 workers of 8 for evacuation
[53,727s][info][gc,phases   ] GC(401)   Pre Evacuate Collection Set: 0,0ms
[53,727s][info][gc,phases   ] GC(401)   Merge Heap Roots: 0,0ms
[53,727s][info][gc,phases   ] GC(401)   Evacuate Collection Set: 0,2ms
[53,727s][info][gc,phases   ] GC(401)   Post Evacuate Collection Set: 0,1ms
[53,727s][info][gc,phases   ] GC(401)   Other: 0,1ms
[53,727s][info][gc,heap     ] GC(401) Eden regions: 33->0(35)
[53,727s][info][gc,heap     ] GC(401) Survivor regions: 5->3(5)
[53,727s][info][gc,heap     ] GC(401) Old regions: 6->6
[53,727s][info][gc,heap     ] GC(401) Archive regions: 2->2
[53,727s][info][gc,heap     ] GC(401) Humongous regions: 0->0
[53,727s][info][gc,metaspace] GC(401) Metaspace: 117K(320K)->117K(320K) NonClass: 109K(192K)->109K(192K) Class: 8K(128K)->8K(128K)
[53,727s][info][gc          ] GC(401) Pause Young (Normal) (G1 Evacuation Pause) 43M->9M(64M) 0,504ms
[53,727s][info][gc,cpu      ] GC(401) User=0,00s Sys=0,00s Real=0,00s
[53,828s][info][gc,start    ] GC(402) Pause Young (Normal) (G1 Evacuation Pause)
[53,828s][info][gc,task     ] GC(402) Using 4 workers of 8 for evacuation
[53,829s][info][gc,phases   ] GC(402)   Pre Evacuate Collection Set: 0,0ms
[53,829s][info][gc,phases   ] GC(402)   Merge Heap Roots: 0,0ms
[53,829s][info][gc,phases   ] GC(402)   Evacuate Collection Set: 0,6ms
[53,829s][info][gc,phases   ] GC(402)   Post Evacuate Collection Set: 0,1ms
[53,829s][info][gc,phases   ] GC(402)   Other: 0,1ms
[53,829s][info][gc,heap     ] GC(402) Eden regions: 35->0(33)
[53,829s][info][gc,heap     ] GC(402) Survivor regions: 3->5(5)
[53,829s][info][gc,heap     ] GC(402) Old regions: 6->6
[53,829s][info][gc,heap     ] GC(402) Archive regions: 2->2
[53,829s][info][gc,heap     ] GC(402) Humongous regions: 0->0
[53,829s][info][gc,metaspace] GC(402) Metaspace: 117K(320K)->117K(320K) NonClass: 109K(192K)->109K(192K) Class: 8K(128K)->8K(128K)
[53,829s][info][gc          ] GC(402) Pause Young (Normal) (G1 Evacuation Pause) 44M->11M(64M) 0,900ms
[53,829s][info][gc,cpu      ] GC(402) User=0,01s Sys=0,00s Real=0,00s
[53,978s][info][gc,start    ] GC(403) Pause Young (Normal) (G1 Evacuation Pause)
[53,978s][info][gc,task     ] GC(403) Using 4 workers of 8 for evacuation
[53,979s][info][gc,phases   ] GC(403)   Pre Evacuate Collection Set: 0,0ms
[53,979s][info][gc,phases   ] GC(403)   Merge Heap Roots: 0,0ms
[53,979s][info][gc,phases   ] GC(403)   Evacuate Collection Set: 0,3ms
[53,979s][info][gc,phases   ] GC(403)   Post Evacuate Collection Set: 0,1ms
[53,979s][info][gc,phases   ] GC(403)   Other: 0,1ms
[53,979s][info][gc,heap     ] GC(403) Eden regions: 33->0(34)
[53,979s][info][gc,heap     ] GC(403) Survivor regions: 5->4(5)
[53,979s][info][gc,heap     ] GC(403) Old regions: 6->6
[53,979s][info][gc,heap     ] GC(403) Archive regions: 2->2
[53,979s][info][gc,heap     ] GC(403) Humongous regions: 0->0
[53,979s][info][gc,metaspace] GC(403) Metaspace: 117K(320K)->117K(320K) NonClass: 109K(192K)->109K(192K) Class: 8K(128K)->8K(128K)
[53,979s][info][gc          ] GC(403) Pause Young (Normal) (G1 Evacuation Pause) 44M->10M(64M) 0,641ms
[53,979s][info][gc,cpu      ] GC(403) User=0,00s Sys=0,00s Real=0,00s
[54,127s][info][gc,start    ] GC(404) Pause Young (Normal) (G1 Evacuation Pause)
[54,128s][info][gc,task     ] GC(404) Using 4 workers of 8 for evacuation
[54,128s][info][gc,phases   ] GC(404)   Pre Evacuate Collection Set: 0,0ms
[54,128s][info][gc,phases   ] GC(404)   Merge Heap Roots: 0,0ms
[54,128s][info][gc,phases   ] GC(404)   Evacuate Collection Set: 0,4ms
[54,128s][info][gc,phases   ] GC(404)   Post Evacuate Collection Set: 0,1ms
[54,128s][info][gc,phases   ] GC(404)   Other: 0,1ms
[54,128s][info][gc,heap     ] GC(404) Eden regions: 34->0(33)
[54,128s][info][gc,heap     ] GC(404) Survivor regions: 4->5(5)
[54,128s][info][gc,heap     ] GC(404) Old regions: 6->6
[54,128s][info][gc,heap     ] GC(404) Archive regions: 2->2
[54,128s][info][gc,heap     ] GC(404) Humongous regions: 0->0
[54,128s][info][gc,metaspace] GC(404) Metaspace: 117K(320K)->117K(320K) NonClass: 109K(192K)->109K(192K) Class: 8K(128K)->8K(128K)
[54,128s][info][gc          ] GC(404) Pause Young (Normal) (G1 Evacuation Pause) 44M->11M(64M) 0,786ms
[54,128s][info][gc,cpu      ] GC(404) User=0,00s Sys=0,00s Real=0,00s
[54,228s][info][gc,start    ] GC(405) Pause Young (Normal) (G1 Evacuation Pause)
[54,228s][info][gc,task     ] GC(405) Using 4 workers of 8 for evacuation
[54,229s][info][gc,phases   ] GC(405)   Pre Evacuate Collection Set: 0,0ms
[54,229s][info][gc,phases   ] GC(405)   Merge Heap Roots: 0,0ms
[54,229s][info][gc,phases   ] GC(405)   Evacuate Collection Set: 0,3ms
[54,229s][info][gc,phases   ] GC(405)   Post Evacuate Collection Set: 0,1ms
[54,229s][info][gc,phases   ] GC(405)   Other: 0,1ms
[54,229s][info][gc,heap     ] GC(405) Eden regions: 33->0(35)
[54,229s][info][gc,heap     ] GC(405) Survivor regions: 5->3(5)
[54,229s][info][gc,heap     ] GC(405) Old regions: 6->6
[54,229s][info][gc,heap     ] GC(405) Archive regions: 2->2
[54,229s][info][gc,heap     ] GC(405) Humongous regions: 0->0
[54,229s][info][gc,metaspace] GC(405) Metaspace: 117K(320K)->117K(320K) NonClass: 109K(192K)->109K(192K) Class: 8K(128K)->8K(128K)
[54,229s][info][gc          ] GC(405) Pause Young (Normal) (G1 Evacuation Pause) 44M->9M(64M) 0,714ms
[54,229s][info][gc,cpu      ] GC(405) User=0,00s Sys=0,00s Real=0,00s
[54,377s][info][gc,start    ] GC(406) Pause Young (Normal) (G1 Evacuation Pause)
[54,377s][info][gc,task     ] GC(406) Using 4 workers of 8 for evacuation
[54,377s][info][gc,phases   ] GC(406)   Pre Evacuate Collection Set: 0,0ms
[54,378s][info][gc,phases   ] GC(406)   Merge Heap Roots: 0,0ms
[54,378s][info][gc,phases   ] GC(406)   Evacuate Collection Set: 0,6ms
[54,378s][info][gc,phases   ] GC(406)   Post Evacuate Collection Set: 0,1ms
[54,378s][info][gc,phases   ] GC(406)   Other: 0,2ms
[54,378s][info][gc,heap     ] GC(406) Eden regions: 35->0(33)
[54,378s][info][gc,heap     ] GC(406) Survivor regions: 3->5(5)
[54,378s][info][gc,heap     ] GC(406) Old regions: 6->6
[54,378s][info][gc,heap     ] GC(406) Archive regions: 2->2
[54,378s][info][gc,heap     ] GC(406) Humongous regions: 0->0
[54,378s][info][gc,metaspace] GC(406) Metaspace: 117K(320K)->117K(320K) NonClass: 109K(192K)->109K(192K) Class: 8K(128K)->8K(128K)
[54,378s][info][gc          ] GC(406) Pause Young (Normal) (G1 Evacuation Pause) 44M->10M(64M) 1,054ms
[54,378s][info][gc,cpu      ] GC(406) User=0,00s Sys=0,00s Real=0,00s
[54,529s][info][gc,start    ] GC(407) Pause Young (Normal) (G1 Evacuation Pause)
[54,529s][info][gc,task     ] GC(407) Using 4 workers of 8 for evacuation
[54,529s][info][gc,phases   ] GC(407)   Pre Evacuate Collection Set: 0,0ms
[54,529s][info][gc,phases   ] GC(407)   Merge Heap Roots: 0,0ms
[54,529s][info][gc,phases   ] GC(407)   Evacuate Collection Set: 0,3ms
[54,529s][info][gc,phases   ] GC(407)   Post Evacuate Collection Set: 0,1ms
[54,529s][info][gc,phases   ] GC(407)   Other: 0,1ms
[54,529s][info][gc,heap     ] GC(407) Eden regions: 33->0(34)
[54,529s][info][gc,heap     ] GC(407) Survivor regions: 5->4(5)
[54,529s][info][gc,heap     ] GC(407) Old regions: 6->6
[54,529s][info][gc,heap     ] GC(407) Archive regions: 2->2
[54,529s][info][gc,heap     ] GC(407) Humongous regions: 0->0
[54,529s][info][gc,metaspace] GC(407) Metaspace: 117K(320K)->117K(320K) NonClass: 109K(192K)->109K(192K) Class: 8K(128K)->8K(128K)
[54,529s][info][gc          ] GC(407) Pause Young (Normal) (G1 Evacuation Pause) 43M->9M(64M) 0,572ms
[54,529s][info][gc,cpu      ] GC(407) User=0,00s Sys=0,00s Real=0,00s
[54,629s][info][gc,start    ] GC(408) Pause Young (Normal) (G1 Evacuation Pause)
[54,629s][info][gc,task     ] GC(408) Using 4 workers of 8 for evacuation
[54,629s][info][gc,phases   ] GC(408)   Pre Evacuate Collection Set: 0,0ms
[54,629s][info][gc,phases   ] GC(408)   Merge Heap Roots: 0,0ms
[54,629s][info][gc,phases   ] GC(408)   Evacuate Collection Set: 0,3ms
[54,629s][info][gc,phases   ] GC(408)   Post Evacuate Collection Set: 0,1ms
[54,629s][info][gc,phases   ] GC(408)   Other: 0,1ms
[54,629s][info][gc,heap     ] GC(408) Eden regions: 34->0(35)
[54,629s][info][gc,heap     ] GC(408) Survivor regions: 4->3(5)
[54,629s][info][gc,heap     ] GC(408) Old regions: 6->6
[54,629s][info][gc,heap     ] GC(408) Archive regions: 2->2
[54,629s][info][gc,heap     ] GC(408) Humongous regions: 0->0
[54,629s][info][gc,metaspace] GC(408) Metaspace: 117K(320K)->117K(320K) NonClass: 109K(192K)->109K(192K) Class: 8K(128K)->8K(128K)
[54,629s][info][gc          ] GC(408) Pause Young (Normal) (G1 Evacuation Pause) 43M->9M(64M) 0,629ms
[54,629s][info][gc,cpu      ] GC(408) User=0,01s Sys=0,00s Real=0,00s
[54,777s][info][gc,start    ] GC(409) Pause Young (Normal) (G1 Evacuation Pause)
[54,777s][info][gc,task     ] GC(409) Using 4 workers of 8 for evacuation
[54,778s][info][gc,phases   ] GC(409)   Pre Evacuate Collection Set: 0,0ms
[54,778s][info][gc,phases   ] GC(409)   Merge Heap Roots: 0,0ms
[54,778s][info][gc,phases   ] GC(409)   Evacuate Collection Set: 0,5ms
[54,778s][info][gc,phases   ] GC(409)   Post Evacuate Collection Set: 0,1ms
[54,778s][info][gc,phases   ] GC(409)   Other: 0,1ms
[54,778s][info][gc,heap     ] GC(409) Eden regions: 35->0(33)
[54,778s][info][gc,heap     ] GC(409) Survivor regions: 3->5(5)
[54,778s][info][gc,heap     ] GC(409) Old regions: 6->6
[54,778s][info][gc,heap     ] GC(409) Archive regions: 2->2
[54,778s][info][gc,heap     ] GC(409) Humongous regions: 0->0
[54,778s][info][gc,metaspace] GC(409) Metaspace: 117K(320K)->117K(320K) NonClass: 109K(192K)->109K(192K) Class: 8K(128K)->8K(128K)
[54,778s][info][gc          ] GC(409) Pause Young (Normal) (G1 Evacuation Pause) 44M->11M(64M) 0,945ms
[54,778s][info][gc,cpu      ] GC(409) User=0,00s Sys=0,00s Real=0,00s
[54,927s][info][gc,start    ] GC(410) Pause Young (Normal) (G1 Evacuation Pause)
[54,927s][info][gc,task     ] GC(410) Using 4 workers of 8 for evacuation
[54,928s][info][gc,phases   ] GC(410)   Pre Evacuate Collection Set: 0,0ms
[54,928s][info][gc,phases   ] GC(410)   Merge Heap Roots: 0,1ms
[54,928s][info][gc,phases   ] GC(410)   Evacuate Collection Set: 0,4ms
[54,928s][info][gc,phases   ] GC(410)   Post Evacuate Collection Set: 0,1ms
[54,928s][info][gc,phases   ] GC(410)   Other: 0,3ms
[54,928s][info][gc,heap     ] GC(410) Eden regions: 33->0(34)
[54,928s][info][gc,heap     ] GC(410) Survivor regions: 5->4(5)
[54,928s][info][gc,heap     ] GC(410) Old regions: 6->6
[54,928s][info][gc,heap     ] GC(410) Archive regions: 2->2
[54,928s][info][gc,heap     ] GC(410) Humongous regions: 0->0
[54,928s][info][gc,metaspace] GC(410) Metaspace: 117K(320K)->117K(320K) NonClass: 109K(192K)->109K(192K) Class: 8K(128K)->8K(128K)
[54,928s][info][gc          ] GC(410) Pause Young (Normal) (G1 Evacuation Pause) 44M->9M(64M) 0,896ms
[54,928s][info][gc,cpu      ] GC(410) User=0,00s Sys=0,00s Real=0,00s
[55,029s][info][gc,start    ] GC(411) Pause Young (Normal) (G1 Evacuation Pause)
[55,029s][info][gc,task     ] GC(411) Using 4 workers of 8 for evacuation
[55,029s][info][gc,phases   ] GC(411)   Pre Evacuate Collection Set: 0,0ms
[55,029s][info][gc,phases   ] GC(411)   Merge Heap Roots: 0,0ms
[55,029s][info][gc,phases   ] GC(411)   Evacuate Collection Set: 0,4ms
[55,029s][info][gc,phases   ] GC(411)   Post Evacuate Collection Set: 0,1ms
[55,029s][info][gc,phases   ] GC(411)   Other: 0,1ms
[55,029s][info][gc,heap     ] GC(411) Eden regions: 34->0(33)
[55,029s][info][gc,heap     ] GC(411) Survivor regions: 4->5(5)
[55,029s][info][gc,heap     ] GC(411) Old regions: 6->6
[55,029s][info][gc,heap     ] GC(411) Archive regions: 2->2
[55,029s][info][gc,heap     ] GC(411) Humongous regions: 0->0
[55,029s][info][gc,metaspace] GC(411) Metaspace: 117K(320K)->117K(320K) NonClass: 109K(192K)->109K(192K) Class: 8K(128K)->8K(128K)
[55,029s][info][gc          ] GC(411) Pause Young (Normal) (G1 Evacuation Pause) 43M->10M(64M) 0,853ms
[55,029s][info][gc,cpu      ] GC(411) User=0,00s Sys=0,00s Real=0,00s
[55,177s][info][gc,start    ] GC(412) Pause Young (Normal) (G1 Evacuation Pause)
[55,177s][info][gc,task     ] GC(412) Using 4 workers of 8 for evacuation
[55,178s][info][gc,phases   ] GC(412)   Pre Evacuate Collection Set: 0,0ms
[55,178s][info][gc,phases   ] GC(412)   Merge Heap Roots: 0,0ms
[55,178s][info][gc,phases   ] GC(412)   Evacuate Collection Set: 0,2ms
[55,178s][info][gc,phases   ] GC(412)   Post Evacuate Collection Set: 0,1ms
[55,178s][info][gc,phases   ] GC(412)   Other: 0,1ms
[55,178s][info][gc,heap     ] GC(412) Eden regions: 33->0(35)
[55,178s][info][gc,heap     ] GC(412) Survivor regions: 5->3(5)
[55,178s][info][gc,heap     ] GC(412) Old regions: 6->6
[55,178s][info][gc,heap     ] GC(412) Archive regions: 2->2
[55,178s][info][gc,heap     ] GC(412) Humongous regions: 0->0
[55,178s][info][gc,metaspace] GC(412) Metaspace: 117K(320K)->117K(320K) NonClass: 109K(192K)->109K(192K) Class: 8K(128K)->8K(128K)
[55,178s][info][gc          ] GC(412) Pause Young (Normal) (G1 Evacuation Pause) 43M->8M(64M) 0,517ms
[55,178s][info][gc,cpu      ] GC(412) User=0,00s Sys=0,00s Real=0,00s
[55,328s][info][gc,start    ] GC(413) Pause Young (Normal) (G1 Evacuation Pause)
[55,328s][info][gc,task     ] GC(413) Using 4 workers of 8 for evacuation
[55,328s][info][gc,phases   ] GC(413)   Pre Evacuate Collection Set: 0,0ms
[55,328s][info][gc,phases   ] GC(413)   Merge Heap Roots: 0,0ms
[55,328s][info][gc,phases   ] GC(413)   Evacuate Collection Set: 0,5ms
[55,328s][info][gc,phases   ] GC(413)   Post Evacuate Collection Set: 0,1ms
[55,328s][info][gc,phases   ] GC(413)   Other: 0,1ms
[55,328s][info][gc,heap     ] GC(413) Eden regions: 35->0(33)
[55,328s][info][gc,heap     ] GC(413) Survivor regions: 3->5(5)
[55,328s][info][gc,heap     ] GC(413) Old regions: 6->6
[55,328s][info][gc,heap     ] GC(413) Archive regions: 2->2
[55,328s][info][gc,heap     ] GC(413) Humongous regions: 0->0
[55,328s][info][gc,metaspace] GC(413) Metaspace: 117K(320K)->117K(320K) NonClass: 109K(192K)->109K(192K) Class: 8K(128K)->8K(128K)
[55,328s][info][gc          ] GC(413) Pause Young (Normal) (G1 Evacuation Pause) 43M->10M(64M) 0,889ms
[55,328s][info][gc,cpu      ] GC(413) User=0,00s Sys=0,00s Real=0,00s
[55,428s][info][gc,start    ] GC(414) Pause Young (Normal) (G1 Evacuation Pause)
[55,428s][info][gc,task     ] GC(414) Using 4 workers of 8 for evacuation
[55,429s][info][gc,phases   ] GC(414)   Pre Evacuate Collection Set: 0,0ms
[55,429s][info][gc,phases   ] GC(414)   Merge Heap Roots: 0,0ms
[55,429s][info][gc,phases   ] GC(414)   Evacuate Collection Set: 0,4ms
[55,429s][info][gc,phases   ] GC(414)   Post Evacuate Collection Set: 0,1ms
[55,429s][info][gc,phases   ] GC(414)   Other: 0,1ms
[55,429s][info][gc,heap     ] GC(414) Eden regions: 33->0(34)
[55,429s][info][gc,heap     ] GC(414) Survivor regions: 5->4(5)
[55,429s][info][gc,heap     ] GC(414) Old regions: 6->6
[55,429s][info][gc,heap     ] GC(414) Archive regions: 2->2
[55,429s][info][gc,heap     ] GC(414) Humongous regions: 0->0
[55,429s][info][gc,metaspace] GC(414) Metaspace: 117K(320K)->117K(320K) NonClass: 109K(192K)->109K(192K) Class: 8K(128K)->8K(128K)
[55,429s][info][gc          ] GC(414) Pause Young (Normal) (G1 Evacuation Pause) 43M->9M(64M) 0,869ms
[55,429s][info][gc,cpu      ] GC(414) User=0,00s Sys=0,00s Real=0,00s
[55,578s][info][gc,start    ] GC(415) Pause Young (Normal) (G1 Evacuation Pause)
[55,578s][info][gc,task     ] GC(415) Using 4 workers of 8 for evacuation
[55,579s][info][gc,phases   ] GC(415)   Pre Evacuate Collection Set: 0,0ms
[55,579s][info][gc,phases   ] GC(415)   Merge Heap Roots: 0,0ms
[55,579s][info][gc,phases   ] GC(415)   Evacuate Collection Set: 0,5ms
[55,579s][info][gc,phases   ] GC(415)   Post Evacuate Collection Set: 0,1ms
[55,579s][info][gc,phases   ] GC(415)   Other: 0,2ms
[55,579s][info][gc,heap     ] GC(415) Eden regions: 34->0(33)
[55,579s][info][gc,heap     ] GC(415) Survivor regions: 4->5(5)
[55,579s][info][gc,heap     ] GC(415) Old regions: 6->6
[55,579s][info][gc,heap     ] GC(415) Archive regions: 2->2
[55,579s][info][gc,heap     ] GC(415) Humongous regions: 0->0
[55,579s][info][gc,metaspace] GC(415) Metaspace: 117K(320K)->117K(320K) NonClass: 109K(192K)->109K(192K) Class: 8K(128K)->8K(128K)
[55,579s][info][gc          ] GC(415) Pause Young (Normal) (G1 Evacuation Pause) 43M->10M(64M) 0,934ms
[55,579s][info][gc,cpu      ] GC(415) User=0,00s Sys=0,00s Real=0,00s
[55,728s][info][gc,start    ] GC(416) Pause Young (Normal) (G1 Evacuation Pause)
[55,728s][info][gc,task     ] GC(416) Using 4 workers of 8 for evacuation
[55,728s][info][gc,phases   ] GC(416)   Pre Evacuate Collection Set: 0,0ms
[55,728s][info][gc,phases   ] GC(416)   Merge Heap Roots: 0,0ms
[55,728s][info][gc,phases   ] GC(416)   Evacuate Collection Set: 0,2ms
[55,728s][info][gc,phases   ] GC(416)   Post Evacuate Collection Set: 0,1ms
[55,728s][info][gc,phases   ] GC(416)   Other: 0,1ms
[55,728s][info][gc,heap     ] GC(416) Eden regions: 33->0(35)
[55,728s][info][gc,heap     ] GC(416) Survivor regions: 5->3(5)
[55,728s][info][gc,heap     ] GC(416) Old regions: 6->6
[55,728s][info][gc,heap     ] GC(416) Archive regions: 2->2
[55,728s][info][gc,heap     ] GC(416) Humongous regions: 0->0
[55,728s][info][gc,metaspace] GC(416) Metaspace: 117K(320K)->117K(320K) NonClass: 109K(192K)->109K(192K) Class: 8K(128K)->8K(128K)
[55,729s][info][gc          ] GC(416) Pause Young (Normal) (G1 Evacuation Pause) 43M->8M(64M) 0,695ms
[55,729s][info][gc,cpu      ] GC(416) User=0,01s Sys=0,00s Real=0,00s
[55,827s][info][gc,start    ] GC(417) Pause Young (Normal) (G1 Evacuation Pause)
[55,827s][info][gc,task     ] GC(417) Using 4 workers of 8 for evacuation
[55,828s][info][gc,phases   ] GC(417)   Pre Evacuate Collection Set: 0,0ms
[55,828s][info][gc,phases   ] GC(417)   Merge Heap Roots: 0,0ms
[55,828s][info][gc,phases   ] GC(417)   Evacuate Collection Set: 0,5ms
[55,828s][info][gc,phases   ] GC(417)   Post Evacuate Collection Set: 0,1ms
[55,828s][info][gc,phases   ] GC(417)   Other: 0,1ms
[55,828s][info][gc,heap     ] GC(417) Eden regions: 35->0(33)
[55,828s][info][gc,heap     ] GC(417) Survivor regions: 3->5(5)
[55,828s][info][gc,heap     ] GC(417) Old regions: 6->6
[55,828s][info][gc,heap     ] GC(417) Archive regions: 2->2
[55,828s][info][gc,heap     ] GC(417) Humongous regions: 0->0
[55,828s][info][gc,metaspace] GC(417) Metaspace: 117K(320K)->117K(320K) NonClass: 109K(192K)->109K(192K) Class: 8K(128K)->8K(128K)
[55,828s][info][gc          ] GC(417) Pause Young (Normal) (G1 Evacuation Pause) 43M->10M(64M) 0,854ms
[55,828s][info][gc,cpu      ] GC(417) User=0,00s Sys=0,00s Real=0,00s
[55,977s][info][gc,start    ] GC(418) Pause Young (Normal) (G1 Evacuation Pause)
[55,977s][info][gc,task     ] GC(418) Using 4 workers of 8 for evacuation
[55,977s][info][gc,phases   ] GC(418)   Pre Evacuate Collection Set: 0,0ms
[55,977s][info][gc,phases   ] GC(418)   Merge Heap Roots: 0,0ms
[55,977s][info][gc,phases   ] GC(418)   Evacuate Collection Set: 0,3ms
[55,977s][info][gc,phases   ] GC(418)   Post Evacuate Collection Set: 0,1ms
[55,977s][info][gc,phases   ] GC(418)   Other: 0,1ms
[55,977s][info][gc,heap     ] GC(418) Eden regions: 33->0(34)
[55,977s][info][gc,heap     ] GC(418) Survivor regions: 5->4(5)
[55,977s][info][gc,heap     ] GC(418) Old regions: 6->6
[55,977s][info][gc,heap     ] GC(418) Archive regions: 2->2
[55,977s][info][gc,heap     ] GC(418) Humongous regions: 0->0
[55,977s][info][gc,metaspace] GC(418) Metaspace: 117K(320K)->117K(320K) NonClass: 109K(192K)->109K(192K) Class: 8K(128K)->8K(128K)
[55,978s][info][gc          ] GC(418) Pause Young (Normal) (G1 Evacuation Pause) 43M->9M(64M) 0,831ms
[55,978s][info][gc,cpu      ] GC(418) User=0,00s Sys=0,00s Real=0,00s
[56,128s][info][gc,start    ] GC(419) Pause Young (Normal) (G1 Evacuation Pause)
[56,128s][info][gc,task     ] GC(419) Using 4 workers of 8 for evacuation
[56,128s][info][gc,phases   ] GC(419)   Pre Evacuate Collection Set: 0,0ms
[56,129s][info][gc,phases   ] GC(419)   Merge Heap Roots: 0,0ms
[56,129s][info][gc,phases   ] GC(419)   Evacuate Collection Set: 0,5ms
[56,129s][info][gc,phases   ] GC(419)   Post Evacuate Collection Set: 0,1ms
[56,129s][info][gc,phases   ] GC(419)   Other: 0,2ms
[56,129s][info][gc,heap     ] GC(419) Eden regions: 34->0(33)
[56,129s][info][gc,heap     ] GC(419) Survivor regions: 4->5(5)
[56,129s][info][gc,heap     ] GC(419) Old regions: 6->6
[56,129s][info][gc,heap     ] GC(419) Archive regions: 2->2
[56,129s][info][gc,heap     ] GC(419) Humongous regions: 0->0
[56,129s][info][gc,metaspace] GC(419) Metaspace: 117K(320K)->117K(320K) NonClass: 109K(192K)->109K(192K) Class: 8K(128K)->8K(128K)
[56,129s][info][gc          ] GC(419) Pause Young (Normal) (G1 Evacuation Pause) 43M->10M(64M) 0,991ms
[56,129s][info][gc,cpu      ] GC(419) User=0,00s Sys=0,00s Real=0,00s
[56,229s][info][gc,start    ] GC(420) Pause Young (Normal) (G1 Evacuation Pause)
[56,229s][info][gc,task     ] GC(420) Using 4 workers of 8 for evacuation
[56,229s][info][gc,phases   ] GC(420)   Pre Evacuate Collection Set: 0,0ms
[56,229s][info][gc,phases   ] GC(420)   Merge Heap Roots: 0,0ms
[56,229s][info][gc,phases   ] GC(420)   Evacuate Collection Set: 0,3ms
[56,229s][info][gc,phases   ] GC(420)   Post Evacuate Collection Set: 0,1ms
[56,229s][info][gc,phases   ] GC(420)   Other: 0,1ms
[56,229s][info][gc,heap     ] GC(420) Eden regions: 33->0(35)
[56,229s][info][gc,heap     ] GC(420) Survivor regions: 5->3(5)
[56,229s][info][gc,heap     ] GC(420) Old regions: 6->6
[56,229s][info][gc,heap     ] GC(420) Archive regions: 2->2
[56,229s][info][gc,heap     ] GC(420) Humongous regions: 0->0
[56,229s][info][gc,metaspace] GC(420) Metaspace: 117K(320K)->117K(320K) NonClass: 109K(192K)->109K(192K) Class: 8K(128K)->8K(128K)
[56,229s][info][gc          ] GC(420) Pause Young (Normal) (G1 Evacuation Pause) 43M->8M(64M) 0,605ms
[56,229s][info][gc,cpu      ] GC(420) User=0,00s Sys=0,00s Real=0,00s
[56,378s][info][gc,start    ] GC(421) Pause Young (Normal) (G1 Evacuation Pause)
[56,378s][info][gc,task     ] GC(421) Using 4 workers of 8 for evacuation
[56,378s][info][gc,phases   ] GC(421)   Pre Evacuate Collection Set: 0,0ms
[56,378s][info][gc,phases   ] GC(421)   Merge Heap Roots: 0,0ms
[56,378s][info][gc,phases   ] GC(421)   Evacuate Collection Set: 0,5ms
[56,378s][info][gc,phases   ] GC(421)   Post Evacuate Collection Set: 0,1ms
[56,378s][info][gc,phases   ] GC(421)   Other: 0,1ms
[56,378s][info][gc,heap     ] GC(421) Eden regions: 35->0(33)
[56,378s][info][gc,heap     ] GC(421) Survivor regions: 3->5(5)
[56,378s][info][gc,heap     ] GC(421) Old regions: 6->6
[56,378s][info][gc,heap     ] GC(421) Archive regions: 2->2
[56,378s][info][gc,heap     ] GC(421) Humongous regions: 0->0
[56,378s][info][gc,metaspace] GC(421) Metaspace: 117K(320K)->117K(320K) NonClass: 109K(192K)->109K(192K) Class: 8K(128K)->8K(128K)
[56,378s][info][gc          ] GC(421) Pause Young (Normal) (G1 Evacuation Pause) 43M->10M(64M) 0,930ms
[56,378s][info][gc,cpu      ] GC(421) User=0,01s Sys=0,00s Real=0,00s
[56,527s][info][gc,start    ] GC(422) Pause Young (Normal) (G1 Evacuation Pause)
[56,527s][info][gc,task     ] GC(422) Using 4 workers of 8 for evacuation
[56,527s][info][gc,phases   ] GC(422)   Pre Evacuate Collection Set: 0,0ms
[56,527s][info][gc,phases   ] GC(422)   Merge Heap Roots: 0,0ms
[56,527s][info][gc,phases   ] GC(422)   Evacuate Collection Set: 0,3ms
[56,527s][info][gc,phases   ] GC(422)   Post Evacuate Collection Set: 0,1ms
[56,527s][info][gc,phases   ] GC(422)   Other: 0,1ms
[56,527s][info][gc,heap     ] GC(422) Eden regions: 33->0(35)
[56,527s][info][gc,heap     ] GC(422) Survivor regions: 5->3(5)
[56,527s][info][gc,heap     ] GC(422) Old regions: 6->6
[56,527s][info][gc,heap     ] GC(422) Archive regions: 2->2
[56,527s][info][gc,heap     ] GC(422) Humongous regions: 0->0
[56,527s][info][gc,metaspace] GC(422) Metaspace: 117K(320K)->117K(320K) NonClass: 109K(192K)->109K(192K) Class: 8K(128K)->8K(128K)
[56,527s][info][gc          ] GC(422) Pause Young (Normal) (G1 Evacuation Pause) 43M->9M(64M) 0,888ms
[56,527s][info][gc,cpu      ] GC(422) User=0,00s Sys=0,00s Real=0,00s
[56,628s][info][gc,start    ] GC(423) Pause Young (Normal) (G1 Evacuation Pause)
[56,628s][info][gc,task     ] GC(423) Using 4 workers of 8 for evacuation
[56,629s][info][gc,phases   ] GC(423)   Pre Evacuate Collection Set: 0,0ms
[56,629s][info][gc,phases   ] GC(423)   Merge Heap Roots: 0,0ms
[56,629s][info][gc,phases   ] GC(423)   Evacuate Collection Set: 0,6ms
[56,629s][info][gc,phases   ] GC(423)   Post Evacuate Collection Set: 0,1ms
[56,629s][info][gc,phases   ] GC(423)   Other: 0,1ms
[56,629s][info][gc,heap     ] GC(423) Eden regions: 35->0(33)
[56,629s][info][gc,heap     ] GC(423) Survivor regions: 3->5(5)
[56,629s][info][gc,heap     ] GC(423) Old regions: 6->6
[56,629s][info][gc,heap     ] GC(423) Archive regions: 2->2
[56,629s][info][gc,heap     ] GC(423) Humongous regions: 0->0
[56,629s][info][gc,metaspace] GC(423) Metaspace: 117K(320K)->117K(320K) NonClass: 109K(192K)->109K(192K) Class: 8K(128K)->8K(128K)
[56,629s][info][gc          ] GC(423) Pause Young (Normal) (G1 Evacuation Pause) 44M->11M(64M) 0,966ms
[56,629s][info][gc,cpu      ] GC(423) User=0,00s Sys=0,01s Real=0,00s
[56,776s][info][gc,start    ] GC(424) Pause Young (Normal) (G1 Evacuation Pause)
[56,776s][info][gc,task     ] GC(424) Using 4 workers of 8 for evacuation
[56,777s][info][gc,phases   ] GC(424)   Pre Evacuate Collection Set: 0,0ms
[56,777s][info][gc,phases   ] GC(424)   Merge Heap Roots: 0,0ms
[56,777s][info][gc,phases   ] GC(424)   Evacuate Collection Set: 0,5ms
[56,777s][info][gc,phases   ] GC(424)   Post Evacuate Collection Set: 0,1ms
[56,777s][info][gc,phases   ] GC(424)   Other: 0,1ms
[56,777s][info][gc,heap     ] GC(424) Eden regions: 33->0(34)
[56,777s][info][gc,heap     ] GC(424) Survivor regions: 5->4(5)
[56,777s][info][gc,heap     ] GC(424) Old regions: 6->6
[56,777s][info][gc,heap     ] GC(424) Archive regions: 2->2
[56,777s][info][gc,heap     ] GC(424) Humongous regions: 0->0
[56,777s][info][gc,metaspace] GC(424) Metaspace: 117K(320K)->117K(320K) NonClass: 109K(192K)->109K(192K) Class: 8K(128K)->8K(128K)
[56,777s][info][gc          ] GC(424) Pause Young (Normal) (G1 Evacuation Pause) 44M->9M(64M) 0,979ms
[56,777s][info][gc,cpu      ] GC(424) User=0,00s Sys=0,00s Real=0,00s
[56,927s][info][gc,start    ] GC(425) Pause Young (Normal) (G1 Evacuation Pause)
[56,927s][info][gc,task     ] GC(425) Using 4 workers of 8 for evacuation
[56,927s][info][gc,phases   ] GC(425)   Pre Evacuate Collection Set: 0,0ms
[56,927s][info][gc,phases   ] GC(425)   Merge Heap Roots: 0,0ms
[56,927s][info][gc,phases   ] GC(425)   Evacuate Collection Set: 0,5ms
[56,927s][info][gc,phases   ] GC(425)   Post Evacuate Collection Set: 0,1ms
[56,927s][info][gc,phases   ] GC(425)   Other: 0,2ms
[56,927s][info][gc,heap     ] GC(425) Eden regions: 34->0(34)
[56,927s][info][gc,heap     ] GC(425) Survivor regions: 4->4(5)
[56,927s][info][gc,heap     ] GC(425) Old regions: 6->6
[56,927s][info][gc,heap     ] GC(425) Archive regions: 2->2
[56,927s][info][gc,heap     ] GC(425) Humongous regions: 0->0
[56,927s][info][gc,metaspace] GC(425) Metaspace: 117K(320K)->117K(320K) NonClass: 109K(192K)->109K(192K) Class: 8K(128K)->8K(128K)
[56,928s][info][gc          ] GC(425) Pause Young (Normal) (G1 Evacuation Pause) 43M->9M(64M) 0,905ms
[56,928s][info][gc,cpu      ] GC(425) User=0,00s Sys=0,00s Real=0,00s
[57,028s][info][gc,start    ] GC(426) Pause Young (Normal) (G1 Evacuation Pause)
[57,028s][info][gc,task     ] GC(426) Using 4 workers of 8 for evacuation
[57,029s][info][gc,phases   ] GC(426)   Pre Evacuate Collection Set: 0,0ms
[57,029s][info][gc,phases   ] GC(426)   Merge Heap Roots: 0,0ms
[57,029s][info][gc,phases   ] GC(426)   Evacuate Collection Set: 0,4ms
[57,029s][info][gc,phases   ] GC(426)   Post Evacuate Collection Set: 0,1ms
[57,029s][info][gc,phases   ] GC(426)   Other: 0,2ms
[57,029s][info][gc,heap     ] GC(426) Eden regions: 34->0(34)
[57,029s][info][gc,heap     ] GC(426) Survivor regions: 4->4(5)
[57,029s][info][gc,heap     ] GC(426) Old regions: 6->6
[57,029s][info][gc,heap     ] GC(426) Archive regions: 2->2
[57,029s][info][gc,heap     ] GC(426) Humongous regions: 0->0
[57,029s][info][gc,metaspace] GC(426) Metaspace: 117K(320K)->117K(320K) NonClass: 109K(192K)->109K(192K) Class: 8K(128K)->8K(128K)
[57,029s][info][gc          ] GC(426) Pause Young (Normal) (G1 Evacuation Pause) 43M->10M(64M) 0,863ms
[57,029s][info][gc,cpu      ] GC(426) User=0,01s Sys=0,00s Real=0,00s
[57,177s][info][gc,start    ] GC(427) Pause Young (Normal) (G1 Evacuation Pause)
[57,177s][info][gc,task     ] GC(427) Using 4 workers of 8 for evacuation
[57,177s][info][gc,phases   ] GC(427)   Pre Evacuate Collection Set: 0,0ms
[57,177s][info][gc,phases   ] GC(427)   Merge Heap Roots: 0,0ms
[57,177s][info][gc,phases   ] GC(427)   Evacuate Collection Set: 0,2ms
[57,177s][info][gc,phases   ] GC(427)   Post Evacuate Collection Set: 0,1ms
[57,177s][info][gc,phases   ] GC(427)   Other: 0,1ms
[57,177s][info][gc,heap     ] GC(427) Eden regions: 34->0(35)
[57,177s][info][gc,heap     ] GC(427) Survivor regions: 4->3(5)
[57,177s][info][gc,heap     ] GC(427) Old regions: 6->6
[57,177s][info][gc,heap     ] GC(427) Archive regions: 2->2
[57,177s][info][gc,heap     ] GC(427) Humongous regions: 0->0
[57,177s][info][gc,metaspace] GC(427) Metaspace: 117K(320K)->117K(320K) NonClass: 109K(192K)->109K(192K) Class: 8K(128K)->8K(128K)
[57,177s][info][gc          ] GC(427) Pause Young (Normal) (G1 Evacuation Pause) 44M->9M(64M) 0,709ms
[57,177s][info][gc,cpu      ] GC(427) User=0,00s Sys=0,00s Real=0,00s
[57,328s][info][gc,start    ] GC(428) Pause Young (Normal) (G1 Evacuation Pause)
[57,328s][info][gc,task     ] GC(428) Using 4 workers of 8 for evacuation
[57,329s][info][gc,phases   ] GC(428)   Pre Evacuate Collection Set: 0,0ms
[57,329s][info][gc,phases   ] GC(428)   Merge Heap Roots: 0,0ms
[57,329s][info][gc,phases   ] GC(428)   Evacuate Collection Set: 0,4ms
[57,329s][info][gc,phases   ] GC(428)   Post Evacuate Collection Set: 0,1ms
[57,329s][info][gc,phases   ] GC(428)   Other: 0,1ms
[57,329s][info][gc,heap     ] GC(428) Eden regions: 35->0(33)
[57,329s][info][gc,heap     ] GC(428) Survivor regions: 3->5(5)
[57,329s][info][gc,heap     ] GC(428) Old regions: 6->6
[57,329s][info][gc,heap     ] GC(428) Archive regions: 2->2
[57,329s][info][gc,heap     ] GC(428) Humongous regions: 0->0
[57,329s][info][gc,metaspace] GC(428) Metaspace: 117K(320K)->117K(320K) NonClass: 109K(192K)->109K(192K) Class: 8K(128K)->8K(128K)
[57,329s][info][gc          ] GC(428) Pause Young (Normal) (G1 Evacuation Pause) 44M->11M(64M) 0,925ms
[57,329s][info][gc,cpu      ] GC(428) User=0,00s Sys=0,00s Real=0,00s
[57,428s][info][gc,start    ] GC(429) Pause Young (Normal) (G1 Evacuation Pause)
[57,428s][info][gc,task     ] GC(429) Using 4 workers of 8 for evacuation
[57,429s][info][gc,phases   ] GC(429)   Pre Evacuate Collection Set: 0,0ms
[57,429s][info][gc,phases   ] GC(429)   Merge Heap Roots: 0,0ms
[57,429s][info][gc,phases   ] GC(429)   Evacuate Collection Set: 0,4ms
[57,429s][info][gc,phases   ] GC(429)   Post Evacuate Collection Set: 0,1ms
[57,429s][info][gc,phases   ] GC(429)   Other: 0,1ms
[57,429s][info][gc,heap     ] GC(429) Eden regions: 33->0(34)
[57,429s][info][gc,heap     ] GC(429) Survivor regions: 5->4(5)
[57,429s][info][gc,heap     ] GC(429) Old regions: 6->6
[57,429s][info][gc,heap     ] GC(429) Archive regions: 2->2
[57,429s][info][gc,heap     ] GC(429) Humongous regions: 0->0
[57,429s][info][gc,metaspace] GC(429) Metaspace: 117K(320K)->117K(320K) NonClass: 109K(192K)->109K(192K) Class: 8K(128K)->8K(128K)
[57,429s][info][gc          ] GC(429) Pause Young (Normal) (G1 Evacuation Pause) 44M->10M(64M) 0,749ms
[57,429s][info][gc,cpu      ] GC(429) User=0,01s Sys=0,00s Real=0,00s
[57,577s][info][gc,start    ] GC(430) Pause Young (Normal) (G1 Evacuation Pause)
[57,577s][info][gc,task     ] GC(430) Using 4 workers of 8 for evacuation
[57,578s][info][gc,phases   ] GC(430)   Pre Evacuate Collection Set: 0,0ms
[57,578s][info][gc,phases   ] GC(430)   Merge Heap Roots: 0,0ms
[57,578s][info][gc,phases   ] GC(430)   Evacuate Collection Set: 0,5ms
[57,578s][info][gc,phases   ] GC(430)   Post Evacuate Collection Set: 0,1ms
[57,578s][info][gc,phases   ] GC(430)   Other: 0,1ms
[57,578s][info][gc,heap     ] GC(430) Eden regions: 34->0(33)
[57,578s][info][gc,heap     ] GC(430) Survivor regions: 4->5(5)
[57,578s][info][gc,heap     ] GC(430) Old regions: 6->6
[57,578s][info][gc,heap     ] GC(430) Archive regions: 2->2
[57,578s][info][gc,heap     ] GC(430) Humongous regions: 0->0
[57,578s][info][gc,metaspace] GC(430) Metaspace: 117K(320K)->117K(320K) NonClass: 109K(192K)->109K(192K) Class: 8K(128K)->8K(128K)
[57,578s][info][gc          ] GC(430) Pause Young (Normal) (G1 Evacuation Pause) 44M->11M(64M) 0,916ms
[57,578s][info][gc,cpu      ] GC(430) User=0,00s Sys=0,00s Real=0,00s
[57,728s][info][gc,start    ] GC(431) Pause Young (Normal) (G1 Evacuation Pause)
[57,728s][info][gc,task     ] GC(431) Using 4 workers of 8 for evacuation
[57,729s][info][gc,phases   ] GC(431)   Pre Evacuate Collection Set: 0,0ms
[57,729s][info][gc,phases   ] GC(431)   Merge Heap Roots: 0,0ms
[57,729s][info][gc,phases   ] GC(431)   Evacuate Collection Set: 0,3ms
[57,729s][info][gc,phases   ] GC(431)   Post Evacuate Collection Set: 0,1ms
[57,729s][info][gc,phases   ] GC(431)   Other: 0,1ms
[57,729s][info][gc,heap     ] GC(431) Eden regions: 33->0(35)
[57,729s][info][gc,heap     ] GC(431) Survivor regions: 5->3(5)
[57,729s][info][gc,heap     ] GC(431) Old regions: 6->6
[57,729s][info][gc,heap     ] GC(431) Archive regions: 2->2
[57,729s][info][gc,heap     ] GC(431) Humongous regions: 0->0
[57,729s][info][gc,metaspace] GC(431) Metaspace: 117K(320K)->117K(320K) NonClass: 109K(192K)->109K(192K) Class: 8K(128K)->8K(128K)
[57,729s][info][gc          ] GC(431) Pause Young (Normal) (G1 Evacuation Pause) 44M->9M(64M) 0,593ms
[57,729s][info][gc,cpu      ] GC(431) User=0,00s Sys=0,00s Real=0,00s
[57,829s][info][gc,start    ] GC(432) Pause Young (Normal) (G1 Evacuation Pause)
[57,829s][info][gc,task     ] GC(432) Using 4 workers of 8 for evacuation
[57,830s][info][gc,phases   ] GC(432)   Pre Evacuate Collection Set: 0,0ms
[57,830s][info][gc,phases   ] GC(432)   Merge Heap Roots: 0,0ms
[57,830s][info][gc,phases   ] GC(432)   Evacuate Collection Set: 0,5ms
[57,830s][info][gc,phases   ] GC(432)   Post Evacuate Collection Set: 0,2ms
[57,830s][info][gc,phases   ] GC(432)   Other: 0,1ms
[57,830s][info][gc,heap     ] GC(432) Eden regions: 35->0(33)
[57,830s][info][gc,heap     ] GC(432) Survivor regions: 3->5(5)
[57,830s][info][gc,heap     ] GC(432) Old regions: 6->6
[57,830s][info][gc,heap     ] GC(432) Archive regions: 2->2
[57,830s][info][gc,heap     ] GC(432) Humongous regions: 0->0
[57,830s][info][gc,metaspace] GC(432) Metaspace: 117K(320K)->117K(320K) NonClass: 109K(192K)->109K(192K) Class: 8K(128K)->8K(128K)
[57,830s][info][gc          ] GC(432) Pause Young (Normal) (G1 Evacuation Pause) 44M->11M(64M) 0,992ms
[57,830s][info][gc,cpu      ] GC(432) User=0,00s Sys=0,00s Real=0,00s
[57,978s][info][gc,start    ] GC(433) Pause Young (Normal) (G1 Evacuation Pause)
[57,978s][info][gc,task     ] GC(433) Using 4 workers of 8 for evacuation
[57,978s][info][gc,phases   ] GC(433)   Pre Evacuate Collection Set: 0,0ms
[57,978s][info][gc,phases   ] GC(433)   Merge Heap Roots: 0,0ms
[57,978s][info][gc,phases   ] GC(433)   Evacuate Collection Set: 0,3ms
[57,978s][info][gc,phases   ] GC(433)   Post Evacuate Collection Set: 0,1ms
[57,979s][info][gc,phases   ] GC(433)   Other: 0,1ms
[57,979s][info][gc,heap     ] GC(433) Eden regions: 33->0(34)
[57,979s][info][gc,heap     ] GC(433) Survivor regions: 5->4(5)
[57,979s][info][gc,heap     ] GC(433) Old regions: 6->6
[57,979s][info][gc,heap     ] GC(433) Archive regions: 2->2
[57,979s][info][gc,heap     ] GC(433) Humongous regions: 0->0
[57,979s][info][gc,metaspace] GC(433) Metaspace: 117K(320K)->117K(320K) NonClass: 109K(192K)->109K(192K) Class: 8K(128K)->8K(128K)
[57,979s][info][gc          ] GC(433) Pause Young (Normal) (G1 Evacuation Pause) 44M->10M(64M) 0,747ms
[57,979s][info][gc,cpu      ] GC(433) User=0,00s Sys=0,00s Real=0,00s
[58,127s][info][gc,start    ] GC(434) Pause Young (Normal) (G1 Evacuation Pause)
[58,127s][info][gc,task     ] GC(434) Using 4 workers of 8 for evacuation
[58,128s][info][gc,phases   ] GC(434)   Pre Evacuate Collection Set: 0,0ms
[58,128s][info][gc,phases   ] GC(434)   Merge Heap Roots: 0,0ms
[58,128s][info][gc,phases   ] GC(434)   Evacuate Collection Set: 0,5ms
[58,128s][info][gc,phases   ] GC(434)   Post Evacuate Collection Set: 0,1ms
[58,128s][info][gc,phases   ] GC(434)   Other: 0,1ms
[58,128s][info][gc,heap     ] GC(434) Eden regions: 34->0(33)
[58,128s][info][gc,heap     ] GC(434) Survivor regions: 4->5(5)
[58,128s][info][gc,heap     ] GC(434) Old regions: 6->6
[58,128s][info][gc,heap     ] GC(434) Archive regions: 2->2
[58,128s][info][gc,heap     ] GC(434) Humongous regions: 0->0
[58,128s][info][gc,metaspace] GC(434) Metaspace: 117K(320K)->117K(320K) NonClass: 109K(192K)->109K(192K) Class: 8K(128K)->8K(128K)
[58,128s][info][gc          ] GC(434) Pause Young (Normal) (G1 Evacuation Pause) 44M->10M(64M) 0,979ms
[58,128s][info][gc,cpu      ] GC(434) User=0,01s Sys=0,00s Real=0,00s
[58,228s][info][gc,start    ] GC(435) Pause Young (Normal) (G1 Evacuation Pause)
[58,228s][info][gc,task     ] GC(435) Using 4 workers of 8 for evacuation
[58,229s][info][gc,phases   ] GC(435)   Pre Evacuate Collection Set: 0,0ms
[58,229s][info][gc,phases   ] GC(435)   Merge Heap Roots: 0,0ms
[58,229s][info][gc,phases   ] GC(435)   Evacuate Collection Set: 0,2ms
[58,229s][info][gc,phases   ] GC(435)   Post Evacuate Collection Set: 0,1ms
[58,229s][info][gc,phases   ] GC(435)   Other: 0,1ms
[58,229s][info][gc,heap     ] GC(435) Eden regions: 33->0(35)
[58,229s][info][gc,heap     ] GC(435) Survivor regions: 5->3(5)
[58,229s][info][gc,heap     ] GC(435) Old regions: 6->6
[58,229s][info][gc,heap     ] GC(435) Archive regions: 2->2
[58,229s][info][gc,heap     ] GC(435) Humongous regions: 0->0
[58,229s][info][gc,metaspace] GC(435) Metaspace: 117K(320K)->117K(320K) NonClass: 109K(192K)->109K(192K) Class: 8K(128K)->8K(128K)
[58,229s][info][gc          ] GC(435) Pause Young (Normal) (G1 Evacuation Pause) 43M->9M(64M) 0,566ms
[58,229s][info][gc,cpu      ] GC(435) User=0,00s Sys=0,00s Real=0,00s
[58,378s][info][gc,start    ] GC(436) Pause Young (Normal) (G1 Evacuation Pause)
[58,378s][info][gc,task     ] GC(436) Using 4 workers of 8 for evacuation
[58,378s][info][gc,phases   ] GC(436)   Pre Evacuate Collection Set: 0,0ms
[58,378s][info][gc,phases   ] GC(436)   Merge Heap Roots: 0,0ms
[58,378s][info][gc,phases   ] GC(436)   Evacuate Collection Set: 0,4ms
[58,378s][info][gc,phases   ] GC(436)   Post Evacuate Collection Set: 0,1ms
[58,379s][info][gc,phases   ] GC(436)   Other: 0,2ms
[58,379s][info][gc,heap     ] GC(436) Eden regions: 35->0(34)
[58,379s][info][gc,heap     ] GC(436) Survivor regions: 3->4(5)
[58,379s][info][gc,heap     ] GC(436) Old regions: 6->6
[58,379s][info][gc,heap     ] GC(436) Archive regions: 2->2
[58,379s][info][gc,heap     ] GC(436) Humongous regions: 0->0
[58,379s][info][gc,metaspace] GC(436) Metaspace: 117K(320K)->117K(320K) NonClass: 109K(192K)->109K(192K) Class: 8K(128K)->8K(128K)
[58,379s][info][gc          ] GC(436) Pause Young (Normal) (G1 Evacuation Pause) 44M->10M(64M) 0,843ms
[58,379s][info][gc,cpu      ] GC(436) User=0,00s Sys=0,00s Real=0,00s
[58,528s][info][gc,start    ] GC(437) Pause Young (Normal) (G1 Evacuation Pause)
[58,529s][info][gc,task     ] GC(437) Using 4 workers of 8 for evacuation
[58,529s][info][gc,phases   ] GC(437)   Pre Evacuate Collection Set: 0,0ms
[58,529s][info][gc,phases   ] GC(437)   Merge Heap Roots: 0,0ms
[58,529s][info][gc,phases   ] GC(437)   Evacuate Collection Set: 0,4ms
[58,529s][info][gc,phases   ] GC(437)   Post Evacuate Collection Set: 0,1ms
[58,529s][info][gc,phases   ] GC(437)   Other: 0,1ms
[58,529s][info][gc,heap     ] GC(437) Eden regions: 34->0(33)
[58,529s][info][gc,heap     ] GC(437) Survivor regions: 4->5(5)
[58,529s][info][gc,heap     ] GC(437) Old regions: 6->6
[58,529s][info][gc,heap     ] GC(437) Archive regions: 2->2
[58,529s][info][gc,heap     ] GC(437) Humongous regions: 0->0
[58,529s][info][gc,metaspace] GC(437) Metaspace: 117K(320K)->117K(320K) NonClass: 109K(192K)->109K(192K) Class: 8K(128K)->8K(128K)
[58,529s][info][gc          ] GC(437) Pause Young (Normal) (G1 Evacuation Pause) 44M->11M(64M) 0,796ms
[58,529s][info][gc,cpu      ] GC(437) User=0,01s Sys=0,00s Real=0,00s
[58,628s][info][gc,start    ] GC(438) Pause Young (Normal) (G1 Evacuation Pause)
[58,628s][info][gc,task     ] GC(438) Using 4 workers of 8 for evacuation
[58,629s][info][gc,phases   ] GC(438)   Pre Evacuate Collection Set: 0,0ms
[58,629s][info][gc,phases   ] GC(438)   Merge Heap Roots: 0,0ms
[58,629s][info][gc,phases   ] GC(438)   Evacuate Collection Set: 0,5ms
[58,629s][info][gc,phases   ] GC(438)   Post Evacuate Collection Set: 0,1ms
[58,629s][info][gc,phases   ] GC(438)   Other: 0,1ms
[58,629s][info][gc,heap     ] GC(438) Eden regions: 33->0(33)
[58,629s][info][gc,heap     ] GC(438) Survivor regions: 5->5(5)
[58,629s][info][gc,heap     ] GC(438) Old regions: 6->6
[58,629s][info][gc,heap     ] GC(438) Archive regions: 2->2
[58,629s][info][gc,heap     ] GC(438) Humongous regions: 0->0
[58,629s][info][gc,metaspace] GC(438) Metaspace: 117K(320K)->117K(320K) NonClass: 109K(192K)->109K(192K) Class: 8K(128K)->8K(128K)
[58,629s][info][gc          ] GC(438) Pause Young (Normal) (G1 Evacuation Pause) 44M->11M(64M) 0,969ms
[58,629s][info][gc,cpu      ] GC(438) User=0,00s Sys=0,00s Real=0,00s
[58,778s][info][gc,start    ] GC(439) Pause Young (Normal) (G1 Evacuation Pause)
[58,778s][info][gc,task     ] GC(439) Using 4 workers of 8 for evacuation
[58,779s][info][gc,phases   ] GC(439)   Pre Evacuate Collection Set: 0,0ms
[58,779s][info][gc,phases   ] GC(439)   Merge Heap Roots: 0,0ms
[58,779s][info][gc,phases   ] GC(439)   Evacuate Collection Set: 0,3ms
[58,779s][info][gc,phases   ] GC(439)   Post Evacuate Collection Set: 0,2ms
[58,779s][info][gc,phases   ] GC(439)   Other: 0,2ms
[58,779s][info][gc,heap     ] GC(439) Eden regions: 33->0(35)
[58,779s][info][gc,heap     ] GC(439) Survivor regions: 5->3(5)
[58,779s][info][gc,heap     ] GC(439) Old regions: 6->6
[58,779s][info][gc,heap     ] GC(439) Archive regions: 2->2
[58,779s][info][gc,heap     ] GC(439) Humongous regions: 0->0
[58,779s][info][gc,metaspace] GC(439) Metaspace: 117K(320K)->117K(320K) NonClass: 109K(192K)->109K(192K) Class: 8K(128K)->8K(128K)
[58,779s][info][gc          ] GC(439) Pause Young (Normal) (G1 Evacuation Pause) 44M->9M(64M) 0,953ms
[58,779s][info][gc,cpu      ] GC(439) User=0,00s Sys=0,00s Real=0,00s
[58,928s][info][gc,start    ] GC(440) Pause Young (Normal) (G1 Evacuation Pause)
[58,928s][info][gc,task     ] GC(440) Using 4 workers of 8 for evacuation
[58,929s][info][gc,phases   ] GC(440)   Pre Evacuate Collection Set: 0,1ms
[58,929s][info][gc,phases   ] GC(440)   Merge Heap Roots: 0,0ms
[58,929s][info][gc,phases   ] GC(440)   Evacuate Collection Set: 0,4ms
[58,929s][info][gc,phases   ] GC(440)   Post Evacuate Collection Set: 0,1ms
[58,929s][info][gc,phases   ] GC(440)   Other: 0,1ms
[58,929s][info][gc,heap     ] GC(440) Eden regions: 35->0(34)
[58,929s][info][gc,heap     ] GC(440) Survivor regions: 3->4(5)
[58,929s][info][gc,heap     ] GC(440) Old regions: 6->6
[58,929s][info][gc,heap     ] GC(440) Archive regions: 2->2
[58,929s][info][gc,heap     ] GC(440) Humongous regions: 0->0
[58,929s][info][gc,metaspace] GC(440) Metaspace: 117K(320K)->117K(320K) NonClass: 109K(192K)->109K(192K) Class: 8K(128K)->8K(128K)
[58,929s][info][gc          ] GC(440) Pause Young (Normal) (G1 Evacuation Pause) 44M->10M(64M) 0,842ms
[58,929s][info][gc,cpu      ] GC(440) User=0,00s Sys=0,00s Real=0,00s
[59,029s][info][gc,start    ] GC(441) Pause Young (Normal) (G1 Evacuation Pause)
[59,029s][info][gc,task     ] GC(441) Using 4 workers of 8 for evacuation
[59,029s][info][gc,phases   ] GC(441)   Pre Evacuate Collection Set: 0,0ms
[59,029s][info][gc,phases   ] GC(441)   Merge Heap Roots: 0,0ms
[59,029s][info][gc,phases   ] GC(441)   Evacuate Collection Set: 0,4ms
[59,029s][info][gc,phases   ] GC(441)   Post Evacuate Collection Set: 0,1ms
[59,030s][info][gc,phases   ] GC(441)   Other: 0,1ms
[59,030s][info][gc,heap     ] GC(441) Eden regions: 34->0(33)
[59,030s][info][gc,heap     ] GC(441) Survivor regions: 4->5(5)
[59,030s][info][gc,heap     ] GC(441) Old regions: 6->6
[59,030s][info][gc,heap     ] GC(441) Archive regions: 2->2
[59,030s][info][gc,heap     ] GC(441) Humongous regions: 0->0
[59,030s][info][gc,metaspace] GC(441) Metaspace: 117K(320K)->117K(320K) NonClass: 109K(192K)->109K(192K) Class: 8K(128K)->8K(128K)
[59,030s][info][gc          ] GC(441) Pause Young (Normal) (G1 Evacuation Pause) 43M->10M(64M) 0,919ms
[59,030s][info][gc,cpu      ] GC(441) User=0,00s Sys=0,00s Real=0,00s
[59,175s][info][gc,start    ] GC(442) Pause Young (Normal) (G1 Evacuation Pause)
[59,175s][info][gc,task     ] GC(442) Using 4 workers of 8 for evacuation
[59,175s][info][gc,phases   ] GC(442)   Pre Evacuate Collection Set: 0,0ms
[59,175s][info][gc,phases   ] GC(442)   Merge Heap Roots: 0,0ms
[59,175s][info][gc,phases   ] GC(442)   Evacuate Collection Set: 0,2ms
[59,175s][info][gc,phases   ] GC(442)   Post Evacuate Collection Set: 0,1ms
[59,175s][info][gc,phases   ] GC(442)   Other: 0,1ms
[59,175s][info][gc,heap     ] GC(442) Eden regions: 33->0(35)
[59,175s][info][gc,heap     ] GC(442) Survivor regions: 5->3(5)
[59,175s][info][gc,heap     ] GC(442) Old regions: 6->6
[59,175s][info][gc,heap     ] GC(442) Archive regions: 2->2
[59,175s][info][gc,heap     ] GC(442) Humongous regions: 0->0
[59,175s][info][gc,metaspace] GC(442) Metaspace: 117K(320K)->117K(320K) NonClass: 109K(192K)->109K(192K) Class: 8K(128K)->8K(128K)
[59,175s][info][gc          ] GC(442) Pause Young (Normal) (G1 Evacuation Pause) 43M->9M(64M) 0,473ms
[59,175s][info][gc,cpu      ] GC(442) User=0,01s Sys=0,00s Real=0,00s
[59,328s][info][gc,start    ] GC(443) Pause Young (Normal) (G1 Evacuation Pause)
[59,328s][info][gc,task     ] GC(443) Using 4 workers of 8 for evacuation
[59,329s][info][gc,phases   ] GC(443)   Pre Evacuate Collection Set: 0,0ms
[59,329s][info][gc,phases   ] GC(443)   Merge Heap Roots: 0,0ms
[59,329s][info][gc,phases   ] GC(443)   Evacuate Collection Set: 0,5ms
[59,329s][info][gc,phases   ] GC(443)   Post Evacuate Collection Set: 0,1ms
[59,329s][info][gc,phases   ] GC(443)   Other: 0,1ms
[59,329s][info][gc,heap     ] GC(443) Eden regions: 35->0(33)
[59,329s][info][gc,heap     ] GC(443) Survivor regions: 3->5(5)
[59,329s][info][gc,heap     ] GC(443) Old regions: 6->6
[59,329s][info][gc,heap     ] GC(443) Archive regions: 2->2
[59,329s][info][gc,heap     ] GC(443) Humongous regions: 0->0
[59,329s][info][gc,metaspace] GC(443) Metaspace: 117K(320K)->117K(320K) NonClass: 109K(192K)->109K(192K) Class: 8K(128K)->8K(128K)
[59,329s][info][gc          ] GC(443) Pause Young (Normal) (G1 Evacuation Pause) 44M->11M(64M) 0,889ms
[59,329s][info][gc,cpu      ] GC(443) User=0,00s Sys=0,00s Real=0,00s
[59,428s][info][gc,start    ] GC(444) Pause Young (Normal) (G1 Evacuation Pause)
[59,428s][info][gc,task     ] GC(444) Using 4 workers of 8 for evacuation
[59,429s][info][gc,phases   ] GC(444)   Pre Evacuate Collection Set: 0,1ms
[59,429s][info][gc,phases   ] GC(444)   Merge Heap Roots: 0,0ms
[59,429s][info][gc,phases   ] GC(444)   Evacuate Collection Set: 0,5ms
[59,429s][info][gc,phases   ] GC(444)   Post Evacuate Collection Set: 0,1ms
[59,429s][info][gc,phases   ] GC(444)   Other: 0,2ms
[59,429s][info][gc,heap     ] GC(444) Eden regions: 33->0(35)
[59,429s][info][gc,heap     ] GC(444) Survivor regions: 5->3(5)
[59,429s][info][gc,heap     ] GC(444) Old regions: 6->6
[59,429s][info][gc,heap     ] GC(444) Archive regions: 2->2
[59,429s][info][gc,heap     ] GC(444) Humongous regions: 0->0
[59,429s][info][gc,metaspace] GC(444) Metaspace: 117K(320K)->117K(320K) NonClass: 109K(192K)->109K(192K) Class: 8K(128K)->8K(128K)
[59,429s][info][gc          ] GC(444) Pause Young (Normal) (G1 Evacuation Pause) 44M->9M(64M) 1,099ms
[59,429s][info][gc,cpu      ] GC(444) User=0,00s Sys=0,00s Real=0,00s
[59,578s][info][gc,start    ] GC(445) Pause Young (Normal) (G1 Evacuation Pause)
[59,578s][info][gc,task     ] GC(445) Using 4 workers of 8 for evacuation
[59,578s][info][gc,phases   ] GC(445)   Pre Evacuate Collection Set: 0,0ms
[59,578s][info][gc,phases   ] GC(445)   Merge Heap Roots: 0,0ms
[59,578s][info][gc,phases   ] GC(445)   Evacuate Collection Set: 0,4ms
[59,578s][info][gc,phases   ] GC(445)   Post Evacuate Collection Set: 0,1ms
[59,578s][info][gc,phases   ] GC(445)   Other: 0,1ms
[59,578s][info][gc,heap     ] GC(445) Eden regions: 35->0(33)
[59,578s][info][gc,heap     ] GC(445) Survivor regions: 3->5(5)
[59,578s][info][gc,heap     ] GC(445) Old regions: 6->6
[59,578s][info][gc,heap     ] GC(445) Archive regions: 2->2
[59,578s][info][gc,heap     ] GC(445) Humongous regions: 0->0
[59,578s][info][gc,metaspace] GC(445) Metaspace: 117K(320K)->117K(320K) NonClass: 109K(192K)->109K(192K) Class: 8K(128K)->8K(128K)
[59,578s][info][gc          ] GC(445) Pause Young (Normal) (G1 Evacuation Pause) 44M->11M(64M) 0,821ms
[59,578s][info][gc,cpu      ] GC(445) User=0,01s Sys=0,00s Real=0,00s
[59,724s][info][gc,start    ] GC(446) Pause Young (Normal) (G1 Evacuation Pause)
[59,724s][info][gc,task     ] GC(446) Using 4 workers of 8 for evacuation
[59,725s][info][gc,phases   ] GC(446)   Pre Evacuate Collection Set: 0,0ms
[59,725s][info][gc,phases   ] GC(446)   Merge Heap Roots: 0,0ms
[59,725s][info][gc,phases   ] GC(446)   Evacuate Collection Set: 0,3ms
[59,725s][info][gc,phases   ] GC(446)   Post Evacuate Collection Set: 0,1ms
[59,725s][info][gc,phases   ] GC(446)   Other: 0,1ms
[59,725s][info][gc,heap     ] GC(446) Eden regions: 33->0(34)
[59,725s][info][gc,heap     ] GC(446) Survivor regions: 5->4(5)
[59,725s][info][gc,heap     ] GC(446) Old regions: 6->6
[59,725s][info][gc,heap     ] GC(446) Archive regions: 2->2
[59,725s][info][gc,heap     ] GC(446) Humongous regions: 0->0
[59,725s][info][gc,metaspace] GC(446) Metaspace: 117K(320K)->117K(320K) NonClass: 109K(192K)->109K(192K) Class: 8K(128K)->8K(128K)
[59,725s][info][gc          ] GC(446) Pause Young (Normal) (G1 Evacuation Pause) 44M->10M(64M) 0,613ms
[59,725s][info][gc,cpu      ] GC(446) User=0,00s Sys=0,00s Real=0,00s
[59,828s][info][gc,start    ] GC(447) Pause Young (Normal) (G1 Evacuation Pause)
[59,828s][info][gc,task     ] GC(447) Using 4 workers of 8 for evacuation
[59,829s][info][gc,phases   ] GC(447)   Pre Evacuate Collection Set: 0,0ms
[59,829s][info][gc,phases   ] GC(447)   Merge Heap Roots: 0,0ms
[59,829s][info][gc,phases   ] GC(447)   Evacuate Collection Set: 0,4ms
[59,829s][info][gc,phases   ] GC(447)   Post Evacuate Collection Set: 0,2ms
[59,829s][info][gc,phases   ] GC(447)   Other: 0,1ms
[59,829s][info][gc,heap     ] GC(447) Eden regions: 34->0(33)
[59,829s][info][gc,heap     ] GC(447) Survivor regions: 4->5(5)
[59,829s][info][gc,heap     ] GC(447) Old regions: 6->6
[59,829s][info][gc,heap     ] GC(447) Archive regions: 2->2
[59,829s][info][gc,heap     ] GC(447) Humongous regions: 0->0
[59,829s][info][gc,metaspace] GC(447) Metaspace: 117K(320K)->117K(320K) NonClass: 109K(192K)->109K(192K) Class: 8K(128K)->8K(128K)
[59,829s][info][gc          ] GC(447) Pause Young (Normal) (G1 Evacuation Pause) 43M->10M(64M) 0,911ms
[59,829s][info][gc,cpu      ] GC(447) User=0,00s Sys=0,00s Real=0,00s
[59,977s][info][gc,start    ] GC(448) Pause Young (Normal) (G1 Evacuation Pause)
[59,977s][info][gc,task     ] GC(448) Using 4 workers of 8 for evacuation
[59,978s][info][gc,phases   ] GC(448)   Pre Evacuate Collection Set: 0,0ms
[59,978s][info][gc,phases   ] GC(448)   Merge Heap Roots: 0,0ms
[59,978s][info][gc,phases   ] GC(448)   Evacuate Collection Set: 0,2ms
[59,978s][info][gc,phases   ] GC(448)   Post Evacuate Collection Set: 0,1ms
[59,978s][info][gc,phases   ] GC(448)   Other: 0,1ms
[59,978s][info][gc,heap     ] GC(448) Eden regions: 33->0(34)
[59,978s][info][gc,heap     ] GC(448) Survivor regions: 5->4(5)
[59,978s][info][gc,heap     ] GC(448) Old regions: 6->6
[59,978s][info][gc,heap     ] GC(448) Archive regions: 2->2
[59,978s][info][gc,heap     ] GC(448) Humongous regions: 0->0
[59,978s][info][gc,metaspace] GC(448) Metaspace: 117K(320K)->117K(320K) NonClass: 109K(192K)->109K(192K) Class: 8K(128K)->8K(128K)
[59,978s][info][gc          ] GC(448) Pause Young (Normal) (G1 Evacuation Pause) 43M->9M(64M) 0,630ms
[59,978s][info][gc,cpu      ] GC(448) User=0,00s Sys=0,00s Real=0,00s
[60,127s][info][gc,start    ] GC(449) Pause Young (Normal) (G1 Evacuation Pause)
[60,127s][info][gc,task     ] GC(449) Using 4 workers of 8 for evacuation
[60,128s][info][gc,phases   ] GC(449)   Pre Evacuate Collection Set: 0,0ms
[60,128s][info][gc,phases   ] GC(449)   Merge Heap Roots: 0,0ms
[60,128s][info][gc,phases   ] GC(449)   Evacuate Collection Set: 0,3ms
[60,128s][info][gc,phases   ] GC(449)   Post Evacuate Collection Set: 0,1ms
[60,128s][info][gc,phases   ] GC(449)   Other: 0,1ms
[60,128s][info][gc,heap     ] GC(449) Eden regions: 34->0(33)
[60,128s][info][gc,heap     ] GC(449) Survivor regions: 4->5(5)
[60,128s][info][gc,heap     ] GC(449) Old regions: 6->6
[60,128s][info][gc,heap     ] GC(449) Archive regions: 2->2
[60,128s][info][gc,heap     ] GC(449) Humongous regions: 0->0
[60,128s][info][gc,metaspace] GC(449) Metaspace: 117K(320K)->117K(320K) NonClass: 109K(192K)->109K(192K) Class: 8K(128K)->8K(128K)
[60,128s][info][gc          ] GC(449) Pause Young (Normal) (G1 Evacuation Pause) 43M->10M(64M) 0,630ms
[60,128s][info][gc,cpu      ] GC(449) User=0,00s Sys=0,00s Real=0,00s
[60,228s][info][gc,start    ] GC(450) Pause Young (Normal) (G1 Evacuation Pause)
[60,228s][info][gc,task     ] GC(450) Using 4 workers of 8 for evacuation
[60,228s][info][gc,phases   ] GC(450)   Pre Evacuate Collection Set: 0,0ms
[60,228s][info][gc,phases   ] GC(450)   Merge Heap Roots: 0,0ms
[60,228s][info][gc,phases   ] GC(450)   Evacuate Collection Set: 0,2ms
[60,228s][info][gc,phases   ] GC(450)   Post Evacuate Collection Set: 0,1ms
[60,228s][info][gc,phases   ] GC(450)   Other: 0,1ms
[60,228s][info][gc,heap     ] GC(450) Eden regions: 33->0(36)
[60,228s][info][gc,heap     ] GC(450) Survivor regions: 5->2(5)
[60,228s][info][gc,heap     ] GC(450) Old regions: 6->6
[60,228s][info][gc,heap     ] GC(450) Archive regions: 2->2
[60,228s][info][gc,heap     ] GC(450) Humongous regions: 0->0
[60,228s][info][gc,metaspace] GC(450) Metaspace: 117K(320K)->117K(320K) NonClass: 109K(192K)->109K(192K) Class: 8K(128K)->8K(128K)
[60,228s][info][gc          ] GC(450) Pause Young (Normal) (G1 Evacuation Pause) 43M->8M(64M) 0,573ms
[60,229s][info][gc,cpu      ] GC(450) User=0,00s Sys=0,00s Real=0,00s
[60,378s][info][gc,start    ] GC(451) Pause Young (Normal) (G1 Evacuation Pause)
[60,378s][info][gc,task     ] GC(451) Using 4 workers of 8 for evacuation
[60,378s][info][gc,phases   ] GC(451)   Pre Evacuate Collection Set: 0,0ms
[60,378s][info][gc,phases   ] GC(451)   Merge Heap Roots: 0,0ms
[60,378s][info][gc,phases   ] GC(451)   Evacuate Collection Set: 0,3ms
[60,378s][info][gc,phases   ] GC(451)   Post Evacuate Collection Set: 0,1ms
[60,378s][info][gc,phases   ] GC(451)   Other: 0,1ms
[60,378s][info][gc,heap     ] GC(451) Eden regions: 36->0(34)
[60,378s][info][gc,heap     ] GC(451) Survivor regions: 2->4(5)
[60,378s][info][gc,heap     ] GC(451) Old regions: 6->6
[60,378s][info][gc,heap     ] GC(451) Archive regions: 2->2
[60,378s][info][gc,heap     ] GC(451) Humongous regions: 0->0
[60,378s][info][gc,metaspace] GC(451) Metaspace: 117K(320K)->117K(320K) NonClass: 109K(192K)->109K(192K) Class: 8K(128K)->8K(128K)
[60,378s][info][gc          ] GC(451) Pause Young (Normal) (G1 Evacuation Pause) 44M->10M(64M) 0,691ms
[60,378s][info][gc,cpu      ] GC(451) User=0,01s Sys=0,00s Real=0,00s
[60,527s][info][gc,start    ] GC(452) Pause Young (Normal) (G1 Evacuation Pause)
[60,527s][info][gc,task     ] GC(452) Using 4 workers of 8 for evacuation
[60,528s][info][gc,phases   ] GC(452)   Pre Evacuate Collection Set: 0,0ms
[60,528s][info][gc,phases   ] GC(452)   Merge Heap Roots: 0,0ms
[60,528s][info][gc,phases   ] GC(452)   Evacuate Collection Set: 0,4ms
[60,528s][info][gc,phases   ] GC(452)   Post Evacuate Collection Set: 0,1ms
[60,528s][info][gc,phases   ] GC(452)   Other: 0,1ms
[60,528s][info][gc,heap     ] GC(452) Eden regions: 34->0(33)
[60,528s][info][gc,heap     ] GC(452) Survivor regions: 4->5(5)
[60,528s][info][gc,heap     ] GC(452) Old regions: 6->6
[60,528s][info][gc,heap     ] GC(452) Archive regions: 2->2
[60,528s][info][gc,heap     ] GC(452) Humongous regions: 0->0
[60,528s][info][gc,metaspace] GC(452) Metaspace: 117K(320K)->117K(320K) NonClass: 109K(192K)->109K(192K) Class: 8K(128K)->8K(128K)
[60,528s][info][gc          ] GC(452) Pause Young (Normal) (G1 Evacuation Pause) 44M->11M(64M) 0,703ms
[60,528s][info][gc,cpu      ] GC(452) User=0,00s Sys=0,00s Real=0,00s
[60,629s][info][gc,start    ] GC(453) Pause Young (Normal) (G1 Evacuation Pause)
[60,629s][info][gc,task     ] GC(453) Using 4 workers of 8 for evacuation
[60,630s][info][gc,phases   ] GC(453)   Pre Evacuate Collection Set: 0,0ms
[60,630s][info][gc,phases   ] GC(453)   Merge Heap Roots: 0,0ms
[60,630s][info][gc,phases   ] GC(453)   Evacuate Collection Set: 0,6ms
[60,630s][info][gc,phases   ] GC(453)   Post Evacuate Collection Set: 0,2ms
[60,630s][info][gc,phases   ] GC(453)   Other: 0,1ms
[60,630s][info][gc,heap     ] GC(453) Eden regions: 33->0(33)
[60,630s][info][gc,heap     ] GC(453) Survivor regions: 5->5(5)
[60,630s][info][gc,heap     ] GC(453) Old regions: 6->6
[60,630s][info][gc,heap     ] GC(453) Archive regions: 2->2
[60,630s][info][gc,heap     ] GC(453) Humongous regions: 0->0
[60,630s][info][gc,metaspace] GC(453) Metaspace: 117K(320K)->117K(320K) NonClass: 109K(192K)->109K(192K) Class: 8K(128K)->8K(128K)
[60,630s][info][gc          ] GC(453) Pause Young (Normal) (G1 Evacuation Pause) 44M->11M(64M) 1,032ms
[60,631s][info][gc,cpu      ] GC(453) User=0,00s Sys=0,00s Real=0,00s
[60,774s][info][gc,start    ] GC(454) Pause Young (Normal) (G1 Evacuation Pause)
[60,774s][info][gc,task     ] GC(454) Using 4 workers of 8 for evacuation
[60,774s][info][gc,phases   ] GC(454)   Pre Evacuate Collection Set: 0,0ms
[60,774s][info][gc,phases   ] GC(454)   Merge Heap Roots: 0,0ms
[60,774s][info][gc,phases   ] GC(454)   Evacuate Collection Set: 0,3ms
[60,774s][info][gc,phases   ] GC(454)   Post Evacuate Collection Set: 0,1ms
[60,774s][info][gc,phases   ] GC(454)   Other: 0,1ms
[60,774s][info][gc,heap     ] GC(454) Eden regions: 33->0(34)
[60,775s][info][gc,heap     ] GC(454) Survivor regions: 5->4(5)
[60,775s][info][gc,heap     ] GC(454) Old regions: 6->6
[60,775s][info][gc,heap     ] GC(454) Archive regions: 2->2
[60,775s][info][gc,heap     ] GC(454) Humongous regions: 0->0
[60,775s][info][gc,metaspace] GC(454) Metaspace: 117K(320K)->117K(320K) NonClass: 109K(192K)->109K(192K) Class: 8K(128K)->8K(128K)
[60,775s][info][gc          ] GC(454) Pause Young (Normal) (G1 Evacuation Pause) 44M->9M(64M) 0,606ms
[60,775s][info][gc,cpu      ] GC(454) User=0,00s Sys=0,00s Real=0,00s
[60,926s][info][gc,start    ] GC(455) Pause Young (Normal) (G1 Evacuation Pause)
[60,926s][info][gc,task     ] GC(455) Using 4 workers of 8 for evacuation
[60,927s][info][gc,phases   ] GC(455)   Pre Evacuate Collection Set: 0,0ms
[60,927s][info][gc,phases   ] GC(455)   Merge Heap Roots: 0,1ms
[60,927s][info][gc,phases   ] GC(455)   Evacuate Collection Set: 0,4ms
[60,927s][info][gc,phases   ] GC(455)   Post Evacuate Collection Set: 0,1ms
[60,927s][info][gc,phases   ] GC(455)   Other: 0,1ms
[60,927s][info][gc,heap     ] GC(455) Eden regions: 34->0(35)
[60,927s][info][gc,heap     ] GC(455) Survivor regions: 4->3(5)
[60,927s][info][gc,heap     ] GC(455) Old regions: 6->6
[60,927s][info][gc,heap     ] GC(455) Archive regions: 2->2
[60,927s][info][gc,heap     ] GC(455) Humongous regions: 0->0
[60,927s][info][gc,metaspace] GC(455) Metaspace: 117K(320K)->117K(320K) NonClass: 109K(192K)->109K(192K) Class: 8K(128K)->8K(128K)
[60,927s][info][gc          ] GC(455) Pause Young (Normal) (G1 Evacuation Pause) 43M->9M(64M) 0,841ms
[60,927s][info][gc,cpu      ] GC(455) User=0,00s Sys=0,00s Real=0,00s
[61,028s][info][gc,start    ] GC(456) Pause Young (Normal) (G1 Evacuation Pause)
[61,028s][info][gc,task     ] GC(456) Using 4 workers of 8 for evacuation
[61,029s][info][gc,phases   ] GC(456)   Pre Evacuate Collection Set: 0,0ms
[61,029s][info][gc,phases   ] GC(456)   Merge Heap Roots: 0,0ms
[61,029s][info][gc,phases   ] GC(456)   Evacuate Collection Set: 0,5ms
[61,029s][info][gc,phases   ] GC(456)   Post Evacuate Collection Set: 0,1ms
[61,029s][info][gc,phases   ] GC(456)   Other: 0,1ms
[61,029s][info][gc,heap     ] GC(456) Eden regions: 35->0(33)
[61,029s][info][gc,heap     ] GC(456) Survivor regions: 3->5(5)
[61,029s][info][gc,heap     ] GC(456) Old regions: 6->6
[61,029s][info][gc,heap     ] GC(456) Archive regions: 2->2
[61,029s][info][gc,heap     ] GC(456) Humongous regions: 0->0
[61,029s][info][gc,metaspace] GC(456) Metaspace: 117K(320K)->117K(320K) NonClass: 109K(192K)->109K(192K) Class: 8K(128K)->8K(128K)
[61,029s][info][gc          ] GC(456) Pause Young (Normal) (G1 Evacuation Pause) 44M->11M(64M) 0,886ms
[61,029s][info][gc,cpu      ] GC(456) User=0,00s Sys=0,01s Real=0,00s
[61,178s][info][gc,start    ] GC(457) Pause Young (Normal) (G1 Evacuation Pause)
[61,178s][info][gc,task     ] GC(457) Using 4 workers of 8 for evacuation
[61,178s][info][gc,phases   ] GC(457)   Pre Evacuate Collection Set: 0,0ms
[61,178s][info][gc,phases   ] GC(457)   Merge Heap Roots: 0,0ms
[61,178s][info][gc,phases   ] GC(457)   Evacuate Collection Set: 0,2ms
[61,178s][info][gc,phases   ] GC(457)   Post Evacuate Collection Set: 0,1ms
[61,178s][info][gc,phases   ] GC(457)   Other: 0,1ms
[61,178s][info][gc,heap     ] GC(457) Eden regions: 33->0(35)
[61,178s][info][gc,heap     ] GC(457) Survivor regions: 5->3(5)
[61,178s][info][gc,heap     ] GC(457) Old regions: 6->6
[61,178s][info][gc,heap     ] GC(457) Archive regions: 2->2
[61,178s][info][gc,heap     ] GC(457) Humongous regions: 0->0
[61,178s][info][gc,metaspace] GC(457) Metaspace: 117K(320K)->117K(320K) NonClass: 109K(192K)->109K(192K) Class: 8K(128K)->8K(128K)
[61,179s][info][gc          ] GC(457) Pause Young (Normal) (G1 Evacuation Pause) 44M->9M(64M) 0,570ms
[61,179s][info][gc,cpu      ] GC(457) User=0,00s Sys=0,00s Real=0,00s
[61,326s][info][gc,start    ] GC(458) Pause Young (Normal) (G1 Evacuation Pause)
[61,326s][info][gc,task     ] GC(458) Using 4 workers of 8 for evacuation
[61,327s][info][gc,phases   ] GC(458)   Pre Evacuate Collection Set: 0,0ms
[61,327s][info][gc,phases   ] GC(458)   Merge Heap Roots: 0,0ms
[61,327s][info][gc,phases   ] GC(458)   Evacuate Collection Set: 0,3ms
[61,327s][info][gc,phases   ] GC(458)   Post Evacuate Collection Set: 0,1ms
[61,327s][info][gc,phases   ] GC(458)   Other: 0,1ms
[61,327s][info][gc,heap     ] GC(458) Eden regions: 35->0(33)
[61,327s][info][gc,heap     ] GC(458) Survivor regions: 3->5(5)
[61,327s][info][gc,heap     ] GC(458) Old regions: 6->6
[61,327s][info][gc,heap     ] GC(458) Archive regions: 2->2
[61,327s][info][gc,heap     ] GC(458) Humongous regions: 0->0
[61,327s][info][gc,metaspace] GC(458) Metaspace: 117K(320K)->117K(320K) NonClass: 109K(192K)->109K(192K) Class: 8K(128K)->8K(128K)
[61,327s][info][gc          ] GC(458) Pause Young (Normal) (G1 Evacuation Pause) 44M->11M(64M) 0,664ms
[61,327s][info][gc,cpu      ] GC(458) User=0,00s Sys=0,00s Real=0,00s
[61,428s][info][gc,start    ] GC(459) Pause Young (Normal) (G1 Evacuation Pause)
[61,428s][info][gc,task     ] GC(459) Using 4 workers of 8 for evacuation
[61,428s][info][gc,phases   ] GC(459)   Pre Evacuate Collection Set: 0,0ms
[61,428s][info][gc,phases   ] GC(459)   Merge Heap Roots: 0,0ms
[61,428s][info][gc,phases   ] GC(459)   Evacuate Collection Set: 0,3ms
[61,428s][info][gc,phases   ] GC(459)   Post Evacuate Collection Set: 0,1ms
[61,428s][info][gc,phases   ] GC(459)   Other: 0,1ms
[61,428s][info][gc,heap     ] GC(459) Eden regions: 33->0(34)
[61,428s][info][gc,heap     ] GC(459) Survivor regions: 5->4(5)
[61,428s][info][gc,heap     ] GC(459) Old regions: 6->6
[61,428s][info][gc,heap     ] GC(459) Archive regions: 2->2
[61,428s][info][gc,heap     ] GC(459) Humongous regions: 0->0
[61,428s][info][gc,metaspace] GC(459) Metaspace: 117K(320K)->117K(320K) NonClass: 109K(192K)->109K(192K) Class: 8K(128K)->8K(128K)
[61,428s][info][gc          ] GC(459) Pause Young (Normal) (G1 Evacuation Pause) 44M->10M(64M) 0,660ms
[61,428s][info][gc,cpu      ] GC(459) User=0,00s Sys=0,00s Real=0,00s
[61,576s][info][gc,start    ] GC(460) Pause Young (Normal) (G1 Evacuation Pause)
[61,576s][info][gc,task     ] GC(460) Using 4 workers of 8 for evacuation
[61,576s][info][gc,phases   ] GC(460)   Pre Evacuate Collection Set: 0,0ms
[61,576s][info][gc,phases   ] GC(460)   Merge Heap Roots: 0,0ms
[61,576s][info][gc,phases   ] GC(460)   Evacuate Collection Set: 0,3ms
[61,576s][info][gc,phases   ] GC(460)   Post Evacuate Collection Set: 0,1ms
[61,576s][info][gc,phases   ] GC(460)   Other: 0,1ms
[61,576s][info][gc,heap     ] GC(460) Eden regions: 34->0(33)
[61,576s][info][gc,heap     ] GC(460) Survivor regions: 4->5(5)
[61,577s][info][gc,heap     ] GC(460) Old regions: 6->6
[61,577s][info][gc,heap     ] GC(460) Archive regions: 2->2
[61,577s][info][gc,heap     ] GC(460) Humongous regions: 0->0
[61,577s][info][gc,metaspace] GC(460) Metaspace: 117K(320K)->117K(320K) NonClass: 109K(192K)->109K(192K) Class: 8K(128K)->8K(128K)
[61,577s][info][gc          ] GC(460) Pause Young (Normal) (G1 Evacuation Pause) 44M->11M(64M) 0,651ms
[61,577s][info][gc,cpu      ] GC(460) User=0,01s Sys=0,00s Real=0,00s
[61,726s][info][gc,start    ] GC(461) Pause Young (Normal) (G1 Evacuation Pause)
[61,726s][info][gc,task     ] GC(461) Using 4 workers of 8 for evacuation
[61,727s][info][gc,phases   ] GC(461)   Pre Evacuate Collection Set: 0,0ms
[61,727s][info][gc,phases   ] GC(461)   Merge Heap Roots: 0,1ms
[61,727s][info][gc,phases   ] GC(461)   Evacuate Collection Set: 0,4ms
[61,727s][info][gc,phases   ] GC(461)   Post Evacuate Collection Set: 0,1ms
[61,727s][info][gc,phases   ] GC(461)   Other: 0,1ms
[61,727s][info][gc,heap     ] GC(461) Eden regions: 33->0(35)
[61,727s][info][gc,heap     ] GC(461) Survivor regions: 5->3(5)
[61,727s][info][gc,heap     ] GC(461) Old regions: 6->6
[61,727s][info][gc,heap     ] GC(461) Archive regions: 2->2
[61,727s][info][gc,heap     ] GC(461) Humongous regions: 0->0
[61,727s][info][gc,metaspace] GC(461) Metaspace: 117K(320K)->117K(320K) NonClass: 109K(192K)->109K(192K) Class: 8K(128K)->8K(128K)
[61,727s][info][gc          ] GC(461) Pause Young (Normal) (G1 Evacuation Pause) 44M->9M(64M) 0,831ms
[61,727s][info][gc,cpu      ] GC(461) User=0,00s Sys=0,00s Real=0,00s
[61,828s][info][gc,start    ] GC(462) Pause Young (Normal) (G1 Evacuation Pause)
[61,828s][info][gc,task     ] GC(462) Using 4 workers of 8 for evacuation
[61,829s][info][gc,phases   ] GC(462)   Pre Evacuate Collection Set: 0,0ms
[61,829s][info][gc,phases   ] GC(462)   Merge Heap Roots: 0,0ms
[61,829s][info][gc,phases   ] GC(462)   Evacuate Collection Set: 0,5ms
[61,829s][info][gc,phases   ] GC(462)   Post Evacuate Collection Set: 0,1ms
[61,829s][info][gc,phases   ] GC(462)   Other: 0,1ms
[61,829s][info][gc,heap     ] GC(462) Eden regions: 35->0(33)
[61,829s][info][gc,heap     ] GC(462) Survivor regions: 3->5(5)
[61,829s][info][gc,heap     ] GC(462) Old regions: 6->6
[61,829s][info][gc,heap     ] GC(462) Archive regions: 2->2
[61,829s][info][gc,heap     ] GC(462) Humongous regions: 0->0
[61,829s][info][gc,metaspace] GC(462) Metaspace: 117K(320K)->117K(320K) NonClass: 109K(192K)->109K(192K) Class: 8K(128K)->8K(128K)
[61,829s][info][gc          ] GC(462) Pause Young (Normal) (G1 Evacuation Pause) 44M->11M(64M) 0,819ms
[61,829s][info][gc,cpu      ] GC(462) User=0,00s Sys=0,00s Real=0,00s
[61,977s][info][gc,start    ] GC(463) Pause Young (Normal) (G1 Evacuation Pause)
[61,977s][info][gc,task     ] GC(463) Using 4 workers of 8 for evacuation
[61,978s][info][gc,phases   ] GC(463)   Pre Evacuate Collection Set: 0,0ms
[61,978s][info][gc,phases   ] GC(463)   Merge Heap Roots: 0,1ms
[61,978s][info][gc,phases   ] GC(463)   Evacuate Collection Set: 0,3ms
[61,978s][info][gc,phases   ] GC(463)   Post Evacuate Collection Set: 0,1ms
[61,978s][info][gc,phases   ] GC(463)   Other: 0,1ms
[61,978s][info][gc,heap     ] GC(463) Eden regions: 33->0(34)
[61,978s][info][gc,heap     ] GC(463) Survivor regions: 5->4(5)
[61,978s][info][gc,heap     ] GC(463) Old regions: 6->6
[61,978s][info][gc,heap     ] GC(463) Archive regions: 2->2
[61,978s][info][gc,heap     ] GC(463) Humongous regions: 0->0
[61,978s][info][gc,metaspace] GC(463) Metaspace: 117K(320K)->117K(320K) NonClass: 109K(192K)->109K(192K) Class: 8K(128K)->8K(128K)
[61,978s][info][gc          ] GC(463) Pause Young (Normal) (G1 Evacuation Pause) 44M->10M(64M) 0,672ms
[61,978s][info][gc,cpu      ] GC(463) User=0,00s Sys=0,00s Real=0,00s
[62,127s][info][gc,start    ] GC(464) Pause Young (Normal) (G1 Evacuation Pause)
[62,127s][info][gc,task     ] GC(464) Using 4 workers of 8 for evacuation
[62,127s][info][gc,phases   ] GC(464)   Pre Evacuate Collection Set: 0,0ms
[62,127s][info][gc,phases   ] GC(464)   Merge Heap Roots: 0,0ms
[62,127s][info][gc,phases   ] GC(464)   Evacuate Collection Set: 0,3ms
[62,127s][info][gc,phases   ] GC(464)   Post Evacuate Collection Set: 0,1ms
[62,127s][info][gc,phases   ] GC(464)   Other: 0,1ms
[62,127s][info][gc,heap     ] GC(464) Eden regions: 34->0(33)
[62,127s][info][gc,heap     ] GC(464) Survivor regions: 4->5(5)
[62,127s][info][gc,heap     ] GC(464) Old regions: 6->6
[62,127s][info][gc,heap     ] GC(464) Archive regions: 2->2
[62,127s][info][gc,heap     ] GC(464) Humongous regions: 0->0
[62,127s][info][gc,metaspace] GC(464) Metaspace: 117K(320K)->117K(320K) NonClass: 109K(192K)->109K(192K) Class: 8K(128K)->8K(128K)
[62,127s][info][gc          ] GC(464) Pause Young (Normal) (G1 Evacuation Pause) 44M->11M(64M) 0,634ms
[62,127s][info][gc,cpu      ] GC(464) User=0,00s Sys=0,00s Real=0,00s
[62,230s][info][gc,start    ] GC(465) Pause Young (Normal) (G1 Evacuation Pause)
[62,230s][info][gc,task     ] GC(465) Using 4 workers of 8 for evacuation
[62,231s][info][gc,phases   ] GC(465)   Pre Evacuate Collection Set: 0,5ms
[62,231s][info][gc,phases   ] GC(465)   Merge Heap Roots: 0,1ms
[62,231s][info][gc,phases   ] GC(465)   Evacuate Collection Set: 0,8ms
[62,231s][info][gc,phases   ] GC(465)   Post Evacuate Collection Set: 0,2ms
[62,231s][info][gc,phases   ] GC(465)   Other: 0,2ms
[62,231s][info][gc,heap     ] GC(465) Eden regions: 33->0(35)
[62,232s][info][gc,heap     ] GC(465) Survivor regions: 5->3(5)
[62,232s][info][gc,heap     ] GC(465) Old regions: 6->6
[62,232s][info][gc,heap     ] GC(465) Archive regions: 2->2
[62,232s][info][gc,heap     ] GC(465) Humongous regions: 0->0
[62,232s][info][gc,metaspace] GC(465) Metaspace: 117K(320K)->117K(320K) NonClass: 109K(192K)->109K(192K) Class: 8K(128K)->8K(128K)
[62,232s][info][gc          ] GC(465) Pause Young (Normal) (G1 Evacuation Pause) 44M->9M(64M) 1,883ms
[62,232s][info][gc,cpu      ] GC(465) User=0,00s Sys=0,00s Real=0,01s
[62,378s][info][gc,start    ] GC(466) Pause Young (Normal) (G1 Evacuation Pause)
[62,378s][info][gc,task     ] GC(466) Using 4 workers of 8 for evacuation
[62,379s][info][gc,phases   ] GC(466)   Pre Evacuate Collection Set: 0,0ms
[62,379s][info][gc,phases   ] GC(466)   Merge Heap Roots: 0,1ms
[62,379s][info][gc,phases   ] GC(466)   Evacuate Collection Set: 0,6ms
[62,379s][info][gc,phases   ] GC(466)   Post Evacuate Collection Set: 0,1ms
[62,379s][info][gc,phases   ] GC(466)   Other: 0,1ms
[62,379s][info][gc,heap     ] GC(466) Eden regions: 35->0(33)
[62,379s][info][gc,heap     ] GC(466) Survivor regions: 3->5(5)
[62,379s][info][gc,heap     ] GC(466) Old regions: 6->6
[62,379s][info][gc,heap     ] GC(466) Archive regions: 2->2
[62,379s][info][gc,heap     ] GC(466) Humongous regions: 0->0
[62,379s][info][gc,metaspace] GC(466) Metaspace: 117K(320K)->117K(320K) NonClass: 109K(192K)->109K(192K) Class: 8K(128K)->8K(128K)
[62,379s][info][gc          ] GC(466) Pause Young (Normal) (G1 Evacuation Pause) 44M->11M(64M) 1,035ms
[62,379s][info][gc,cpu      ] GC(466) User=0,01s Sys=0,00s Real=0,00s
[62,528s][info][gc,start    ] GC(467) Pause Young (Normal) (G1 Evacuation Pause)
[62,528s][info][gc,task     ] GC(467) Using 4 workers of 8 for evacuation
[62,528s][info][gc,phases   ] GC(467)   Pre Evacuate Collection Set: 0,0ms
[62,528s][info][gc,phases   ] GC(467)   Merge Heap Roots: 0,0ms
[62,528s][info][gc,phases   ] GC(467)   Evacuate Collection Set: 0,4ms
[62,528s][info][gc,phases   ] GC(467)   Post Evacuate Collection Set: 0,1ms
[62,528s][info][gc,phases   ] GC(467)   Other: 0,1ms
[62,528s][info][gc,heap     ] GC(467) Eden regions: 33->0(35)
[62,528s][info][gc,heap     ] GC(467) Survivor regions: 5->3(5)
[62,528s][info][gc,heap     ] GC(467) Old regions: 6->6
[62,528s][info][gc,heap     ] GC(467) Archive regions: 2->2
[62,528s][info][gc,heap     ] GC(467) Humongous regions: 0->0
[62,528s][info][gc,metaspace] GC(467) Metaspace: 117K(320K)->117K(320K) NonClass: 109K(192K)->109K(192K) Class: 8K(128K)->8K(128K)
[62,528s][info][gc          ] GC(467) Pause Young (Normal) (G1 Evacuation Pause) 44M->9M(64M) 0,747ms
[62,528s][info][gc,cpu      ] GC(467) User=0,00s Sys=0,00s Real=0,00s
[62,629s][info][gc,start    ] GC(468) Pause Young (Normal) (G1 Evacuation Pause)
[62,629s][info][gc,task     ] GC(468) Using 4 workers of 8 for evacuation
[62,630s][info][gc,phases   ] GC(468)   Pre Evacuate Collection Set: 0,0ms
[62,630s][info][gc,phases   ] GC(468)   Merge Heap Roots: 0,0ms
[62,630s][info][gc,phases   ] GC(468)   Evacuate Collection Set: 0,4ms
[62,630s][info][gc,phases   ] GC(468)   Post Evacuate Collection Set: 0,1ms
[62,630s][info][gc,phases   ] GC(468)   Other: 0,1ms
[62,630s][info][gc,heap     ] GC(468) Eden regions: 35->0(33)
[62,630s][info][gc,heap     ] GC(468) Survivor regions: 3->5(5)
[62,630s][info][gc,heap     ] GC(468) Old regions: 6->6
[62,630s][info][gc,heap     ] GC(468) Archive regions: 2->2
[62,630s][info][gc,heap     ] GC(468) Humongous regions: 0->0
[62,630s][info][gc,metaspace] GC(468) Metaspace: 117K(320K)->117K(320K) NonClass: 109K(192K)->109K(192K) Class: 8K(128K)->8K(128K)
[62,630s][info][gc          ] GC(468) Pause Young (Normal) (G1 Evacuation Pause) 44M->11M(64M) 0,782ms
[62,630s][info][gc,cpu      ] GC(468) User=0,00s Sys=0,00s Real=0,00s
[62,776s][info][gc,start    ] GC(469) Pause Young (Normal) (G1 Evacuation Pause)
[62,776s][info][gc,task     ] GC(469) Using 4 workers of 8 for evacuation
[62,777s][info][gc,phases   ] GC(469)   Pre Evacuate Collection Set: 0,0ms
[62,777s][info][gc,phases   ] GC(469)   Merge Heap Roots: 0,0ms
[62,777s][info][gc,phases   ] GC(469)   Evacuate Collection Set: 0,3ms
[62,777s][info][gc,phases   ] GC(469)   Post Evacuate Collection Set: 0,1ms
[62,777s][info][gc,phases   ] GC(469)   Other: 0,1ms
[62,777s][info][gc,heap     ] GC(469) Eden regions: 33->0(34)
[62,777s][info][gc,heap     ] GC(469) Survivor regions: 5->4(5)
[62,777s][info][gc,heap     ] GC(469) Old regions: 6->6
[62,777s][info][gc,heap     ] GC(469) Archive regions: 2->2
[62,777s][info][gc,heap     ] GC(469) Humongous regions: 0->0
[62,777s][info][gc,metaspace] GC(469) Metaspace: 117K(320K)->117K(320K) NonClass: 109K(192K)->109K(192K) Class: 8K(128K)->8K(128K)
[62,777s][info][gc          ] GC(469) Pause Young (Normal) (G1 Evacuation Pause) 44M->10M(64M) 0,693ms
[62,777s][info][gc,cpu      ] GC(469) User=0,00s Sys=0,00s Real=0,00s
[62,929s][info][gc,start    ] GC(470) Pause Young (Normal) (G1 Evacuation Pause)
[62,929s][info][gc,task     ] GC(470) Using 4 workers of 8 for evacuation
[62,929s][info][gc,phases   ] GC(470)   Pre Evacuate Collection Set: 0,0ms
[62,929s][info][gc,phases   ] GC(470)   Merge Heap Roots: 0,0ms
[62,929s][info][gc,phases   ] GC(470)   Evacuate Collection Set: 0,2ms
[62,929s][info][gc,phases   ] GC(470)   Post Evacuate Collection Set: 0,1ms
[62,929s][info][gc,phases   ] GC(470)   Other: 0,1ms
[62,929s][info][gc,heap     ] GC(470) Eden regions: 34->0(34)
[62,929s][info][gc,heap     ] GC(470) Survivor regions: 4->4(5)
[62,929s][info][gc,heap     ] GC(470) Old regions: 6->6
[62,929s][info][gc,heap     ] GC(470) Archive regions: 2->2
[62,929s][info][gc,heap     ] GC(470) Humongous regions: 0->0
[62,929s][info][gc,metaspace] GC(470) Metaspace: 117K(320K)->117K(320K) NonClass: 109K(192K)->109K(192K) Class: 8K(128K)->8K(128K)
[62,929s][info][gc          ] GC(470) Pause Young (Normal) (G1 Evacuation Pause) 44M->10M(64M) 0,575ms
[62,929s][info][gc,cpu      ] GC(470) User=0,00s Sys=0,00s Real=0,00s
[63,027s][info][gc,start    ] GC(471) Pause Young (Normal) (G1 Evacuation Pause)
[63,027s][info][gc,task     ] GC(471) Using 4 workers of 8 for evacuation
[63,027s][info][gc,phases   ] GC(471)   Pre Evacuate Collection Set: 0,0ms
[63,027s][info][gc,phases   ] GC(471)   Merge Heap Roots: 0,0ms
[63,027s][info][gc,phases   ] GC(471)   Evacuate Collection Set: 0,3ms
[63,027s][info][gc,phases   ] GC(471)   Post Evacuate Collection Set: 0,1ms
[63,027s][info][gc,phases   ] GC(471)   Other: 0,1ms
[63,027s][info][gc,heap     ] GC(471) Eden regions: 34->0(33)
[63,027s][info][gc,heap     ] GC(471) Survivor regions: 4->5(5)
[63,027s][info][gc,heap     ] GC(471) Old regions: 6->6
[63,027s][info][gc,heap     ] GC(471) Archive regions: 2->2
[63,027s][info][gc,heap     ] GC(471) Humongous regions: 0->0
[63,027s][info][gc,metaspace] GC(471) Metaspace: 117K(320K)->117K(320K) NonClass: 109K(192K)->109K(192K) Class: 8K(128K)->8K(128K)
[63,027s][info][gc          ] GC(471) Pause Young (Normal) (G1 Evacuation Pause) 44M->11M(64M) 0,645ms
[63,027s][info][gc,cpu      ] GC(471) User=0,00s Sys=0,00s Real=0,00s
[63,177s][info][gc,start    ] GC(472) Pause Young (Normal) (G1 Evacuation Pause)
[63,177s][info][gc,task     ] GC(472) Using 4 workers of 8 for evacuation
[63,177s][info][gc,phases   ] GC(472)   Pre Evacuate Collection Set: 0,0ms
[63,177s][info][gc,phases   ] GC(472)   Merge Heap Roots: 0,0ms
[63,177s][info][gc,phases   ] GC(472)   Evacuate Collection Set: 0,3ms
[63,177s][info][gc,phases   ] GC(472)   Post Evacuate Collection Set: 0,1ms
[63,177s][info][gc,phases   ] GC(472)   Other: 0,1ms
[63,177s][info][gc,heap     ] GC(472) Eden regions: 33->0(36)
[63,177s][info][gc,heap     ] GC(472) Survivor regions: 5->2(5)
[63,177s][info][gc,heap     ] GC(472) Old regions: 6->6
[63,177s][info][gc,heap     ] GC(472) Archive regions: 2->2
[63,177s][info][gc,heap     ] GC(472) Humongous regions: 0->0
[63,177s][info][gc,metaspace] GC(472) Metaspace: 117K(320K)->117K(320K) NonClass: 109K(192K)->109K(192K) Class: 8K(128K)->8K(128K)
[63,177s][info][gc          ] GC(472) Pause Young (Normal) (G1 Evacuation Pause) 44M->8M(64M) 0,732ms
[63,177s][info][gc,cpu      ] GC(472) User=0,00s Sys=0,00s Real=0,00s
[63,327s][info][gc,start    ] GC(473) Pause Young (Normal) (G1 Evacuation Pause)
[63,327s][info][gc,task     ] GC(473) Using 4 workers of 8 for evacuation
[63,328s][info][gc,phases   ] GC(473)   Pre Evacuate Collection Set: 0,0ms
[63,328s][info][gc,phases   ] GC(473)   Merge Heap Roots: 0,0ms
[63,328s][info][gc,phases   ] GC(473)   Evacuate Collection Set: 0,6ms
[63,328s][info][gc,phases   ] GC(473)   Post Evacuate Collection Set: 0,1ms
[63,328s][info][gc,phases   ] GC(473)   Other: 0,1ms
[63,328s][info][gc,heap     ] GC(473) Eden regions: 36->0(33)
[63,328s][info][gc,heap     ] GC(473) Survivor regions: 2->5(5)
[63,328s][info][gc,heap     ] GC(473) Old regions: 6->6
[63,328s][info][gc,heap     ] GC(473) Archive regions: 2->2
[63,328s][info][gc,heap     ] GC(473) Humongous regions: 0->0
[63,328s][info][gc,metaspace] GC(473) Metaspace: 117K(320K)->117K(320K) NonClass: 109K(192K)->109K(192K) Class: 8K(128K)->8K(128K)
[63,328s][info][gc          ] GC(473) Pause Young (Normal) (G1 Evacuation Pause) 44M->11M(64M) 0,966ms
[63,328s][info][gc,cpu      ] GC(473) User=0,00s Sys=0,00s Real=0,00s
[63,428s][info][gc,start    ] GC(474) Pause Young (Normal) (G1 Evacuation Pause)
[63,428s][info][gc,task     ] GC(474) Using 4 workers of 8 for evacuation
[63,429s][info][gc,phases   ] GC(474)   Pre Evacuate Collection Set: 0,0ms
[63,429s][info][gc,phases   ] GC(474)   Merge Heap Roots: 0,0ms
[63,429s][info][gc,phases   ] GC(474)   Evacuate Collection Set: 0,4ms
[63,429s][info][gc,phases   ] GC(474)   Post Evacuate Collection Set: 0,1ms
[63,429s][info][gc,phases   ] GC(474)   Other: 0,1ms
[63,429s][info][gc,heap     ] GC(474) Eden regions: 33->0(34)
[63,429s][info][gc,heap     ] GC(474) Survivor regions: 5->4(5)
[63,429s][info][gc,heap     ] GC(474) Old regions: 6->6
[63,429s][info][gc,heap     ] GC(474) Archive regions: 2->2
[63,429s][info][gc,heap     ] GC(474) Humongous regions: 0->0
[63,429s][info][gc,metaspace] GC(474) Metaspace: 117K(320K)->117K(320K) NonClass: 109K(192K)->109K(192K) Class: 8K(128K)->8K(128K)
[63,429s][info][gc          ] GC(474) Pause Young (Normal) (G1 Evacuation Pause) 44M->10M(64M) 0,808ms
[63,429s][info][gc,cpu      ] GC(474) User=0,00s Sys=0,01s Real=0,00s
[63,578s][info][gc,start    ] GC(475) Pause Young (Normal) (G1 Evacuation Pause)
[63,578s][info][gc,task     ] GC(475) Using 4 workers of 8 for evacuation
[63,579s][info][gc,phases   ] GC(475)   Pre Evacuate Collection Set: 0,0ms
[63,579s][info][gc,phases   ] GC(475)   Merge Heap Roots: 0,0ms
[63,579s][info][gc,phases   ] GC(475)   Evacuate Collection Set: 0,5ms
[63,579s][info][gc,phases   ] GC(475)   Post Evacuate Collection Set: 0,1ms
[63,579s][info][gc,phases   ] GC(475)   Other: 0,1ms
[63,579s][info][gc,heap     ] GC(475) Eden regions: 34->0(33)
[63,579s][info][gc,heap     ] GC(475) Survivor regions: 4->5(5)
[63,579s][info][gc,heap     ] GC(475) Old regions: 6->6
[63,579s][info][gc,heap     ] GC(475) Archive regions: 2->2
[63,579s][info][gc,heap     ] GC(475) Humongous regions: 0->0
[63,579s][info][gc,metaspace] GC(475) Metaspace: 117K(320K)->117K(320K) NonClass: 109K(192K)->109K(192K) Class: 8K(128K)->8K(128K)
[63,579s][info][gc          ] GC(475) Pause Young (Normal) (G1 Evacuation Pause) 44M->11M(64M) 0,961ms
[63,579s][info][gc,cpu      ] GC(475) User=0,00s Sys=0,00s Real=0,00s
[63,728s][info][gc,start    ] GC(476) Pause Young (Normal) (G1 Evacuation Pause)
[63,728s][info][gc,task     ] GC(476) Using 4 workers of 8 for evacuation
[63,728s][info][gc,phases   ] GC(476)   Pre Evacuate Collection Set: 0,0ms
[63,728s][info][gc,phases   ] GC(476)   Merge Heap Roots: 0,0ms
[63,728s][info][gc,phases   ] GC(476)   Evacuate Collection Set: 0,4ms
[63,728s][info][gc,phases   ] GC(476)   Post Evacuate Collection Set: 0,1ms
[63,728s][info][gc,phases   ] GC(476)   Other: 0,1ms
[63,728s][info][gc,heap     ] GC(476) Eden regions: 33->0(34)
[63,728s][info][gc,heap     ] GC(476) Survivor regions: 5->4(5)
[63,728s][info][gc,heap     ] GC(476) Old regions: 6->6
[63,728s][info][gc,heap     ] GC(476) Archive regions: 2->2
[63,728s][info][gc,heap     ] GC(476) Humongous regions: 0->0
[63,728s][info][gc,metaspace] GC(476) Metaspace: 117K(320K)->117K(320K) NonClass: 109K(192K)->109K(192K) Class: 8K(128K)->8K(128K)
[63,728s][info][gc          ] GC(476) Pause Young (Normal) (G1 Evacuation Pause) 44M->10M(64M) 0,782ms
[63,728s][info][gc,cpu      ] GC(476) User=0,00s Sys=0,00s Real=0,00s
[63,827s][info][gc,start    ] GC(477) Pause Young (Normal) (G1 Evacuation Pause)
[63,827s][info][gc,task     ] GC(477) Using 4 workers of 8 for evacuation
[63,828s][info][gc,phases   ] GC(477)   Pre Evacuate Collection Set: 0,0ms
[63,828s][info][gc,phases   ] GC(477)   Merge Heap Roots: 0,0ms
[63,828s][info][gc,phases   ] GC(477)   Evacuate Collection Set: 0,4ms
[63,828s][info][gc,phases   ] GC(477)   Post Evacuate Collection Set: 0,1ms
[63,828s][info][gc,phases   ] GC(477)   Other: 0,1ms
[63,828s][info][gc,heap     ] GC(477) Eden regions: 34->0(33)
[63,828s][info][gc,heap     ] GC(477) Survivor regions: 4->5(5)
[63,828s][info][gc,heap     ] GC(477) Old regions: 6->7
[63,828s][info][gc,heap     ] GC(477) Archive regions: 2->2
[63,828s][info][gc,heap     ] GC(477) Humongous regions: 0->0
[63,828s][info][gc,metaspace] GC(477) Metaspace: 117K(320K)->117K(320K) NonClass: 109K(192K)->109K(192K) Class: 8K(128K)->8K(128K)
[63,828s][info][gc          ] GC(477) Pause Young (Normal) (G1 Evacuation Pause) 44M->11M(64M) 0,707ms
[63,828s][info][gc,cpu      ] GC(477) User=0,00s Sys=0,00s Real=0,00s
[63,977s][info][gc,start    ] GC(478) Pause Young (Normal) (G1 Evacuation Pause)
[63,977s][info][gc,task     ] GC(478) Using 4 workers of 8 for evacuation
[63,978s][info][gc,phases   ] GC(478)   Pre Evacuate Collection Set: 0,0ms
[63,978s][info][gc,phases   ] GC(478)   Merge Heap Roots: 0,0ms
[63,978s][info][gc,phases   ] GC(478)   Evacuate Collection Set: 0,3ms
[63,978s][info][gc,phases   ] GC(478)   Post Evacuate Collection Set: 0,2ms
[63,978s][info][gc,phases   ] GC(478)   Other: 0,1ms
[63,978s][info][gc,heap     ] GC(478) Eden regions: 33->0(35)
[63,978s][info][gc,heap     ] GC(478) Survivor regions: 5->3(5)
[63,978s][info][gc,heap     ] GC(478) Old regions: 7->7
[63,978s][info][gc,heap     ] GC(478) Archive regions: 2->2
[63,978s][info][gc,heap     ] GC(478) Humongous regions: 0->0
[63,978s][info][gc,metaspace] GC(478) Metaspace: 117K(320K)->117K(320K) NonClass: 109K(192K)->109K(192K) Class: 8K(128K)->8K(128K)
[63,978s][info][gc          ] GC(478) Pause Young (Normal) (G1 Evacuation Pause) 44M->9M(64M) 0,892ms
[63,978s][info][gc,cpu      ] GC(478) User=0,00s Sys=0,00s Real=0,00s
[64,128s][info][gc,start    ] GC(479) Pause Young (Normal) (G1 Evacuation Pause)
[64,128s][info][gc,task     ] GC(479) Using 4 workers of 8 for evacuation
[64,129s][info][gc,phases   ] GC(479)   Pre Evacuate Collection Set: 0,0ms
[64,129s][info][gc,phases   ] GC(479)   Merge Heap Roots: 0,0ms
[64,129s][info][gc,phases   ] GC(479)   Evacuate Collection Set: 0,5ms
[64,129s][info][gc,phases   ] GC(479)   Post Evacuate Collection Set: 0,2ms
[64,129s][info][gc,phases   ] GC(479)   Other: 0,1ms
[64,129s][info][gc,heap     ] GC(479) Eden regions: 35->0(33)
[64,129s][info][gc,heap     ] GC(479) Survivor regions: 3->5(5)
[64,129s][info][gc,heap     ] GC(479) Old regions: 7->7
[64,129s][info][gc,heap     ] GC(479) Archive regions: 2->2
[64,129s][info][gc,heap     ] GC(479) Humongous regions: 0->0
[64,129s][info][gc,metaspace] GC(479) Metaspace: 117K(320K)->117K(320K) NonClass: 109K(192K)->109K(192K) Class: 8K(128K)->8K(128K)
[64,129s][info][gc          ] GC(479) Pause Young (Normal) (G1 Evacuation Pause) 44M->11M(64M) 0,956ms
[64,129s][info][gc,cpu      ] GC(479) User=0,00s Sys=0,00s Real=0,00s
[64,224s][info][gc,start    ] GC(480) Pause Young (Normal) (G1 Evacuation Pause)
[64,224s][info][gc,task     ] GC(480) Using 4 workers of 8 for evacuation
[64,224s][info][gc,phases   ] GC(480)   Pre Evacuate Collection Set: 0,0ms
[64,224s][info][gc,phases   ] GC(480)   Merge Heap Roots: 0,0ms
[64,225s][info][gc,phases   ] GC(480)   Evacuate Collection Set: 0,3ms
[64,225s][info][gc,phases   ] GC(480)   Post Evacuate Collection Set: 0,1ms
[64,225s][info][gc,phases   ] GC(480)   Other: 0,1ms
[64,225s][info][gc,heap     ] GC(480) Eden regions: 33->0(35)
[64,225s][info][gc,heap     ] GC(480) Survivor regions: 5->3(5)
[64,225s][info][gc,heap     ] GC(480) Old regions: 7->7
[64,225s][info][gc,heap     ] GC(480) Archive regions: 2->2
[64,225s][info][gc,heap     ] GC(480) Humongous regions: 0->0
[64,225s][info][gc,metaspace] GC(480) Metaspace: 117K(320K)->117K(320K) NonClass: 109K(192K)->109K(192K) Class: 8K(128K)->8K(128K)
[64,225s][info][gc          ] GC(480) Pause Young (Normal) (G1 Evacuation Pause) 44M->9M(64M) 0,585ms
[64,225s][info][gc,cpu      ] GC(480) User=0,00s Sys=0,00s Real=0,00s
[64,377s][info][gc,start    ] GC(481) Pause Young (Normal) (G1 Evacuation Pause)
[64,377s][info][gc,task     ] GC(481) Using 4 workers of 8 for evacuation
[64,378s][info][gc,phases   ] GC(481)   Pre Evacuate Collection Set: 0,0ms
[64,378s][info][gc,phases   ] GC(481)   Merge Heap Roots: 0,0ms
[64,378s][info][gc,phases   ] GC(481)   Evacuate Collection Set: 0,5ms
[64,378s][info][gc,phases   ] GC(481)   Post Evacuate Collection Set: 0,1ms
[64,378s][info][gc,phases   ] GC(481)   Other: 0,1ms
[64,378s][info][gc,heap     ] GC(481) Eden regions: 35->0(33)
[64,378s][info][gc,heap     ] GC(481) Survivor regions: 3->5(5)
[64,378s][info][gc,heap     ] GC(481) Old regions: 7->7
[64,378s][info][gc,heap     ] GC(481) Archive regions: 2->2
[64,378s][info][gc,heap     ] GC(481) Humongous regions: 0->0
[64,378s][info][gc,metaspace] GC(481) Metaspace: 117K(320K)->117K(320K) NonClass: 109K(192K)->109K(192K) Class: 8K(128K)->8K(128K)
[64,378s][info][gc          ] GC(481) Pause Young (Normal) (G1 Evacuation Pause) 44M->11M(64M) 0,906ms
[64,378s][info][gc,cpu      ] GC(481) User=0,00s Sys=0,00s Real=0,00s
[64,527s][info][gc,start    ] GC(482) Pause Young (Normal) (G1 Evacuation Pause)
[64,527s][info][gc,task     ] GC(482) Using 4 workers of 8 for evacuation
[64,528s][info][gc,phases   ] GC(482)   Pre Evacuate Collection Set: 0,0ms
[64,528s][info][gc,phases   ] GC(482)   Merge Heap Roots: 0,0ms
[64,528s][info][gc,phases   ] GC(482)   Evacuate Collection Set: 0,5ms
[64,528s][info][gc,phases   ] GC(482)   Post Evacuate Collection Set: 0,1ms
[64,528s][info][gc,phases   ] GC(482)   Other: 0,1ms
[64,528s][info][gc,heap     ] GC(482) Eden regions: 33->0(34)
[64,528s][info][gc,heap     ] GC(482) Survivor regions: 5->4(5)
[64,528s][info][gc,heap     ] GC(482) Old regions: 7->7
[64,528s][info][gc,heap     ] GC(482) Archive regions: 2->2
[64,528s][info][gc,heap     ] GC(482) Humongous regions: 0->0
[64,528s][info][gc,metaspace] GC(482) Metaspace: 117K(320K)->117K(320K) NonClass: 109K(192K)->109K(192K) Class: 8K(128K)->8K(128K)
[64,528s][info][gc          ] GC(482) Pause Young (Normal) (G1 Evacuation Pause) 44M->10M(64M) 0,941ms
[64,528s][info][gc,cpu      ] GC(482) User=0,00s Sys=0,00s Real=0,00s
[64,625s][info][gc,start    ] GC(483) Pause Young (Normal) (G1 Evacuation Pause)
[64,625s][info][gc,task     ] GC(483) Using 4 workers of 8 for evacuation
[64,626s][info][gc,phases   ] GC(483)   Pre Evacuate Collection Set: 0,0ms
[64,626s][info][gc,phases   ] GC(483)   Merge Heap Roots: 0,0ms
[64,626s][info][gc,phases   ] GC(483)   Evacuate Collection Set: 0,2ms
[64,626s][info][gc,phases   ] GC(483)   Post Evacuate Collection Set: 0,1ms
[64,626s][info][gc,phases   ] GC(483)   Other: 0,1ms
[64,626s][info][gc,heap     ] GC(483) Eden regions: 34->0(35)
[64,626s][info][gc,heap     ] GC(483) Survivor regions: 4->3(5)
[64,626s][info][gc,heap     ] GC(483) Old regions: 7->7
[64,626s][info][gc,heap     ] GC(483) Archive regions: 2->2
[64,626s][info][gc,heap     ] GC(483) Humongous regions: 0->0
[64,626s][info][gc,metaspace] GC(483) Metaspace: 117K(320K)->117K(320K) NonClass: 109K(192K)->109K(192K) Class: 8K(128K)->8K(128K)
[64,626s][info][gc          ] GC(483) Pause Young (Normal) (G1 Evacuation Pause) 44M->9M(64M) 0,599ms
[64,626s][info][gc,cpu      ] GC(483) User=0,00s Sys=0,00s Real=0,00s
[64,779s][info][gc,start    ] GC(484) Pause Young (Normal) (G1 Evacuation Pause)
[64,779s][info][gc,task     ] GC(484) Using 4 workers of 8 for evacuation
[64,779s][info][gc,phases   ] GC(484)   Pre Evacuate Collection Set: 0,0ms
[64,779s][info][gc,phases   ] GC(484)   Merge Heap Roots: 0,0ms
[64,779s][info][gc,phases   ] GC(484)   Evacuate Collection Set: 0,5ms
[64,779s][info][gc,phases   ] GC(484)   Post Evacuate Collection Set: 0,1ms
[64,779s][info][gc,phases   ] GC(484)   Other: 0,1ms
[64,779s][info][gc,heap     ] GC(484) Eden regions: 35->0(33)
[64,779s][info][gc,heap     ] GC(484) Survivor regions: 3->5(5)
[64,779s][info][gc,heap     ] GC(484) Old regions: 7->7
[64,779s][info][gc,heap     ] GC(484) Archive regions: 2->2
[64,779s][info][gc,heap     ] GC(484) Humongous regions: 0->0
[64,779s][info][gc,metaspace] GC(484) Metaspace: 117K(320K)->117K(320K) NonClass: 109K(192K)->109K(192K) Class: 8K(128K)->8K(128K)
[64,779s][info][gc          ] GC(484) Pause Young (Normal) (G1 Evacuation Pause) 44M->11M(64M) 0,852ms
[64,779s][info][gc,cpu      ] GC(484) User=0,00s Sys=0,00s Real=0,00s
[64,928s][info][gc,start    ] GC(485) Pause Young (Normal) (G1 Evacuation Pause)
[64,928s][info][gc,task     ] GC(485) Using 4 workers of 8 for evacuation
[64,928s][info][gc,phases   ] GC(485)   Pre Evacuate Collection Set: 0,0ms
[64,929s][info][gc,phases   ] GC(485)   Merge Heap Roots: 0,0ms
[64,929s][info][gc,phases   ] GC(485)   Evacuate Collection Set: 0,4ms
[64,929s][info][gc,phases   ] GC(485)   Post Evacuate Collection Set: 0,1ms
[64,929s][info][gc,phases   ] GC(485)   Other: 0,1ms
[64,929s][info][gc,heap     ] GC(485) Eden regions: 33->0(34)
[64,929s][info][gc,heap     ] GC(485) Survivor regions: 5->4(5)
[64,929s][info][gc,heap     ] GC(485) Old regions: 7->7
[64,929s][info][gc,heap     ] GC(485) Archive regions: 2->2
[64,929s][info][gc,heap     ] GC(485) Humongous regions: 0->0
[64,929s][info][gc,metaspace] GC(485) Metaspace: 117K(320K)->117K(320K) NonClass: 109K(192K)->109K(192K) Class: 8K(128K)->8K(128K)
[64,929s][info][gc          ] GC(485) Pause Young (Normal) (G1 Evacuation Pause) 44M->10M(64M) 0,695ms
[64,929s][info][gc,cpu      ] GC(485) User=0,00s Sys=0,00s Real=0,00s
[65,028s][info][gc,start    ] GC(486) Pause Young (Normal) (G1 Evacuation Pause)
[65,028s][info][gc,task     ] GC(486) Using 4 workers of 8 for evacuation
[65,029s][info][gc,phases   ] GC(486)   Pre Evacuate Collection Set: 0,0ms
[65,029s][info][gc,phases   ] GC(486)   Merge Heap Roots: 0,0ms
[65,029s][info][gc,phases   ] GC(486)   Evacuate Collection Set: 0,4ms
[65,029s][info][gc,phases   ] GC(486)   Post Evacuate Collection Set: 0,1ms
[65,029s][info][gc,phases   ] GC(486)   Other: 0,2ms
[65,029s][info][gc,heap     ] GC(486) Eden regions: 34->0(33)
[65,029s][info][gc,heap     ] GC(486) Survivor regions: 4->5(5)
[65,029s][info][gc,heap     ] GC(486) Old regions: 7->7
[65,029s][info][gc,heap     ] GC(486) Archive regions: 2->2
[65,029s][info][gc,heap     ] GC(486) Humongous regions: 0->0
[65,029s][info][gc,metaspace] GC(486) Metaspace: 117K(320K)->117K(320K) NonClass: 109K(192K)->109K(192K) Class: 8K(128K)->8K(128K)
[65,029s][info][gc          ] GC(486) Pause Young (Normal) (G1 Evacuation Pause) 44M->11M(64M) 0,798ms
[65,029s][info][gc,cpu      ] GC(486) User=0,01s Sys=0,00s Real=0,00s
[65,177s][info][gc,start    ] GC(487) Pause Young (Normal) (G1 Evacuation Pause)
[65,177s][info][gc,task     ] GC(487) Using 4 workers of 8 for evacuation
[65,177s][info][gc,phases   ] GC(487)   Pre Evacuate Collection Set: 0,0ms
[65,177s][info][gc,phases   ] GC(487)   Merge Heap Roots: 0,0ms
[65,177s][info][gc,phases   ] GC(487)   Evacuate Collection Set: 0,3ms
[65,177s][info][gc,phases   ] GC(487)   Post Evacuate Collection Set: 0,1ms
[65,177s][info][gc,phases   ] GC(487)   Other: 0,1ms
[65,177s][info][gc,heap     ] GC(487) Eden regions: 33->0(35)
[65,177s][info][gc,heap     ] GC(487) Survivor regions: 5->3(5)
[65,177s][info][gc,heap     ] GC(487) Old regions: 7->7
[65,177s][info][gc,heap     ] GC(487) Archive regions: 2->2
[65,177s][info][gc,heap     ] GC(487) Humongous regions: 0->0
[65,177s][info][gc,metaspace] GC(487) Metaspace: 117K(320K)->117K(320K) NonClass: 109K(192K)->109K(192K) Class: 8K(128K)->8K(128K)
[65,177s][info][gc          ] GC(487) Pause Young (Normal) (G1 Evacuation Pause) 44M->9M(64M) 0,777ms
[65,178s][info][gc,cpu      ] GC(487) User=0,00s Sys=0,00s Real=0,00s
[65,327s][info][gc,start    ] GC(488) Pause Young (Normal) (G1 Evacuation Pause)
[65,327s][info][gc,task     ] GC(488) Using 4 workers of 8 for evacuation
[65,328s][info][gc,phases   ] GC(488)   Pre Evacuate Collection Set: 0,0ms
[65,328s][info][gc,phases   ] GC(488)   Merge Heap Roots: 0,1ms
[65,328s][info][gc,phases   ] GC(488)   Evacuate Collection Set: 0,5ms
[65,328s][info][gc,phases   ] GC(488)   Post Evacuate Collection Set: 0,1ms
[65,328s][info][gc,phases   ] GC(488)   Other: 0,1ms
[65,328s][info][gc,heap     ] GC(488) Eden regions: 35->0(33)
[65,328s][info][gc,heap     ] GC(488) Survivor regions: 3->5(5)
[65,328s][info][gc,heap     ] GC(488) Old regions: 7->7
[65,328s][info][gc,heap     ] GC(488) Archive regions: 2->2
[65,328s][info][gc,heap     ] GC(488) Humongous regions: 0->0
[65,328s][info][gc,metaspace] GC(488) Metaspace: 117K(320K)->117K(320K) NonClass: 109K(192K)->109K(192K) Class: 8K(128K)->8K(128K)
[65,328s][info][gc          ] GC(488) Pause Young (Normal) (G1 Evacuation Pause) 44M->11M(64M) 1,081ms
[65,328s][info][gc,cpu      ] GC(488) User=0,00s Sys=0,00s Real=0,00s
[65,428s][info][gc,start    ] GC(489) Pause Young (Normal) (G1 Evacuation Pause)
[65,428s][info][gc,task     ] GC(489) Using 4 workers of 8 for evacuation
[65,428s][info][gc,phases   ] GC(489)   Pre Evacuate Collection Set: 0,0ms
[65,429s][info][gc,phases   ] GC(489)   Merge Heap Roots: 0,0ms
[65,429s][info][gc,phases   ] GC(489)   Evacuate Collection Set: 0,3ms
[65,429s][info][gc,phases   ] GC(489)   Post Evacuate Collection Set: 0,1ms
[65,429s][info][gc,phases   ] GC(489)   Other: 0,2ms
[65,429s][info][gc,heap     ] GC(489) Eden regions: 33->0(35)
[65,429s][info][gc,heap     ] GC(489) Survivor regions: 5->3(5)
[65,429s][info][gc,heap     ] GC(489) Old regions: 7->7
[65,429s][info][gc,heap     ] GC(489) Archive regions: 2->2
[65,429s][info][gc,heap     ] GC(489) Humongous regions: 0->0
[65,429s][info][gc,metaspace] GC(489) Metaspace: 117K(320K)->117K(320K) NonClass: 109K(192K)->109K(192K) Class: 8K(128K)->8K(128K)
[65,429s][info][gc          ] GC(489) Pause Young (Normal) (G1 Evacuation Pause) 44M->9M(64M) 0,728ms
[65,429s][info][gc,cpu      ] GC(489) User=0,01s Sys=0,00s Real=0,00s
[65,577s][info][gc,start    ] GC(490) Pause Young (Normal) (G1 Evacuation Pause)
[65,577s][info][gc,task     ] GC(490) Using 4 workers of 8 for evacuation
[65,578s][info][gc,phases   ] GC(490)   Pre Evacuate Collection Set: 0,0ms
[65,578s][info][gc,phases   ] GC(490)   Merge Heap Roots: 0,0ms
[65,578s][info][gc,phases   ] GC(490)   Evacuate Collection Set: 0,6ms
[65,578s][info][gc,phases   ] GC(490)   Post Evacuate Collection Set: 0,1ms
[65,578s][info][gc,phases   ] GC(490)   Other: 0,1ms
[65,578s][info][gc,heap     ] GC(490) Eden regions: 35->0(33)
[65,578s][info][gc,heap     ] GC(490) Survivor regions: 3->5(5)
[65,578s][info][gc,heap     ] GC(490) Old regions: 7->7
[65,578s][info][gc,heap     ] GC(490) Archive regions: 2->2
[65,578s][info][gc,heap     ] GC(490) Humongous regions: 0->0
[65,578s][info][gc,metaspace] GC(490) Metaspace: 117K(320K)->117K(320K) NonClass: 109K(192K)->109K(192K) Class: 8K(128K)->8K(128K)
[65,578s][info][gc          ] GC(490) Pause Young (Normal) (G1 Evacuation Pause) 44M->11M(64M) 1,038ms
[65,578s][info][gc,cpu      ] GC(490) User=0,00s Sys=0,01s Real=0,00s
[65,728s][info][gc,start    ] GC(491) Pause Young (Normal) (G1 Evacuation Pause)
[65,728s][info][gc,task     ] GC(491) Using 4 workers of 8 for evacuation
[65,728s][info][gc,phases   ] GC(491)   Pre Evacuate Collection Set: 0,0ms
[65,728s][info][gc,phases   ] GC(491)   Merge Heap Roots: 0,1ms
[65,728s][info][gc,phases   ] GC(491)   Evacuate Collection Set: 0,5ms
[65,728s][info][gc,phases   ] GC(491)   Post Evacuate Collection Set: 0,1ms
[65,728s][info][gc,phases   ] GC(491)   Other: 0,1ms
[65,728s][info][gc,heap     ] GC(491) Eden regions: 33->0(34)
[65,728s][info][gc,heap     ] GC(491) Survivor regions: 5->4(5)
[65,728s][info][gc,heap     ] GC(491) Old regions: 7->7
[65,728s][info][gc,heap     ] GC(491) Archive regions: 2->2
[65,728s][info][gc,heap     ] GC(491) Humongous regions: 0->0
[65,729s][info][gc,metaspace] GC(491) Metaspace: 117K(320K)->117K(320K) NonClass: 109K(192K)->109K(192K) Class: 8K(128K)->8K(128K)
[65,729s][info][gc          ] GC(491) Pause Young (Normal) (G1 Evacuation Pause) 44M->10M(64M) 0,903ms
[65,729s][info][gc,cpu      ] GC(491) User=0,00s Sys=0,00s Real=0,00s
[65,828s][info][gc,start    ] GC(492) Pause Young (Normal) (G1 Evacuation Pause)
[65,828s][info][gc,task     ] GC(492) Using 4 workers of 8 for evacuation
[65,829s][info][gc,phases   ] GC(492)   Pre Evacuate Collection Set: 0,0ms
[65,829s][info][gc,phases   ] GC(492)   Merge Heap Roots: 0,0ms
[65,829s][info][gc,phases   ] GC(492)   Evacuate Collection Set: 0,4ms
[65,829s][info][gc,phases   ] GC(492)   Post Evacuate Collection Set: 0,1ms
[65,829s][info][gc,phases   ] GC(492)   Other: 0,1ms
[65,829s][info][gc,heap     ] GC(492) Eden regions: 34->0(33)
[65,829s][info][gc,heap     ] GC(492) Survivor regions: 4->5(5)
[65,829s][info][gc,heap     ] GC(492) Old regions: 7->7
[65,829s][info][gc,heap     ] GC(492) Archive regions: 2->2
[65,829s][info][gc,heap     ] GC(492) Humongous regions: 0->0
[65,829s][info][gc,metaspace] GC(492) Metaspace: 117K(320K)->117K(320K) NonClass: 109K(192K)->109K(192K) Class: 8K(128K)->8K(128K)
[65,829s][info][gc          ] GC(492) Pause Young (Normal) (G1 Evacuation Pause) 44M->11M(64M) 0,811ms
[65,829s][info][gc,cpu      ] GC(492) User=0,00s Sys=0,00s Real=0,00s
[65,978s][info][gc,start    ] GC(493) Pause Young (Normal) (G1 Evacuation Pause)
[65,978s][info][gc,task     ] GC(493) Using 4 workers of 8 for evacuation
[65,979s][info][gc,phases   ] GC(493)   Pre Evacuate Collection Set: 0,0ms
[65,979s][info][gc,phases   ] GC(493)   Merge Heap Roots: 0,0ms
[65,979s][info][gc,phases   ] GC(493)   Evacuate Collection Set: 0,5ms
[65,979s][info][gc,phases   ] GC(493)   Post Evacuate Collection Set: 0,1ms
[65,979s][info][gc,phases   ] GC(493)   Other: 0,1ms
[65,979s][info][gc,heap     ] GC(493) Eden regions: 33->0(34)
[65,979s][info][gc,heap     ] GC(493) Survivor regions: 5->4(5)
[65,979s][info][gc,heap     ] GC(493) Old regions: 7->7
[65,979s][info][gc,heap     ] GC(493) Archive regions: 2->2
[65,979s][info][gc,heap     ] GC(493) Humongous regions: 0->0
[65,979s][info][gc,metaspace] GC(493) Metaspace: 117K(320K)->117K(320K) NonClass: 109K(192K)->109K(192K) Class: 8K(128K)->8K(128K)
[65,979s][info][gc          ] GC(493) Pause Young (Normal) (G1 Evacuation Pause) 44M->10M(64M) 0,874ms
[65,979s][info][gc,cpu      ] GC(493) User=0,00s Sys=0,00s Real=0,00s
[66,128s][info][gc,start    ] GC(494) Pause Young (Normal) (G1 Evacuation Pause)
[66,128s][info][gc,task     ] GC(494) Using 4 workers of 8 for evacuation
[66,128s][info][gc,phases   ] GC(494)   Pre Evacuate Collection Set: 0,0ms
[66,128s][info][gc,phases   ] GC(494)   Merge Heap Roots: 0,0ms
[66,128s][info][gc,phases   ] GC(494)   Evacuate Collection Set: 0,4ms
[66,129s][info][gc,phases   ] GC(494)   Post Evacuate Collection Set: 0,1ms
[66,129s][info][gc,phases   ] GC(494)   Other: 0,1ms
[66,129s][info][gc,heap     ] GC(494) Eden regions: 34->0(33)
[66,129s][info][gc,heap     ] GC(494) Survivor regions: 4->5(5)
[66,129s][info][gc,heap     ] GC(494) Old regions: 7->7
[66,129s][info][gc,heap     ] GC(494) Archive regions: 2->2
[66,129s][info][gc,heap     ] GC(494) Humongous regions: 0->0
[66,129s][info][gc,metaspace] GC(494) Metaspace: 117K(320K)->117K(320K) NonClass: 109K(192K)->109K(192K) Class: 8K(128K)->8K(128K)
[66,129s][info][gc          ] GC(494) Pause Young (Normal) (G1 Evacuation Pause) 44M->11M(64M) 0,681ms
[66,129s][info][gc,cpu      ] GC(494) User=0,00s Sys=0,00s Real=0,00s
[66,228s][info][gc,start    ] GC(495) Pause Young (Normal) (G1 Evacuation Pause)
[66,228s][info][gc,task     ] GC(495) Using 4 workers of 8 for evacuation
[66,228s][info][gc,phases   ] GC(495)   Pre Evacuate Collection Set: 0,0ms
[66,228s][info][gc,phases   ] GC(495)   Merge Heap Roots: 0,0ms
[66,228s][info][gc,phases   ] GC(495)   Evacuate Collection Set: 0,2ms
[66,228s][info][gc,phases   ] GC(495)   Post Evacuate Collection Set: 0,1ms
[66,228s][info][gc,phases   ] GC(495)   Other: 0,1ms
[66,228s][info][gc,heap     ] GC(495) Eden regions: 33->0(35)
[66,228s][info][gc,heap     ] GC(495) Survivor regions: 5->3(5)
[66,228s][info][gc,heap     ] GC(495) Old regions: 7->7
[66,228s][info][gc,heap     ] GC(495) Archive regions: 2->2
[66,228s][info][gc,heap     ] GC(495) Humongous regions: 0->0
[66,228s][info][gc,metaspace] GC(495) Metaspace: 117K(320K)->117K(320K) NonClass: 109K(192K)->109K(192K) Class: 8K(128K)->8K(128K)
[66,228s][info][gc          ] GC(495) Pause Young (Normal) (G1 Evacuation Pause) 44M->9M(64M) 0,519ms
[66,228s][info][gc,cpu      ] GC(495) User=0,00s Sys=0,00s Real=0,00s
[66,378s][info][gc,start    ] GC(496) Pause Young (Normal) (G1 Evacuation Pause)
[66,378s][info][gc,task     ] GC(496) Using 4 workers of 8 for evacuation
[66,378s][info][gc,phases   ] GC(496)   Pre Evacuate Collection Set: 0,0ms
[66,378s][info][gc,phases   ] GC(496)   Merge Heap Roots: 0,0ms
[66,378s][info][gc,phases   ] GC(496)   Evacuate Collection Set: 0,3ms
[66,378s][info][gc,phases   ] GC(496)   Post Evacuate Collection Set: 0,1ms
[66,378s][info][gc,phases   ] GC(496)   Other: 0,1ms
[66,378s][info][gc,heap     ] GC(496) Eden regions: 35->0(34)
[66,378s][info][gc,heap     ] GC(496) Survivor regions: 3->4(5)
[66,378s][info][gc,heap     ] GC(496) Old regions: 7->7
[66,378s][info][gc,heap     ] GC(496) Archive regions: 2->2
[66,378s][info][gc,heap     ] GC(496) Humongous regions: 0->0
[66,378s][info][gc,metaspace] GC(496) Metaspace: 117K(320K)->117K(320K) NonClass: 109K(192K)->109K(192K) Class: 8K(128K)->8K(128K)
[66,378s][info][gc          ] GC(496) Pause Young (Normal) (G1 Evacuation Pause) 44M->10M(64M) 0,705ms
[66,378s][info][gc,cpu      ] GC(496) User=0,00s Sys=0,00s Real=0,00s
[66,527s][info][gc,start    ] GC(497) Pause Young (Normal) (G1 Evacuation Pause)
[66,527s][info][gc,task     ] GC(497) Using 4 workers of 8 for evacuation
[66,527s][info][gc,phases   ] GC(497)   Pre Evacuate Collection Set: 0,0ms
[66,527s][info][gc,phases   ] GC(497)   Merge Heap Roots: 0,0ms
[66,527s][info][gc,phases   ] GC(497)   Evacuate Collection Set: 0,3ms
[66,527s][info][gc,phases   ] GC(497)   Post Evacuate Collection Set: 0,1ms
[66,527s][info][gc,phases   ] GC(497)   Other: 0,1ms
[66,527s][info][gc,heap     ] GC(497) Eden regions: 34->0(34)
[66,527s][info][gc,heap     ] GC(497) Survivor regions: 4->4(5)
[66,527s][info][gc,heap     ] GC(497) Old regions: 7->7
[66,527s][info][gc,heap     ] GC(497) Archive regions: 2->2
[66,527s][info][gc,heap     ] GC(497) Humongous regions: 0->0
[66,527s][info][gc,metaspace] GC(497) Metaspace: 117K(320K)->117K(320K) NonClass: 109K(192K)->109K(192K) Class: 8K(128K)->8K(128K)
[66,527s][info][gc          ] GC(497) Pause Young (Normal) (G1 Evacuation Pause) 44M->10M(64M) 0,599ms
[66,527s][info][gc,cpu      ] GC(497) User=0,00s Sys=0,00s Real=0,00s
[66,629s][info][gc,start    ] GC(498) Pause Young (Normal) (G1 Evacuation Pause)
[66,629s][info][gc,task     ] GC(498) Using 4 workers of 8 for evacuation
[66,630s][info][gc,phases   ] GC(498)   Pre Evacuate Collection Set: 0,0ms
[66,630s][info][gc,phases   ] GC(498)   Merge Heap Roots: 0,0ms
[66,630s][info][gc,phases   ] GC(498)   Evacuate Collection Set: 0,3ms
[66,630s][info][gc,phases   ] GC(498)   Post Evacuate Collection Set: 0,1ms
[66,630s][info][gc,phases   ] GC(498)   Other: 0,1ms
[66,630s][info][gc,heap     ] GC(498) Eden regions: 34->0(34)
[66,630s][info][gc,heap     ] GC(498) Survivor regions: 4->4(5)
[66,630s][info][gc,heap     ] GC(498) Old regions: 7->7
[66,630s][info][gc,heap     ] GC(498) Archive regions: 2->2
[66,630s][info][gc,heap     ] GC(498) Humongous regions: 0->0
[66,630s][info][gc,metaspace] GC(498) Metaspace: 117K(320K)->117K(320K) NonClass: 109K(192K)->109K(192K) Class: 8K(128K)->8K(128K)
[66,630s][info][gc          ] GC(498) Pause Young (Normal) (G1 Evacuation Pause) 44M->10M(64M) 0,642ms
[66,630s][info][gc,cpu      ] GC(498) User=0,01s Sys=0,00s Real=0,00s
[66,774s][info][gc,start    ] GC(499) Pause Young (Normal) (G1 Evacuation Pause)
[66,774s][info][gc,task     ] GC(499) Using 4 workers of 8 for evacuation
[66,774s][info][gc,phases   ] GC(499)   Pre Evacuate Collection Set: 0,0ms
[66,774s][info][gc,phases   ] GC(499)   Merge Heap Roots: 0,0ms
[66,774s][info][gc,phases   ] GC(499)   Evacuate Collection Set: 0,4ms
[66,774s][info][gc,phases   ] GC(499)   Post Evacuate Collection Set: 0,1ms
[66,774s][info][gc,phases   ] GC(499)   Other: 0,1ms
[66,774s][info][gc,heap     ] GC(499) Eden regions: 34->0(33)
[66,774s][info][gc,heap     ] GC(499) Survivor regions: 4->5(5)
[66,775s][info][gc,heap     ] GC(499) Old regions: 7->7
[66,775s][info][gc,heap     ] GC(499) Archive regions: 2->2
[66,775s][info][gc,heap     ] GC(499) Humongous regions: 0->0
[66,775s][info][gc,metaspace] GC(499) Metaspace: 117K(320K)->117K(320K) NonClass: 109K(192K)->109K(192K) Class: 8K(128K)->8K(128K)
[66,775s][info][gc          ] GC(499) Pause Young (Normal) (G1 Evacuation Pause) 44M->11M(64M) 0,783ms
[66,775s][info][gc,cpu      ] GC(499) User=0,00s Sys=0,00s Real=0,00s
[66,927s][info][gc,start    ] GC(500) Pause Young (Normal) (G1 Evacuation Pause)
[66,927s][info][gc,task     ] GC(500) Using 4 workers of 8 for evacuation
[66,927s][info][gc,phases   ] GC(500)   Pre Evacuate Collection Set: 0,0ms
[66,927s][info][gc,phases   ] GC(500)   Merge Heap Roots: 0,0ms
[66,927s][info][gc,phases   ] GC(500)   Evacuate Collection Set: 0,3ms
[66,927s][info][gc,phases   ] GC(500)   Post Evacuate Collection Set: 0,1ms
[66,927s][info][gc,phases   ] GC(500)   Other: 0,1ms
[66,927s][info][gc,heap     ] GC(500) Eden regions: 33->0(35)
[66,927s][info][gc,heap     ] GC(500) Survivor regions: 5->3(5)
[66,927s][info][gc,heap     ] GC(500) Old regions: 7->7
[66,927s][info][gc,heap     ] GC(500) Archive regions: 2->2
[66,927s][info][gc,heap     ] GC(500) Humongous regions: 0->0
[66,927s][info][gc,metaspace] GC(500) Metaspace: 117K(320K)->117K(320K) NonClass: 109K(192K)->109K(192K) Class: 8K(128K)->8K(128K)
[66,927s][info][gc          ] GC(500) Pause Young (Normal) (G1 Evacuation Pause) 44M->9M(64M) 0,650ms
[66,927s][info][gc,cpu      ] GC(500) User=0,00s Sys=0,00s Real=0,00s
[67,028s][info][gc,start    ] GC(501) Pause Young (Normal) (G1 Evacuation Pause)
[67,028s][info][gc,task     ] GC(501) Using 4 workers of 8 for evacuation
[67,028s][info][gc,phases   ] GC(501)   Pre Evacuate Collection Set: 0,0ms
[67,028s][info][gc,phases   ] GC(501)   Merge Heap Roots: 0,0ms
[67,028s][info][gc,phases   ] GC(501)   Evacuate Collection Set: 0,4ms
[67,029s][info][gc,phases   ] GC(501)   Post Evacuate Collection Set: 0,1ms
[67,029s][info][gc,phases   ] GC(501)   Other: 0,1ms
[67,029s][info][gc,heap     ] GC(501) Eden regions: 35->0(33)
[67,029s][info][gc,heap     ] GC(501) Survivor regions: 3->5(5)
[67,029s][info][gc,heap     ] GC(501) Old regions: 7->7
[67,029s][info][gc,heap     ] GC(501) Archive regions: 2->2
[67,029s][info][gc,heap     ] GC(501) Humongous regions: 0->0
[67,029s][info][gc,metaspace] GC(501) Metaspace: 117K(320K)->117K(320K) NonClass: 109K(192K)->109K(192K) Class: 8K(128K)->8K(128K)
[67,029s][info][gc          ] GC(501) Pause Young (Normal) (G1 Evacuation Pause) 44M->11M(64M) 0,770ms
[67,029s][info][gc,cpu      ] GC(501) User=0,01s Sys=0,00s Real=0,00s
[67,178s][info][gc,start    ] GC(502) Pause Young (Normal) (G1 Evacuation Pause)
[67,178s][info][gc,task     ] GC(502) Using 4 workers of 8 for evacuation
[67,178s][info][gc,phases   ] GC(502)   Pre Evacuate Collection Set: 0,0ms
[67,178s][info][gc,phases   ] GC(502)   Merge Heap Roots: 0,0ms
[67,178s][info][gc,phases   ] GC(502)   Evacuate Collection Set: 0,2ms
[67,178s][info][gc,phases   ] GC(502)   Post Evacuate Collection Set: 0,1ms
[67,178s][info][gc,phases   ] GC(502)   Other: 0,1ms
[67,178s][info][gc,heap     ] GC(502) Eden regions: 33->0(35)
[67,178s][info][gc,heap     ] GC(502) Survivor regions: 5->3(5)
[67,178s][info][gc,heap     ] GC(502) Old regions: 7->7
[67,178s][info][gc,heap     ] GC(502) Archive regions: 2->2
[67,178s][info][gc,heap     ] GC(502) Humongous regions: 0->0
[67,178s][info][gc,metaspace] GC(502) Metaspace: 117K(320K)->117K(320K) NonClass: 109K(192K)->109K(192K) Class: 8K(128K)->8K(128K)
[67,178s][info][gc          ] GC(502) Pause Young (Normal) (G1 Evacuation Pause) 44M->9M(64M) 0,547ms
[67,178s][info][gc,cpu      ] GC(502) User=0,00s Sys=0,00s Real=0,00s
[67,324s][info][gc,start    ] GC(503) Pause Young (Normal) (G1 Evacuation Pause)
[67,324s][info][gc,task     ] GC(503) Using 4 workers of 8 for evacuation
[67,325s][info][gc,phases   ] GC(503)   Pre Evacuate Collection Set: 0,0ms
[67,325s][info][gc,phases   ] GC(503)   Merge Heap Roots: 0,0ms
[67,325s][info][gc,phases   ] GC(503)   Evacuate Collection Set: 0,4ms
[67,325s][info][gc,phases   ] GC(503)   Post Evacuate Collection Set: 0,1ms
[67,325s][info][gc,phases   ] GC(503)   Other: 0,1ms
[67,325s][info][gc,heap     ] GC(503) Eden regions: 35->0(33)
[67,325s][info][gc,heap     ] GC(503) Survivor regions: 3->5(5)
[67,325s][info][gc,heap     ] GC(503) Old regions: 7->7
[67,325s][info][gc,heap     ] GC(503) Archive regions: 2->2
[67,325s][info][gc,heap     ] GC(503) Humongous regions: 0->0
[67,325s][info][gc,metaspace] GC(503) Metaspace: 117K(320K)->117K(320K) NonClass: 109K(192K)->109K(192K) Class: 8K(128K)->8K(128K)
[67,325s][info][gc          ] GC(503) Pause Young (Normal) (G1 Evacuation Pause) 44M->11M(64M) 0,721ms
[67,325s][info][gc,cpu      ] GC(503) User=0,00s Sys=0,00s Real=0,00s
[67,429s][info][gc,start    ] GC(504) Pause Young (Normal) (G1 Evacuation Pause)
[67,429s][info][gc,task     ] GC(504) Using 4 workers of 8 for evacuation
[67,430s][info][gc,phases   ] GC(504)   Pre Evacuate Collection Set: 0,0ms
[67,430s][info][gc,phases   ] GC(504)   Merge Heap Roots: 0,0ms
[67,430s][info][gc,phases   ] GC(504)   Evacuate Collection Set: 0,3ms
[67,430s][info][gc,phases   ] GC(504)   Post Evacuate Collection Set: 0,1ms
[67,430s][info][gc,phases   ] GC(504)   Other: 0,1ms
[67,430s][info][gc,heap     ] GC(504) Eden regions: 33->0(34)
[67,430s][info][gc,heap     ] GC(504) Survivor regions: 5->4(5)
[67,430s][info][gc,heap     ] GC(504) Old regions: 7->7
[67,430s][info][gc,heap     ] GC(504) Archive regions: 2->2
[67,430s][info][gc,heap     ] GC(504) Humongous regions: 0->0
[67,430s][info][gc,metaspace] GC(504) Metaspace: 117K(320K)->117K(320K) NonClass: 109K(192K)->109K(192K) Class: 8K(128K)->8K(128K)
[67,430s][info][gc          ] GC(504) Pause Young (Normal) (G1 Evacuation Pause) 44M->10M(64M) 0,670ms
[67,430s][info][gc,cpu      ] GC(504) User=0,00s Sys=0,00s Real=0,00s
[67,578s][info][gc,start    ] GC(505) Pause Young (Normal) (G1 Evacuation Pause)
[67,578s][info][gc,task     ] GC(505) Using 4 workers of 8 for evacuation
[67,579s][info][gc,phases   ] GC(505)   Pre Evacuate Collection Set: 0,0ms
[67,579s][info][gc,phases   ] GC(505)   Merge Heap Roots: 0,0ms
[67,579s][info][gc,phases   ] GC(505)   Evacuate Collection Set: 0,5ms
[67,579s][info][gc,phases   ] GC(505)   Post Evacuate Collection Set: 0,1ms
[67,579s][info][gc,phases   ] GC(505)   Other: 0,2ms
[67,579s][info][gc,heap     ] GC(505) Eden regions: 34->0(33)
[67,579s][info][gc,heap     ] GC(505) Survivor regions: 4->5(5)
[67,579s][info][gc,heap     ] GC(505) Old regions: 7->7
[67,579s][info][gc,heap     ] GC(505) Archive regions: 2->2
[67,579s][info][gc,heap     ] GC(505) Humongous regions: 0->0
[67,579s][info][gc,metaspace] GC(505) Metaspace: 117K(320K)->117K(320K) NonClass: 109K(192K)->109K(192K) Class: 8K(128K)->8K(128K)
[67,579s][info][gc          ] GC(505) Pause Young (Normal) (G1 Evacuation Pause) 44M->11M(64M) 0,948ms
[67,579s][info][gc,cpu      ] GC(505) User=0,00s Sys=0,00s Real=0,00s
[67,726s][info][gc,start    ] GC(506) Pause Young (Normal) (G1 Evacuation Pause)
[67,726s][info][gc,task     ] GC(506) Using 4 workers of 8 for evacuation
[67,727s][info][gc,phases   ] GC(506)   Pre Evacuate Collection Set: 0,0ms
[67,727s][info][gc,phases   ] GC(506)   Merge Heap Roots: 0,0ms
[67,727s][info][gc,phases   ] GC(506)   Evacuate Collection Set: 0,4ms
[67,727s][info][gc,phases   ] GC(506)   Post Evacuate Collection Set: 0,1ms
[67,727s][info][gc,phases   ] GC(506)   Other: 0,1ms
[67,727s][info][gc,heap     ] GC(506) Eden regions: 33->0(35)
[67,727s][info][gc,heap     ] GC(506) Survivor regions: 5->3(5)
[67,727s][info][gc,heap     ] GC(506) Old regions: 7->7
[67,727s][info][gc,heap     ] GC(506) Archive regions: 2->2
[67,727s][info][gc,heap     ] GC(506) Humongous regions: 0->0
[67,727s][info][gc,metaspace] GC(506) Metaspace: 117K(320K)->117K(320K) NonClass: 109K(192K)->109K(192K) Class: 8K(128K)->8K(128K)
[67,727s][info][gc          ] GC(506) Pause Young (Normal) (G1 Evacuation Pause) 44M->9M(64M) 0,834ms
[67,727s][info][gc,cpu      ] GC(506) User=0,00s Sys=0,00s Real=0,00s
[67,829s][info][gc,start    ] GC(507) Pause Young (Normal) (G1 Evacuation Pause)
[67,829s][info][gc,task     ] GC(507) Using 4 workers of 8 for evacuation
[67,830s][info][gc,phases   ] GC(507)   Pre Evacuate Collection Set: 0,0ms
[67,830s][info][gc,phases   ] GC(507)   Merge Heap Roots: 0,0ms
[67,830s][info][gc,phases   ] GC(507)   Evacuate Collection Set: 0,4ms
[67,830s][info][gc,phases   ] GC(507)   Post Evacuate Collection Set: 0,1ms
[67,830s][info][gc,phases   ] GC(507)   Other: 0,1ms
[67,830s][info][gc,heap     ] GC(507) Eden regions: 35->0(33)
[67,830s][info][gc,heap     ] GC(507) Survivor regions: 3->5(5)
[67,830s][info][gc,heap     ] GC(507) Old regions: 7->7
[67,830s][info][gc,heap     ] GC(507) Archive regions: 2->2
[67,830s][info][gc,heap     ] GC(507) Humongous regions: 0->0
[67,830s][info][gc,metaspace] GC(507) Metaspace: 117K(320K)->117K(320K) NonClass: 109K(192K)->109K(192K) Class: 8K(128K)->8K(128K)
[67,830s][info][gc          ] GC(507) Pause Young (Normal) (G1 Evacuation Pause) 44M->11M(64M) 0,753ms
[67,830s][info][gc,cpu      ] GC(507) User=0,01s Sys=0,00s Real=0,00s
[67,976s][info][gc,start    ] GC(508) Pause Young (Normal) (G1 Evacuation Pause)
[67,976s][info][gc,task     ] GC(508) Using 4 workers of 8 for evacuation
[67,977s][info][gc,phases   ] GC(508)   Pre Evacuate Collection Set: 0,0ms
[67,977s][info][gc,phases   ] GC(508)   Merge Heap Roots: 0,1ms
[67,977s][info][gc,phases   ] GC(508)   Evacuate Collection Set: 0,3ms
[67,977s][info][gc,phases   ] GC(508)   Post Evacuate Collection Set: 0,1ms
[67,977s][info][gc,phases   ] GC(508)   Other: 0,1ms
[67,977s][info][gc,heap     ] GC(508) Eden regions: 33->0(34)
[67,977s][info][gc,heap     ] GC(508) Survivor regions: 5->4(5)
[67,977s][info][gc,heap     ] GC(508) Old regions: 7->7
[67,977s][info][gc,heap     ] GC(508) Archive regions: 2->2
[67,977s][info][gc,heap     ] GC(508) Humongous regions: 0->0
[67,977s][info][gc,metaspace] GC(508) Metaspace: 117K(320K)->117K(320K) NonClass: 109K(192K)->109K(192K) Class: 8K(128K)->8K(128K)
[67,977s][info][gc          ] GC(508) Pause Young (Normal) (G1 Evacuation Pause) 44M->10M(64M) 0,691ms
[67,977s][info][gc,cpu      ] GC(508) User=0,00s Sys=0,00s Real=0,00s
[68,127s][info][gc,start    ] GC(509) Pause Young (Normal) (G1 Evacuation Pause)
[68,127s][info][gc,task     ] GC(509) Using 4 workers of 8 for evacuation
[68,127s][info][gc,phases   ] GC(509)   Pre Evacuate Collection Set: 0,0ms
[68,128s][info][gc,phases   ] GC(509)   Merge Heap Roots: 0,0ms
[68,128s][info][gc,phases   ] GC(509)   Evacuate Collection Set: 0,4ms
[68,128s][info][gc,phases   ] GC(509)   Post Evacuate Collection Set: 0,1ms
[68,128s][info][gc,phases   ] GC(509)   Other: 0,1ms
[68,128s][info][gc,heap     ] GC(509) Eden regions: 34->0(33)
[68,128s][info][gc,heap     ] GC(509) Survivor regions: 4->5(5)
[68,128s][info][gc,heap     ] GC(509) Old regions: 7->7
[68,128s][info][gc,heap     ] GC(509) Archive regions: 2->2
[68,128s][info][gc,heap     ] GC(509) Humongous regions: 0->0
[68,128s][info][gc,metaspace] GC(509) Metaspace: 117K(320K)->117K(320K) NonClass: 109K(192K)->109K(192K) Class: 8K(128K)->8K(128K)
[68,128s][info][gc          ] GC(509) Pause Young (Normal) (G1 Evacuation Pause) 44M->11M(64M) 0,770ms
[68,128s][info][gc,cpu      ] GC(509) User=0,00s Sys=0,01s Real=0,00s
[68,228s][info][gc,start    ] GC(510) Pause Young (Normal) (G1 Evacuation Pause)
[68,228s][info][gc,task     ] GC(510) Using 4 workers of 8 for evacuation
[68,229s][info][gc,phases   ] GC(510)   Pre Evacuate Collection Set: 0,0ms
[68,229s][info][gc,phases   ] GC(510)   Merge Heap Roots: 0,0ms
[68,229s][info][gc,phases   ] GC(510)   Evacuate Collection Set: 0,4ms
[68,229s][info][gc,phases   ] GC(510)   Post Evacuate Collection Set: 0,1ms
[68,229s][info][gc,phases   ] GC(510)   Other: 0,2ms
[68,229s][info][gc,heap     ] GC(510) Eden regions: 33->0(35)
[68,229s][info][gc,heap     ] GC(510) Survivor regions: 5->3(5)
[68,229s][info][gc,heap     ] GC(510) Old regions: 7->7
[68,229s][info][gc,heap     ] GC(510) Archive regions: 2->2
[68,229s][info][gc,heap     ] GC(510) Humongous regions: 0->0
[68,229s][info][gc,metaspace] GC(510) Metaspace: 117K(320K)->117K(320K) NonClass: 109K(192K)->109K(192K) Class: 8K(128K)->8K(128K)
[68,229s][info][gc          ] GC(510) Pause Young (Normal) (G1 Evacuation Pause) 44M->9M(64M) 0,808ms
[68,229s][info][gc,cpu      ] GC(510) User=0,01s Sys=0,00s Real=0,00s
[68,378s][info][gc,start    ] GC(511) Pause Young (Normal) (G1 Evacuation Pause)
[68,378s][info][gc,task     ] GC(511) Using 4 workers of 8 for evacuation
[68,378s][info][gc,phases   ] GC(511)   Pre Evacuate Collection Set: 0,0ms
[68,378s][info][gc,phases   ] GC(511)   Merge Heap Roots: 0,0ms
[68,378s][info][gc,phases   ] GC(511)   Evacuate Collection Set: 0,5ms
[68,378s][info][gc,phases   ] GC(511)   Post Evacuate Collection Set: 0,1ms
[68,378s][info][gc,phases   ] GC(511)   Other: 0,1ms
[68,378s][info][gc,heap     ] GC(511) Eden regions: 35->0(33)
[68,378s][info][gc,heap     ] GC(511) Survivor regions: 3->5(5)
[68,378s][info][gc,heap     ] GC(511) Old regions: 7->7
[68,378s][info][gc,heap     ] GC(511) Archive regions: 2->2
[68,378s][info][gc,heap     ] GC(511) Humongous regions: 0->0
[68,378s][info][gc,metaspace] GC(511) Metaspace: 117K(320K)->117K(320K) NonClass: 109K(192K)->109K(192K) Class: 8K(128K)->8K(128K)
[68,378s][info][gc          ] GC(511) Pause Young (Normal) (G1 Evacuation Pause) 44M->11M(64M) 0,861ms
[68,378s][info][gc,cpu      ] GC(511) User=0,00s Sys=0,00s Real=0,00s
[68,528s][info][gc,start    ] GC(512) Pause Young (Normal) (G1 Evacuation Pause)
[68,528s][info][gc,task     ] GC(512) Using 4 workers of 8 for evacuation
[68,528s][info][gc,phases   ] GC(512)   Pre Evacuate Collection Set: 0,0ms
[68,528s][info][gc,phases   ] GC(512)   Merge Heap Roots: 0,0ms
[68,528s][info][gc,phases   ] GC(512)   Evacuate Collection Set: 0,4ms
[68,528s][info][gc,phases   ] GC(512)   Post Evacuate Collection Set: 0,1ms
[68,528s][info][gc,phases   ] GC(512)   Other: 0,1ms
[68,529s][info][gc,heap     ] GC(512) Eden regions: 33->0(34)
[68,529s][info][gc,heap     ] GC(512) Survivor regions: 5->4(5)
[68,529s][info][gc,heap     ] GC(512) Old regions: 7->7
[68,529s][info][gc,heap     ] GC(512) Archive regions: 2->2
[68,529s][info][gc,heap     ] GC(512) Humongous regions: 0->0
[68,529s][info][gc,metaspace] GC(512) Metaspace: 117K(320K)->117K(320K) NonClass: 109K(192K)->109K(192K) Class: 8K(128K)->8K(128K)
[68,529s][info][gc          ] GC(512) Pause Young (Normal) (G1 Evacuation Pause) 44M->10M(64M) 0,846ms
[68,529s][info][gc,cpu      ] GC(512) User=0,00s Sys=0,00s Real=0,00s
[68,628s][info][gc,start    ] GC(513) Pause Young (Normal) (G1 Evacuation Pause)
[68,628s][info][gc,task     ] GC(513) Using 4 workers of 8 for evacuation
[68,629s][info][gc,phases   ] GC(513)   Pre Evacuate Collection Set: 0,0ms
[68,629s][info][gc,phases   ] GC(513)   Merge Heap Roots: 0,0ms
[68,629s][info][gc,phases   ] GC(513)   Evacuate Collection Set: 0,4ms
[68,629s][info][gc,phases   ] GC(513)   Post Evacuate Collection Set: 0,1ms
[68,629s][info][gc,phases   ] GC(513)   Other: 0,2ms
[68,629s][info][gc,heap     ] GC(513) Eden regions: 34->0(33)
[68,629s][info][gc,heap     ] GC(513) Survivor regions: 4->5(5)
[68,629s][info][gc,heap     ] GC(513) Old regions: 7->7
[68,629s][info][gc,heap     ] GC(513) Archive regions: 2->2
[68,629s][info][gc,heap     ] GC(513) Humongous regions: 0->0
[68,629s][info][gc,metaspace] GC(513) Metaspace: 117K(320K)->117K(320K) NonClass: 109K(192K)->109K(192K) Class: 8K(128K)->8K(128K)
[68,629s][info][gc          ] GC(513) Pause Young (Normal) (G1 Evacuation Pause) 44M->11M(64M) 0,854ms
[68,629s][info][gc,cpu      ] GC(513) User=0,00s Sys=0,00s Real=0,00s
[68,777s][info][gc,start    ] GC(514) Pause Young (Normal) (G1 Evacuation Pause)
[68,777s][info][gc,task     ] GC(514) Using 4 workers of 8 for evacuation
[68,778s][info][gc,phases   ] GC(514)   Pre Evacuate Collection Set: 0,0ms
[68,778s][info][gc,phases   ] GC(514)   Merge Heap Roots: 0,0ms
[68,778s][info][gc,phases   ] GC(514)   Evacuate Collection Set: 0,2ms
[68,778s][info][gc,phases   ] GC(514)   Post Evacuate Collection Set: 0,1ms
[68,778s][info][gc,phases   ] GC(514)   Other: 0,1ms
[68,778s][info][gc,heap     ] GC(514) Eden regions: 33->0(35)
[68,778s][info][gc,heap     ] GC(514) Survivor regions: 5->3(5)
[68,778s][info][gc,heap     ] GC(514) Old regions: 7->7
[68,778s][info][gc,heap     ] GC(514) Archive regions: 2->2
[68,778s][info][gc,heap     ] GC(514) Humongous regions: 0->0
[68,778s][info][gc,metaspace] GC(514) Metaspace: 117K(320K)->117K(320K) NonClass: 109K(192K)->109K(192K) Class: 8K(128K)->8K(128K)
[68,778s][info][gc          ] GC(514) Pause Young (Normal) (G1 Evacuation Pause) 44M->9M(64M) 0,628ms
[68,778s][info][gc,cpu      ] GC(514) User=0,00s Sys=0,00s Real=0,00s
[68,928s][info][gc,start    ] GC(515) Pause Young (Normal) (G1 Evacuation Pause)
[68,928s][info][gc,task     ] GC(515) Using 4 workers of 8 for evacuation
[68,929s][info][gc,phases   ] GC(515)   Pre Evacuate Collection Set: 0,0ms
[68,929s][info][gc,phases   ] GC(515)   Merge Heap Roots: 0,0ms
[68,929s][info][gc,phases   ] GC(515)   Evacuate Collection Set: 0,3ms
[68,929s][info][gc,phases   ] GC(515)   Post Evacuate Collection Set: 0,1ms
[68,929s][info][gc,phases   ] GC(515)   Other: 0,1ms
[68,929s][info][gc,heap     ] GC(515) Eden regions: 35->0(34)
[68,929s][info][gc,heap     ] GC(515) Survivor regions: 3->4(5)
[68,929s][info][gc,heap     ] GC(515) Old regions: 7->7
[68,929s][info][gc,heap     ] GC(515) Archive regions: 2->2
[68,929s][info][gc,heap     ] GC(515) Humongous regions: 0->0
[68,929s][info][gc,metaspace] GC(515) Metaspace: 117K(320K)->117K(320K) NonClass: 109K(192K)->109K(192K) Class: 8K(128K)->8K(128K)
[68,929s][info][gc          ] GC(515) Pause Young (Normal) (G1 Evacuation Pause) 44M->10M(64M) 0,681ms
[68,929s][info][gc,cpu      ] GC(515) User=0,00s Sys=0,00s Real=0,00s
[69,029s][info][gc,start    ] GC(516) Pause Young (Normal) (G1 Evacuation Pause)
[69,029s][info][gc,task     ] GC(516) Using 4 workers of 8 for evacuation
[69,029s][info][gc,phases   ] GC(516)   Pre Evacuate Collection Set: 0,0ms
[69,029s][info][gc,phases   ] GC(516)   Merge Heap Roots: 0,0ms
[69,029s][info][gc,phases   ] GC(516)   Evacuate Collection Set: 0,3ms
[69,029s][info][gc,phases   ] GC(516)   Post Evacuate Collection Set: 0,2ms
[69,029s][info][gc,phases   ] GC(516)   Other: 0,1ms
[69,029s][info][gc,heap     ] GC(516) Eden regions: 34->0(33)
[69,029s][info][gc,heap     ] GC(516) Survivor regions: 4->5(5)
[69,029s][info][gc,heap     ] GC(516) Old regions: 7->7
[69,029s][info][gc,heap     ] GC(516) Archive regions: 2->2
[69,029s][info][gc,heap     ] GC(516) Humongous regions: 0->0
[69,029s][info][gc,metaspace] GC(516) Metaspace: 117K(320K)->117K(320K) NonClass: 109K(192K)->109K(192K) Class: 8K(128K)->8K(128K)
[69,029s][info][gc          ] GC(516) Pause Young (Normal) (G1 Evacuation Pause) 44M->11M(64M) 0,752ms
[69,029s][info][gc,cpu      ] GC(516) User=0,01s Sys=0,00s Real=0,00s
[69,177s][info][gc,start    ] GC(517) Pause Young (Normal) (G1 Evacuation Pause)
[69,177s][info][gc,task     ] GC(517) Using 4 workers of 8 for evacuation
[69,178s][info][gc,phases   ] GC(517)   Pre Evacuate Collection Set: 0,0ms
[69,178s][info][gc,phases   ] GC(517)   Merge Heap Roots: 0,0ms
[69,178s][info][gc,phases   ] GC(517)   Evacuate Collection Set: 0,3ms
[69,178s][info][gc,phases   ] GC(517)   Post Evacuate Collection Set: 0,1ms
[69,178s][info][gc,phases   ] GC(517)   Other: 0,1ms
[69,178s][info][gc,heap     ] GC(517) Eden regions: 33->0(35)
[69,178s][info][gc,heap     ] GC(517) Survivor regions: 5->3(5)
[69,178s][info][gc,heap     ] GC(517) Old regions: 7->7
[69,178s][info][gc,heap     ] GC(517) Archive regions: 2->2
[69,178s][info][gc,heap     ] GC(517) Humongous regions: 0->0
[69,178s][info][gc,metaspace] GC(517) Metaspace: 117K(320K)->117K(320K) NonClass: 109K(192K)->109K(192K) Class: 8K(128K)->8K(128K)
[69,178s][info][gc          ] GC(517) Pause Young (Normal) (G1 Evacuation Pause) 44M->9M(64M) 0,701ms
[69,178s][info][gc,cpu      ] GC(517) User=0,00s Sys=0,00s Real=0,00s
[69,328s][info][gc,start    ] GC(518) Pause Young (Normal) (G1 Evacuation Pause)
[69,328s][info][gc,task     ] GC(518) Using 4 workers of 8 for evacuation
[69,329s][info][gc,phases   ] GC(518)   Pre Evacuate Collection Set: 0,0ms
[69,329s][info][gc,phases   ] GC(518)   Merge Heap Roots: 0,0ms
[69,329s][info][gc,phases   ] GC(518)   Evacuate Collection Set: 0,3ms
[69,329s][info][gc,phases   ] GC(518)   Post Evacuate Collection Set: 0,1ms
[69,329s][info][gc,phases   ] GC(518)   Other: 0,1ms
[69,329s][info][gc,heap     ] GC(518) Eden regions: 35->0(34)
[69,329s][info][gc,heap     ] GC(518) Survivor regions: 3->4(5)
[69,329s][info][gc,heap     ] GC(518) Old regions: 7->7
[69,329s][info][gc,heap     ] GC(518) Archive regions: 2->2
[69,329s][info][gc,heap     ] GC(518) Humongous regions: 0->0
[69,329s][info][gc,metaspace] GC(518) Metaspace: 117K(320K)->117K(320K) NonClass: 109K(192K)->109K(192K) Class: 8K(128K)->8K(128K)
[69,329s][info][gc          ] GC(518) Pause Young (Normal) (G1 Evacuation Pause) 44M->11M(64M) 0,786ms
[69,329s][info][gc,cpu      ] GC(518) User=0,00s Sys=0,00s Real=0,00s
[69,428s][info][gc,start    ] GC(519) Pause Young (Normal) (G1 Evacuation Pause)
[69,428s][info][gc,task     ] GC(519) Using 4 workers of 8 for evacuation
[69,428s][info][gc,phases   ] GC(519)   Pre Evacuate Collection Set: 0,0ms
[69,428s][info][gc,phases   ] GC(519)   Merge Heap Roots: 0,0ms
[69,428s][info][gc,phases   ] GC(519)   Evacuate Collection Set: 0,3ms
[69,428s][info][gc,phases   ] GC(519)   Post Evacuate Collection Set: 0,1ms
[69,428s][info][gc,phases   ] GC(519)   Other: 0,1ms
[69,428s][info][gc,heap     ] GC(519) Eden regions: 34->0(34)
[69,429s][info][gc,heap     ] GC(519) Survivor regions: 4->4(5)
[69,429s][info][gc,heap     ] GC(519) Old regions: 7->7
[69,429s][info][gc,heap     ] GC(519) Archive regions: 2->2
[69,429s][info][gc,heap     ] GC(519) Humongous regions: 0->0
[69,429s][info][gc,metaspace] GC(519) Metaspace: 117K(320K)->117K(320K) NonClass: 109K(192K)->109K(192K) Class: 8K(128K)->8K(128K)
[69,429s][info][gc          ] GC(519) Pause Young (Normal) (G1 Evacuation Pause) 45M->11M(64M) 0,705ms
[69,429s][info][gc,cpu      ] GC(519) User=0,01s Sys=0,00s Real=0,00s
[69,576s][info][gc,start    ] GC(520) Pause Young (Normal) (G1 Evacuation Pause)
[69,576s][info][gc,task     ] GC(520) Using 4 workers of 8 for evacuation
[69,577s][info][gc,phases   ] GC(520)   Pre Evacuate Collection Set: 0,0ms
[69,577s][info][gc,phases   ] GC(520)   Merge Heap Roots: 0,0ms
[69,577s][info][gc,phases   ] GC(520)   Evacuate Collection Set: 0,5ms
[69,577s][info][gc,phases   ] GC(520)   Post Evacuate Collection Set: 0,1ms
[69,577s][info][gc,phases   ] GC(520)   Other: 0,1ms
[69,577s][info][gc,heap     ] GC(520) Eden regions: 34->0(33)
[69,577s][info][gc,heap     ] GC(520) Survivor regions: 4->5(5)
[69,577s][info][gc,heap     ] GC(520) Old regions: 7->7
[69,577s][info][gc,heap     ] GC(520) Archive regions: 2->2
[69,577s][info][gc,heap     ] GC(520) Humongous regions: 0->0
[69,577s][info][gc,metaspace] GC(520) Metaspace: 117K(320K)->117K(320K) NonClass: 109K(192K)->109K(192K) Class: 8K(128K)->8K(128K)
[69,577s][info][gc          ] GC(520) Pause Young (Normal) (G1 Evacuation Pause) 45M->12M(64M) 0,830ms
[69,577s][info][gc,cpu      ] GC(520) User=0,00s Sys=0,00s Real=0,00s
[69,727s][info][gc,start    ] GC(521) Pause Young (Normal) (G1 Evacuation Pause)
[69,727s][info][gc,task     ] GC(521) Using 4 workers of 8 for evacuation
[69,728s][info][gc,phases   ] GC(521)   Pre Evacuate Collection Set: 0,0ms
[69,728s][info][gc,phases   ] GC(521)   Merge Heap Roots: 0,1ms
[69,728s][info][gc,phases   ] GC(521)   Evacuate Collection Set: 0,3ms
[69,728s][info][gc,phases   ] GC(521)   Post Evacuate Collection Set: 0,1ms
[69,728s][info][gc,phases   ] GC(521)   Other: 0,1ms
[69,728s][info][gc,heap     ] GC(521) Eden regions: 33->0(34)
[69,728s][info][gc,heap     ] GC(521) Survivor regions: 5->4(5)
[69,728s][info][gc,heap     ] GC(521) Old regions: 7->7
[69,728s][info][gc,heap     ] GC(521) Archive regions: 2->2
[69,728s][info][gc,heap     ] GC(521) Humongous regions: 0->0
[69,728s][info][gc,metaspace] GC(521) Metaspace: 117K(320K)->117K(320K) NonClass: 109K(192K)->109K(192K) Class: 8K(128K)->8K(128K)
[69,728s][info][gc          ] GC(521) Pause Young (Normal) (G1 Evacuation Pause) 45M->10M(64M) 0,645ms
[69,728s][info][gc,cpu      ] GC(521) User=0,00s Sys=0,00s Real=0,00s
[69,829s][info][gc,start    ] GC(522) Pause Young (Normal) (G1 Evacuation Pause)
[69,829s][info][gc,task     ] GC(522) Using 4 workers of 8 for evacuation
[69,829s][info][gc,phases   ] GC(522)   Pre Evacuate Collection Set: 0,0ms
[69,829s][info][gc,phases   ] GC(522)   Merge Heap Roots: 0,0ms
[69,829s][info][gc,phases   ] GC(522)   Evacuate Collection Set: 0,4ms
[69,829s][info][gc,phases   ] GC(522)   Post Evacuate Collection Set: 0,1ms
[69,829s][info][gc,phases   ] GC(522)   Other: 0,1ms
[69,829s][info][gc,heap     ] GC(522) Eden regions: 34->0(33)
[69,829s][info][gc,heap     ] GC(522) Survivor regions: 4->5(5)
[69,829s][info][gc,heap     ] GC(522) Old regions: 7->7
[69,829s][info][gc,heap     ] GC(522) Archive regions: 2->2
[69,829s][info][gc,heap     ] GC(522) Humongous regions: 0->0
[69,829s][info][gc,metaspace] GC(522) Metaspace: 117K(320K)->117K(320K) NonClass: 109K(192K)->109K(192K) Class: 8K(128K)->8K(128K)
[69,829s][info][gc          ] GC(522) Pause Young (Normal) (G1 Evacuation Pause) 44M->11M(64M) 0,774ms
[69,829s][info][gc,cpu      ] GC(522) User=0,01s Sys=0,00s Real=0,00s
[69,978s][info][gc,start    ] GC(523) Pause Young (Normal) (G1 Evacuation Pause)
[69,978s][info][gc,task     ] GC(523) Using 4 workers of 8 for evacuation
[69,978s][info][gc,phases   ] GC(523)   Pre Evacuate Collection Set: 0,0ms
[69,979s][info][gc,phases   ] GC(523)   Merge Heap Roots: 0,1ms
[69,979s][info][gc,phases   ] GC(523)   Evacuate Collection Set: 0,3ms
[69,979s][info][gc,phases   ] GC(523)   Post Evacuate Collection Set: 0,1ms
[69,979s][info][gc,phases   ] GC(523)   Other: 0,1ms
[69,979s][info][gc,heap     ] GC(523) Eden regions: 33->0(35)
[69,979s][info][gc,heap     ] GC(523) Survivor regions: 5->3(5)
[69,979s][info][gc,heap     ] GC(523) Old regions: 7->7
[69,979s][info][gc,heap     ] GC(523) Archive regions: 2->2
[69,979s][info][gc,heap     ] GC(523) Humongous regions: 0->0
[69,979s][info][gc,metaspace] GC(523) Metaspace: 117K(320K)->117K(320K) NonClass: 109K(192K)->109K(192K) Class: 8K(128K)->8K(128K)
[69,979s][info][gc          ] GC(523) Pause Young (Normal) (G1 Evacuation Pause) 44M->9M(64M) 0,710ms
[69,979s][info][gc,cpu      ] GC(523) User=0,00s Sys=0,00s Real=0,00s
[70,127s][info][gc,start    ] GC(524) Pause Young (Normal) (G1 Evacuation Pause)
[70,127s][info][gc,task     ] GC(524) Using 4 workers of 8 for evacuation
[70,128s][info][gc,phases   ] GC(524)   Pre Evacuate Collection Set: 0,0ms
[70,128s][info][gc,phases   ] GC(524)   Merge Heap Roots: 0,0ms
[70,128s][info][gc,phases   ] GC(524)   Evacuate Collection Set: 0,3ms
[70,128s][info][gc,phases   ] GC(524)   Post Evacuate Collection Set: 0,1ms
[70,128s][info][gc,phases   ] GC(524)   Other: 0,1ms
[70,128s][info][gc,heap     ] GC(524) Eden regions: 35->0(33)
[70,128s][info][gc,heap     ] GC(524) Survivor regions: 3->5(5)
[70,128s][info][gc,heap     ] GC(524) Old regions: 7->7
[70,128s][info][gc,heap     ] GC(524) Archive regions: 2->2
[70,128s][info][gc,heap     ] GC(524) Humongous regions: 0->0
[70,128s][info][gc,metaspace] GC(524) Metaspace: 117K(320K)->117K(320K) NonClass: 109K(192K)->109K(192K) Class: 8K(128K)->8K(128K)
[70,128s][info][gc          ] GC(524) Pause Young (Normal) (G1 Evacuation Pause) 44M->11M(64M) 0,710ms
[70,128s][info][gc,cpu      ] GC(524) User=0,00s Sys=0,00s Real=0,00s
[70,229s][info][gc,start    ] GC(525) Pause Young (Normal) (G1 Evacuation Pause)
[70,229s][info][gc,task     ] GC(525) Using 4 workers of 8 for evacuation
[70,229s][info][gc,phases   ] GC(525)   Pre Evacuate Collection Set: 0,0ms
[70,229s][info][gc,phases   ] GC(525)   Merge Heap Roots: 0,0ms
[70,229s][info][gc,phases   ] GC(525)   Evacuate Collection Set: 0,2ms
[70,229s][info][gc,phases   ] GC(525)   Post Evacuate Collection Set: 0,1ms
[70,229s][info][gc,phases   ] GC(525)   Other: 0,1ms
[70,229s][info][gc,heap     ] GC(525) Eden regions: 33->0(35)
[70,229s][info][gc,heap     ] GC(525) Survivor regions: 5->3(5)
[70,229s][info][gc,heap     ] GC(525) Old regions: 7->7
[70,229s][info][gc,heap     ] GC(525) Archive regions: 2->2
[70,229s][info][gc,heap     ] GC(525) Humongous regions: 0->0
[70,229s][info][gc,metaspace] GC(525) Metaspace: 117K(320K)->117K(320K) NonClass: 109K(192K)->109K(192K) Class: 8K(128K)->8K(128K)
[70,230s][info][gc          ] GC(525) Pause Young (Normal) (G1 Evacuation Pause) 44M->10M(64M) 0,644ms
[70,230s][info][gc,cpu      ] GC(525) User=0,00s Sys=0,00s Real=0,00s
[70,378s][info][gc,start    ] GC(526) Pause Young (Normal) (G1 Evacuation Pause)
[70,378s][info][gc,task     ] GC(526) Using 4 workers of 8 for evacuation
[70,379s][info][gc,phases   ] GC(526)   Pre Evacuate Collection Set: 0,0ms
[70,379s][info][gc,phases   ] GC(526)   Merge Heap Roots: 0,1ms
[70,379s][info][gc,phases   ] GC(526)   Evacuate Collection Set: 0,4ms
[70,379s][info][gc,phases   ] GC(526)   Post Evacuate Collection Set: 0,1ms
[70,379s][info][gc,phases   ] GC(526)   Other: 0,1ms
[70,379s][info][gc,heap     ] GC(526) Eden regions: 35->0(34)
[70,379s][info][gc,heap     ] GC(526) Survivor regions: 3->4(5)
[70,379s][info][gc,heap     ] GC(526) Old regions: 7->7
[70,379s][info][gc,heap     ] GC(526) Archive regions: 2->2
[70,379s][info][gc,heap     ] GC(526) Humongous regions: 0->0
[70,379s][info][gc,metaspace] GC(526) Metaspace: 117K(320K)->117K(320K) NonClass: 109K(192K)->109K(192K) Class: 8K(128K)->8K(128K)
[70,379s][info][gc          ] GC(526) Pause Young (Normal) (G1 Evacuation Pause) 45M->11M(64M) 0,884ms
[70,379s][info][gc,cpu      ] GC(526) User=0,00s Sys=0,00s Real=0,00s
[70,527s][info][gc,start    ] GC(527) Pause Young (Normal) (G1 Evacuation Pause)
[70,527s][info][gc,task     ] GC(527) Using 4 workers of 8 for evacuation
[70,527s][info][gc,phases   ] GC(527)   Pre Evacuate Collection Set: 0,0ms
[70,527s][info][gc,phases   ] GC(527)   Merge Heap Roots: 0,0ms
[70,527s][info][gc,phases   ] GC(527)   Evacuate Collection Set: 0,3ms
[70,527s][info][gc,phases   ] GC(527)   Post Evacuate Collection Set: 0,1ms
[70,527s][info][gc,phases   ] GC(527)   Other: 0,1ms
[70,527s][info][gc,heap     ] GC(527) Eden regions: 34->0(33)
[70,527s][info][gc,heap     ] GC(527) Survivor regions: 4->5(5)
[70,527s][info][gc,heap     ] GC(527) Old regions: 7->7
[70,527s][info][gc,heap     ] GC(527) Archive regions: 2->2
[70,527s][info][gc,heap     ] GC(527) Humongous regions: 0->0
[70,527s][info][gc,metaspace] GC(527) Metaspace: 117K(320K)->117K(320K) NonClass: 109K(192K)->109K(192K) Class: 8K(128K)->8K(128K)
[70,527s][info][gc          ] GC(527) Pause Young (Normal) (G1 Evacuation Pause) 45M->12M(64M) 0,707ms
[70,527s][info][gc,cpu      ] GC(527) User=0,00s Sys=0,00s Real=0,00s
[70,628s][info][gc,start    ] GC(528) Pause Young (Normal) (G1 Evacuation Pause)
[70,628s][info][gc,task     ] GC(528) Using 4 workers of 8 for evacuation
[70,629s][info][gc,phases   ] GC(528)   Pre Evacuate Collection Set: 0,0ms
[70,629s][info][gc,phases   ] GC(528)   Merge Heap Roots: 0,0ms
[70,629s][info][gc,phases   ] GC(528)   Evacuate Collection Set: 0,5ms
[70,629s][info][gc,phases   ] GC(528)   Post Evacuate Collection Set: 0,1ms
[70,629s][info][gc,phases   ] GC(528)   Other: 0,1ms
[70,629s][info][gc,heap     ] GC(528) Eden regions: 33->0(33)
[70,629s][info][gc,heap     ] GC(528) Survivor regions: 5->5(5)
[70,629s][info][gc,heap     ] GC(528) Old regions: 7->7
[70,629s][info][gc,heap     ] GC(528) Archive regions: 2->2
[70,629s][info][gc,heap     ] GC(528) Humongous regions: 0->0
[70,629s][info][gc,metaspace] GC(528) Metaspace: 117K(320K)->117K(320K) NonClass: 109K(192K)->109K(192K) Class: 8K(128K)->8K(128K)
[70,629s][info][gc          ] GC(528) Pause Young (Normal) (G1 Evacuation Pause) 45M->11M(64M) 0,885ms
[70,629s][info][gc,cpu      ] GC(528) User=0,01s Sys=0,00s Real=0,00s
[70,777s][info][gc,start    ] GC(529) Pause Young (Normal) (G1 Evacuation Pause)
[70,777s][info][gc,task     ] GC(529) Using 4 workers of 8 for evacuation
[70,778s][info][gc,phases   ] GC(529)   Pre Evacuate Collection Set: 0,0ms
[70,778s][info][gc,phases   ] GC(529)   Merge Heap Roots: 0,0ms
[70,778s][info][gc,phases   ] GC(529)   Evacuate Collection Set: 0,2ms
[70,778s][info][gc,phases   ] GC(529)   Post Evacuate Collection Set: 0,1ms
[70,778s][info][gc,phases   ] GC(529)   Other: 0,1ms
[70,778s][info][gc,heap     ] GC(529) Eden regions: 33->0(35)
[70,778s][info][gc,heap     ] GC(529) Survivor regions: 5->3(5)
[70,778s][info][gc,heap     ] GC(529) Old regions: 7->7
[70,778s][info][gc,heap     ] GC(529) Archive regions: 2->2
[70,778s][info][gc,heap     ] GC(529) Humongous regions: 0->0
[70,778s][info][gc,metaspace] GC(529) Metaspace: 117K(320K)->117K(320K) NonClass: 109K(192K)->109K(192K) Class: 8K(128K)->8K(128K)
[70,778s][info][gc          ] GC(529) Pause Young (Normal) (G1 Evacuation Pause) 44M->9M(64M) 0,657ms
[70,778s][info][gc,cpu      ] GC(529) User=0,00s Sys=0,00s Real=0,00s
[70,924s][info][gc,start    ] GC(530) Pause Young (Normal) (G1 Evacuation Pause)
[70,924s][info][gc,task     ] GC(530) Using 4 workers of 8 for evacuation
[70,924s][info][gc,phases   ] GC(530)   Pre Evacuate Collection Set: 0,0ms
[70,924s][info][gc,phases   ] GC(530)   Merge Heap Roots: 0,0ms
[70,924s][info][gc,phases   ] GC(530)   Evacuate Collection Set: 0,4ms
[70,924s][info][gc,phases   ] GC(530)   Post Evacuate Collection Set: 0,1ms
[70,924s][info][gc,phases   ] GC(530)   Other: 0,1ms
[70,924s][info][gc,heap     ] GC(530) Eden regions: 35->0(34)
[70,924s][info][gc,heap     ] GC(530) Survivor regions: 3->4(5)
[70,925s][info][gc,heap     ] GC(530) Old regions: 7->7
[70,925s][info][gc,heap     ] GC(530) Archive regions: 2->2
[70,925s][info][gc,heap     ] GC(530) Humongous regions: 0->0
[70,925s][info][gc,metaspace] GC(530) Metaspace: 117K(320K)->117K(320K) NonClass: 109K(192K)->109K(192K) Class: 8K(128K)->8K(128K)
[70,925s][info][gc          ] GC(530) Pause Young (Normal) (G1 Evacuation Pause) 44M->10M(64M) 0,866ms
[70,925s][info][gc,cpu      ] GC(530) User=0,00s Sys=0,00s Real=0,00s
[71,027s][info][gc,start    ] GC(531) Pause Young (Normal) (G1 Evacuation Pause)
[71,027s][info][gc,task     ] GC(531) Using 4 workers of 8 for evacuation
[71,028s][info][gc,phases   ] GC(531)   Pre Evacuate Collection Set: 0,0ms
[71,028s][info][gc,phases   ] GC(531)   Merge Heap Roots: 0,0ms
[71,028s][info][gc,phases   ] GC(531)   Evacuate Collection Set: 0,4ms
[71,028s][info][gc,phases   ] GC(531)   Post Evacuate Collection Set: 0,1ms
[71,028s][info][gc,phases   ] GC(531)   Other: 0,1ms
[71,028s][info][gc,heap     ] GC(531) Eden regions: 34->0(33)
[71,028s][info][gc,heap     ] GC(531) Survivor regions: 4->5(5)
[71,028s][info][gc,heap     ] GC(531) Old regions: 7->7
[71,028s][info][gc,heap     ] GC(531) Archive regions: 2->2
[71,028s][info][gc,heap     ] GC(531) Humongous regions: 0->0
[71,028s][info][gc,metaspace] GC(531) Metaspace: 117K(320K)->117K(320K) NonClass: 109K(192K)->109K(192K) Class: 8K(128K)->8K(128K)
[71,028s][info][gc          ] GC(531) Pause Young (Normal) (G1 Evacuation Pause) 44M->11M(64M) 0,755ms
[71,028s][info][gc,cpu      ] GC(531) User=0,01s Sys=0,00s Real=0,00s
[71,177s][info][gc,start    ] GC(532) Pause Young (Normal) (G1 Evacuation Pause)
[71,177s][info][gc,task     ] GC(532) Using 4 workers of 8 for evacuation
[71,177s][info][gc,phases   ] GC(532)   Pre Evacuate Collection Set: 0,0ms
[71,177s][info][gc,phases   ] GC(532)   Merge Heap Roots: 0,0ms
[71,177s][info][gc,phases   ] GC(532)   Evacuate Collection Set: 0,2ms
[71,177s][info][gc,phases   ] GC(532)   Post Evacuate Collection Set: 0,1ms
[71,177s][info][gc,phases   ] GC(532)   Other: 0,1ms
[71,177s][info][gc,heap     ] GC(532) Eden regions: 33->0(35)
[71,177s][info][gc,heap     ] GC(532) Survivor regions: 5->3(5)
[71,177s][info][gc,heap     ] GC(532) Old regions: 7->7
[71,178s][info][gc,heap     ] GC(532) Archive regions: 2->2
[71,178s][info][gc,heap     ] GC(532) Humongous regions: 0->0
[71,178s][info][gc,metaspace] GC(532) Metaspace: 117K(320K)->117K(320K) NonClass: 109K(192K)->109K(192K) Class: 8K(128K)->8K(128K)
[71,178s][info][gc          ] GC(532) Pause Young (Normal) (G1 Evacuation Pause) 44M->10M(64M) 0,582ms
[71,178s][info][gc,cpu      ] GC(532) User=0,00s Sys=0,00s Real=0,00s
[71,326s][info][gc,start    ] GC(533) Pause Young (Normal) (G1 Evacuation Pause)
[71,327s][info][gc,task     ] GC(533) Using 4 workers of 8 for evacuation
[71,327s][info][gc,phases   ] GC(533)   Pre Evacuate Collection Set: 0,0ms
[71,327s][info][gc,phases   ] GC(533)   Merge Heap Roots: 0,0ms
[71,327s][info][gc,phases   ] GC(533)   Evacuate Collection Set: 0,3ms
[71,327s][info][gc,phases   ] GC(533)   Post Evacuate Collection Set: 0,1ms
[71,327s][info][gc,phases   ] GC(533)   Other: 0,1ms
[71,327s][info][gc,heap     ] GC(533) Eden regions: 35->0(33)
[71,327s][info][gc,heap     ] GC(533) Survivor regions: 3->5(5)
[71,327s][info][gc,heap     ] GC(533) Old regions: 7->7
[71,327s][info][gc,heap     ] GC(533) Archive regions: 2->2
[71,327s][info][gc,heap     ] GC(533) Humongous regions: 0->0
[71,327s][info][gc,metaspace] GC(533) Metaspace: 117K(320K)->117K(320K) NonClass: 109K(192K)->109K(192K) Class: 8K(128K)->8K(128K)
[71,327s][info][gc          ] GC(533) Pause Young (Normal) (G1 Evacuation Pause) 45M->12M(64M) 0,691ms
[71,327s][info][gc,cpu      ] GC(533) User=0,00s Sys=0,00s Real=0,00s
[71,428s][info][gc,start    ] GC(534) Pause Young (Normal) (G1 Evacuation Pause)
[71,428s][info][gc,task     ] GC(534) Using 4 workers of 8 for evacuation
[71,429s][info][gc,phases   ] GC(534)   Pre Evacuate Collection Set: 0,0ms
[71,429s][info][gc,phases   ] GC(534)   Merge Heap Roots: 0,0ms
[71,429s][info][gc,phases   ] GC(534)   Evacuate Collection Set: 0,3ms
[71,429s][info][gc,phases   ] GC(534)   Post Evacuate Collection Set: 0,1ms
[71,429s][info][gc,phases   ] GC(534)   Other: 0,1ms
[71,429s][info][gc,heap     ] GC(534) Eden regions: 33->0(34)
[71,429s][info][gc,heap     ] GC(534) Survivor regions: 5->4(5)
[71,429s][info][gc,heap     ] GC(534) Old regions: 7->7
[71,429s][info][gc,heap     ] GC(534) Archive regions: 2->2
[71,429s][info][gc,heap     ] GC(534) Humongous regions: 0->0
[71,429s][info][gc,metaspace] GC(534) Metaspace: 117K(320K)->117K(320K) NonClass: 109K(192K)->109K(192K) Class: 8K(128K)->8K(128K)
[71,429s][info][gc          ] GC(534) Pause Young (Normal) (G1 Evacuation Pause) 44M->10M(64M) 0,724ms
[71,429s][info][gc,cpu      ] GC(534) User=0,00s Sys=0,00s Real=0,00s
[71,575s][info][gc,start    ] GC(535) Pause Young (Normal) (G1 Evacuation Pause)
[71,575s][info][gc,task     ] GC(535) Using 4 workers of 8 for evacuation
[71,576s][info][gc,phases   ] GC(535)   Pre Evacuate Collection Set: 0,0ms
[71,576s][info][gc,phases   ] GC(535)   Merge Heap Roots: 0,0ms
[71,576s][info][gc,phases   ] GC(535)   Evacuate Collection Set: 0,4ms
[71,576s][info][gc,phases   ] GC(535)   Post Evacuate Collection Set: 0,1ms
[71,576s][info][gc,phases   ] GC(535)   Other: 0,1ms
[71,576s][info][gc,heap     ] GC(535) Eden regions: 34->0(33)
[71,576s][info][gc,heap     ] GC(535) Survivor regions: 4->5(5)
[71,576s][info][gc,heap     ] GC(535) Old regions: 7->7
[71,576s][info][gc,heap     ] GC(535) Archive regions: 2->2
[71,576s][info][gc,heap     ] GC(535) Humongous regions: 0->0
[71,576s][info][gc,metaspace] GC(535) Metaspace: 117K(320K)->117K(320K) NonClass: 109K(192K)->109K(192K) Class: 8K(128K)->8K(128K)
[71,576s][info][gc          ] GC(535) Pause Young (Normal) (G1 Evacuation Pause) 44M->11M(64M) 0,786ms
[71,576s][info][gc,cpu      ] GC(535) User=0,00s Sys=0,00s Real=0,00s
[71,728s][info][gc,start    ] GC(536) Pause Young (Normal) (G1 Evacuation Pause)
[71,728s][info][gc,task     ] GC(536) Using 4 workers of 8 for evacuation
[71,728s][info][gc,phases   ] GC(536)   Pre Evacuate Collection Set: 0,0ms
[71,729s][info][gc,phases   ] GC(536)   Merge Heap Roots: 0,0ms
[71,729s][info][gc,phases   ] GC(536)   Evacuate Collection Set: 0,3ms
[71,729s][info][gc,phases   ] GC(536)   Post Evacuate Collection Set: 0,1ms
[71,729s][info][gc,phases   ] GC(536)   Other: 0,2ms
[71,729s][info][gc,heap     ] GC(536) Eden regions: 33->0(35)
[71,729s][info][gc,heap     ] GC(536) Survivor regions: 5->3(5)
[71,729s][info][gc,heap     ] GC(536) Old regions: 7->7
[71,729s][info][gc,heap     ] GC(536) Archive regions: 2->2
[71,729s][info][gc,heap     ] GC(536) Humongous regions: 0->0
[71,729s][info][gc,metaspace] GC(536) Metaspace: 117K(320K)->117K(320K) NonClass: 109K(192K)->109K(192K) Class: 8K(128K)->8K(128K)
[71,729s][info][gc          ] GC(536) Pause Young (Normal) (G1 Evacuation Pause) 44M->9M(64M) 0,831ms
[71,729s][info][gc,cpu      ] GC(536) User=0,00s Sys=0,00s Real=0,00s
[71,829s][info][gc,start    ] GC(537) Pause Young (Normal) (G1 Evacuation Pause)
[71,829s][info][gc,task     ] GC(537) Using 4 workers of 8 for evacuation
[71,829s][info][gc,phases   ] GC(537)   Pre Evacuate Collection Set: 0,0ms
[71,829s][info][gc,phases   ] GC(537)   Merge Heap Roots: 0,0ms
[71,829s][info][gc,phases   ] GC(537)   Evacuate Collection Set: 0,4ms
[71,829s][info][gc,phases   ] GC(537)   Post Evacuate Collection Set: 0,1ms
[71,829s][info][gc,phases   ] GC(537)   Other: 0,1ms
[71,829s][info][gc,heap     ] GC(537) Eden regions: 35->0(33)
[71,829s][info][gc,heap     ] GC(537) Survivor regions: 3->5(5)
[71,829s][info][gc,heap     ] GC(537) Old regions: 7->7
[71,829s][info][gc,heap     ] GC(537) Archive regions: 2->2
[71,829s][info][gc,heap     ] GC(537) Humongous regions: 0->0
[71,829s][info][gc,metaspace] GC(537) Metaspace: 117K(320K)->117K(320K) NonClass: 109K(192K)->109K(192K) Class: 8K(128K)->8K(128K)
[71,829s][info][gc          ] GC(537) Pause Young (Normal) (G1 Evacuation Pause) 44M->11M(64M) 0,771ms
[71,829s][info][gc,cpu      ] GC(537) User=0,00s Sys=0,00s Real=0,00s
[71,977s][info][gc,start    ] GC(538) Pause Young (Normal) (G1 Evacuation Pause)
[71,978s][info][gc,task     ] GC(538) Using 4 workers of 8 for evacuation
[71,978s][info][gc,phases   ] GC(538)   Pre Evacuate Collection Set: 0,0ms
[71,978s][info][gc,phases   ] GC(538)   Merge Heap Roots: 0,0ms
[71,978s][info][gc,phases   ] GC(538)   Evacuate Collection Set: 0,3ms
[71,978s][info][gc,phases   ] GC(538)   Post Evacuate Collection Set: 0,1ms
[71,978s][info][gc,phases   ] GC(538)   Other: 0,1ms
[71,978s][info][gc,heap     ] GC(538) Eden regions: 33->0(34)
[71,978s][info][gc,heap     ] GC(538) Survivor regions: 5->4(5)
[71,978s][info][gc,heap     ] GC(538) Old regions: 7->7
[71,978s][info][gc,heap     ] GC(538) Archive regions: 2->2
[71,978s][info][gc,heap     ] GC(538) Humongous regions: 0->0
[71,978s][info][gc,metaspace] GC(538) Metaspace: 117K(320K)->117K(320K) NonClass: 109K(192K)->109K(192K) Class: 8K(128K)->8K(128K)
[71,978s][info][gc          ] GC(538) Pause Young (Normal) (G1 Evacuation Pause) 44M->10M(64M) 0,726ms
[71,978s][info][gc,cpu      ] GC(538) User=0,00s Sys=0,00s Real=0,00s
[72,128s][info][gc,start    ] GC(539) Pause Young (Normal) (G1 Evacuation Pause)
[72,128s][info][gc,task     ] GC(539) Using 4 workers of 8 for evacuation
[72,129s][info][gc,phases   ] GC(539)   Pre Evacuate Collection Set: 0,0ms
[72,129s][info][gc,phases   ] GC(539)   Merge Heap Roots: 0,0ms
[72,129s][info][gc,phases   ] GC(539)   Evacuate Collection Set: 0,3ms
[72,129s][info][gc,phases   ] GC(539)   Post Evacuate Collection Set: 0,1ms
[72,129s][info][gc,phases   ] GC(539)   Other: 0,1ms
[72,129s][info][gc,heap     ] GC(539) Eden regions: 34->0(33)
[72,129s][info][gc,heap     ] GC(539) Survivor regions: 4->5(5)
[72,129s][info][gc,heap     ] GC(539) Old regions: 7->7
[72,129s][info][gc,heap     ] GC(539) Archive regions: 2->2
[72,129s][info][gc,heap     ] GC(539) Humongous regions: 0->0
[72,129s][info][gc,metaspace] GC(539) Metaspace: 117K(320K)->117K(320K) NonClass: 109K(192K)->109K(192K) Class: 8K(128K)->8K(128K)
[72,129s][info][gc          ] GC(539) Pause Young (Normal) (G1 Evacuation Pause) 44M->11M(64M) 0,755ms
[72,129s][info][gc,cpu      ] GC(539) User=0,00s Sys=0,00s Real=0,00s
[72,228s][info][gc,start    ] GC(540) Pause Young (Normal) (G1 Evacuation Pause)
[72,228s][info][gc,task     ] GC(540) Using 4 workers of 8 for evacuation
[72,229s][info][gc,phases   ] GC(540)   Pre Evacuate Collection Set: 0,0ms
[72,229s][info][gc,phases   ] GC(540)   Merge Heap Roots: 0,0ms
[72,229s][info][gc,phases   ] GC(540)   Evacuate Collection Set: 0,3ms
[72,229s][info][gc,phases   ] GC(540)   Post Evacuate Collection Set: 0,1ms
[72,229s][info][gc,phases   ] GC(540)   Other: 0,1ms
[72,229s][info][gc,heap     ] GC(540) Eden regions: 33->0(35)
[72,229s][info][gc,heap     ] GC(540) Survivor regions: 5->3(5)
[72,229s][info][gc,heap     ] GC(540) Old regions: 7->7
[72,229s][info][gc,heap     ] GC(540) Archive regions: 2->2
[72,229s][info][gc,heap     ] GC(540) Humongous regions: 0->0
[72,229s][info][gc,metaspace] GC(540) Metaspace: 117K(320K)->117K(320K) NonClass: 109K(192K)->109K(192K) Class: 8K(128K)->8K(128K)
[72,229s][info][gc          ] GC(540) Pause Young (Normal) (G1 Evacuation Pause) 44M->9M(64M) 0,797ms
[72,229s][info][gc,cpu      ] GC(540) User=0,00s Sys=0,00s Real=0,00s
[72,378s][info][gc,start    ] GC(541) Pause Young (Normal) (G1 Evacuation Pause)
[72,378s][info][gc,task     ] GC(541) Using 4 workers of 8 for evacuation
[72,378s][info][gc,phases   ] GC(541)   Pre Evacuate Collection Set: 0,0ms
[72,378s][info][gc,phases   ] GC(541)   Merge Heap Roots: 0,0ms
[72,378s][info][gc,phases   ] GC(541)   Evacuate Collection Set: 0,2ms
[72,378s][info][gc,phases   ] GC(541)   Post Evacuate Collection Set: 0,1ms
[72,378s][info][gc,phases   ] GC(541)   Other: 0,1ms
[72,378s][info][gc,heap     ] GC(541) Eden regions: 35->0(34)
[72,378s][info][gc,heap     ] GC(541) Survivor regions: 3->4(5)
[72,378s][info][gc,heap     ] GC(541) Old regions: 7->7
[72,378s][info][gc,heap     ] GC(541) Archive regions: 2->2
[72,378s][info][gc,heap     ] GC(541) Humongous regions: 0->0
[72,378s][info][gc,metaspace] GC(541) Metaspace: 117K(320K)->117K(320K) NonClass: 109K(192K)->109K(192K) Class: 8K(128K)->8K(128K)
[72,378s][info][gc          ] GC(541) Pause Young (Normal) (G1 Evacuation Pause) 44M->10M(64M) 0,681ms
[72,379s][info][gc,cpu      ] GC(541) User=0,00s Sys=0,00s Real=0,00s
[72,527s][info][gc,start    ] GC(542) Pause Young (Normal) (G1 Evacuation Pause)
[72,527s][info][gc,task     ] GC(542) Using 4 workers of 8 for evacuation
[72,528s][info][gc,phases   ] GC(542)   Pre Evacuate Collection Set: 0,0ms
[72,528s][info][gc,phases   ] GC(542)   Merge Heap Roots: 0,0ms
[72,528s][info][gc,phases   ] GC(542)   Evacuate Collection Set: 0,3ms
[72,528s][info][gc,phases   ] GC(542)   Post Evacuate Collection Set: 0,1ms
[72,528s][info][gc,phases   ] GC(542)   Other: 0,1ms
[72,528s][info][gc,heap     ] GC(542) Eden regions: 34->0(33)
[72,528s][info][gc,heap     ] GC(542) Survivor regions: 4->5(5)
[72,528s][info][gc,heap     ] GC(542) Old regions: 7->7
[72,528s][info][gc,heap     ] GC(542) Archive regions: 2->2
[72,528s][info][gc,heap     ] GC(542) Humongous regions: 0->0
[72,528s][info][gc,metaspace] GC(542) Metaspace: 117K(320K)->117K(320K) NonClass: 109K(192K)->109K(192K) Class: 8K(128K)->8K(128K)
[72,528s][info][gc          ] GC(542) Pause Young (Normal) (G1 Evacuation Pause) 44M->11M(64M) 0,648ms
[72,528s][info][gc,cpu      ] GC(542) User=0,00s Sys=0,00s Real=0,00s
[72,628s][info][gc,start    ] GC(543) Pause Young (Normal) (G1 Evacuation Pause)
[72,628s][info][gc,task     ] GC(543) Using 4 workers of 8 for evacuation
[72,629s][info][gc,phases   ] GC(543)   Pre Evacuate Collection Set: 0,0ms
[72,629s][info][gc,phases   ] GC(543)   Merge Heap Roots: 0,0ms
[72,629s][info][gc,phases   ] GC(543)   Evacuate Collection Set: 0,5ms
[72,629s][info][gc,phases   ] GC(543)   Post Evacuate Collection Set: 0,1ms
[72,629s][info][gc,phases   ] GC(543)   Other: 0,1ms
[72,629s][info][gc,heap     ] GC(543) Eden regions: 33->0(34)
[72,629s][info][gc,heap     ] GC(543) Survivor regions: 5->4(5)
[72,629s][info][gc,heap     ] GC(543) Old regions: 7->7
[72,629s][info][gc,heap     ] GC(543) Archive regions: 2->2
[72,629s][info][gc,heap     ] GC(543) Humongous regions: 0->0
[72,629s][info][gc,metaspace] GC(543) Metaspace: 117K(320K)->117K(320K) NonClass: 109K(192K)->109K(192K) Class: 8K(128K)->8K(128K)
[72,629s][info][gc          ] GC(543) Pause Young (Normal) (G1 Evacuation Pause) 44M->11M(64M) 0,848ms
[72,629s][info][gc,cpu      ] GC(543) User=0,00s Sys=0,01s Real=0,00s
[72,777s][info][gc,start    ] GC(544) Pause Young (Normal) (G1 Evacuation Pause)
[72,777s][info][gc,task     ] GC(544) Using 4 workers of 8 for evacuation
[72,778s][info][gc,phases   ] GC(544)   Pre Evacuate Collection Set: 0,0ms
[72,778s][info][gc,phases   ] GC(544)   Merge Heap Roots: 0,0ms
[72,778s][info][gc,phases   ] GC(544)   Evacuate Collection Set: 0,3ms
[72,778s][info][gc,phases   ] GC(544)   Post Evacuate Collection Set: 0,1ms
[72,778s][info][gc,phases   ] GC(544)   Other: 0,1ms
[72,778s][info][gc,heap     ] GC(544) Eden regions: 34->0(34)
[72,778s][info][gc,heap     ] GC(544) Survivor regions: 4->4(5)
[72,778s][info][gc,heap     ] GC(544) Old regions: 7->7
[72,778s][info][gc,heap     ] GC(544) Archive regions: 2->2
[72,778s][info][gc,heap     ] GC(544) Humongous regions: 0->0
[72,778s][info][gc,metaspace] GC(544) Metaspace: 117K(320K)->117K(320K) NonClass: 109K(192K)->109K(192K) Class: 8K(128K)->8K(128K)
[72,778s][info][gc          ] GC(544) Pause Young (Normal) (G1 Evacuation Pause) 45M->10M(64M) 0,727ms
[72,778s][info][gc,cpu      ] GC(544) User=0,00s Sys=0,00s Real=0,00s
[72,928s][info][gc,start    ] GC(545) Pause Young (Normal) (G1 Evacuation Pause)
[72,928s][info][gc,task     ] GC(545) Using 4 workers of 8 for evacuation
[72,928s][info][gc,phases   ] GC(545)   Pre Evacuate Collection Set: 0,0ms
[72,928s][info][gc,phases   ] GC(545)   Merge Heap Roots: 0,0ms
[72,928s][info][gc,phases   ] GC(545)   Evacuate Collection Set: 0,3ms
[72,928s][info][gc,phases   ] GC(545)   Post Evacuate Collection Set: 0,1ms
[72,928s][info][gc,phases   ] GC(545)   Other: 0,2ms
[72,928s][info][gc,heap     ] GC(545) Eden regions: 34->0(35)
[72,928s][info][gc,heap     ] GC(545) Survivor regions: 4->3(5)
[72,928s][info][gc,heap     ] GC(545) Old regions: 7->7
[72,928s][info][gc,heap     ] GC(545) Archive regions: 2->2
[72,928s][info][gc,heap     ] GC(545) Humongous regions: 0->0
[72,928s][info][gc,metaspace] GC(545) Metaspace: 117K(320K)->117K(320K) NonClass: 109K(192K)->109K(192K) Class: 8K(128K)->8K(128K)
[72,928s][info][gc          ] GC(545) Pause Young (Normal) (G1 Evacuation Pause) 44M->10M(64M) 0,683ms
[72,928s][info][gc,cpu      ] GC(545) User=0,00s Sys=0,00s Real=0,00s
[73,028s][info][gc,start    ] GC(546) Pause Young (Normal) (G1 Evacuation Pause)
[73,028s][info][gc,task     ] GC(546) Using 4 workers of 8 for evacuation
[73,029s][info][gc,phases   ] GC(546)   Pre Evacuate Collection Set: 0,0ms
[73,029s][info][gc,phases   ] GC(546)   Merge Heap Roots: 0,0ms
[73,029s][info][gc,phases   ] GC(546)   Evacuate Collection Set: 0,5ms
[73,029s][info][gc,phases   ] GC(546)   Post Evacuate Collection Set: 0,1ms
[73,029s][info][gc,phases   ] GC(546)   Other: 0,1ms
[73,029s][info][gc,heap     ] GC(546) Eden regions: 35->0(33)
[73,029s][info][gc,heap     ] GC(546) Survivor regions: 3->5(5)
[73,029s][info][gc,heap     ] GC(546) Old regions: 7->7
[73,029s][info][gc,heap     ] GC(546) Archive regions: 2->2
[73,029s][info][gc,heap     ] GC(546) Humongous regions: 0->0
[73,029s][info][gc,metaspace] GC(546) Metaspace: 117K(320K)->117K(320K) NonClass: 109K(192K)->109K(192K) Class: 8K(128K)->8K(128K)
[73,029s][info][gc          ] GC(546) Pause Young (Normal) (G1 Evacuation Pause) 45M->12M(64M) 0,860ms
[73,029s][info][gc,cpu      ] GC(546) User=0,00s Sys=0,00s Real=0,00s
[73,178s][info][gc,start    ] GC(547) Pause Young (Normal) (G1 Evacuation Pause)
[73,178s][info][gc,task     ] GC(547) Using 4 workers of 8 for evacuation
[73,179s][info][gc,phases   ] GC(547)   Pre Evacuate Collection Set: 0,0ms
[73,179s][info][gc,phases   ] GC(547)   Merge Heap Roots: 0,1ms
[73,179s][info][gc,phases   ] GC(547)   Evacuate Collection Set: 0,3ms
[73,179s][info][gc,phases   ] GC(547)   Post Evacuate Collection Set: 0,1ms
[73,179s][info][gc,phases   ] GC(547)   Other: 0,2ms
[73,179s][info][gc,heap     ] GC(547) Eden regions: 33->0(35)
[73,179s][info][gc,heap     ] GC(547) Survivor regions: 5->3(5)
[73,179s][info][gc,heap     ] GC(547) Old regions: 7->7
[73,179s][info][gc,heap     ] GC(547) Archive regions: 2->2
[73,179s][info][gc,heap     ] GC(547) Humongous regions: 0->0
[73,179s][info][gc,metaspace] GC(547) Metaspace: 117K(320K)->117K(320K) NonClass: 109K(192K)->109K(192K) Class: 8K(128K)->8K(128K)
[73,179s][info][gc          ] GC(547) Pause Young (Normal) (G1 Evacuation Pause) 45M->10M(64M) 0,728ms
[73,179s][info][gc,cpu      ] GC(547) User=0,00s Sys=0,00s Real=0,00s
[73,327s][info][gc,start    ] GC(548) Pause Young (Normal) (G1 Evacuation Pause)
[73,327s][info][gc,task     ] GC(548) Using 4 workers of 8 for evacuation
[73,328s][info][gc,phases   ] GC(548)   Pre Evacuate Collection Set: 0,0ms
[73,328s][info][gc,phases   ] GC(548)   Merge Heap Roots: 0,0ms
[73,328s][info][gc,phases   ] GC(548)   Evacuate Collection Set: 0,4ms
[73,328s][info][gc,phases   ] GC(548)   Post Evacuate Collection Set: 0,1ms
[73,328s][info][gc,phases   ] GC(548)   Other: 0,1ms
[73,328s][info][gc,heap     ] GC(548) Eden regions: 35->0(33)
[73,328s][info][gc,heap     ] GC(548) Survivor regions: 3->5(5)
[73,328s][info][gc,heap     ] GC(548) Old regions: 7->7
[73,328s][info][gc,heap     ] GC(548) Archive regions: 2->2
[73,328s][info][gc,heap     ] GC(548) Humongous regions: 0->0
[73,328s][info][gc,metaspace] GC(548) Metaspace: 117K(320K)->117K(320K) NonClass: 109K(192K)->109K(192K) Class: 8K(128K)->8K(128K)
[73,328s][info][gc          ] GC(548) Pause Young (Normal) (G1 Evacuation Pause) 45M->12M(64M) 0,712ms
[73,328s][info][gc,cpu      ] GC(548) User=0,00s Sys=0,00s Real=0,00s
[73,428s][info][gc,start    ] GC(549) Pause Young (Normal) (G1 Evacuation Pause)
[73,428s][info][gc,task     ] GC(549) Using 4 workers of 8 for evacuation
[73,428s][info][gc,phases   ] GC(549)   Pre Evacuate Collection Set: 0,0ms
[73,428s][info][gc,phases   ] GC(549)   Merge Heap Roots: 0,0ms
[73,428s][info][gc,phases   ] GC(549)   Evacuate Collection Set: 0,3ms
[73,428s][info][gc,phases   ] GC(549)   Post Evacuate Collection Set: 0,1ms
[73,428s][info][gc,phases   ] GC(549)   Other: 0,1ms
[73,428s][info][gc,heap     ] GC(549) Eden regions: 33->0(34)
[73,428s][info][gc,heap     ] GC(549) Survivor regions: 5->4(5)
[73,428s][info][gc,heap     ] GC(549) Old regions: 7->7
[73,428s][info][gc,heap     ] GC(549) Archive regions: 2->2
[73,428s][info][gc,heap     ] GC(549) Humongous regions: 0->0
[73,428s][info][gc,metaspace] GC(549) Metaspace: 117K(320K)->117K(320K) NonClass: 109K(192K)->109K(192K) Class: 8K(128K)->8K(128K)
[73,428s][info][gc          ] GC(549) Pause Young (Normal) (G1 Evacuation Pause) 45M->11M(64M) 0,667ms
[73,428s][info][gc,cpu      ] GC(549) User=0,00s Sys=0,00s Real=0,00s
[73,577s][info][gc,start    ] GC(550) Pause Young (Normal) (G1 Evacuation Pause)
[73,577s][info][gc,task     ] GC(550) Using 4 workers of 8 for evacuation
[73,577s][info][gc,phases   ] GC(550)   Pre Evacuate Collection Set: 0,0ms
[73,577s][info][gc,phases   ] GC(550)   Merge Heap Roots: 0,0ms
[73,578s][info][gc,phases   ] GC(550)   Evacuate Collection Set: 0,4ms
[73,578s][info][gc,phases   ] GC(550)   Post Evacuate Collection Set: 0,1ms
[73,578s][info][gc,phases   ] GC(550)   Other: 0,1ms
[73,578s][info][gc,heap     ] GC(550) Eden regions: 34->0(33)
[73,578s][info][gc,heap     ] GC(550) Survivor regions: 4->5(5)
[73,578s][info][gc,heap     ] GC(550) Old regions: 7->7
[73,578s][info][gc,heap     ] GC(550) Archive regions: 2->2
[73,578s][info][gc,heap     ] GC(550) Humongous regions: 0->0
[73,578s][info][gc,metaspace] GC(550) Metaspace: 117K(320K)->117K(320K) NonClass: 109K(192K)->109K(192K) Class: 8K(128K)->8K(128K)
[73,578s][info][gc          ] GC(550) Pause Young (Normal) (G1 Evacuation Pause) 45M->12M(64M) 0,690ms
[73,578s][info][gc,cpu      ] GC(550) User=0,00s Sys=0,00s Real=0,00s
[73,728s][info][gc,start    ] GC(551) Pause Young (Normal) (G1 Evacuation Pause)
[73,728s][info][gc,task     ] GC(551) Using 4 workers of 8 for evacuation
[73,728s][info][gc,phases   ] GC(551)   Pre Evacuate Collection Set: 0,0ms
[73,728s][info][gc,phases   ] GC(551)   Merge Heap Roots: 0,0ms
[73,728s][info][gc,phases   ] GC(551)   Evacuate Collection Set: 0,2ms
[73,728s][info][gc,phases   ] GC(551)   Post Evacuate Collection Set: 0,1ms
[73,728s][info][gc,phases   ] GC(551)   Other: 0,1ms
[73,728s][info][gc,heap     ] GC(551) Eden regions: 33->0(35)
[73,728s][info][gc,heap     ] GC(551) Survivor regions: 5->3(5)
[73,728s][info][gc,heap     ] GC(551) Old regions: 7->7
[73,728s][info][gc,heap     ] GC(551) Archive regions: 2->2
[73,728s][info][gc,heap     ] GC(551) Humongous regions: 0->0
[73,728s][info][gc,metaspace] GC(551) Metaspace: 117K(320K)->117K(320K) NonClass: 109K(192K)->109K(192K) Class: 8K(128K)->8K(128K)
[73,728s][info][gc          ] GC(551) Pause Young (Normal) (G1 Evacuation Pause) 45M->10M(64M) 0,594ms
[73,728s][info][gc,cpu      ] GC(551) User=0,00s Sys=0,00s Real=0,00s
[73,829s][info][gc,start    ] GC(552) Pause Young (Normal) (G1 Evacuation Pause)
[73,829s][info][gc,task     ] GC(552) Using 4 workers of 8 for evacuation
[73,829s][info][gc,phases   ] GC(552)   Pre Evacuate Collection Set: 0,1ms
[73,829s][info][gc,phases   ] GC(552)   Merge Heap Roots: 0,0ms
[73,829s][info][gc,phases   ] GC(552)   Evacuate Collection Set: 0,4ms
[73,829s][info][gc,phases   ] GC(552)   Post Evacuate Collection Set: 0,1ms
[73,829s][info][gc,phases   ] GC(552)   Other: 0,2ms
[73,829s][info][gc,heap     ] GC(552) Eden regions: 35->0(33)
[73,829s][info][gc,heap     ] GC(552) Survivor regions: 3->5(5)
[73,829s][info][gc,heap     ] GC(552) Old regions: 7->7
[73,829s][info][gc,heap     ] GC(552) Archive regions: 2->2
[73,829s][info][gc,heap     ] GC(552) Humongous regions: 0->0
[73,829s][info][gc,metaspace] GC(552) Metaspace: 117K(320K)->117K(320K) NonClass: 109K(192K)->109K(192K) Class: 8K(128K)->8K(128K)
[73,829s][info][gc          ] GC(552) Pause Young (Normal) (G1 Evacuation Pause) 45M->12M(64M) 0,895ms
[73,830s][info][gc,cpu      ] GC(552) User=0,00s Sys=0,00s Real=0,00s
[73,979s][info][gc,start    ] GC(553) Pause Young (Normal) (G1 Evacuation Pause)
[73,979s][info][gc,task     ] GC(553) Using 4 workers of 8 for evacuation
[73,979s][info][gc,phases   ] GC(553)   Pre Evacuate Collection Set: 0,0ms
[73,979s][info][gc,phases   ] GC(553)   Merge Heap Roots: 0,0ms
[73,979s][info][gc,phases   ] GC(553)   Evacuate Collection Set: 0,2ms
[73,979s][info][gc,phases   ] GC(553)   Post Evacuate Collection Set: 0,1ms
[73,979s][info][gc,phases   ] GC(553)   Other: 0,1ms
[73,979s][info][gc,heap     ] GC(553) Eden regions: 33->0(34)
[73,979s][info][gc,heap     ] GC(553) Survivor regions: 5->4(5)
[73,979s][info][gc,heap     ] GC(553) Old regions: 7->7
[73,979s][info][gc,heap     ] GC(553) Archive regions: 2->2
[73,979s][info][gc,heap     ] GC(553) Humongous regions: 0->0
[73,979s][info][gc,metaspace] GC(553) Metaspace: 117K(320K)->117K(320K) NonClass: 109K(192K)->109K(192K) Class: 8K(128K)->8K(128K)
[73,979s][info][gc          ] GC(553) Pause Young (Normal) (G1 Evacuation Pause) 45M->11M(64M) 0,546ms
[73,979s][info][gc,cpu      ] GC(553) User=0,00s Sys=0,00s Real=0,00s
[74,124s][info][gc,start    ] GC(554) Pause Young (Normal) (G1 Evacuation Pause)
[74,124s][info][gc,task     ] GC(554) Using 4 workers of 8 for evacuation
[74,125s][info][gc,phases   ] GC(554)   Pre Evacuate Collection Set: 0,0ms
[74,125s][info][gc,phases   ] GC(554)   Merge Heap Roots: 0,0ms
[74,125s][info][gc,phases   ] GC(554)   Evacuate Collection Set: 0,6ms
[74,125s][info][gc,phases   ] GC(554)   Post Evacuate Collection Set: 0,1ms
[74,125s][info][gc,phases   ] GC(554)   Other: 0,1ms
[74,125s][info][gc,heap     ] GC(554) Eden regions: 34->0(33)
[74,125s][info][gc,heap     ] GC(554) Survivor regions: 4->5(5)
[74,125s][info][gc,heap     ] GC(554) Old regions: 7->7
[74,125s][info][gc,heap     ] GC(554) Archive regions: 2->2
[74,125s][info][gc,heap     ] GC(554) Humongous regions: 0->0
[74,125s][info][gc,metaspace] GC(554) Metaspace: 117K(320K)->117K(320K) NonClass: 109K(192K)->109K(192K) Class: 8K(128K)->8K(128K)
[74,125s][info][gc          ] GC(554) Pause Young (Normal) (G1 Evacuation Pause) 45M->12M(64M) 1,078ms
[74,125s][info][gc,cpu      ] GC(554) User=0,00s Sys=0,00s Real=0,00s
[74,228s][info][gc,start    ] GC(555) Pause Young (Normal) (G1 Evacuation Pause)
[74,228s][info][gc,task     ] GC(555) Using 4 workers of 8 for evacuation
[74,228s][info][gc,phases   ] GC(555)   Pre Evacuate Collection Set: 0,0ms
[74,228s][info][gc,phases   ] GC(555)   Merge Heap Roots: 0,0ms
[74,228s][info][gc,phases   ] GC(555)   Evacuate Collection Set: 0,2ms
[74,228s][info][gc,phases   ] GC(555)   Post Evacuate Collection Set: 0,1ms
[74,228s][info][gc,phases   ] GC(555)   Other: 0,1ms
[74,228s][info][gc,heap     ] GC(555) Eden regions: 33->0(35)
[74,228s][info][gc,heap     ] GC(555) Survivor regions: 5->3(5)
[74,228s][info][gc,heap     ] GC(555) Old regions: 7->7
[74,228s][info][gc,heap     ] GC(555) Archive regions: 2->2
[74,228s][info][gc,heap     ] GC(555) Humongous regions: 0->0
[74,228s][info][gc,metaspace] GC(555) Metaspace: 117K(320K)->117K(320K) NonClass: 109K(192K)->109K(192K) Class: 8K(128K)->8K(128K)
[74,228s][info][gc          ] GC(555) Pause Young (Normal) (G1 Evacuation Pause) 44M->10M(64M) 0,575ms
[74,228s][info][gc,cpu      ] GC(555) User=0,00s Sys=0,00s Real=0,00s
[74,377s][info][gc,start    ] GC(556) Pause Young (Normal) (G1 Evacuation Pause)
[74,378s][info][gc,task     ] GC(556) Using 4 workers of 8 for evacuation
[74,378s][info][gc,phases   ] GC(556)   Pre Evacuate Collection Set: 0,0ms
[74,378s][info][gc,phases   ] GC(556)   Merge Heap Roots: 0,0ms
[74,378s][info][gc,phases   ] GC(556)   Evacuate Collection Set: 0,4ms
[74,378s][info][gc,phases   ] GC(556)   Post Evacuate Collection Set: 0,1ms
[74,378s][info][gc,phases   ] GC(556)   Other: 0,1ms
[74,378s][info][gc,heap     ] GC(556) Eden regions: 35->0(33)
[74,378s][info][gc,heap     ] GC(556) Survivor regions: 3->5(5)
[74,378s][info][gc,heap     ] GC(556) Old regions: 7->7
[74,378s][info][gc,heap     ] GC(556) Archive regions: 2->2
[74,378s][info][gc,heap     ] GC(556) Humongous regions: 0->0
[74,378s][info][gc,metaspace] GC(556) Metaspace: 117K(320K)->117K(320K) NonClass: 109K(192K)->109K(192K) Class: 8K(128K)->8K(128K)
[74,378s][info][gc          ] GC(556) Pause Young (Normal) (G1 Evacuation Pause) 45M->12M(64M) 0,787ms
[74,378s][info][gc,cpu      ] GC(556) User=0,00s Sys=0,00s Real=0,00s
[74,528s][info][gc,start    ] GC(557) Pause Young (Normal) (G1 Evacuation Pause)
[74,529s][info][gc,task     ] GC(557) Using 4 workers of 8 for evacuation
[74,529s][info][gc,phases   ] GC(557)   Pre Evacuate Collection Set: 0,0ms
[74,529s][info][gc,phases   ] GC(557)   Merge Heap Roots: 0,0ms
[74,529s][info][gc,phases   ] GC(557)   Evacuate Collection Set: 0,2ms
[74,529s][info][gc,phases   ] GC(557)   Post Evacuate Collection Set: 0,1ms
[74,529s][info][gc,phases   ] GC(557)   Other: 0,1ms
[74,529s][info][gc,heap     ] GC(557) Eden regions: 33->0(34)
[74,529s][info][gc,heap     ] GC(557) Survivor regions: 5->4(5)
[74,529s][info][gc,heap     ] GC(557) Old regions: 7->7
[74,529s][info][gc,heap     ] GC(557) Archive regions: 2->2
[74,529s][info][gc,heap     ] GC(557) Humongous regions: 0->0
[74,529s][info][gc,metaspace] GC(557) Metaspace: 117K(320K)->117K(320K) NonClass: 109K(192K)->109K(192K) Class: 8K(128K)->8K(128K)
[74,529s][info][gc          ] GC(557) Pause Young (Normal) (G1 Evacuation Pause) 45M->10M(64M) 0,568ms
[74,529s][info][gc,cpu      ] GC(557) User=0,00s Sys=0,00s Real=0,00s
[74,629s][info][gc,start    ] GC(558) Pause Young (Normal) (G1 Evacuation Pause)
[74,629s][info][gc,task     ] GC(558) Using 4 workers of 8 for evacuation
[74,629s][info][gc,phases   ] GC(558)   Pre Evacuate Collection Set: 0,0ms
[74,629s][info][gc,phases   ] GC(558)   Merge Heap Roots: 0,0ms
[74,629s][info][gc,phases   ] GC(558)   Evacuate Collection Set: 0,4ms
[74,629s][info][gc,phases   ] GC(558)   Post Evacuate Collection Set: 0,1ms
[74,629s][info][gc,phases   ] GC(558)   Other: 0,1ms
[74,629s][info][gc,heap     ] GC(558) Eden regions: 34->0(33)
[74,629s][info][gc,heap     ] GC(558) Survivor regions: 4->5(5)
[74,629s][info][gc,heap     ] GC(558) Old regions: 7->7
[74,630s][info][gc,heap     ] GC(558) Archive regions: 2->2
[74,630s][info][gc,heap     ] GC(558) Humongous regions: 0->0
[74,630s][info][gc,metaspace] GC(558) Metaspace: 117K(320K)->117K(320K) NonClass: 109K(192K)->109K(192K) Class: 8K(128K)->8K(128K)
[74,630s][info][gc          ] GC(558) Pause Young (Normal) (G1 Evacuation Pause) 44M->11M(64M) 0,699ms
[74,630s][info][gc,cpu      ] GC(558) User=0,00s Sys=0,00s Real=0,00s
[74,777s][info][gc,start    ] GC(559) Pause Young (Normal) (G1 Evacuation Pause)
[74,777s][info][gc,task     ] GC(559) Using 4 workers of 8 for evacuation
[74,777s][info][gc,phases   ] GC(559)   Pre Evacuate Collection Set: 0,0ms
[74,777s][info][gc,phases   ] GC(559)   Merge Heap Roots: 0,0ms
[74,777s][info][gc,phases   ] GC(559)   Evacuate Collection Set: 0,2ms
[74,777s][info][gc,phases   ] GC(559)   Post Evacuate Collection Set: 0,1ms
[74,777s][info][gc,phases   ] GC(559)   Other: 0,1ms
[74,777s][info][gc,heap     ] GC(559) Eden regions: 33->0(35)
[74,777s][info][gc,heap     ] GC(559) Survivor regions: 5->3(5)
[74,777s][info][gc,heap     ] GC(559) Old regions: 7->7
[74,777s][info][gc,heap     ] GC(559) Archive regions: 2->2
[74,777s][info][gc,heap     ] GC(559) Humongous regions: 0->0
[74,777s][info][gc,metaspace] GC(559) Metaspace: 117K(320K)->117K(320K) NonClass: 109K(192K)->109K(192K) Class: 8K(128K)->8K(128K)
[74,777s][info][gc          ] GC(559) Pause Young (Normal) (G1 Evacuation Pause) 44M->10M(64M) 0,549ms
[74,777s][info][gc,cpu      ] GC(559) User=0,00s Sys=0,00s Real=0,00s
[74,924s][info][gc,start    ] GC(560) Pause Young (Normal) (G1 Evacuation Pause)
[74,924s][info][gc,task     ] GC(560) Using 4 workers of 8 for evacuation
[74,925s][info][gc,phases   ] GC(560)   Pre Evacuate Collection Set: 0,1ms
[74,925s][info][gc,phases   ] GC(560)   Merge Heap Roots: 0,0ms
[74,925s][info][gc,phases   ] GC(560)   Evacuate Collection Set: 0,6ms
[74,925s][info][gc,phases   ] GC(560)   Post Evacuate Collection Set: 0,2ms
[74,925s][info][gc,phases   ] GC(560)   Other: 0,1ms
[74,925s][info][gc,heap     ] GC(560) Eden regions: 35->0(34)
[74,925s][info][gc,heap     ] GC(560) Survivor regions: 3->4(5)
[74,925s][info][gc,heap     ] GC(560) Old regions: 7->7
[74,925s][info][gc,heap     ] GC(560) Archive regions: 2->2
[74,925s][info][gc,heap     ] GC(560) Humongous regions: 0->0
[74,925s][info][gc,metaspace] GC(560) Metaspace: 117K(320K)->117K(320K) NonClass: 109K(192K)->109K(192K) Class: 8K(128K)->8K(128K)
[74,925s][info][gc          ] GC(560) Pause Young (Normal) (G1 Evacuation Pause) 45M->11M(64M) 1,076ms
[74,925s][info][gc,cpu      ] GC(560) User=0,00s Sys=0,00s Real=0,00s
[75,027s][info][gc,start    ] GC(561) Pause Young (Normal) (G1 Evacuation Pause)
[75,027s][info][gc,task     ] GC(561) Using 4 workers of 8 for evacuation
[75,028s][info][gc,phases   ] GC(561)   Pre Evacuate Collection Set: 0,0ms
[75,028s][info][gc,phases   ] GC(561)   Merge Heap Roots: 0,0ms
[75,028s][info][gc,phases   ] GC(561)   Evacuate Collection Set: 0,5ms
[75,028s][info][gc,phases   ] GC(561)   Post Evacuate Collection Set: 0,1ms
[75,028s][info][gc,phases   ] GC(561)   Other: 0,1ms
[75,028s][info][gc,heap     ] GC(561) Eden regions: 34->0(33)
[75,028s][info][gc,heap     ] GC(561) Survivor regions: 4->5(5)
[75,028s][info][gc,heap     ] GC(561) Old regions: 7->7
[75,028s][info][gc,heap     ] GC(561) Archive regions: 2->2
[75,028s][info][gc,heap     ] GC(561) Humongous regions: 0->0
[75,028s][info][gc,metaspace] GC(561) Metaspace: 117K(320K)->117K(320K) NonClass: 109K(192K)->109K(192K) Class: 8K(128K)->8K(128K)
[75,028s][info][gc          ] GC(561) Pause Young (Normal) (G1 Evacuation Pause) 45M->11M(64M) 0,915ms
[75,028s][info][gc,cpu      ] GC(561) User=0,00s Sys=0,01s Real=0,00s
[75,178s][info][gc,start    ] GC(562) Pause Young (Normal) (G1 Evacuation Pause)
[75,178s][info][gc,task     ] GC(562) Using 4 workers of 8 for evacuation
[75,178s][info][gc,phases   ] GC(562)   Pre Evacuate Collection Set: 0,0ms
[75,178s][info][gc,phases   ] GC(562)   Merge Heap Roots: 0,0ms
[75,178s][info][gc,phases   ] GC(562)   Evacuate Collection Set: 0,2ms
[75,178s][info][gc,phases   ] GC(562)   Post Evacuate Collection Set: 0,1ms
[75,178s][info][gc,phases   ] GC(562)   Other: 0,1ms
[75,178s][info][gc,heap     ] GC(562) Eden regions: 33->0(35)
[75,178s][info][gc,heap     ] GC(562) Survivor regions: 5->3(5)
[75,178s][info][gc,heap     ] GC(562) Old regions: 7->7
[75,178s][info][gc,heap     ] GC(562) Archive regions: 2->2
[75,178s][info][gc,heap     ] GC(562) Humongous regions: 0->0
[75,178s][info][gc,metaspace] GC(562) Metaspace: 117K(320K)->117K(320K) NonClass: 109K(192K)->109K(192K) Class: 8K(128K)->8K(128K)
[75,178s][info][gc          ] GC(562) Pause Young (Normal) (G1 Evacuation Pause) 44M->9M(64M) 0,649ms
[75,178s][info][gc,cpu      ] GC(562) User=0,00s Sys=0,00s Real=0,00s
[75,327s][info][gc,start    ] GC(563) Pause Young (Normal) (G1 Evacuation Pause)
[75,327s][info][gc,task     ] GC(563) Using 4 workers of 8 for evacuation
[75,327s][info][gc,phases   ] GC(563)   Pre Evacuate Collection Set: 0,0ms
[75,327s][info][gc,phases   ] GC(563)   Merge Heap Roots: 0,0ms
[75,327s][info][gc,phases   ] GC(563)   Evacuate Collection Set: 0,5ms
[75,327s][info][gc,phases   ] GC(563)   Post Evacuate Collection Set: 0,1ms
[75,327s][info][gc,phases   ] GC(563)   Other: 0,1ms
[75,327s][info][gc,heap     ] GC(563) Eden regions: 35->0(33)
[75,327s][info][gc,heap     ] GC(563) Survivor regions: 3->5(5)
[75,327s][info][gc,heap     ] GC(563) Old regions: 7->7
[75,327s][info][gc,heap     ] GC(563) Archive regions: 2->2
[75,327s][info][gc,heap     ] GC(563) Humongous regions: 0->0
[75,328s][info][gc,metaspace] GC(563) Metaspace: 117K(320K)->117K(320K) NonClass: 109K(192K)->109K(192K) Class: 8K(128K)->8K(128K)
[75,328s][info][gc          ] GC(563) Pause Young (Normal) (G1 Evacuation Pause) 44M->11M(64M) 0,875ms
[75,328s][info][gc,cpu      ] GC(563) User=0,00s Sys=0,00s Real=0,00s
[75,428s][info][gc,start    ] GC(564) Pause Young (Normal) (G1 Evacuation Pause)
[75,428s][info][gc,task     ] GC(564) Using 4 workers of 8 for evacuation
[75,429s][info][gc,phases   ] GC(564)   Pre Evacuate Collection Set: 0,0ms
[75,429s][info][gc,phases   ] GC(564)   Merge Heap Roots: 0,0ms
[75,429s][info][gc,phases   ] GC(564)   Evacuate Collection Set: 0,3ms
[75,429s][info][gc,phases   ] GC(564)   Post Evacuate Collection Set: 0,1ms
[75,429s][info][gc,phases   ] GC(564)   Other: 0,1ms
[75,429s][info][gc,heap     ] GC(564) Eden regions: 33->0(34)
[75,429s][info][gc,heap     ] GC(564) Survivor regions: 5->4(5)
[75,429s][info][gc,heap     ] GC(564) Old regions: 7->7
[75,429s][info][gc,heap     ] GC(564) Archive regions: 2->2
[75,429s][info][gc,heap     ] GC(564) Humongous regions: 0->0
[75,429s][info][gc,metaspace] GC(564) Metaspace: 117K(320K)->117K(320K) NonClass: 109K(192K)->109K(192K) Class: 8K(128K)->8K(128K)
[75,429s][info][gc          ] GC(564) Pause Young (Normal) (G1 Evacuation Pause) 44M->10M(64M) 0,683ms
[75,429s][info][gc,cpu      ] GC(564) User=0,00s Sys=0,00s Real=0,00s
[75,574s][info][gc,start    ] GC(565) Pause Young (Normal) (G1 Evacuation Pause)
[75,574s][info][gc,task     ] GC(565) Using 4 workers of 8 for evacuation
[75,575s][info][gc,phases   ] GC(565)   Pre Evacuate Collection Set: 0,0ms
[75,575s][info][gc,phases   ] GC(565)   Merge Heap Roots: 0,0ms
[75,575s][info][gc,phases   ] GC(565)   Evacuate Collection Set: 0,5ms
[75,575s][info][gc,phases   ] GC(565)   Post Evacuate Collection Set: 0,1ms
[75,575s][info][gc,phases   ] GC(565)   Other: 0,1ms
[75,575s][info][gc,heap     ] GC(565) Eden regions: 34->0(33)
[75,575s][info][gc,heap     ] GC(565) Survivor regions: 4->5(5)
[75,575s][info][gc,heap     ] GC(565) Old regions: 7->7
[75,575s][info][gc,heap     ] GC(565) Archive regions: 2->2
[75,575s][info][gc,heap     ] GC(565) Humongous regions: 0->0
[75,575s][info][gc,metaspace] GC(565) Metaspace: 117K(320K)->117K(320K) NonClass: 109K(192K)->109K(192K) Class: 8K(128K)->8K(128K)
[75,575s][info][gc          ] GC(565) Pause Young (Normal) (G1 Evacuation Pause) 44M->11M(64M) 0,896ms
[75,575s][info][gc,cpu      ] GC(565) User=0,00s Sys=0,00s Real=0,00s
[75,728s][info][gc,start    ] GC(566) Pause Young (Normal) (G1 Evacuation Pause)
[75,728s][info][gc,task     ] GC(566) Using 4 workers of 8 for evacuation
[75,728s][info][gc,phases   ] GC(566)   Pre Evacuate Collection Set: 0,0ms
[75,728s][info][gc,phases   ] GC(566)   Merge Heap Roots: 0,0ms
[75,728s][info][gc,phases   ] GC(566)   Evacuate Collection Set: 0,3ms
[75,728s][info][gc,phases   ] GC(566)   Post Evacuate Collection Set: 0,2ms
[75,728s][info][gc,phases   ] GC(566)   Other: 0,1ms
[75,728s][info][gc,heap     ] GC(566) Eden regions: 33->0(35)
[75,728s][info][gc,heap     ] GC(566) Survivor regions: 5->3(5)
[75,728s][info][gc,heap     ] GC(566) Old regions: 7->7
[75,728s][info][gc,heap     ] GC(566) Archive regions: 2->2
[75,728s][info][gc,heap     ] GC(566) Humongous regions: 0->0
[75,728s][info][gc,metaspace] GC(566) Metaspace: 117K(320K)->117K(320K) NonClass: 109K(192K)->109K(192K) Class: 8K(128K)->8K(128K)
[75,728s][info][gc          ] GC(566) Pause Young (Normal) (G1 Evacuation Pause) 44M->10M(64M) 0,653ms
[75,728s][info][gc,cpu      ] GC(566) User=0,00s Sys=0,00s Real=0,00s
[75,829s][info][gc,start    ] GC(567) Pause Young (Normal) (G1 Evacuation Pause)
[75,829s][info][gc,task     ] GC(567) Using 4 workers of 8 for evacuation
[75,829s][info][gc,phases   ] GC(567)   Pre Evacuate Collection Set: 0,0ms
[75,829s][info][gc,phases   ] GC(567)   Merge Heap Roots: 0,0ms
[75,829s][info][gc,phases   ] GC(567)   Evacuate Collection Set: 0,4ms
[75,829s][info][gc,phases   ] GC(567)   Post Evacuate Collection Set: 0,2ms
[75,829s][info][gc,phases   ] GC(567)   Other: 0,1ms
[75,829s][info][gc,heap     ] GC(567) Eden regions: 35->0(33)
[75,829s][info][gc,heap     ] GC(567) Survivor regions: 3->5(5)
[75,829s][info][gc,heap     ] GC(567) Old regions: 7->7
[75,829s][info][gc,heap     ] GC(567) Archive regions: 2->2
[75,829s][info][gc,heap     ] GC(567) Humongous regions: 0->0
[75,830s][info][gc,metaspace] GC(567) Metaspace: 117K(320K)->117K(320K) NonClass: 109K(192K)->109K(192K) Class: 8K(128K)->8K(128K)
[75,830s][info][gc          ] GC(567) Pause Young (Normal) (G1 Evacuation Pause) 45M->12M(64M) 0,794ms
[75,830s][info][gc,cpu      ] GC(567) User=0,00s Sys=0,00s Real=0,00s
[75,975s][info][gc,start    ] GC(568) Pause Young (Normal) (G1 Evacuation Pause)
[75,975s][info][gc,task     ] GC(568) Using 4 workers of 8 for evacuation
[75,976s][info][gc,phases   ] GC(568)   Pre Evacuate Collection Set: 0,0ms
[75,976s][info][gc,phases   ] GC(568)   Merge Heap Roots: 0,0ms
[75,976s][info][gc,phases   ] GC(568)   Evacuate Collection Set: 0,3ms
[75,976s][info][gc,phases   ] GC(568)   Post Evacuate Collection Set: 0,1ms
[75,976s][info][gc,phases   ] GC(568)   Other: 0,1ms
[75,976s][info][gc,heap     ] GC(568) Eden regions: 33->0(35)
[75,976s][info][gc,heap     ] GC(568) Survivor regions: 5->3(5)
[75,976s][info][gc,heap     ] GC(568) Old regions: 7->7
[75,976s][info][gc,heap     ] GC(568) Archive regions: 2->2
[75,976s][info][gc,heap     ] GC(568) Humongous regions: 0->0
[75,976s][info][gc,metaspace] GC(568) Metaspace: 117K(320K)->117K(320K) NonClass: 109K(192K)->109K(192K) Class: 8K(128K)->8K(128K)
[75,976s][info][gc          ] GC(568) Pause Young (Normal) (G1 Evacuation Pause) 45M->10M(64M) 0,736ms
[75,976s][info][gc,cpu      ] GC(568) User=0,00s Sys=0,00s Real=0,00s
[76,127s][info][gc,start    ] GC(569) Pause Young (Normal) (G1 Evacuation Pause)
[76,127s][info][gc,task     ] GC(569) Using 4 workers of 8 for evacuation
[76,128s][info][gc,phases   ] GC(569)   Pre Evacuate Collection Set: 0,0ms
[76,128s][info][gc,phases   ] GC(569)   Merge Heap Roots: 0,0ms
[76,128s][info][gc,phases   ] GC(569)   Evacuate Collection Set: 0,5ms
[76,128s][info][gc,phases   ] GC(569)   Post Evacuate Collection Set: 0,1ms
[76,128s][info][gc,phases   ] GC(569)   Other: 0,1ms
[76,128s][info][gc,heap     ] GC(569) Eden regions: 35->0(33)
[76,128s][info][gc,heap     ] GC(569) Survivor regions: 3->5(5)
[76,128s][info][gc,heap     ] GC(569) Old regions: 7->7
[76,128s][info][gc,heap     ] GC(569) Archive regions: 2->2
[76,128s][info][gc,heap     ] GC(569) Humongous regions: 0->0
[76,128s][info][gc,metaspace] GC(569) Metaspace: 117K(320K)->117K(320K) NonClass: 109K(192K)->109K(192K) Class: 8K(128K)->8K(128K)
[76,128s][info][gc          ] GC(569) Pause Young (Normal) (G1 Evacuation Pause) 45M->12M(64M) 0,888ms
[76,128s][info][gc,cpu      ] GC(569) User=0,00s Sys=0,00s Real=0,00s
[76,229s][info][gc,start    ] GC(570) Pause Young (Normal) (G1 Evacuation Pause)
[76,229s][info][gc,task     ] GC(570) Using 4 workers of 8 for evacuation
[76,229s][info][gc,phases   ] GC(570)   Pre Evacuate Collection Set: 0,0ms
[76,229s][info][gc,phases   ] GC(570)   Merge Heap Roots: 0,0ms
[76,229s][info][gc,phases   ] GC(570)   Evacuate Collection Set: 0,3ms
[76,229s][info][gc,phases   ] GC(570)   Post Evacuate Collection Set: 0,1ms
[76,229s][info][gc,phases   ] GC(570)   Other: 0,1ms
[76,229s][info][gc,heap     ] GC(570) Eden regions: 33->0(34)
[76,229s][info][gc,heap     ] GC(570) Survivor regions: 5->4(5)
[76,229s][info][gc,heap     ] GC(570) Old regions: 7->7
[76,229s][info][gc,heap     ] GC(570) Archive regions: 2->2
[76,229s][info][gc,heap     ] GC(570) Humongous regions: 0->0
[76,229s][info][gc,metaspace] GC(570) Metaspace: 117K(320K)->117K(320K) NonClass: 109K(192K)->109K(192K) Class: 8K(128K)->8K(128K)
[76,229s][info][gc          ] GC(570) Pause Young (Normal) (G1 Evacuation Pause) 45M->10M(64M) 0,594ms
[76,229s][info][gc,cpu      ] GC(570) User=0,00s Sys=0,00s Real=0,00s
[76,377s][info][gc,start    ] GC(571) Pause Young (Normal) (G1 Evacuation Pause)
[76,377s][info][gc,task     ] GC(571) Using 4 workers of 8 for evacuation
[76,378s][info][gc,phases   ] GC(571)   Pre Evacuate Collection Set: 0,0ms
[76,378s][info][gc,phases   ] GC(571)   Merge Heap Roots: 0,0ms
[76,378s][info][gc,phases   ] GC(571)   Evacuate Collection Set: 0,5ms
[76,378s][info][gc,phases   ] GC(571)   Post Evacuate Collection Set: 0,1ms
[76,378s][info][gc,phases   ] GC(571)   Other: 0,1ms
[76,378s][info][gc,heap     ] GC(571) Eden regions: 34->0(33)
[76,378s][info][gc,heap     ] GC(571) Survivor regions: 4->5(5)
[76,378s][info][gc,heap     ] GC(571) Old regions: 7->7
[76,378s][info][gc,heap     ] GC(571) Archive regions: 2->2
[76,378s][info][gc,heap     ] GC(571) Humongous regions: 0->0
[76,378s][info][gc,metaspace] GC(571) Metaspace: 117K(320K)->117K(320K) NonClass: 109K(192K)->109K(192K) Class: 8K(128K)->8K(128K)
[76,378s][info][gc          ] GC(571) Pause Young (Normal) (G1 Evacuation Pause) 44M->11M(64M) 0,914ms
[76,378s][info][gc,cpu      ] GC(571) User=0,00s Sys=0,00s Real=0,00s
[76,527s][info][gc,start    ] GC(572) Pause Young (Normal) (G1 Evacuation Pause)
[76,527s][info][gc,task     ] GC(572) Using 4 workers of 8 for evacuation
[76,528s][info][gc,phases   ] GC(572)   Pre Evacuate Collection Set: 0,1ms
[76,528s][info][gc,phases   ] GC(572)   Merge Heap Roots: 0,1ms
[76,528s][info][gc,phases   ] GC(572)   Evacuate Collection Set: 0,5ms
[76,528s][info][gc,phases   ] GC(572)   Post Evacuate Collection Set: 0,1ms
[76,528s][info][gc,phases   ] GC(572)   Other: 0,2ms
[76,528s][info][gc,heap     ] GC(572) Eden regions: 33->0(34)
[76,528s][info][gc,heap     ] GC(572) Survivor regions: 5->4(5)
[76,528s][info][gc,heap     ] GC(572) Old regions: 7->7
[76,528s][info][gc,heap     ] GC(572) Archive regions: 2->2
[76,528s][info][gc,heap     ] GC(572) Humongous regions: 0->0
[76,528s][info][gc,metaspace] GC(572) Metaspace: 117K(320K)->117K(320K) NonClass: 109K(192K)->109K(192K) Class: 8K(128K)->8K(128K)
[76,528s][info][gc          ] GC(572) Pause Young (Normal) (G1 Evacuation Pause) 44M->10M(64M) 1,011ms
[76,528s][info][gc,cpu      ] GC(572) User=0,00s Sys=0,00s Real=0,00s
[76,628s][info][gc,start    ] GC(573) Pause Young (Normal) (G1 Evacuation Pause)
[76,629s][info][gc,task     ] GC(573) Using 4 workers of 8 for evacuation
[76,629s][info][gc,phases   ] GC(573)   Pre Evacuate Collection Set: 0,0ms
[76,629s][info][gc,phases   ] GC(573)   Merge Heap Roots: 0,0ms
[76,629s][info][gc,phases   ] GC(573)   Evacuate Collection Set: 0,3ms
[76,629s][info][gc,phases   ] GC(573)   Post Evacuate Collection Set: 0,1ms
[76,629s][info][gc,phases   ] GC(573)   Other: 0,1ms
[76,629s][info][gc,heap     ] GC(573) Eden regions: 34->0(35)
[76,629s][info][gc,heap     ] GC(573) Survivor regions: 4->3(5)
[76,629s][info][gc,heap     ] GC(573) Old regions: 7->7
[76,629s][info][gc,heap     ] GC(573) Archive regions: 2->2
[76,629s][info][gc,heap     ] GC(573) Humongous regions: 0->0
[76,629s][info][gc,metaspace] GC(573) Metaspace: 117K(320K)->117K(320K) NonClass: 109K(192K)->109K(192K) Class: 8K(128K)->8K(128K)
[76,629s][info][gc          ] GC(573) Pause Young (Normal) (G1 Evacuation Pause) 44M->9M(64M) 0,691ms
[76,629s][info][gc,cpu      ] GC(573) User=0,00s Sys=0,00s Real=0,00s
[76,777s][info][gc,start    ] GC(574) Pause Young (Normal) (G1 Evacuation Pause)
[76,777s][info][gc,task     ] GC(574) Using 4 workers of 8 for evacuation
[76,778s][info][gc,phases   ] GC(574)   Pre Evacuate Collection Set: 0,0ms
[76,778s][info][gc,phases   ] GC(574)   Merge Heap Roots: 0,0ms
[76,778s][info][gc,phases   ] GC(574)   Evacuate Collection Set: 0,4ms
[76,778s][info][gc,phases   ] GC(574)   Post Evacuate Collection Set: 0,1ms
[76,778s][info][gc,phases   ] GC(574)   Other: 0,1ms
[76,778s][info][gc,heap     ] GC(574) Eden regions: 35->0(33)
[76,778s][info][gc,heap     ] GC(574) Survivor regions: 3->5(5)
[76,778s][info][gc,heap     ] GC(574) Old regions: 7->7
[76,778s][info][gc,heap     ] GC(574) Archive regions: 2->2
[76,778s][info][gc,heap     ] GC(574) Humongous regions: 0->0
[76,778s][info][gc,metaspace] GC(574) Metaspace: 117K(320K)->117K(320K) NonClass: 109K(192K)->109K(192K) Class: 8K(128K)->8K(128K)
[76,778s][info][gc          ] GC(574) Pause Young (Normal) (G1 Evacuation Pause) 44M->11M(64M) 0,831ms
[76,778s][info][gc,cpu      ] GC(574) User=0,00s Sys=0,00s Real=0,00s
[76,928s][info][gc,start    ] GC(575) Pause Young (Normal) (G1 Evacuation Pause)
[76,928s][info][gc,task     ] GC(575) Using 4 workers of 8 for evacuation
[76,928s][info][gc,phases   ] GC(575)   Pre Evacuate Collection Set: 0,0ms
[76,928s][info][gc,phases   ] GC(575)   Merge Heap Roots: 0,0ms
[76,928s][info][gc,phases   ] GC(575)   Evacuate Collection Set: 0,3ms
[76,928s][info][gc,phases   ] GC(575)   Post Evacuate Collection Set: 0,1ms
[76,928s][info][gc,phases   ] GC(575)   Other: 0,1ms
[76,928s][info][gc,heap     ] GC(575) Eden regions: 33->0(35)
[76,928s][info][gc,heap     ] GC(575) Survivor regions: 5->3(5)
[76,928s][info][gc,heap     ] GC(575) Old regions: 7->7
[76,928s][info][gc,heap     ] GC(575) Archive regions: 2->2
[76,928s][info][gc,heap     ] GC(575) Humongous regions: 0->0
[76,928s][info][gc,metaspace] GC(575) Metaspace: 117K(320K)->117K(320K) NonClass: 109K(192K)->109K(192K) Class: 8K(128K)->8K(128K)
[76,928s][info][gc          ] GC(575) Pause Young (Normal) (G1 Evacuation Pause) 44M->10M(64M) 0,643ms
[76,928s][info][gc,cpu      ] GC(575) User=0,00s Sys=0,00s Real=0,00s
[77,028s][info][gc,start    ] GC(576) Pause Young (Normal) (G1 Evacuation Pause)
[77,028s][info][gc,task     ] GC(576) Using 4 workers of 8 for evacuation
[77,029s][info][gc,phases   ] GC(576)   Pre Evacuate Collection Set: 0,0ms
[77,029s][info][gc,phases   ] GC(576)   Merge Heap Roots: 0,0ms
[77,029s][info][gc,phases   ] GC(576)   Evacuate Collection Set: 0,7ms
[77,029s][info][gc,phases   ] GC(576)   Post Evacuate Collection Set: 0,2ms
[77,029s][info][gc,phases   ] GC(576)   Other: 0,1ms
[77,029s][info][gc,heap     ] GC(576) Eden regions: 35->0(33)
[77,029s][info][gc,heap     ] GC(576) Survivor regions: 3->5(5)
[77,029s][info][gc,heap     ] GC(576) Old regions: 7->7
[77,029s][info][gc,heap     ] GC(576) Archive regions: 2->2
[77,029s][info][gc,heap     ] GC(576) Humongous regions: 0->0
[77,029s][info][gc,metaspace] GC(576) Metaspace: 117K(320K)->117K(320K) NonClass: 109K(192K)->109K(192K) Class: 8K(128K)->8K(128K)
[77,029s][info][gc          ] GC(576) Pause Young (Normal) (G1 Evacuation Pause) 45M->12M(64M) 1,146ms
[77,029s][info][gc,cpu      ] GC(576) User=0,01s Sys=0,00s Real=0,00s
[77,177s][info][gc,start    ] GC(577) Pause Young (Normal) (G1 Evacuation Pause)
[77,177s][info][gc,task     ] GC(577) Using 4 workers of 8 for evacuation
[77,178s][info][gc,phases   ] GC(577)   Pre Evacuate Collection Set: 0,0ms
[77,178s][info][gc,phases   ] GC(577)   Merge Heap Roots: 0,0ms
[77,178s][info][gc,phases   ] GC(577)   Evacuate Collection Set: 0,3ms
[77,178s][info][gc,phases   ] GC(577)   Post Evacuate Collection Set: 0,1ms
[77,178s][info][gc,phases   ] GC(577)   Other: 0,1ms
[77,178s][info][gc,heap     ] GC(577) Eden regions: 33->0(34)
[77,178s][info][gc,heap     ] GC(577) Survivor regions: 5->4(5)
[77,178s][info][gc,heap     ] GC(577) Old regions: 7->7
[77,178s][info][gc,heap     ] GC(577) Archive regions: 2->2
[77,178s][info][gc,heap     ] GC(577) Humongous regions: 0->0
[77,178s][info][gc,metaspace] GC(577) Metaspace: 117K(320K)->117K(320K) NonClass: 109K(192K)->109K(192K) Class: 8K(128K)->8K(128K)
[77,178s][info][gc          ] GC(577) Pause Young (Normal) (G1 Evacuation Pause) 45M->10M(64M) 0,686ms
[77,178s][info][gc,cpu      ] GC(577) User=0,00s Sys=0,00s Real=0,00s
[77,327s][info][gc,start    ] GC(578) Pause Young (Normal) (G1 Evacuation Pause)
[77,327s][info][gc,task     ] GC(578) Using 4 workers of 8 for evacuation
[77,328s][info][gc,phases   ] GC(578)   Pre Evacuate Collection Set: 0,0ms
[77,328s][info][gc,phases   ] GC(578)   Merge Heap Roots: 0,0ms
[77,328s][info][gc,phases   ] GC(578)   Evacuate Collection Set: 0,4ms
[77,328s][info][gc,phases   ] GC(578)   Post Evacuate Collection Set: 0,1ms
[77,328s][info][gc,phases   ] GC(578)   Other: 0,2ms
[77,328s][info][gc,heap     ] GC(578) Eden regions: 34->0(33)
[77,328s][info][gc,heap     ] GC(578) Survivor regions: 4->5(5)
[77,328s][info][gc,heap     ] GC(578) Old regions: 7->7
[77,328s][info][gc,heap     ] GC(578) Archive regions: 2->2
[77,328s][info][gc,heap     ] GC(578) Humongous regions: 0->0
[77,328s][info][gc,metaspace] GC(578) Metaspace: 117K(320K)->117K(320K) NonClass: 109K(192K)->109K(192K) Class: 8K(128K)->8K(128K)
[77,328s][info][gc          ] GC(578) Pause Young (Normal) (G1 Evacuation Pause) 44M->11M(64M) 0,831ms
[77,328s][info][gc,cpu      ] GC(578) User=0,00s Sys=0,01s Real=0,00s
[77,428s][info][gc,start    ] GC(579) Pause Young (Normal) (G1 Evacuation Pause)
[77,428s][info][gc,task     ] GC(579) Using 4 workers of 8 for evacuation
[77,429s][info][gc,phases   ] GC(579)   Pre Evacuate Collection Set: 0,0ms
[77,429s][info][gc,phases   ] GC(579)   Merge Heap Roots: 0,0ms
[77,429s][info][gc,phases   ] GC(579)   Evacuate Collection Set: 0,3ms
[77,429s][info][gc,phases   ] GC(579)   Post Evacuate Collection Set: 0,1ms
[77,429s][info][gc,phases   ] GC(579)   Other: 0,2ms
[77,429s][info][gc,heap     ] GC(579) Eden regions: 33->0(35)
[77,429s][info][gc,heap     ] GC(579) Survivor regions: 5->3(5)
[77,429s][info][gc,heap     ] GC(579) Old regions: 7->7
[77,429s][info][gc,heap     ] GC(579) Archive regions: 2->2
[77,429s][info][gc,heap     ] GC(579) Humongous regions: 0->0
[77,429s][info][gc,metaspace] GC(579) Metaspace: 117K(320K)->117K(320K) NonClass: 109K(192K)->109K(192K) Class: 8K(128K)->8K(128K)
[77,429s][info][gc          ] GC(579) Pause Young (Normal) (G1 Evacuation Pause) 44M->10M(64M) 0,847ms
[77,429s][info][gc,cpu      ] GC(579) User=0,00s Sys=0,00s Real=0,00s
[77,577s][info][gc,start    ] GC(580) Pause Young (Normal) (G1 Evacuation Pause)
[77,577s][info][gc,task     ] GC(580) Using 4 workers of 8 for evacuation
[77,578s][info][gc,phases   ] GC(580)   Pre Evacuate Collection Set: 0,0ms
[77,578s][info][gc,phases   ] GC(580)   Merge Heap Roots: 0,0ms
[77,578s][info][gc,phases   ] GC(580)   Evacuate Collection Set: 0,6ms
[77,578s][info][gc,phases   ] GC(580)   Post Evacuate Collection Set: 0,1ms
[77,578s][info][gc,phases   ] GC(580)   Other: 0,1ms
[77,578s][info][gc,heap     ] GC(580) Eden regions: 35->0(33)
[77,578s][info][gc,heap     ] GC(580) Survivor regions: 3->5(5)
[77,578s][info][gc,heap     ] GC(580) Old regions: 7->7
[77,578s][info][gc,heap     ] GC(580) Archive regions: 2->2
[77,578s][info][gc,heap     ] GC(580) Humongous regions: 0->0
[77,578s][info][gc,metaspace] GC(580) Metaspace: 117K(320K)->117K(320K) NonClass: 109K(192K)->109K(192K) Class: 8K(128K)->8K(128K)
[77,578s][info][gc          ] GC(580) Pause Young (Normal) (G1 Evacuation Pause) 45M->12M(64M) 1,087ms
[77,578s][info][gc,cpu      ] GC(580) User=0,00s Sys=0,00s Real=0,00s
[77,728s][info][gc,start    ] GC(581) Pause Young (Normal) (G1 Evacuation Pause)
[77,728s][info][gc,task     ] GC(581) Using 4 workers of 8 for evacuation
[77,728s][info][gc,phases   ] GC(581)   Pre Evacuate Collection Set: 0,0ms
[77,728s][info][gc,phases   ] GC(581)   Merge Heap Roots: 0,0ms
[77,728s][info][gc,phases   ] GC(581)   Evacuate Collection Set: 0,3ms
[77,728s][info][gc,phases   ] GC(581)   Post Evacuate Collection Set: 0,1ms
[77,728s][info][gc,phases   ] GC(581)   Other: 0,1ms
[77,728s][info][gc,heap     ] GC(581) Eden regions: 33->0(35)
[77,728s][info][gc,heap     ] GC(581) Survivor regions: 5->3(5)
[77,728s][info][gc,heap     ] GC(581) Old regions: 7->7
[77,728s][info][gc,heap     ] GC(581) Archive regions: 2->2
[77,728s][info][gc,heap     ] GC(581) Humongous regions: 0->0
[77,728s][info][gc,metaspace] GC(581) Metaspace: 117K(320K)->117K(320K) NonClass: 109K(192K)->109K(192K) Class: 8K(128K)->8K(128K)
[77,728s][info][gc          ] GC(581) Pause Young (Normal) (G1 Evacuation Pause) 45M->10M(64M) 0,701ms
[77,728s][info][gc,cpu      ] GC(581) User=0,00s Sys=0,00s Real=0,00s
[77,824s][info][gc,start    ] GC(582) Pause Young (Normal) (G1 Evacuation Pause)
[77,824s][info][gc,task     ] GC(582) Using 4 workers of 8 for evacuation
[77,824s][info][gc,phases   ] GC(582)   Pre Evacuate Collection Set: 0,0ms
[77,824s][info][gc,phases   ] GC(582)   Merge Heap Roots: 0,0ms
[77,824s][info][gc,phases   ] GC(582)   Evacuate Collection Set: 0,4ms
[77,824s][info][gc,phases   ] GC(582)   Post Evacuate Collection Set: 0,1ms
[77,824s][info][gc,phases   ] GC(582)   Other: 0,1ms
[77,824s][info][gc,heap     ] GC(582) Eden regions: 35->0(33)
[77,824s][info][gc,heap     ] GC(582) Survivor regions: 3->5(5)
[77,824s][info][gc,heap     ] GC(582) Old regions: 7->7
[77,824s][info][gc,heap     ] GC(582) Archive regions: 2->2
[77,824s][info][gc,heap     ] GC(582) Humongous regions: 0->0
[77,824s][info][gc,metaspace] GC(582) Metaspace: 117K(320K)->117K(320K) NonClass: 109K(192K)->109K(192K) Class: 8K(128K)->8K(128K)
[77,824s][info][gc          ] GC(582) Pause Young (Normal) (G1 Evacuation Pause) 45M->12M(64M) 0,736ms
[77,824s][info][gc,cpu      ] GC(582) User=0,00s Sys=0,00s Real=0,00s
[77,974s][info][gc,start    ] GC(583) Pause Young (Normal) (G1 Evacuation Pause)
[77,974s][info][gc,task     ] GC(583) Using 4 workers of 8 for evacuation
[77,975s][info][gc,phases   ] GC(583)   Pre Evacuate Collection Set: 0,0ms
[77,975s][info][gc,phases   ] GC(583)   Merge Heap Roots: 0,0ms
[77,975s][info][gc,phases   ] GC(583)   Evacuate Collection Set: 0,4ms
[77,975s][info][gc,phases   ] GC(583)   Post Evacuate Collection Set: 0,2ms
[77,975s][info][gc,phases   ] GC(583)   Other: 0,1ms
[77,975s][info][gc,heap     ] GC(583) Eden regions: 33->0(34)
[77,975s][info][gc,heap     ] GC(583) Survivor regions: 5->4(5)
[77,975s][info][gc,heap     ] GC(583) Old regions: 7->7
[77,975s][info][gc,heap     ] GC(583) Archive regions: 2->2
[77,975s][info][gc,heap     ] GC(583) Humongous regions: 0->0
[77,975s][info][gc,metaspace] GC(583) Metaspace: 117K(320K)->117K(320K) NonClass: 109K(192K)->109K(192K) Class: 8K(128K)->8K(128K)
[77,975s][info][gc          ] GC(583) Pause Young (Normal) (G1 Evacuation Pause) 45M->11M(64M) 0,803ms
[77,975s][info][gc,cpu      ] GC(583) User=0,00s Sys=0,00s Real=0,00s
[78,123s][info][gc,start    ] GC(584) Pause Young (Normal) (G1 Evacuation Pause)
[78,123s][info][gc,task     ] GC(584) Using 4 workers of 8 for evacuation
[78,124s][info][gc,phases   ] GC(584)   Pre Evacuate Collection Set: 0,0ms
[78,124s][info][gc,phases   ] GC(584)   Merge Heap Roots: 0,0ms
[78,124s][info][gc,phases   ] GC(584)   Evacuate Collection Set: 0,4ms
[78,124s][info][gc,phases   ] GC(584)   Post Evacuate Collection Set: 0,1ms
[78,124s][info][gc,phases   ] GC(584)   Other: 0,1ms
[78,124s][info][gc,heap     ] GC(584) Eden regions: 34->0(33)
[78,124s][info][gc,heap     ] GC(584) Survivor regions: 4->5(5)
[78,124s][info][gc,heap     ] GC(584) Old regions: 7->7
[78,124s][info][gc,heap     ] GC(584) Archive regions: 2->2
[78,124s][info][gc,heap     ] GC(584) Humongous regions: 0->0
[78,124s][info][gc,metaspace] GC(584) Metaspace: 117K(320K)->117K(320K) NonClass: 109K(192K)->109K(192K) Class: 8K(128K)->8K(128K)
[78,124s][info][gc          ] GC(584) Pause Young (Normal) (G1 Evacuation Pause) 45M->12M(64M) 0,809ms
[78,124s][info][gc,cpu      ] GC(584) User=0,01s Sys=0,00s Real=0,00s
[78,223s][info][gc,start    ] GC(585) Pause Young (Normal) (G1 Evacuation Pause)
[78,223s][info][gc,task     ] GC(585) Using 4 workers of 8 for evacuation
[78,224s][info][gc,phases   ] GC(585)   Pre Evacuate Collection Set: 0,1ms
[78,224s][info][gc,phases   ] GC(585)   Merge Heap Roots: 0,0ms
[78,224s][info][gc,phases   ] GC(585)   Evacuate Collection Set: 0,2ms
[78,224s][info][gc,phases   ] GC(585)   Post Evacuate Collection Set: 0,1ms
[78,224s][info][gc,phases   ] GC(585)   Other: 0,1ms
[78,224s][info][gc,heap     ] GC(585) Eden regions: 33->0(35)
[78,224s][info][gc,heap     ] GC(585) Survivor regions: 5->3(5)
[78,224s][info][gc,heap     ] GC(585) Old regions: 7->7
[78,224s][info][gc,heap     ] GC(585) Archive regions: 2->2
[78,224s][info][gc,heap     ] GC(585) Humongous regions: 0->0
[78,224s][info][gc,metaspace] GC(585) Metaspace: 117K(320K)->117K(320K) NonClass: 109K(192K)->109K(192K) Class: 8K(128K)->8K(128K)
[78,224s][info][gc          ] GC(585) Pause Young (Normal) (G1 Evacuation Pause) 45M->10M(64M) 0,690ms
[78,224s][info][gc,cpu      ] GC(585) User=0,00s Sys=0,00s Real=0,00s
[78,375s][info][gc,start    ] GC(586) Pause Young (Normal) (G1 Evacuation Pause)
[78,375s][info][gc,task     ] GC(586) Using 4 workers of 8 for evacuation
[78,376s][info][gc,phases   ] GC(586)   Pre Evacuate Collection Set: 0,0ms
[78,376s][info][gc,phases   ] GC(586)   Merge Heap Roots: 0,0ms
[78,376s][info][gc,phases   ] GC(586)   Evacuate Collection Set: 0,4ms
[78,376s][info][gc,phases   ] GC(586)   Post Evacuate Collection Set: 0,1ms
[78,376s][info][gc,phases   ] GC(586)   Other: 0,1ms
[78,376s][info][gc,heap     ] GC(586) Eden regions: 35->0(33)
[78,376s][info][gc,heap     ] GC(586) Survivor regions: 3->5(5)
[78,376s][info][gc,heap     ] GC(586) Old regions: 7->7
[78,376s][info][gc,heap     ] GC(586) Archive regions: 2->2
[78,376s][info][gc,heap     ] GC(586) Humongous regions: 0->0
[78,376s][info][gc,metaspace] GC(586) Metaspace: 117K(320K)->117K(320K) NonClass: 109K(192K)->109K(192K) Class: 8K(128K)->8K(128K)
[78,376s][info][gc          ] GC(586) Pause Young (Normal) (G1 Evacuation Pause) 45M->12M(64M) 0,753ms
[78,376s][info][gc,cpu      ] GC(586) User=0,00s Sys=0,00s Real=0,00s
[78,525s][info][gc,start    ] GC(587) Pause Young (Normal) (G1 Evacuation Pause)
[78,525s][info][gc,task     ] GC(587) Using 4 workers of 8 for evacuation
[78,526s][info][gc,phases   ] GC(587)   Pre Evacuate Collection Set: 0,0ms
[78,526s][info][gc,phases   ] GC(587)   Merge Heap Roots: 0,0ms
[78,526s][info][gc,phases   ] GC(587)   Evacuate Collection Set: 0,5ms
[78,526s][info][gc,phases   ] GC(587)   Post Evacuate Collection Set: 0,1ms
[78,526s][info][gc,phases   ] GC(587)   Other: 0,1ms
[78,526s][info][gc,heap     ] GC(587) Eden regions: 33->0(34)
[78,526s][info][gc,heap     ] GC(587) Survivor regions: 5->4(5)
[78,526s][info][gc,heap     ] GC(587) Old regions: 7->7
[78,526s][info][gc,heap     ] GC(587) Archive regions: 2->2
[78,526s][info][gc,heap     ] GC(587) Humongous regions: 0->0
[78,526s][info][gc,metaspace] GC(587) Metaspace: 117K(320K)->117K(320K) NonClass: 109K(192K)->109K(192K) Class: 8K(128K)->8K(128K)
[78,526s][info][gc          ] GC(587) Pause Young (Normal) (G1 Evacuation Pause) 45M->11M(64M) 0,882ms
[78,526s][info][gc,cpu      ] GC(587) User=0,00s Sys=0,00s Real=0,00s
[78,625s][info][gc,start    ] GC(588) Pause Young (Normal) (G1 Evacuation Pause)
[78,625s][info][gc,task     ] GC(588) Using 4 workers of 8 for evacuation
[78,626s][info][gc,phases   ] GC(588)   Pre Evacuate Collection Set: 0,0ms
[78,626s][info][gc,phases   ] GC(588)   Merge Heap Roots: 0,0ms
[78,626s][info][gc,phases   ] GC(588)   Evacuate Collection Set: 0,3ms
[78,626s][info][gc,phases   ] GC(588)   Post Evacuate Collection Set: 0,1ms
[78,626s][info][gc,phases   ] GC(588)   Other: 0,1ms
[78,626s][info][gc,heap     ] GC(588) Eden regions: 34->0(35)
[78,626s][info][gc,heap     ] GC(588) Survivor regions: 4->3(5)
[78,626s][info][gc,heap     ] GC(588) Old regions: 7->7
[78,626s][info][gc,heap     ] GC(588) Archive regions: 2->2
[78,626s][info][gc,heap     ] GC(588) Humongous regions: 0->0
[78,626s][info][gc,metaspace] GC(588) Metaspace: 117K(320K)->117K(320K) NonClass: 109K(192K)->109K(192K) Class: 8K(128K)->8K(128K)
[78,626s][info][gc          ] GC(588) Pause Young (Normal) (G1 Evacuation Pause) 45M->10M(64M) 0,628ms
[78,626s][info][gc,cpu      ] GC(588) User=0,00s Sys=0,00s Real=0,00s
[78,776s][info][gc,start    ] GC(589) Pause Young (Normal) (G1 Evacuation Pause)
[78,776s][info][gc,task     ] GC(589) Using 4 workers of 8 for evacuation
[78,777s][info][gc,phases   ] GC(589)   Pre Evacuate Collection Set: 0,0ms
[78,777s][info][gc,phases   ] GC(589)   Merge Heap Roots: 0,0ms
[78,777s][info][gc,phases   ] GC(589)   Evacuate Collection Set: 0,4ms
[78,777s][info][gc,phases   ] GC(589)   Post Evacuate Collection Set: 0,2ms
[78,777s][info][gc,phases   ] GC(589)   Other: 0,1ms
[78,777s][info][gc,heap     ] GC(589) Eden regions: 35->0(33)
[78,777s][info][gc,heap     ] GC(589) Survivor regions: 3->5(5)
[78,777s][info][gc,heap     ] GC(589) Old regions: 7->7
[78,777s][info][gc,heap     ] GC(589) Archive regions: 2->2
[78,777s][info][gc,heap     ] GC(589) Humongous regions: 0->0
[78,777s][info][gc,metaspace] GC(589) Metaspace: 117K(320K)->117K(320K) NonClass: 109K(192K)->109K(192K) Class: 8K(128K)->8K(128K)
[78,777s][info][gc          ] GC(589) Pause Young (Normal) (G1 Evacuation Pause) 45M->12M(64M) 0,815ms
[78,777s][info][gc,cpu      ] GC(589) User=0,00s Sys=0,00s Real=0,00s
[78,922s][info][gc,start    ] GC(590) Pause Young (Normal) (G1 Evacuation Pause)
[78,922s][info][gc,task     ] GC(590) Using 4 workers of 8 for evacuation
[78,923s][info][gc,phases   ] GC(590)   Pre Evacuate Collection Set: 0,0ms
[78,923s][info][gc,phases   ] GC(590)   Merge Heap Roots: 0,0ms
[78,923s][info][gc,phases   ] GC(590)   Evacuate Collection Set: 0,2ms
[78,923s][info][gc,phases   ] GC(590)   Post Evacuate Collection Set: 0,1ms
[78,923s][info][gc,phases   ] GC(590)   Other: 0,1ms
[78,923s][info][gc,heap     ] GC(590) Eden regions: 33->0(34)
[78,923s][info][gc,heap     ] GC(590) Survivor regions: 5->4(5)
[78,923s][info][gc,heap     ] GC(590) Old regions: 7->7
[78,923s][info][gc,heap     ] GC(590) Archive regions: 2->2
[78,923s][info][gc,heap     ] GC(590) Humongous regions: 0->0
[78,923s][info][gc,metaspace] GC(590) Metaspace: 117K(320K)->117K(320K) NonClass: 109K(192K)->109K(192K) Class: 8K(128K)->8K(128K)
[78,923s][info][gc          ] GC(590) Pause Young (Normal) (G1 Evacuation Pause) 45M->10M(64M) 0,543ms
[78,923s][info][gc,cpu      ] GC(590) User=0,00s Sys=0,00s Real=0,00s
[79,027s][info][gc,start    ] GC(591) Pause Young (Normal) (G1 Evacuation Pause)
[79,027s][info][gc,task     ] GC(591) Using 4 workers of 8 for evacuation
[79,028s][info][gc,phases   ] GC(591)   Pre Evacuate Collection Set: 0,0ms
[79,028s][info][gc,phases   ] GC(591)   Merge Heap Roots: 0,0ms
[79,028s][info][gc,phases   ] GC(591)   Evacuate Collection Set: 0,4ms
[79,028s][info][gc,phases   ] GC(591)   Post Evacuate Collection Set: 0,1ms
[79,028s][info][gc,phases   ] GC(591)   Other: 0,1ms
[79,028s][info][gc,heap     ] GC(591) Eden regions: 34->0(33)
[79,028s][info][gc,heap     ] GC(591) Survivor regions: 4->5(5)
[79,028s][info][gc,heap     ] GC(591) Old regions: 7->7
[79,028s][info][gc,heap     ] GC(591) Archive regions: 2->2
[79,028s][info][gc,heap     ] GC(591) Humongous regions: 0->0
[79,028s][info][gc,metaspace] GC(591) Metaspace: 117K(320K)->117K(320K) NonClass: 109K(192K)->109K(192K) Class: 8K(128K)->8K(128K)
[79,028s][info][gc          ] GC(591) Pause Young (Normal) (G1 Evacuation Pause) 44M->11M(64M) 0,798ms
[79,028s][info][gc,cpu      ] GC(591) User=0,00s Sys=0,00s Real=0,01s
[79,174s][info][gc,start    ] GC(592) Pause Young (Normal) (G1 Evacuation Pause)
[79,174s][info][gc,task     ] GC(592) Using 4 workers of 8 for evacuation
[79,175s][info][gc,phases   ] GC(592)   Pre Evacuate Collection Set: 0,0ms
[79,175s][info][gc,phases   ] GC(592)   Merge Heap Roots: 0,0ms
[79,175s][info][gc,phases   ] GC(592)   Evacuate Collection Set: 0,4ms
[79,175s][info][gc,phases   ] GC(592)   Post Evacuate Collection Set: 0,1ms
[79,175s][info][gc,phases   ] GC(592)   Other: 0,1ms
[79,175s][info][gc,heap     ] GC(592) Eden regions: 33->0(35)
[79,175s][info][gc,heap     ] GC(592) Survivor regions: 5->3(5)
[79,175s][info][gc,heap     ] GC(592) Old regions: 7->7
[79,175s][info][gc,heap     ] GC(592) Archive regions: 2->2
[79,175s][info][gc,heap     ] GC(592) Humongous regions: 0->0
[79,175s][info][gc,metaspace] GC(592) Metaspace: 117K(320K)->117K(320K) NonClass: 109K(192K)->109K(192K) Class: 8K(128K)->8K(128K)
[79,175s][info][gc          ] GC(592) Pause Young (Normal) (G1 Evacuation Pause) 44M->10M(64M) 0,783ms
[79,175s][info][gc,cpu      ] GC(592) User=0,00s Sys=0,00s Real=0,00s
[79,322s][info][gc,start    ] GC(593) Pause Young (Normal) (G1 Evacuation Pause)
[79,322s][info][gc,task     ] GC(593) Using 4 workers of 8 for evacuation
[79,323s][info][gc,phases   ] GC(593)   Pre Evacuate Collection Set: 0,0ms
[79,323s][info][gc,phases   ] GC(593)   Merge Heap Roots: 0,1ms
[79,323s][info][gc,phases   ] GC(593)   Evacuate Collection Set: 0,4ms
[79,323s][info][gc,phases   ] GC(593)   Post Evacuate Collection Set: 0,1ms
[79,323s][info][gc,phases   ] GC(593)   Other: 0,1ms
[79,323s][info][gc,heap     ] GC(593) Eden regions: 35->0(33)
[79,323s][info][gc,heap     ] GC(593) Survivor regions: 3->5(5)
[79,323s][info][gc,heap     ] GC(593) Old regions: 7->7
[79,323s][info][gc,heap     ] GC(593) Archive regions: 2->2
[79,323s][info][gc,heap     ] GC(593) Humongous regions: 0->0
[79,323s][info][gc,metaspace] GC(593) Metaspace: 117K(320K)->117K(320K) NonClass: 109K(192K)->109K(192K) Class: 8K(128K)->8K(128K)
[79,323s][info][gc          ] GC(593) Pause Young (Normal) (G1 Evacuation Pause) 45M->12M(64M) 0,771ms
[79,323s][info][gc,cpu      ] GC(593) User=0,00s Sys=0,00s Real=0,00s
[79,425s][info][gc,start    ] GC(594) Pause Young (Normal) (G1 Evacuation Pause)
[79,425s][info][gc,task     ] GC(594) Using 4 workers of 8 for evacuation
[79,425s][info][gc,phases   ] GC(594)   Pre Evacuate Collection Set: 0,0ms
[79,425s][info][gc,phases   ] GC(594)   Merge Heap Roots: 0,0ms
[79,425s][info][gc,phases   ] GC(594)   Evacuate Collection Set: 0,3ms
[79,425s][info][gc,phases   ] GC(594)   Post Evacuate Collection Set: 0,1ms
[79,425s][info][gc,phases   ] GC(594)   Other: 0,1ms
[79,425s][info][gc,heap     ] GC(594) Eden regions: 33->0(34)
[79,425s][info][gc,heap     ] GC(594) Survivor regions: 5->4(5)
[79,425s][info][gc,heap     ] GC(594) Old regions: 7->7
[79,425s][info][gc,heap     ] GC(594) Archive regions: 2->2
[79,425s][info][gc,heap     ] GC(594) Humongous regions: 0->0
[79,425s][info][gc,metaspace] GC(594) Metaspace: 117K(320K)->117K(320K) NonClass: 109K(192K)->109K(192K) Class: 8K(128K)->8K(128K)
[79,425s][info][gc          ] GC(594) Pause Young (Normal) (G1 Evacuation Pause) 45M->11M(64M) 0,624ms
[79,425s][info][gc,cpu      ] GC(594) User=0,00s Sys=0,00s Real=0,00s
[79,575s][info][gc,start    ] GC(595) Pause Young (Normal) (G1 Evacuation Pause)
[79,575s][info][gc,task     ] GC(595) Using 4 workers of 8 for evacuation
[79,575s][info][gc,phases   ] GC(595)   Pre Evacuate Collection Set: 0,0ms
[79,575s][info][gc,phases   ] GC(595)   Merge Heap Roots: 0,0ms
[79,575s][info][gc,phases   ] GC(595)   Evacuate Collection Set: 0,3ms
[79,575s][info][gc,phases   ] GC(595)   Post Evacuate Collection Set: 0,1ms
[79,576s][info][gc,phases   ] GC(595)   Other: 0,1ms
[79,576s][info][gc,heap     ] GC(595) Eden regions: 34->0(33)
[79,576s][info][gc,heap     ] GC(595) Survivor regions: 4->5(5)
[79,576s][info][gc,heap     ] GC(595) Old regions: 7->7
[79,576s][info][gc,heap     ] GC(595) Archive regions: 2->2
[79,576s][info][gc,heap     ] GC(595) Humongous regions: 0->0
[79,576s][info][gc,metaspace] GC(595) Metaspace: 117K(320K)->117K(320K) NonClass: 109K(192K)->109K(192K) Class: 8K(128K)->8K(128K)
[79,576s][info][gc          ] GC(595) Pause Young (Normal) (G1 Evacuation Pause) 45M->12M(64M) 0,616ms
[79,576s][info][gc,cpu      ] GC(595) User=0,00s Sys=0,00s Real=0,00s
[79,721s][info][gc,start    ] GC(596) Pause Young (Normal) (G1 Evacuation Pause)
[79,721s][info][gc,task     ] GC(596) Using 4 workers of 8 for evacuation
[79,722s][info][gc,phases   ] GC(596)   Pre Evacuate Collection Set: 0,0ms
[79,722s][info][gc,phases   ] GC(596)   Merge Heap Roots: 0,0ms
[79,722s][info][gc,phases   ] GC(596)   Evacuate Collection Set: 0,1ms
[79,722s][info][gc,phases   ] GC(596)   Post Evacuate Collection Set: 0,1ms
[79,722s][info][gc,phases   ] GC(596)   Other: 0,1ms
[79,722s][info][gc,heap     ] GC(596) Eden regions: 33->0(35)
[79,722s][info][gc,heap     ] GC(596) Survivor regions: 5->3(5)
[79,722s][info][gc,heap     ] GC(596) Old regions: 7->7
[79,722s][info][gc,heap     ] GC(596) Archive regions: 2->2
[79,722s][info][gc,heap     ] GC(596) Humongous regions: 0->0
[79,722s][info][gc,metaspace] GC(596) Metaspace: 117K(320K)->117K(320K) NonClass: 109K(192K)->109K(192K) Class: 8K(128K)->8K(128K)
[79,722s][info][gc          ] GC(596) Pause Young (Normal) (G1 Evacuation Pause) 44M->10M(64M) 0,461ms
[79,722s][info][gc,cpu      ] GC(596) User=0,00s Sys=0,00s Real=0,00s
[79,820s][info][gc,start    ] GC(597) Pause Young (Normal) (G1 Evacuation Pause)
[79,820s][info][gc,task     ] GC(597) Using 4 workers of 8 for evacuation
[79,821s][info][gc,phases   ] GC(597)   Pre Evacuate Collection Set: 0,0ms
[79,821s][info][gc,phases   ] GC(597)   Merge Heap Roots: 0,0ms
[79,821s][info][gc,phases   ] GC(597)   Evacuate Collection Set: 0,4ms
[79,821s][info][gc,phases   ] GC(597)   Post Evacuate Collection Set: 0,1ms
[79,821s][info][gc,phases   ] GC(597)   Other: 0,1ms
[79,821s][info][gc,heap     ] GC(597) Eden regions: 35->0(33)
[79,821s][info][gc,heap     ] GC(597) Survivor regions: 3->5(5)
[79,821s][info][gc,heap     ] GC(597) Old regions: 7->7
[79,821s][info][gc,heap     ] GC(597) Archive regions: 2->2
[79,821s][info][gc,heap     ] GC(597) Humongous regions: 0->0
[79,821s][info][gc,metaspace] GC(597) Metaspace: 117K(320K)->117K(320K) NonClass: 109K(192K)->109K(192K) Class: 8K(128K)->8K(128K)
[79,821s][info][gc          ] GC(597) Pause Young (Normal) (G1 Evacuation Pause) 44M->11M(64M) 0,871ms
[79,821s][info][gc,cpu      ] GC(597) User=0,00s Sys=0,00s Real=0,00s
[79,975s][info][gc,start    ] GC(598) Pause Young (Normal) (G1 Evacuation Pause)
[79,975s][info][gc,task     ] GC(598) Using 4 workers of 8 for evacuation
[79,976s][info][gc,phases   ] GC(598)   Pre Evacuate Collection Set: 0,0ms
[79,976s][info][gc,phases   ] GC(598)   Merge Heap Roots: 0,0ms
[79,976s][info][gc,phases   ] GC(598)   Evacuate Collection Set: 0,5ms
[79,976s][info][gc,phases   ] GC(598)   Post Evacuate Collection Set: 0,1ms
[79,976s][info][gc,phases   ] GC(598)   Other: 0,2ms
[79,976s][info][gc,heap     ] GC(598) Eden regions: 33->0(34)
[79,976s][info][gc,heap     ] GC(598) Survivor regions: 5->4(5)
[79,976s][info][gc,heap     ] GC(598) Old regions: 7->7
[79,976s][info][gc,heap     ] GC(598) Archive regions: 2->2
[79,976s][info][gc,heap     ] GC(598) Humongous regions: 0->0
[79,976s][info][gc,metaspace] GC(598) Metaspace: 117K(320K)->117K(320K) NonClass: 109K(192K)->109K(192K) Class: 8K(128K)->8K(128K)
[79,976s][info][gc          ] GC(598) Pause Young (Normal) (G1 Evacuation Pause) 44M->10M(64M) 0,980ms
[79,976s][info][gc,cpu      ] GC(598) User=0,00s Sys=0,00s Real=0,00s
[80,123s][info][gc,start    ] GC(599) Pause Young (Normal) (G1 Evacuation Pause)
[80,123s][info][gc,task     ] GC(599) Using 4 workers of 8 for evacuation
[80,124s][info][gc,phases   ] GC(599)   Pre Evacuate Collection Set: 0,0ms
[80,124s][info][gc,phases   ] GC(599)   Merge Heap Roots: 0,0ms
[80,124s][info][gc,phases   ] GC(599)   Evacuate Collection Set: 0,5ms
[80,124s][info][gc,phases   ] GC(599)   Post Evacuate Collection Set: 0,1ms
[80,124s][info][gc,phases   ] GC(599)   Other: 0,1ms
[80,124s][info][gc,heap     ] GC(599) Eden regions: 34->0(33)
[80,124s][info][gc,heap     ] GC(599) Survivor regions: 4->5(5)
[80,124s][info][gc,heap     ] GC(599) Old regions: 7->7
[80,124s][info][gc,heap     ] GC(599) Archive regions: 2->2
[80,124s][info][gc,heap     ] GC(599) Humongous regions: 0->0
[80,124s][info][gc,metaspace] GC(599) Metaspace: 117K(320K)->117K(320K) NonClass: 109K(192K)->109K(192K) Class: 8K(128K)->8K(128K)
[80,124s][info][gc          ] GC(599) Pause Young (Normal) (G1 Evacuation Pause) 44M->11M(64M) 0,898ms
[80,124s][info][gc,cpu      ] GC(599) User=0,00s Sys=0,00s Real=0,00s
[80,222s][info][gc,start    ] GC(600) Pause Young (Normal) (G1 Evacuation Pause)
[80,222s][info][gc,task     ] GC(600) Using 4 workers of 8 for evacuation
[80,222s][info][gc,phases   ] GC(600)   Pre Evacuate Collection Set: 0,0ms
[80,222s][info][gc,phases   ] GC(600)   Merge Heap Roots: 0,0ms
[80,222s][info][gc,phases   ] GC(600)   Evacuate Collection Set: 0,3ms
[80,222s][info][gc,phases   ] GC(600)   Post Evacuate Collection Set: 0,1ms
[80,222s][info][gc,phases   ] GC(600)   Other: 0,1ms
[80,222s][info][gc,heap     ] GC(600) Eden regions: 33->0(35)
[80,222s][info][gc,heap     ] GC(600) Survivor regions: 5->3(5)
[80,222s][info][gc,heap     ] GC(600) Old regions: 7->7
[80,222s][info][gc,heap     ] GC(600) Archive regions: 2->2
[80,222s][info][gc,heap     ] GC(600) Humongous regions: 0->0
[80,222s][info][gc,metaspace] GC(600) Metaspace: 117K(320K)->117K(320K) NonClass: 109K(192K)->109K(192K) Class: 8K(128K)->8K(128K)
[80,222s][info][gc          ] GC(600) Pause Young (Normal) (G1 Evacuation Pause) 44M->10M(64M) 0,676ms
[80,222s][info][gc,cpu      ] GC(600) User=0,00s Sys=0,00s Real=0,00s
[80,372s][info][gc,start    ] GC(601) Pause Young (Normal) (G1 Evacuation Pause)
[80,372s][info][gc,task     ] GC(601) Using 4 workers of 8 for evacuation
[80,373s][info][gc,phases   ] GC(601)   Pre Evacuate Collection Set: 0,0ms
[80,373s][info][gc,phases   ] GC(601)   Merge Heap Roots: 0,0ms
[80,373s][info][gc,phases   ] GC(601)   Evacuate Collection Set: 0,5ms
[80,373s][info][gc,phases   ] GC(601)   Post Evacuate Collection Set: 0,2ms
[80,373s][info][gc,phases   ] GC(601)   Other: 0,1ms
[80,373s][info][gc,heap     ] GC(601) Eden regions: 35->0(33)
[80,373s][info][gc,heap     ] GC(601) Survivor regions: 3->5(5)
[80,373s][info][gc,heap     ] GC(601) Old regions: 7->7
[80,373s][info][gc,heap     ] GC(601) Archive regions: 2->2
[80,373s][info][gc,heap     ] GC(601) Humongous regions: 0->0
[80,373s][info][gc,metaspace] GC(601) Metaspace: 117K(320K)->117K(320K) NonClass: 109K(192K)->109K(192K) Class: 8K(128K)->8K(128K)
[80,373s][info][gc          ] GC(601) Pause Young (Normal) (G1 Evacuation Pause) 45M->12M(64M) 1,033ms
[80,373s][info][gc,cpu      ] GC(601) User=0,00s Sys=0,00s Real=0,00s
[80,520s][info][gc,start    ] GC(602) Pause Young (Normal) (G1 Evacuation Pause)
[80,520s][info][gc,task     ] GC(602) Using 4 workers of 8 for evacuation
[80,521s][info][gc,phases   ] GC(602)   Pre Evacuate Collection Set: 0,0ms
[80,521s][info][gc,phases   ] GC(602)   Merge Heap Roots: 0,0ms
[80,521s][info][gc,phases   ] GC(602)   Evacuate Collection Set: 0,3ms
[80,521s][info][gc,phases   ] GC(602)   Post Evacuate Collection Set: 0,1ms
[80,521s][info][gc,phases   ] GC(602)   Other: 0,1ms
[80,521s][info][gc,heap     ] GC(602) Eden regions: 33->0(35)
[80,521s][info][gc,heap     ] GC(602) Survivor regions: 5->3(5)
[80,521s][info][gc,heap     ] GC(602) Old regions: 7->7
[80,521s][info][gc,heap     ] GC(602) Archive regions: 2->2
[80,521s][info][gc,heap     ] GC(602) Humongous regions: 0->0
[80,521s][info][gc,metaspace] GC(602) Metaspace: 117K(320K)->117K(320K) NonClass: 109K(192K)->109K(192K) Class: 8K(128K)->8K(128K)
[80,521s][info][gc          ] GC(602) Pause Young (Normal) (G1 Evacuation Pause) 45M->10M(64M) 0,595ms
[80,521s][info][gc,cpu      ] GC(602) User=0,00s Sys=0,00s Real=0,00s
[80,623s][info][gc,start    ] GC(603) Pause Young (Normal) (G1 Evacuation Pause)
[80,623s][info][gc,task     ] GC(603) Using 4 workers of 8 for evacuation
[80,624s][info][gc,phases   ] GC(603)   Pre Evacuate Collection Set: 0,0ms
[80,624s][info][gc,phases   ] GC(603)   Merge Heap Roots: 0,0ms
[80,624s][info][gc,phases   ] GC(603)   Evacuate Collection Set: 0,4ms
[80,624s][info][gc,phases   ] GC(603)   Post Evacuate Collection Set: 0,1ms
[80,624s][info][gc,phases   ] GC(603)   Other: 0,1ms
[80,624s][info][gc,heap     ] GC(603) Eden regions: 35->0(33)
[80,624s][info][gc,heap     ] GC(603) Survivor regions: 3->5(5)
[80,624s][info][gc,heap     ] GC(603) Old regions: 7->7
[80,624s][info][gc,heap     ] GC(603) Archive regions: 2->2
[80,624s][info][gc,heap     ] GC(603) Humongous regions: 0->0
[80,624s][info][gc,metaspace] GC(603) Metaspace: 117K(320K)->117K(320K) NonClass: 109K(192K)->109K(192K) Class: 8K(128K)->8K(128K)
[80,624s][info][gc          ] GC(603) Pause Young (Normal) (G1 Evacuation Pause) 45M->12M(64M) 0,795ms
[80,624s][info][gc,cpu      ] GC(603) User=0,00s Sys=0,00s Real=0,00s
[80,774s][info][gc,start    ] GC(604) Pause Young (Normal) (G1 Evacuation Pause)
[80,774s][info][gc,task     ] GC(604) Using 4 workers of 8 for evacuation
[80,775s][info][gc,phases   ] GC(604)   Pre Evacuate Collection Set: 0,0ms
[80,775s][info][gc,phases   ] GC(604)   Merge Heap Roots: 0,0ms
[80,775s][info][gc,phases   ] GC(604)   Evacuate Collection Set: 0,4ms
[80,775s][info][gc,phases   ] GC(604)   Post Evacuate Collection Set: 0,1ms
[80,775s][info][gc,phases   ] GC(604)   Other: 0,1ms
[80,775s][info][gc,heap     ] GC(604) Eden regions: 33->0(34)
[80,775s][info][gc,heap     ] GC(604) Survivor regions: 5->4(5)
[80,775s][info][gc,heap     ] GC(604) Old regions: 7->7
[80,775s][info][gc,heap     ] GC(604) Archive regions: 2->2
[80,775s][info][gc,heap     ] GC(604) Humongous regions: 0->0
[80,775s][info][gc,metaspace] GC(604) Metaspace: 117K(320K)->117K(320K) NonClass: 109K(192K)->109K(192K) Class: 8K(128K)->8K(128K)
[80,775s][info][gc          ] GC(604) Pause Young (Normal) (G1 Evacuation Pause) 45M->10M(64M) 0,862ms
[80,775s][info][gc,cpu      ] GC(604) User=0,00s Sys=0,00s Real=0,00s
[80,918s][info][gc,start    ] GC(605) Pause Young (Normal) (G1 Evacuation Pause)
[80,919s][info][gc,task     ] GC(605) Using 4 workers of 8 for evacuation
[80,919s][info][gc,phases   ] GC(605)   Pre Evacuate Collection Set: 0,0ms
[80,919s][info][gc,phases   ] GC(605)   Merge Heap Roots: 0,0ms
[80,919s][info][gc,phases   ] GC(605)   Evacuate Collection Set: 0,2ms
[80,919s][info][gc,phases   ] GC(605)   Post Evacuate Collection Set: 0,1ms
[80,919s][info][gc,phases   ] GC(605)   Other: 0,1ms
[80,919s][info][gc,heap     ] GC(605) Eden regions: 34->0(34)
[80,919s][info][gc,heap     ] GC(605) Survivor regions: 4->4(5)
[80,919s][info][gc,heap     ] GC(605) Old regions: 7->7
[80,919s][info][gc,heap     ] GC(605) Archive regions: 2->2
[80,919s][info][gc,heap     ] GC(605) Humongous regions: 0->0
[80,919s][info][gc,metaspace] GC(605) Metaspace: 117K(320K)->117K(320K) NonClass: 109K(192K)->109K(192K) Class: 8K(128K)->8K(128K)
[80,919s][info][gc          ] GC(605) Pause Young (Normal) (G1 Evacuation Pause) 44M->10M(64M) 0,553ms
[80,919s][info][gc,cpu      ] GC(605) User=0,00s Sys=0,00s Real=0,00s
[81,024s][info][gc,start    ] GC(606) Pause Young (Normal) (G1 Evacuation Pause)
[81,024s][info][gc,task     ] GC(606) Using 4 workers of 8 for evacuation
[81,025s][info][gc,phases   ] GC(606)   Pre Evacuate Collection Set: 0,0ms
[81,025s][info][gc,phases   ] GC(606)   Merge Heap Roots: 0,0ms
[81,025s][info][gc,phases   ] GC(606)   Evacuate Collection Set: 0,4ms
[81,025s][info][gc,phases   ] GC(606)   Post Evacuate Collection Set: 0,1ms
[81,025s][info][gc,phases   ] GC(606)   Other: 0,1ms
[81,025s][info][gc,heap     ] GC(606) Eden regions: 34->0(34)
[81,025s][info][gc,heap     ] GC(606) Survivor regions: 4->4(5)
[81,025s][info][gc,heap     ] GC(606) Old regions: 7->7
[81,025s][info][gc,heap     ] GC(606) Archive regions: 2->2
[81,025s][info][gc,heap     ] GC(606) Humongous regions: 0->0
[81,025s][info][gc,metaspace] GC(606) Metaspace: 117K(320K)->117K(320K) NonClass: 109K(192K)->109K(192K) Class: 8K(128K)->8K(128K)
[81,025s][info][gc          ] GC(606) Pause Young (Normal) (G1 Evacuation Pause) 44M->11M(64M) 0,745ms
[81,025s][info][gc,cpu      ] GC(606) User=0,00s Sys=0,00s Real=0,00s
[81,169s][info][gc,start    ] GC(607) Pause Young (Normal) (G1 Evacuation Pause)
[81,169s][info][gc,task     ] GC(607) Using 4 workers of 8 for evacuation
[81,169s][info][gc,phases   ] GC(607)   Pre Evacuate Collection Set: 0,0ms
[81,169s][info][gc,phases   ] GC(607)   Merge Heap Roots: 0,0ms
[81,169s][info][gc,phases   ] GC(607)   Evacuate Collection Set: 0,3ms
[81,169s][info][gc,phases   ] GC(607)   Post Evacuate Collection Set: 0,1ms
[81,169s][info][gc,phases   ] GC(607)   Other: 0,1ms
[81,169s][info][gc,heap     ] GC(607) Eden regions: 34->0(35)
[81,169s][info][gc,heap     ] GC(607) Survivor regions: 4->3(5)
[81,169s][info][gc,heap     ] GC(607) Old regions: 7->7
[81,169s][info][gc,heap     ] GC(607) Archive regions: 2->2
[81,169s][info][gc,heap     ] GC(607) Humongous regions: 0->0
[81,169s][info][gc,metaspace] GC(607) Metaspace: 117K(320K)->117K(320K) NonClass: 109K(192K)->109K(192K) Class: 8K(128K)->8K(128K)
[81,170s][info][gc          ] GC(607) Pause Young (Normal) (G1 Evacuation Pause) 45M->10M(64M) 0,563ms
[81,170s][info][gc,cpu      ] GC(607) User=0,00s Sys=0,00s Real=0,00s
[81,319s][info][gc,start    ] GC(608) Pause Young (Normal) (G1 Evacuation Pause)
[81,319s][info][gc,task     ] GC(608) Using 4 workers of 8 for evacuation
[81,320s][info][gc,phases   ] GC(608)   Pre Evacuate Collection Set: 0,0ms
[81,320s][info][gc,phases   ] GC(608)   Merge Heap Roots: 0,0ms
[81,320s][info][gc,phases   ] GC(608)   Evacuate Collection Set: 0,4ms
[81,320s][info][gc,phases   ] GC(608)   Post Evacuate Collection Set: 0,1ms
[81,320s][info][gc,phases   ] GC(608)   Other: 0,1ms
[81,320s][info][gc,heap     ] GC(608) Eden regions: 35->0(33)
[81,320s][info][gc,heap     ] GC(608) Survivor regions: 3->5(5)
[81,320s][info][gc,heap     ] GC(608) Old regions: 7->7
[81,320s][info][gc,heap     ] GC(608) Archive regions: 2->2
[81,320s][info][gc,heap     ] GC(608) Humongous regions: 0->0
[81,320s][info][gc,metaspace] GC(608) Metaspace: 117K(320K)->117K(320K) NonClass: 109K(192K)->109K(192K) Class: 8K(128K)->8K(128K)
[81,320s][info][gc          ] GC(608) Pause Young (Normal) (G1 Evacuation Pause) 45M->12M(64M) 0,761ms
[81,320s][info][gc,cpu      ] GC(608) User=0,01s Sys=0,00s Real=0,00s
[81,423s][info][gc,start    ] GC(609) Pause Young (Normal) (G1 Evacuation Pause)
[81,423s][info][gc,task     ] GC(609) Using 4 workers of 8 for evacuation
[81,423s][info][gc,phases   ] GC(609)   Pre Evacuate Collection Set: 0,0ms
[81,423s][info][gc,phases   ] GC(609)   Merge Heap Roots: 0,0ms
[81,423s][info][gc,phases   ] GC(609)   Evacuate Collection Set: 0,3ms
[81,423s][info][gc,phases   ] GC(609)   Post Evacuate Collection Set: 0,1ms
[81,423s][info][gc,phases   ] GC(609)   Other: 0,1ms
[81,423s][info][gc,heap     ] GC(609) Eden regions: 33->0(34)
[81,423s][info][gc,heap     ] GC(609) Survivor regions: 5->4(5)
[81,423s][info][gc,heap     ] GC(609) Old regions: 7->7
[81,423s][info][gc,heap     ] GC(609) Archive regions: 2->2
[81,423s][info][gc,heap     ] GC(609) Humongous regions: 0->0
[81,423s][info][gc,metaspace] GC(609) Metaspace: 117K(320K)->117K(320K) NonClass: 109K(192K)->109K(192K) Class: 8K(128K)->8K(128K)
[81,423s][info][gc          ] GC(609) Pause Young (Normal) (G1 Evacuation Pause) 45M->11M(64M) 0,655ms
[81,423s][info][gc,cpu      ] GC(609) User=0,00s Sys=0,00s Real=0,00s
[81,572s][info][gc,start    ] GC(610) Pause Young (Normal) (G1 Evacuation Pause)
[81,572s][info][gc,task     ] GC(610) Using 4 workers of 8 for evacuation
[81,573s][info][gc,phases   ] GC(610)   Pre Evacuate Collection Set: 0,0ms
[81,573s][info][gc,phases   ] GC(610)   Merge Heap Roots: 0,0ms
[81,573s][info][gc,phases   ] GC(610)   Evacuate Collection Set: 0,5ms
[81,573s][info][gc,phases   ] GC(610)   Post Evacuate Collection Set: 0,1ms
[81,573s][info][gc,phases   ] GC(610)   Other: 0,1ms
[81,573s][info][gc,heap     ] GC(610) Eden regions: 34->0(33)
[81,573s][info][gc,heap     ] GC(610) Survivor regions: 4->5(5)
[81,573s][info][gc,heap     ] GC(610) Old regions: 7->7
[81,573s][info][gc,heap     ] GC(610) Archive regions: 2->2
[81,573s][info][gc,heap     ] GC(610) Humongous regions: 0->0
[81,573s][info][gc,metaspace] GC(610) Metaspace: 117K(320K)->117K(320K) NonClass: 109K(192K)->109K(192K) Class: 8K(128K)->8K(128K)
[81,573s][info][gc          ] GC(610) Pause Young (Normal) (G1 Evacuation Pause) 45M->12M(64M) 0,901ms
[81,573s][info][gc,cpu      ] GC(610) User=0,00s Sys=0,00s Real=0,00s
[81,720s][info][gc,start    ] GC(611) Pause Young (Normal) (G1 Evacuation Pause)
[81,720s][info][gc,task     ] GC(611) Using 4 workers of 8 for evacuation
[81,721s][info][gc,phases   ] GC(611)   Pre Evacuate Collection Set: 0,0ms
[81,721s][info][gc,phases   ] GC(611)   Merge Heap Roots: 0,0ms
[81,721s][info][gc,phases   ] GC(611)   Evacuate Collection Set: 0,2ms
[81,721s][info][gc,phases   ] GC(611)   Post Evacuate Collection Set: 0,1ms
[81,721s][info][gc,phases   ] GC(611)   Other: 0,1ms
[81,721s][info][gc,heap     ] GC(611) Eden regions: 33->0(35)
[81,721s][info][gc,heap     ] GC(611) Survivor regions: 5->3(5)
[81,721s][info][gc,heap     ] GC(611) Old regions: 7->7
[81,721s][info][gc,heap     ] GC(611) Archive regions: 2->2
[81,721s][info][gc,heap     ] GC(611) Humongous regions: 0->0
[81,721s][info][gc,metaspace] GC(611) Metaspace: 117K(320K)->117K(320K) NonClass: 109K(192K)->109K(192K) Class: 8K(128K)->8K(128K)
[81,721s][info][gc          ] GC(611) Pause Young (Normal) (G1 Evacuation Pause) 45M->10M(64M) 0,505ms
[81,721s][info][gc,cpu      ] GC(611) User=0,00s Sys=0,00s Real=0,00s
[81,823s][info][gc,start    ] GC(612) Pause Young (Normal) (G1 Evacuation Pause)
[81,823s][info][gc,task     ] GC(612) Using 4 workers of 8 for evacuation
[81,824s][info][gc,phases   ] GC(612)   Pre Evacuate Collection Set: 0,0ms
[81,824s][info][gc,phases   ] GC(612)   Merge Heap Roots: 0,0ms
[81,824s][info][gc,phases   ] GC(612)   Evacuate Collection Set: 0,5ms
[81,824s][info][gc,phases   ] GC(612)   Post Evacuate Collection Set: 0,1ms
[81,824s][info][gc,phases   ] GC(612)   Other: 0,1ms
[81,824s][info][gc,heap     ] GC(612) Eden regions: 35->0(33)
[81,824s][info][gc,heap     ] GC(612) Survivor regions: 3->5(5)
[81,824s][info][gc,heap     ] GC(612) Old regions: 7->7
[81,824s][info][gc,heap     ] GC(612) Archive regions: 2->2
[81,824s][info][gc,heap     ] GC(612) Humongous regions: 0->0
[81,824s][info][gc,metaspace] GC(612) Metaspace: 117K(320K)->117K(320K) NonClass: 109K(192K)->109K(192K) Class: 8K(128K)->8K(128K)
[81,824s][info][gc          ] GC(612) Pause Young (Normal) (G1 Evacuation Pause) 45M->12M(64M) 0,888ms
[81,824s][info][gc,cpu      ] GC(612) User=0,00s Sys=0,00s Real=0,00s
[81,971s][info][gc,start    ] GC(613) Pause Young (Normal) (G1 Evacuation Pause)
[81,971s][info][gc,task     ] GC(613) Using 4 workers of 8 for evacuation
[81,972s][info][gc,phases   ] GC(613)   Pre Evacuate Collection Set: 0,0ms
[81,972s][info][gc,phases   ] GC(613)   Merge Heap Roots: 0,0ms
[81,972s][info][gc,phases   ] GC(613)   Evacuate Collection Set: 0,2ms
[81,972s][info][gc,phases   ] GC(613)   Post Evacuate Collection Set: 0,1ms
[81,972s][info][gc,phases   ] GC(613)   Other: 0,1ms
[81,972s][info][gc,heap     ] GC(613) Eden regions: 33->0(34)
[81,972s][info][gc,heap     ] GC(613) Survivor regions: 5->4(5)
[81,972s][info][gc,heap     ] GC(613) Old regions: 7->7
[81,972s][info][gc,heap     ] GC(613) Archive regions: 2->2
[81,972s][info][gc,heap     ] GC(613) Humongous regions: 0->0
[81,972s][info][gc,metaspace] GC(613) Metaspace: 117K(320K)->117K(320K) NonClass: 109K(192K)->109K(192K) Class: 8K(128K)->8K(128K)
[81,972s][info][gc          ] GC(613) Pause Young (Normal) (G1 Evacuation Pause) 45M->11M(64M) 0,531ms
[81,972s][info][gc,cpu      ] GC(613) User=0,00s Sys=0,00s Real=0,00s
[82,121s][info][gc,start    ] GC(614) Pause Young (Normal) (G1 Evacuation Pause)
[82,121s][info][gc,task     ] GC(614) Using 4 workers of 8 for evacuation
[82,122s][info][gc,phases   ] GC(614)   Pre Evacuate Collection Set: 0,0ms
[82,122s][info][gc,phases   ] GC(614)   Merge Heap Roots: 0,0ms
[82,122s][info][gc,phases   ] GC(614)   Evacuate Collection Set: 0,3ms
[82,122s][info][gc,phases   ] GC(614)   Post Evacuate Collection Set: 0,1ms
[82,122s][info][gc,phases   ] GC(614)   Other: 0,1ms
[82,122s][info][gc,heap     ] GC(614) Eden regions: 34->0(33)
[82,122s][info][gc,heap     ] GC(614) Survivor regions: 4->5(5)
[82,122s][info][gc,heap     ] GC(614) Old regions: 7->7
[82,122s][info][gc,heap     ] GC(614) Archive regions: 2->2
[82,122s][info][gc,heap     ] GC(614) Humongous regions: 0->0
[82,122s][info][gc,metaspace] GC(614) Metaspace: 117K(320K)->117K(320K) NonClass: 109K(192K)->109K(192K) Class: 8K(128K)->8K(128K)
[82,122s][info][gc          ] GC(614) Pause Young (Normal) (G1 Evacuation Pause) 45M->12M(64M) 0,639ms
[82,122s][info][gc,cpu      ] GC(614) User=0,01s Sys=0,01s Real=0,00s
[82,222s][info][gc,start    ] GC(615) Pause Young (Normal) (G1 Evacuation Pause)
[82,222s][info][gc,task     ] GC(615) Using 4 workers of 8 for evacuation
[82,223s][info][gc,phases   ] GC(615)   Pre Evacuate Collection Set: 0,0ms
[82,223s][info][gc,phases   ] GC(615)   Merge Heap Roots: 0,0ms
[82,223s][info][gc,phases   ] GC(615)   Evacuate Collection Set: 0,2ms
[82,223s][info][gc,phases   ] GC(615)   Post Evacuate Collection Set: 0,1ms
[82,223s][info][gc,phases   ] GC(615)   Other: 0,1ms
[82,223s][info][gc,heap     ] GC(615) Eden regions: 33->0(35)
[82,223s][info][gc,heap     ] GC(615) Survivor regions: 5->3(5)
[82,223s][info][gc,heap     ] GC(615) Old regions: 7->7
[82,223s][info][gc,heap     ] GC(615) Archive regions: 2->2
[82,223s][info][gc,heap     ] GC(615) Humongous regions: 0->0
[82,223s][info][gc,metaspace] GC(615) Metaspace: 117K(320K)->117K(320K) NonClass: 109K(192K)->109K(192K) Class: 8K(128K)->8K(128K)
[82,223s][info][gc          ] GC(615) Pause Young (Normal) (G1 Evacuation Pause) 45M->10M(64M) 0,577ms
[82,223s][info][gc,cpu      ] GC(615) User=0,00s Sys=0,00s Real=0,00s
[82,373s][info][gc,start    ] GC(616) Pause Young (Normal) (G1 Evacuation Pause)
[82,373s][info][gc,task     ] GC(616) Using 4 workers of 8 for evacuation
[82,373s][info][gc,phases   ] GC(616)   Pre Evacuate Collection Set: 0,0ms
[82,373s][info][gc,phases   ] GC(616)   Merge Heap Roots: 0,0ms
[82,373s][info][gc,phases   ] GC(616)   Evacuate Collection Set: 0,3ms
[82,373s][info][gc,phases   ] GC(616)   Post Evacuate Collection Set: 0,1ms
[82,373s][info][gc,phases   ] GC(616)   Other: 0,1ms
[82,373s][info][gc,heap     ] GC(616) Eden regions: 35->0(34)
[82,373s][info][gc,heap     ] GC(616) Survivor regions: 3->4(5)
[82,373s][info][gc,heap     ] GC(616) Old regions: 7->7
[82,373s][info][gc,heap     ] GC(616) Archive regions: 2->2
[82,373s][info][gc,heap     ] GC(616) Humongous regions: 0->0
[82,373s][info][gc,metaspace] GC(616) Metaspace: 117K(320K)->117K(320K) NonClass: 109K(192K)->109K(192K) Class: 8K(128K)->8K(128K)
[82,373s][info][gc          ] GC(616) Pause Young (Normal) (G1 Evacuation Pause) 45M->11M(64M) 0,658ms
[82,373s][info][gc,cpu      ] GC(616) User=0,00s Sys=0,00s Real=0,00s
[82,519s][info][gc,start    ] GC(617) Pause Young (Normal) (G1 Evacuation Pause)
[82,519s][info][gc,task     ] GC(617) Using 4 workers of 8 for evacuation
[82,520s][info][gc,phases   ] GC(617)   Pre Evacuate Collection Set: 0,0ms
[82,520s][info][gc,phases   ] GC(617)   Merge Heap Roots: 0,1ms
[82,520s][info][gc,phases   ] GC(617)   Evacuate Collection Set: 0,4ms
[82,520s][info][gc,phases   ] GC(617)   Post Evacuate Collection Set: 0,2ms
[82,520s][info][gc,phases   ] GC(617)   Other: 0,1ms
[82,520s][info][gc,heap     ] GC(617) Eden regions: 34->0(33)
[82,520s][info][gc,heap     ] GC(617) Survivor regions: 4->5(5)
[82,520s][info][gc,heap     ] GC(617) Old regions: 7->7
[82,520s][info][gc,heap     ] GC(617) Archive regions: 2->2
[82,520s][info][gc,heap     ] GC(617) Humongous regions: 0->0
[82,520s][info][gc,metaspace] GC(617) Metaspace: 117K(320K)->117K(320K) NonClass: 109K(192K)->109K(192K) Class: 8K(128K)->8K(128K)
[82,520s][info][gc          ] GC(617) Pause Young (Normal) (G1 Evacuation Pause) 45M->12M(64M) 0,875ms
[82,520s][info][gc,cpu      ] GC(617) User=0,01s Sys=0,00s Real=0,00s
[82,618s][info][gc,start    ] GC(618) Pause Young (Normal) (G1 Evacuation Pause)
[82,618s][info][gc,task     ] GC(618) Using 4 workers of 8 for evacuation
[82,619s][info][gc,phases   ] GC(618)   Pre Evacuate Collection Set: 0,0ms
[82,619s][info][gc,phases   ] GC(618)   Merge Heap Roots: 0,0ms
[82,619s][info][gc,phases   ] GC(618)   Evacuate Collection Set: 0,5ms
[82,619s][info][gc,phases   ] GC(618)   Post Evacuate Collection Set: 0,1ms
[82,619s][info][gc,phases   ] GC(618)   Other: 0,2ms
[82,619s][info][gc,heap     ] GC(618) Eden regions: 33->0(33)
[82,619s][info][gc,heap     ] GC(618) Survivor regions: 5->5(5)
[82,619s][info][gc,heap     ] GC(618) Old regions: 7->7
[82,619s][info][gc,heap     ] GC(618) Archive regions: 2->2
[82,619s][info][gc,heap     ] GC(618) Humongous regions: 0->0
[82,619s][info][gc,metaspace] GC(618) Metaspace: 117K(320K)->117K(320K) NonClass: 109K(192K)->109K(192K) Class: 8K(128K)->8K(128K)
[82,619s][info][gc          ] GC(618) Pause Young (Normal) (G1 Evacuation Pause) 45M->12M(64M) 0,912ms
[82,619s][info][gc,cpu      ] GC(618) User=0,00s Sys=0,00s Real=0,00s
[82,772s][info][gc,start    ] GC(619) Pause Young (Normal) (G1 Evacuation Pause)
[82,772s][info][gc,task     ] GC(619) Using 4 workers of 8 for evacuation
[82,772s][info][gc,phases   ] GC(619)   Pre Evacuate Collection Set: 0,0ms
[82,772s][info][gc,phases   ] GC(619)   Merge Heap Roots: 0,1ms
[82,772s][info][gc,phases   ] GC(619)   Evacuate Collection Set: 0,3ms
[82,772s][info][gc,phases   ] GC(619)   Post Evacuate Collection Set: 0,1ms
[82,772s][info][gc,phases   ] GC(619)   Other: 0,1ms
[82,772s][info][gc,heap     ] GC(619) Eden regions: 33->0(35)
[82,772s][info][gc,heap     ] GC(619) Survivor regions: 5->3(5)
[82,772s][info][gc,heap     ] GC(619) Old regions: 7->7
[82,772s][info][gc,heap     ] GC(619) Archive regions: 2->2
[82,772s][info][gc,heap     ] GC(619) Humongous regions: 0->0
[82,772s][info][gc,metaspace] GC(619) Metaspace: 117K(320K)->117K(320K) NonClass: 109K(192K)->109K(192K) Class: 8K(128K)->8K(128K)
[82,772s][info][gc          ] GC(619) Pause Young (Normal) (G1 Evacuation Pause) 45M->10M(64M) 0,722ms
[82,772s][info][gc,cpu      ] GC(619) User=0,00s Sys=0,00s Real=0,00s
[82,922s][info][gc,start    ] GC(620) Pause Young (Normal) (G1 Evacuation Pause)
[82,922s][info][gc,task     ] GC(620) Using 4 workers of 8 for evacuation
[82,922s][info][gc,phases   ] GC(620)   Pre Evacuate Collection Set: 0,0ms
[82,922s][info][gc,phases   ] GC(620)   Merge Heap Roots: 0,0ms
[82,922s][info][gc,phases   ] GC(620)   Evacuate Collection Set: 0,3ms
[82,922s][info][gc,phases   ] GC(620)   Post Evacuate Collection Set: 0,1ms
[82,922s][info][gc,phases   ] GC(620)   Other: 0,1ms
[82,922s][info][gc,heap     ] GC(620) Eden regions: 35->0(34)
[82,922s][info][gc,heap     ] GC(620) Survivor regions: 3->4(5)
[82,922s][info][gc,heap     ] GC(620) Old regions: 7->7
[82,922s][info][gc,heap     ] GC(620) Archive regions: 2->2
[82,922s][info][gc,heap     ] GC(620) Humongous regions: 0->0
[82,922s][info][gc,metaspace] GC(620) Metaspace: 117K(320K)->117K(320K) NonClass: 109K(192K)->109K(192K) Class: 8K(128K)->8K(128K)
[82,923s][info][gc          ] GC(620) Pause Young (Normal) (G1 Evacuation Pause) 45M->11M(64M) 0,638ms
[82,923s][info][gc,cpu      ] GC(620) User=0,01s Sys=0,00s Real=0,00s
[83,019s][info][gc,start    ] GC(621) Pause Young (Normal) (G1 Evacuation Pause)
[83,019s][info][gc,task     ] GC(621) Using 4 workers of 8 for evacuation
[83,020s][info][gc,phases   ] GC(621)   Pre Evacuate Collection Set: 0,0ms
[83,020s][info][gc,phases   ] GC(621)   Merge Heap Roots: 0,0ms
[83,020s][info][gc,phases   ] GC(621)   Evacuate Collection Set: 0,4ms
[83,020s][info][gc,phases   ] GC(621)   Post Evacuate Collection Set: 0,1ms
[83,020s][info][gc,phases   ] GC(621)   Other: 0,1ms
[83,020s][info][gc,heap     ] GC(621) Eden regions: 34->0(33)
[83,020s][info][gc,heap     ] GC(621) Survivor regions: 4->5(5)
[83,020s][info][gc,heap     ] GC(621) Old regions: 7->7
[83,020s][info][gc,heap     ] GC(621) Archive regions: 2->2
[83,020s][info][gc,heap     ] GC(621) Humongous regions: 0->0
[83,020s][info][gc,metaspace] GC(621) Metaspace: 117K(320K)->117K(320K) NonClass: 109K(192K)->109K(192K) Class: 8K(128K)->8K(128K)
[83,020s][info][gc          ] GC(621) Pause Young (Normal) (G1 Evacuation Pause) 45M->12M(64M) 0,745ms
[83,020s][info][gc,cpu      ] GC(621) User=0,00s Sys=0,00s Real=0,00s
[83,172s][info][gc,start    ] GC(622) Pause Young (Normal) (G1 Evacuation Pause)
[83,172s][info][gc,task     ] GC(622) Using 4 workers of 8 for evacuation
[83,172s][info][gc,phases   ] GC(622)   Pre Evacuate Collection Set: 0,0ms
[83,172s][info][gc,phases   ] GC(622)   Merge Heap Roots: 0,0ms
[83,172s][info][gc,phases   ] GC(622)   Evacuate Collection Set: 0,3ms
[83,172s][info][gc,phases   ] GC(622)   Post Evacuate Collection Set: 0,2ms
[83,172s][info][gc,phases   ] GC(622)   Other: 0,1ms
[83,172s][info][gc,heap     ] GC(622) Eden regions: 33->0(35)
[83,172s][info][gc,heap     ] GC(622) Survivor regions: 5->3(5)
[83,172s][info][gc,heap     ] GC(622) Old regions: 7->8
[83,172s][info][gc,heap     ] GC(622) Archive regions: 2->2
[83,172s][info][gc,heap     ] GC(622) Humongous regions: 0->0
[83,172s][info][gc,metaspace] GC(622) Metaspace: 117K(320K)->117K(320K) NonClass: 109K(192K)->109K(192K) Class: 8K(128K)->8K(128K)
[83,172s][info][gc          ] GC(622) Pause Young (Normal) (G1 Evacuation Pause) 45M->10M(64M) 0,711ms
[83,172s][info][gc,cpu      ] GC(622) User=0,00s Sys=0,00s Real=0,00s
[83,321s][info][gc,start    ] GC(623) Pause Young (Normal) (G1 Evacuation Pause)
[83,321s][info][gc,task     ] GC(623) Using 4 workers of 8 for evacuation
[83,322s][info][gc,phases   ] GC(623)   Pre Evacuate Collection Set: 0,0ms
[83,322s][info][gc,phases   ] GC(623)   Merge Heap Roots: 0,0ms
[83,322s][info][gc,phases   ] GC(623)   Evacuate Collection Set: 0,4ms
[83,322s][info][gc,phases   ] GC(623)   Post Evacuate Collection Set: 0,1ms
[83,322s][info][gc,phases   ] GC(623)   Other: 0,1ms
[83,322s][info][gc,heap     ] GC(623) Eden regions: 35->0(33)
[83,322s][info][gc,heap     ] GC(623) Survivor regions: 3->5(5)
[83,322s][info][gc,heap     ] GC(623) Old regions: 8->8
[83,322s][info][gc,heap     ] GC(623) Archive regions: 2->2
[83,322s][info][gc,heap     ] GC(623) Humongous regions: 0->0
[83,322s][info][gc,metaspace] GC(623) Metaspace: 117K(320K)->117K(320K) NonClass: 109K(192K)->109K(192K) Class: 8K(128K)->8K(128K)
[83,322s][info][gc          ] GC(623) Pause Young (Normal) (G1 Evacuation Pause) 45M->12M(64M) 0,732ms
[83,322s][info][gc,cpu      ] GC(623) User=0,01s Sys=0,00s Real=0,00s
[83,418s][info][gc,start    ] GC(624) Pause Young (Normal) (G1 Evacuation Pause)
[83,418s][info][gc,task     ] GC(624) Using 4 workers of 8 for evacuation
[83,419s][info][gc,phases   ] GC(624)   Pre Evacuate Collection Set: 0,0ms
[83,419s][info][gc,phases   ] GC(624)   Merge Heap Roots: 0,0ms
[83,419s][info][gc,phases   ] GC(624)   Evacuate Collection Set: 0,3ms
[83,419s][info][gc,phases   ] GC(624)   Post Evacuate Collection Set: 0,1ms
[83,419s][info][gc,phases   ] GC(624)   Other: 0,1ms
[83,419s][info][gc,heap     ] GC(624) Eden regions: 33->0(35)
[83,419s][info][gc,heap     ] GC(624) Survivor regions: 5->3(5)
[83,419s][info][gc,heap     ] GC(624) Old regions: 8->8
[83,419s][info][gc,heap     ] GC(624) Archive regions: 2->2
[83,419s][info][gc,heap     ] GC(624) Humongous regions: 0->0
[83,419s][info][gc,metaspace] GC(624) Metaspace: 117K(320K)->117K(320K) NonClass: 109K(192K)->109K(192K) Class: 8K(128K)->8K(128K)
[83,419s][info][gc          ] GC(624) Pause Young (Normal) (G1 Evacuation Pause) 45M->10M(64M) 0,629ms
[83,419s][info][gc,cpu      ] GC(624) User=0,00s Sys=0,00s Real=0,00s
[83,570s][info][gc,start    ] GC(625) Pause Young (Normal) (G1 Evacuation Pause)
[83,570s][info][gc,task     ] GC(625) Using 4 workers of 8 for evacuation
[83,570s][info][gc,phases   ] GC(625)   Pre Evacuate Collection Set: 0,0ms
[83,570s][info][gc,phases   ] GC(625)   Merge Heap Roots: 0,0ms
[83,570s][info][gc,phases   ] GC(625)   Evacuate Collection Set: 0,4ms
[83,570s][info][gc,phases   ] GC(625)   Post Evacuate Collection Set: 0,1ms
[83,570s][info][gc,phases   ] GC(625)   Other: 0,1ms
[83,570s][info][gc,heap     ] GC(625) Eden regions: 35->0(32)
[83,570s][info][gc,heap     ] GC(625) Survivor regions: 3->5(5)
[83,570s][info][gc,heap     ] GC(625) Old regions: 8->8
[83,570s][info][gc,heap     ] GC(625) Archive regions: 2->2
[83,570s][info][gc,heap     ] GC(625) Humongous regions: 0->0
[83,570s][info][gc,metaspace] GC(625) Metaspace: 117K(320K)->117K(320K) NonClass: 109K(192K)->109K(192K) Class: 8K(128K)->8K(128K)
[83,570s][info][gc          ] GC(625) Pause Young (Normal) (G1 Evacuation Pause) 45M->12M(64M) 0,725ms
[83,571s][info][gc,cpu      ] GC(625) User=0,00s Sys=0,00s Real=0,00s
[83,717s][info][gc,start    ] GC(626) Pause Young (Normal) (G1 Evacuation Pause)
[83,717s][info][gc,task     ] GC(626) Using 4 workers of 8 for evacuation
[83,717s][info][gc,phases   ] GC(626)   Pre Evacuate Collection Set: 0,0ms
[83,717s][info][gc,phases   ] GC(626)   Merge Heap Roots: 0,0ms
[83,717s][info][gc,phases   ] GC(626)   Evacuate Collection Set: 0,3ms
[83,717s][info][gc,phases   ] GC(626)   Post Evacuate Collection Set: 0,1ms
[83,717s][info][gc,phases   ] GC(626)   Other: 0,2ms
[83,717s][info][gc,heap     ] GC(626) Eden regions: 32->0(35)
[83,717s][info][gc,heap     ] GC(626) Survivor regions: 5->3(5)
[83,717s][info][gc,heap     ] GC(626) Old regions: 8->8
[83,717s][info][gc,heap     ] GC(626) Archive regions: 2->2
[83,717s][info][gc,heap     ] GC(626) Humongous regions: 0->0
[83,717s][info][gc,metaspace] GC(626) Metaspace: 117K(320K)->117K(320K) NonClass: 109K(192K)->109K(192K) Class: 8K(128K)->8K(128K)
[83,717s][info][gc          ] GC(626) Pause Young (Normal) (G1 Evacuation Pause) 44M->10M(64M) 0,726ms
[83,717s][info][gc,cpu      ] GC(626) User=0,00s Sys=0,00s Real=0,00s
[83,822s][info][gc,start    ] GC(627) Pause Young (Normal) (G1 Evacuation Pause)
[83,822s][info][gc,task     ] GC(627) Using 4 workers of 8 for evacuation
[83,823s][info][gc,phases   ] GC(627)   Pre Evacuate Collection Set: 0,0ms
[83,823s][info][gc,phases   ] GC(627)   Merge Heap Roots: 0,0ms
[83,823s][info][gc,phases   ] GC(627)   Evacuate Collection Set: 0,4ms
[83,823s][info][gc,phases   ] GC(627)   Post Evacuate Collection Set: 0,1ms
[83,823s][info][gc,phases   ] GC(627)   Other: 0,1ms
[83,823s][info][gc,heap     ] GC(627) Eden regions: 35->0(33)
[83,823s][info][gc,heap     ] GC(627) Survivor regions: 3->5(5)
[83,823s][info][gc,heap     ] GC(627) Old regions: 8->8
[83,823s][info][gc,heap     ] GC(627) Archive regions: 2->2
[83,823s][info][gc,heap     ] GC(627) Humongous regions: 0->0
[83,823s][info][gc,metaspace] GC(627) Metaspace: 117K(320K)->117K(320K) NonClass: 109K(192K)->109K(192K) Class: 8K(128K)->8K(128K)
[83,823s][info][gc          ] GC(627) Pause Young (Normal) (G1 Evacuation Pause) 45M->12M(64M) 0,712ms
[83,823s][info][gc,cpu      ] GC(627) User=0,00s Sys=0,00s Real=0,00s
[83,970s][info][gc,start    ] GC(628) Pause Young (Normal) (G1 Evacuation Pause)
[83,970s][info][gc,task     ] GC(628) Using 4 workers of 8 for evacuation
[83,970s][info][gc,phases   ] GC(628)   Pre Evacuate Collection Set: 0,0ms
[83,970s][info][gc,phases   ] GC(628)   Merge Heap Roots: 0,0ms
[83,970s][info][gc,phases   ] GC(628)   Evacuate Collection Set: 0,2ms
[83,970s][info][gc,phases   ] GC(628)   Post Evacuate Collection Set: 0,1ms
[83,970s][info][gc,phases   ] GC(628)   Other: 0,1ms
[83,970s][info][gc,heap     ] GC(628) Eden regions: 33->0(34)
[83,970s][info][gc,heap     ] GC(628) Survivor regions: 5->4(5)
[83,970s][info][gc,heap     ] GC(628) Old regions: 8->8
[83,970s][info][gc,heap     ] GC(628) Archive regions: 2->2
[83,970s][info][gc,heap     ] GC(628) Humongous regions: 0->0
[83,970s][info][gc,metaspace] GC(628) Metaspace: 117K(320K)->117K(320K) NonClass: 109K(192K)->109K(192K) Class: 8K(128K)->8K(128K)
[83,970s][info][gc          ] GC(628) Pause Young (Normal) (G1 Evacuation Pause) 45M->11M(64M) 0,537ms
[83,970s][info][gc,cpu      ] GC(628) User=0,00s Sys=0,00s Real=0,00s
[84,120s][info][gc,start    ] GC(629) Pause Young (Normal) (G1 Evacuation Pause)
[84,120s][info][gc,task     ] GC(629) Using 4 workers of 8 for evacuation
[84,121s][info][gc,phases   ] GC(629)   Pre Evacuate Collection Set: 0,0ms
[84,121s][info][gc,phases   ] GC(629)   Merge Heap Roots: 0,0ms
[84,121s][info][gc,phases   ] GC(629)   Evacuate Collection Set: 0,4ms
[84,121s][info][gc,phases   ] GC(629)   Post Evacuate Collection Set: 0,1ms
[84,121s][info][gc,phases   ] GC(629)   Other: 0,1ms
[84,121s][info][gc,heap     ] GC(629) Eden regions: 34->0(33)
[84,121s][info][gc,heap     ] GC(629) Survivor regions: 4->5(5)
[84,121s][info][gc,heap     ] GC(629) Old regions: 8->8
[84,121s][info][gc,heap     ] GC(629) Archive regions: 2->2
[84,121s][info][gc,heap     ] GC(629) Humongous regions: 0->0
[84,121s][info][gc,metaspace] GC(629) Metaspace: 117K(320K)->117K(320K) NonClass: 109K(192K)->109K(192K) Class: 8K(128K)->8K(128K)
[84,121s][info][gc          ] GC(629) Pause Young (Normal) (G1 Evacuation Pause) 45M->12M(64M) 0,802ms
[84,121s][info][gc,cpu      ] GC(629) User=0,00s Sys=0,00s Real=0,00s
[84,220s][info][gc,start    ] GC(630) Pause Young (Normal) (G1 Evacuation Pause)
[84,220s][info][gc,task     ] GC(630) Using 4 workers of 8 for evacuation
[84,220s][info][gc,phases   ] GC(630)   Pre Evacuate Collection Set: 0,0ms
[84,220s][info][gc,phases   ] GC(630)   Merge Heap Roots: 0,0ms
[84,220s][info][gc,phases   ] GC(630)   Evacuate Collection Set: 0,2ms
[84,220s][info][gc,phases   ] GC(630)   Post Evacuate Collection Set: 0,1ms
[84,220s][info][gc,phases   ] GC(630)   Other: 0,1ms
[84,220s][info][gc,heap     ] GC(630) Eden regions: 33->0(36)
[84,220s][info][gc,heap     ] GC(630) Survivor regions: 5->2(5)
[84,220s][info][gc,heap     ] GC(630) Old regions: 8->8
[84,220s][info][gc,heap     ] GC(630) Archive regions: 2->2
[84,220s][info][gc,heap     ] GC(630) Humongous regions: 0->0
[84,220s][info][gc,metaspace] GC(630) Metaspace: 117K(320K)->117K(320K) NonClass: 109K(192K)->109K(192K) Class: 8K(128K)->8K(128K)
[84,220s][info][gc          ] GC(630) Pause Young (Normal) (G1 Evacuation Pause) 45M->9M(64M) 0,534ms
[84,220s][info][gc,cpu      ] GC(630) User=0,00s Sys=0,00s Real=0,00s
[84,370s][info][gc,start    ] GC(631) Pause Young (Normal) (G1 Evacuation Pause)
[84,370s][info][gc,task     ] GC(631) Using 4 workers of 8 for evacuation
[84,371s][info][gc,phases   ] GC(631)   Pre Evacuate Collection Set: 0,0ms
[84,371s][info][gc,phases   ] GC(631)   Merge Heap Roots: 0,0ms
[84,371s][info][gc,phases   ] GC(631)   Evacuate Collection Set: 0,3ms
[84,371s][info][gc,phases   ] GC(631)   Post Evacuate Collection Set: 0,1ms
[84,371s][info][gc,phases   ] GC(631)   Other: 0,1ms
[84,371s][info][gc,heap     ] GC(631) Eden regions: 36->0(34)
[84,371s][info][gc,heap     ] GC(631) Survivor regions: 2->4(5)
[84,371s][info][gc,heap     ] GC(631) Old regions: 8->8
[84,371s][info][gc,heap     ] GC(631) Archive regions: 2->2
[84,371s][info][gc,heap     ] GC(631) Humongous regions: 0->0
[84,371s][info][gc,metaspace] GC(631) Metaspace: 117K(320K)->117K(320K) NonClass: 109K(192K)->109K(192K) Class: 8K(128K)->8K(128K)
[84,371s][info][gc          ] GC(631) Pause Young (Normal) (G1 Evacuation Pause) 45M->11M(64M) 0,780ms
[84,371s][info][gc,cpu      ] GC(631) User=0,00s Sys=0,00s Real=0,00s
[84,519s][info][gc,start    ] GC(632) Pause Young (Normal) (G1 Evacuation Pause)
[84,519s][info][gc,task     ] GC(632) Using 4 workers of 8 for evacuation
[84,520s][info][gc,phases   ] GC(632)   Pre Evacuate Collection Set: 0,0ms
[84,520s][info][gc,phases   ] GC(632)   Merge Heap Roots: 0,0ms
[84,520s][info][gc,phases   ] GC(632)   Evacuate Collection Set: 0,5ms
[84,520s][info][gc,phases   ] GC(632)   Post Evacuate Collection Set: 0,1ms
[84,520s][info][gc,phases   ] GC(632)   Other: 0,2ms
[84,520s][info][gc,heap     ] GC(632) Eden regions: 34->0(32)
[84,520s][info][gc,heap     ] GC(632) Survivor regions: 4->5(5)
[84,520s][info][gc,heap     ] GC(632) Old regions: 8->8
[84,520s][info][gc,heap     ] GC(632) Archive regions: 2->2
[84,520s][info][gc,heap     ] GC(632) Humongous regions: 0->0
[84,520s][info][gc,metaspace] GC(632) Metaspace: 117K(320K)->117K(320K) NonClass: 109K(192K)->109K(192K) Class: 8K(128K)->8K(128K)
[84,520s][info][gc          ] GC(632) Pause Young (Normal) (G1 Evacuation Pause) 45M->12M(64M) 1,154ms
[84,520s][info][gc,cpu      ] GC(632) User=0,01s Sys=0,00s Real=0,00s
[84,621s][info][gc,start    ] GC(633) Pause Young (Normal) (G1 Evacuation Pause)
[84,621s][info][gc,task     ] GC(633) Using 4 workers of 8 for evacuation
[84,621s][info][gc,phases   ] GC(633)   Pre Evacuate Collection Set: 0,0ms
[84,621s][info][gc,phases   ] GC(633)   Merge Heap Roots: 0,0ms
[84,621s][info][gc,phases   ] GC(633)   Evacuate Collection Set: 0,3ms
[84,621s][info][gc,phases   ] GC(633)   Post Evacuate Collection Set: 0,1ms
[84,621s][info][gc,phases   ] GC(633)   Other: 0,1ms
[84,621s][info][gc,heap     ] GC(633) Eden regions: 32->0(34)
[84,621s][info][gc,heap     ] GC(633) Survivor regions: 5->4(5)
[84,621s][info][gc,heap     ] GC(633) Old regions: 8->8
[84,621s][info][gc,heap     ] GC(633) Archive regions: 2->2
[84,621s][info][gc,heap     ] GC(633) Humongous regions: 0->0
[84,621s][info][gc,metaspace] GC(633) Metaspace: 117K(320K)->117K(320K) NonClass: 109K(192K)->109K(192K) Class: 8K(128K)->8K(128K)
[84,621s][info][gc          ] GC(633) Pause Young (Normal) (G1 Evacuation Pause) 44M->11M(64M) 0,700ms
[84,621s][info][gc,cpu      ] GC(633) User=0,00s Sys=0,00s Real=0,00s
[84,770s][info][gc,start    ] GC(634) Pause Young (Normal) (G1 Evacuation Pause)
[84,770s][info][gc,task     ] GC(634) Using 4 workers of 8 for evacuation
[84,770s][info][gc,phases   ] GC(634)   Pre Evacuate Collection Set: 0,0ms
[84,770s][info][gc,phases   ] GC(634)   Merge Heap Roots: 0,0ms
[84,770s][info][gc,phases   ] GC(634)   Evacuate Collection Set: 0,2ms
[84,770s][info][gc,phases   ] GC(634)   Post Evacuate Collection Set: 0,1ms
[84,770s][info][gc,phases   ] GC(634)   Other: 0,1ms
[84,770s][info][gc,heap     ] GC(634) Eden regions: 34->0(34)
[84,770s][info][gc,heap     ] GC(634) Survivor regions: 4->4(5)
[84,770s][info][gc,heap     ] GC(634) Old regions: 8->8
[84,770s][info][gc,heap     ] GC(634) Archive regions: 2->2
[84,770s][info][gc,heap     ] GC(634) Humongous regions: 0->0
[84,770s][info][gc,metaspace] GC(634) Metaspace: 117K(320K)->117K(320K) NonClass: 109K(192K)->109K(192K) Class: 8K(128K)->8K(128K)
[84,770s][info][gc          ] GC(634) Pause Young (Normal) (G1 Evacuation Pause) 45M->11M(64M) 0,547ms
[84,770s][info][gc,cpu      ] GC(634) User=0,00s Sys=0,00s Real=0,00s
[84,918s][info][gc,start    ] GC(635) Pause Young (Normal) (G1 Evacuation Pause)
[84,918s][info][gc,task     ] GC(635) Using 4 workers of 8 for evacuation
[84,918s][info][gc,phases   ] GC(635)   Pre Evacuate Collection Set: 0,0ms
[84,918s][info][gc,phases   ] GC(635)   Merge Heap Roots: 0,0ms
[84,918s][info][gc,phases   ] GC(635)   Evacuate Collection Set: 0,3ms
[84,918s][info][gc,phases   ] GC(635)   Post Evacuate Collection Set: 0,1ms
[84,918s][info][gc,phases   ] GC(635)   Other: 0,1ms
[84,918s][info][gc,heap     ] GC(635) Eden regions: 34->0(35)
[84,918s][info][gc,heap     ] GC(635) Survivor regions: 4->3(5)
[84,918s][info][gc,heap     ] GC(635) Old regions: 8->8
[84,918s][info][gc,heap     ] GC(635) Archive regions: 2->2
[84,918s][info][gc,heap     ] GC(635) Humongous regions: 0->0
[84,918s][info][gc,metaspace] GC(635) Metaspace: 117K(320K)->117K(320K) NonClass: 109K(192K)->109K(192K) Class: 8K(128K)->8K(128K)
[84,918s][info][gc          ] GC(635) Pause Young (Normal) (G1 Evacuation Pause) 45M->10M(64M) 0,704ms
[84,918s][info][gc,cpu      ] GC(635) User=0,00s Sys=0,00s Real=0,00s
[85,020s][info][gc,start    ] GC(636) Pause Young (Normal) (G1 Evacuation Pause)
[85,020s][info][gc,task     ] GC(636) Using 4 workers of 8 for evacuation
[85,021s][info][gc,phases   ] GC(636)   Pre Evacuate Collection Set: 0,0ms
[85,021s][info][gc,phases   ] GC(636)   Merge Heap Roots: 0,0ms
[85,021s][info][gc,phases   ] GC(636)   Evacuate Collection Set: 0,4ms
[85,021s][info][gc,phases   ] GC(636)   Post Evacuate Collection Set: 0,1ms
[85,021s][info][gc,phases   ] GC(636)   Other: 0,1ms
[85,021s][info][gc,heap     ] GC(636) Eden regions: 35->0(33)
[85,021s][info][gc,heap     ] GC(636) Survivor regions: 3->5(5)
[85,021s][info][gc,heap     ] GC(636) Old regions: 8->8
[85,021s][info][gc,heap     ] GC(636) Archive regions: 2->2
[85,021s][info][gc,heap     ] GC(636) Humongous regions: 0->0
[85,021s][info][gc,metaspace] GC(636) Metaspace: 117K(320K)->117K(320K) NonClass: 109K(192K)->109K(192K) Class: 8K(128K)->8K(128K)
[85,021s][info][gc          ] GC(636) Pause Young (Normal) (G1 Evacuation Pause) 45M->12M(64M) 0,741ms
[85,021s][info][gc,cpu      ] GC(636) User=0,00s Sys=0,00s Real=0,00s
[85,170s][info][gc,start    ] GC(637) Pause Young (Normal) (G1 Evacuation Pause)
[85,170s][info][gc,task     ] GC(637) Using 4 workers of 8 for evacuation
[85,170s][info][gc,phases   ] GC(637)   Pre Evacuate Collection Set: 0,0ms
[85,170s][info][gc,phases   ] GC(637)   Merge Heap Roots: 0,0ms
[85,170s][info][gc,phases   ] GC(637)   Evacuate Collection Set: 0,2ms
[85,170s][info][gc,phases   ] GC(637)   Post Evacuate Collection Set: 0,1ms
[85,170s][info][gc,phases   ] GC(637)   Other: 0,1ms
[85,170s][info][gc,heap     ] GC(637) Eden regions: 33->0(35)
[85,170s][info][gc,heap     ] GC(637) Survivor regions: 5->3(5)
[85,170s][info][gc,heap     ] GC(637) Old regions: 8->8
[85,170s][info][gc,heap     ] GC(637) Archive regions: 2->2
[85,170s][info][gc,heap     ] GC(637) Humongous regions: 0->0
[85,170s][info][gc,metaspace] GC(637) Metaspace: 117K(320K)->117K(320K) NonClass: 109K(192K)->109K(192K) Class: 8K(128K)->8K(128K)
[85,170s][info][gc          ] GC(637) Pause Young (Normal) (G1 Evacuation Pause) 45M->10M(64M) 0,563ms
[85,170s][info][gc,cpu      ] GC(637) User=0,00s Sys=0,00s Real=0,00s
[85,317s][info][gc,start    ] GC(638) Pause Young (Normal) (G1 Evacuation Pause)
[85,317s][info][gc,task     ] GC(638) Using 4 workers of 8 for evacuation
[85,318s][info][gc,phases   ] GC(638)   Pre Evacuate Collection Set: 0,0ms
[85,318s][info][gc,phases   ] GC(638)   Merge Heap Roots: 0,0ms
[85,318s][info][gc,phases   ] GC(638)   Evacuate Collection Set: 0,5ms
[85,318s][info][gc,phases   ] GC(638)   Post Evacuate Collection Set: 0,1ms
[85,318s][info][gc,phases   ] GC(638)   Other: 0,1ms
[85,318s][info][gc,heap     ] GC(638) Eden regions: 35->0(33)
[85,318s][info][gc,heap     ] GC(638) Survivor regions: 3->5(5)
[85,318s][info][gc,heap     ] GC(638) Old regions: 8->8
[85,318s][info][gc,heap     ] GC(638) Archive regions: 2->2
[85,318s][info][gc,heap     ] GC(638) Humongous regions: 0->0
[85,318s][info][gc,metaspace] GC(638) Metaspace: 117K(320K)->117K(320K) NonClass: 109K(192K)->109K(192K) Class: 8K(128K)->8K(128K)
[85,318s][info][gc          ] GC(638) Pause Young (Normal) (G1 Evacuation Pause) 45M->12M(64M) 0,942ms
[85,318s][info][gc,cpu      ] GC(638) User=0,00s Sys=0,00s Real=0,00s
[85,419s][info][gc,start    ] GC(639) Pause Young (Normal) (G1 Evacuation Pause)
[85,419s][info][gc,task     ] GC(639) Using 4 workers of 8 for evacuation
[85,419s][info][gc,phases   ] GC(639)   Pre Evacuate Collection Set: 0,0ms
[85,419s][info][gc,phases   ] GC(639)   Merge Heap Roots: 0,0ms
[85,419s][info][gc,phases   ] GC(639)   Evacuate Collection Set: 0,4ms
[85,419s][info][gc,phases   ] GC(639)   Post Evacuate Collection Set: 0,1ms
[85,419s][info][gc,phases   ] GC(639)   Other: 0,1ms
[85,419s][info][gc,heap     ] GC(639) Eden regions: 33->0(34)
[85,419s][info][gc,heap     ] GC(639) Survivor regions: 5->4(5)
[85,419s][info][gc,heap     ] GC(639) Old regions: 8->8
[85,419s][info][gc,heap     ] GC(639) Archive regions: 2->2
[85,419s][info][gc,heap     ] GC(639) Humongous regions: 0->0
[85,420s][info][gc,metaspace] GC(639) Metaspace: 117K(320K)->117K(320K) NonClass: 109K(192K)->109K(192K) Class: 8K(128K)->8K(128K)
[85,420s][info][gc          ] GC(639) Pause Young (Normal) (G1 Evacuation Pause) 45M->11M(64M) 0,745ms
[85,420s][info][gc,cpu      ] GC(639) User=0,00s Sys=0,00s Real=0,00s
[85,568s][info][gc,start    ] GC(640) Pause Young (Normal) (G1 Evacuation Pause)
[85,568s][info][gc,task     ] GC(640) Using 4 workers of 8 for evacuation
[85,568s][info][gc,phases   ] GC(640)   Pre Evacuate Collection Set: 0,0ms
[85,568s][info][gc,phases   ] GC(640)   Merge Heap Roots: 0,0ms
[85,568s][info][gc,phases   ] GC(640)   Evacuate Collection Set: 0,5ms
[85,568s][info][gc,phases   ] GC(640)   Post Evacuate Collection Set: 0,1ms
[85,568s][info][gc,phases   ] GC(640)   Other: 0,1ms
[85,568s][info][gc,heap     ] GC(640) Eden regions: 34->0(32)
[85,568s][info][gc,heap     ] GC(640) Survivor regions: 4->5(5)
[85,568s][info][gc,heap     ] GC(640) Old regions: 8->8
[85,568s][info][gc,heap     ] GC(640) Archive regions: 2->2
[85,568s][info][gc,heap     ] GC(640) Humongous regions: 0->0
[85,568s][info][gc,metaspace] GC(640) Metaspace: 117K(320K)->117K(320K) NonClass: 109K(192K)->109K(192K) Class: 8K(128K)->8K(128K)
[85,568s][info][gc          ] GC(640) Pause Young (Normal) (G1 Evacuation Pause) 45M->12M(64M) 0,883ms
[85,568s][info][gc,cpu      ] GC(640) User=0,00s Sys=0,00s Real=0,00s
[85,718s][info][gc,start    ] GC(641) Pause Young (Normal) (G1 Evacuation Pause)
[85,718s][info][gc,task     ] GC(641) Using 4 workers of 8 for evacuation
[85,718s][info][gc,phases   ] GC(641)   Pre Evacuate Collection Set: 0,0ms
[85,718s][info][gc,phases   ] GC(641)   Merge Heap Roots: 0,0ms
[85,718s][info][gc,phases   ] GC(641)   Evacuate Collection Set: 0,1ms
[85,718s][info][gc,phases   ] GC(641)   Post Evacuate Collection Set: 0,1ms
[85,718s][info][gc,phases   ] GC(641)   Other: 0,1ms
[85,718s][info][gc,heap     ] GC(641) Eden regions: 32->0(36)
[85,718s][info][gc,heap     ] GC(641) Survivor regions: 5->2(5)
[85,718s][info][gc,heap     ] GC(641) Old regions: 8->8
[85,718s][info][gc,heap     ] GC(641) Archive regions: 2->2
[85,718s][info][gc,heap     ] GC(641) Humongous regions: 0->0
[85,718s][info][gc,metaspace] GC(641) Metaspace: 117K(320K)->117K(320K) NonClass: 109K(192K)->109K(192K) Class: 8K(128K)->8K(128K)
[85,718s][info][gc          ] GC(641) Pause Young (Normal) (G1 Evacuation Pause) 44M->9M(64M) 0,491ms
[85,718s][info][gc,cpu      ] GC(641) User=0,00s Sys=0,00s Real=0,00s
[85,820s][info][gc,start    ] GC(642) Pause Young (Normal) (G1 Evacuation Pause)
[85,820s][info][gc,task     ] GC(642) Using 4 workers of 8 for evacuation
[85,821s][info][gc,phases   ] GC(642)   Pre Evacuate Collection Set: 0,0ms
[85,821s][info][gc,phases   ] GC(642)   Merge Heap Roots: 0,0ms
[85,821s][info][gc,phases   ] GC(642)   Evacuate Collection Set: 0,4ms
[85,821s][info][gc,phases   ] GC(642)   Post Evacuate Collection Set: 0,1ms
[85,821s][info][gc,phases   ] GC(642)   Other: 0,1ms
[85,821s][info][gc,heap     ] GC(642) Eden regions: 36->0(33)
[85,821s][info][gc,heap     ] GC(642) Survivor regions: 2->5(5)
[85,821s][info][gc,heap     ] GC(642) Old regions: 8->8
[85,821s][info][gc,heap     ] GC(642) Archive regions: 2->2
[85,821s][info][gc,heap     ] GC(642) Humongous regions: 0->0
[85,821s][info][gc,metaspace] GC(642) Metaspace: 117K(320K)->117K(320K) NonClass: 109K(192K)->109K(192K) Class: 8K(128K)->8K(128K)
[85,821s][info][gc          ] GC(642) Pause Young (Normal) (G1 Evacuation Pause) 45M->12M(64M) 0,804ms
[85,821s][info][gc,cpu      ] GC(642) User=0,00s Sys=0,00s Real=0,00s
[85,969s][info][gc,start    ] GC(643) Pause Young (Normal) (G1 Evacuation Pause)
[85,969s][info][gc,task     ] GC(643) Using 4 workers of 8 for evacuation
[85,970s][info][gc,phases   ] GC(643)   Pre Evacuate Collection Set: 0,0ms
[85,970s][info][gc,phases   ] GC(643)   Merge Heap Roots: 0,0ms
[85,970s][info][gc,phases   ] GC(643)   Evacuate Collection Set: 0,3ms
[85,970s][info][gc,phases   ] GC(643)   Post Evacuate Collection Set: 0,1ms
[85,970s][info][gc,phases   ] GC(643)   Other: 0,1ms
[85,970s][info][gc,heap     ] GC(643) Eden regions: 33->0(34)
[85,970s][info][gc,heap     ] GC(643) Survivor regions: 5->4(5)
[85,970s][info][gc,heap     ] GC(643) Old regions: 8->8
[85,970s][info][gc,heap     ] GC(643) Archive regions: 2->2
[85,970s][info][gc,heap     ] GC(643) Humongous regions: 0->0
[85,970s][info][gc,metaspace] GC(643) Metaspace: 117K(320K)->117K(320K) NonClass: 109K(192K)->109K(192K) Class: 8K(128K)->8K(128K)
[85,970s][info][gc          ] GC(643) Pause Young (Normal) (G1 Evacuation Pause) 45M->11M(64M) 0,672ms
[85,970s][info][gc,cpu      ] GC(643) User=0,00s Sys=0,00s Real=0,00s
[86,116s][info][gc,start    ] GC(644) Pause Young (Normal) (G1 Evacuation Pause)
[86,116s][info][gc,task     ] GC(644) Using 4 workers of 8 for evacuation
[86,117s][info][gc,phases   ] GC(644)   Pre Evacuate Collection Set: 0,0ms
[86,117s][info][gc,phases   ] GC(644)   Merge Heap Roots: 0,1ms
[86,117s][info][gc,phases   ] GC(644)   Evacuate Collection Set: 0,5ms
[86,117s][info][gc,phases   ] GC(644)   Post Evacuate Collection Set: 0,1ms
[86,117s][info][gc,phases   ] GC(644)   Other: 0,1ms
[86,117s][info][gc,heap     ] GC(644) Eden regions: 34->0(32)
[86,117s][info][gc,heap     ] GC(644) Survivor regions: 4->5(5)
[86,117s][info][gc,heap     ] GC(644) Old regions: 8->8
[86,117s][info][gc,heap     ] GC(644) Archive regions: 2->2
[86,117s][info][gc,heap     ] GC(644) Humongous regions: 0->0
[86,117s][info][gc,metaspace] GC(644) Metaspace: 117K(320K)->117K(320K) NonClass: 109K(192K)->109K(192K) Class: 8K(128K)->8K(128K)
[86,117s][info][gc          ] GC(644) Pause Young (Normal) (G1 Evacuation Pause) 45M->12M(64M) 1,041ms
[86,117s][info][gc,cpu      ] GC(644) User=0,01s Sys=0,00s Real=0,00s
[86,218s][info][gc,start    ] GC(645) Pause Young (Normal) (G1 Evacuation Pause)
[86,218s][info][gc,task     ] GC(645) Using 4 workers of 8 for evacuation
[86,218s][info][gc,phases   ] GC(645)   Pre Evacuate Collection Set: 0,1ms
[86,218s][info][gc,phases   ] GC(645)   Merge Heap Roots: 0,0ms
[86,218s][info][gc,phases   ] GC(645)   Evacuate Collection Set: 0,3ms
[86,218s][info][gc,phases   ] GC(645)   Post Evacuate Collection Set: 0,2ms
[86,218s][info][gc,phases   ] GC(645)   Other: 0,2ms
[86,218s][info][gc,heap     ] GC(645) Eden regions: 32->0(36)
[86,218s][info][gc,heap     ] GC(645) Survivor regions: 5->2(5)
[86,218s][info][gc,heap     ] GC(645) Old regions: 8->8
[86,219s][info][gc,heap     ] GC(645) Archive regions: 2->2
[86,219s][info][gc,heap     ] GC(645) Humongous regions: 0->0
[86,219s][info][gc,metaspace] GC(645) Metaspace: 117K(320K)->117K(320K) NonClass: 109K(192K)->109K(192K) Class: 8K(128K)->8K(128K)
[86,219s][info][gc          ] GC(645) Pause Young (Normal) (G1 Evacuation Pause) 44M->9M(64M) 0,870ms
[86,219s][info][gc,cpu      ] GC(645) User=0,00s Sys=0,00s Real=0,00s
[86,368s][info][gc,start    ] GC(646) Pause Young (Normal) (G1 Evacuation Pause)
[86,368s][info][gc,task     ] GC(646) Using 4 workers of 8 for evacuation
[86,369s][info][gc,phases   ] GC(646)   Pre Evacuate Collection Set: 0,0ms
[86,369s][info][gc,phases   ] GC(646)   Merge Heap Roots: 0,0ms
[86,369s][info][gc,phases   ] GC(646)   Evacuate Collection Set: 0,5ms
[86,369s][info][gc,phases   ] GC(646)   Post Evacuate Collection Set: 0,1ms
[86,369s][info][gc,phases   ] GC(646)   Other: 0,2ms
[86,369s][info][gc,heap     ] GC(646) Eden regions: 36->0(33)
[86,369s][info][gc,heap     ] GC(646) Survivor regions: 2->5(5)
[86,369s][info][gc,heap     ] GC(646) Old regions: 8->8
[86,369s][info][gc,heap     ] GC(646) Archive regions: 2->2
[86,369s][info][gc,heap     ] GC(646) Humongous regions: 0->0
[86,369s][info][gc,metaspace] GC(646) Metaspace: 117K(320K)->117K(320K) NonClass: 109K(192K)->109K(192K) Class: 8K(128K)->8K(128K)
[86,369s][info][gc          ] GC(646) Pause Young (Normal) (G1 Evacuation Pause) 45M->12M(64M) 0,994ms
[86,369s][info][gc,cpu      ] GC(646) User=0,00s Sys=0,00s Real=0,00s
[86,515s][info][gc,start    ] GC(647) Pause Young (Normal) (G1 Evacuation Pause)
[86,515s][info][gc,task     ] GC(647) Using 4 workers of 8 for evacuation
[86,516s][info][gc,phases   ] GC(647)   Pre Evacuate Collection Set: 0,0ms
[86,516s][info][gc,phases   ] GC(647)   Merge Heap Roots: 0,0ms
[86,516s][info][gc,phases   ] GC(647)   Evacuate Collection Set: 0,4ms
[86,516s][info][gc,phases   ] GC(647)   Post Evacuate Collection Set: 0,1ms
[86,516s][info][gc,phases   ] GC(647)   Other: 0,1ms
[86,516s][info][gc,heap     ] GC(647) Eden regions: 33->0(35)
[86,516s][info][gc,heap     ] GC(647) Survivor regions: 5->3(5)
[86,516s][info][gc,heap     ] GC(647) Old regions: 8->8
[86,516s][info][gc,heap     ] GC(647) Archive regions: 2->2
[86,516s][info][gc,heap     ] GC(647) Humongous regions: 0->0
[86,516s][info][gc,metaspace] GC(647) Metaspace: 117K(320K)->117K(320K) NonClass: 109K(192K)->109K(192K) Class: 8K(128K)->8K(128K)
[86,516s][info][gc          ] GC(647) Pause Young (Normal) (G1 Evacuation Pause) 45M->10M(64M) 0,763ms
[86,516s][info][gc,cpu      ] GC(647) User=0,00s Sys=0,00s Real=0,00s
[86,619s][info][gc,start    ] GC(648) Pause Young (Normal) (G1 Evacuation Pause)
[86,619s][info][gc,task     ] GC(648) Using 4 workers of 8 for evacuation
[86,620s][info][gc,phases   ] GC(648)   Pre Evacuate Collection Set: 0,0ms
[86,620s][info][gc,phases   ] GC(648)   Merge Heap Roots: 0,0ms
[86,620s][info][gc,phases   ] GC(648)   Evacuate Collection Set: 0,6ms
[86,620s][info][gc,phases   ] GC(648)   Post Evacuate Collection Set: 0,2ms
[86,620s][info][gc,phases   ] GC(648)   Other: 0,1ms
[86,620s][info][gc,heap     ] GC(648) Eden regions: 35->0(32)
[86,620s][info][gc,heap     ] GC(648) Survivor regions: 3->5(5)
[86,620s][info][gc,heap     ] GC(648) Old regions: 8->8
[86,620s][info][gc,heap     ] GC(648) Archive regions: 2->2
[86,620s][info][gc,heap     ] GC(648) Humongous regions: 0->0
[86,620s][info][gc,metaspace] GC(648) Metaspace: 117K(320K)->117K(320K) NonClass: 109K(192K)->109K(192K) Class: 8K(128K)->8K(128K)
[86,620s][info][gc          ] GC(648) Pause Young (Normal) (G1 Evacuation Pause) 45M->12M(64M) 1,058ms
[86,620s][info][gc,cpu      ] GC(648) User=0,00s Sys=0,00s Real=0,00s
[86,768s][info][gc,start    ] GC(649) Pause Young (Normal) (G1 Evacuation Pause)
[86,769s][info][gc,task     ] GC(649) Using 4 workers of 8 for evacuation
[86,769s][info][gc,phases   ] GC(649)   Pre Evacuate Collection Set: 0,0ms
[86,769s][info][gc,phases   ] GC(649)   Merge Heap Roots: 0,0ms
[86,769s][info][gc,phases   ] GC(649)   Evacuate Collection Set: 0,2ms
[86,769s][info][gc,phases   ] GC(649)   Post Evacuate Collection Set: 0,1ms
[86,769s][info][gc,phases   ] GC(649)   Other: 0,1ms
[86,769s][info][gc,heap     ] GC(649) Eden regions: 32->0(35)
[86,769s][info][gc,heap     ] GC(649) Survivor regions: 5->3(5)
[86,769s][info][gc,heap     ] GC(649) Old regions: 8->8
[86,769s][info][gc,heap     ] GC(649) Archive regions: 2->2
[86,769s][info][gc,heap     ] GC(649) Humongous regions: 0->0
[86,769s][info][gc,metaspace] GC(649) Metaspace: 117K(320K)->117K(320K) NonClass: 109K(192K)->109K(192K) Class: 8K(128K)->8K(128K)
[86,769s][info][gc          ] GC(649) Pause Young (Normal) (G1 Evacuation Pause) 44M->10M(64M) 0,566ms
[86,769s][info][gc,cpu      ] GC(649) User=0,00s Sys=0,01s Real=0,00s
[86,919s][info][gc,start    ] GC(650) Pause Young (Normal) (G1 Evacuation Pause)
[86,919s][info][gc,task     ] GC(650) Using 4 workers of 8 for evacuation
[86,919s][info][gc,phases   ] GC(650)   Pre Evacuate Collection Set: 0,0ms
[86,919s][info][gc,phases   ] GC(650)   Merge Heap Roots: 0,0ms
[86,919s][info][gc,phases   ] GC(650)   Evacuate Collection Set: 0,3ms
[86,919s][info][gc,phases   ] GC(650)   Post Evacuate Collection Set: 0,1ms
[86,919s][info][gc,phases   ] GC(650)   Other: 0,2ms
[86,919s][info][gc,heap     ] GC(650) Eden regions: 35->0(34)
[86,919s][info][gc,heap     ] GC(650) Survivor regions: 3->4(5)
[86,919s][info][gc,heap     ] GC(650) Old regions: 8->8
[86,919s][info][gc,heap     ] GC(650) Archive regions: 2->2
[86,919s][info][gc,heap     ] GC(650) Humongous regions: 0->0
[86,919s][info][gc,metaspace] GC(650) Metaspace: 117K(320K)->117K(320K) NonClass: 109K(192K)->109K(192K) Class: 8K(128K)->8K(128K)
[86,919s][info][gc          ] GC(650) Pause Young (Normal) (G1 Evacuation Pause) 45M->11M(64M) 0,796ms
[86,919s][info][gc,cpu      ] GC(650) User=0,00s Sys=0,00s Real=0,00s
[87,019s][info][gc,start    ] GC(651) Pause Young (Normal) (G1 Evacuation Pause)
[87,020s][info][gc,task     ] GC(651) Using 4 workers of 8 for evacuation
[87,020s][info][gc,phases   ] GC(651)   Pre Evacuate Collection Set: 0,0ms
[87,020s][info][gc,phases   ] GC(651)   Merge Heap Roots: 0,0ms
[87,020s][info][gc,phases   ] GC(651)   Evacuate Collection Set: 0,4ms
[87,020s][info][gc,phases   ] GC(651)   Post Evacuate Collection Set: 0,1ms
[87,020s][info][gc,phases   ] GC(651)   Other: 0,2ms
[87,020s][info][gc,heap     ] GC(651) Eden regions: 34->0(33)
[87,020s][info][gc,heap     ] GC(651) Survivor regions: 4->5(5)
[87,020s][info][gc,heap     ] GC(651) Old regions: 8->8
[87,020s][info][gc,heap     ] GC(651) Archive regions: 2->2
[87,020s][info][gc,heap     ] GC(651) Humongous regions: 0->0
[87,020s][info][gc,metaspace] GC(651) Metaspace: 117K(320K)->117K(320K) NonClass: 109K(192K)->109K(192K) Class: 8K(128K)->8K(128K)
[87,021s][info][gc          ] GC(651) Pause Young (Normal) (G1 Evacuation Pause) 45M->12M(64M) 1,071ms
[87,021s][info][gc,cpu      ] GC(651) User=0,00s Sys=0,00s Real=0,00s
[87,169s][info][gc,start    ] GC(652) Pause Young (Normal) (G1 Evacuation Pause)
[87,169s][info][gc,task     ] GC(652) Using 4 workers of 8 for evacuation
[87,169s][info][gc,phases   ] GC(652)   Pre Evacuate Collection Set: 0,0ms
[87,169s][info][gc,phases   ] GC(652)   Merge Heap Roots: 0,0ms
[87,169s][info][gc,phases   ] GC(652)   Evacuate Collection Set: 0,2ms
[87,169s][info][gc,phases   ] GC(652)   Post Evacuate Collection Set: 0,1ms
[87,169s][info][gc,phases   ] GC(652)   Other: 0,2ms
[87,169s][info][gc,heap     ] GC(652) Eden regions: 33->0(36)
[87,169s][info][gc,heap     ] GC(652) Survivor regions: 5->2(5)
[87,169s][info][gc,heap     ] GC(652) Old regions: 8->8
[87,169s][info][gc,heap     ] GC(652) Archive regions: 2->2
[87,169s][info][gc,heap     ] GC(652) Humongous regions: 0->0
[87,169s][info][gc,metaspace] GC(652) Metaspace: 117K(320K)->117K(320K) NonClass: 109K(192K)->109K(192K) Class: 8K(128K)->8K(128K)
[87,169s][info][gc          ] GC(652) Pause Young (Normal) (G1 Evacuation Pause) 45M->10M(64M) 0,635ms
[87,170s][info][gc,cpu      ] GC(652) User=0,01s Sys=0,00s Real=0,00s
[87,319s][info][gc,start    ] GC(653) Pause Young (Normal) (G1 Evacuation Pause)
[87,319s][info][gc,task     ] GC(653) Using 4 workers of 8 for evacuation
[87,320s][info][gc,phases   ] GC(653)   Pre Evacuate Collection Set: 0,0ms
[87,320s][info][gc,phases   ] GC(653)   Merge Heap Roots: 0,0ms
[87,320s][info][gc,phases   ] GC(653)   Evacuate Collection Set: 0,6ms
[87,320s][info][gc,phases   ] GC(653)   Post Evacuate Collection Set: 0,1ms
[87,320s][info][gc,phases   ] GC(653)   Other: 0,1ms
[87,320s][info][gc,heap     ] GC(653) Eden regions: 36->0(32)
[87,320s][info][gc,heap     ] GC(653) Survivor regions: 2->5(5)
[87,320s][info][gc,heap     ] GC(653) Old regions: 8->8
[87,320s][info][gc,heap     ] GC(653) Archive regions: 2->2
[87,320s][info][gc,heap     ] GC(653) Humongous regions: 0->0
[87,320s][info][gc,metaspace] GC(653) Metaspace: 117K(320K)->117K(320K) NonClass: 109K(192K)->109K(192K) Class: 8K(128K)->8K(128K)
[87,320s][info][gc          ] GC(653) Pause Young (Normal) (G1 Evacuation Pause) 46M->13M(64M) 0,978ms
[87,320s][info][gc,cpu      ] GC(653) User=0,00s Sys=0,00s Real=0,00s
[87,419s][info][gc,start    ] GC(654) Pause Young (Normal) (G1 Evacuation Pause)
[87,419s][info][gc,task     ] GC(654) Using 4 workers of 8 for evacuation
[87,420s][info][gc,phases   ] GC(654)   Pre Evacuate Collection Set: 0,0ms
[87,420s][info][gc,phases   ] GC(654)   Merge Heap Roots: 0,0ms
[87,420s][info][gc,phases   ] GC(654)   Evacuate Collection Set: 0,3ms
[87,420s][info][gc,phases   ] GC(654)   Post Evacuate Collection Set: 0,1ms
[87,420s][info][gc,phases   ] GC(654)   Other: 0,1ms
[87,420s][info][gc,heap     ] GC(654) Eden regions: 32->0(35)
[87,420s][info][gc,heap     ] GC(654) Survivor regions: 5->3(5)
[87,420s][info][gc,heap     ] GC(654) Old regions: 8->8
[87,420s][info][gc,heap     ] GC(654) Archive regions: 2->2
[87,420s][info][gc,heap     ] GC(654) Humongous regions: 0->0
[87,420s][info][gc,metaspace] GC(654) Metaspace: 117K(320K)->117K(320K) NonClass: 109K(192K)->109K(192K) Class: 8K(128K)->8K(128K)
[87,420s][info][gc          ] GC(654) Pause Young (Normal) (G1 Evacuation Pause) 44M->10M(64M) 0,815ms
[87,420s][info][gc,cpu      ] GC(654) User=0,00s Sys=0,00s Real=0,00s
[87,568s][info][gc,start    ] GC(655) Pause Young (Normal) (G1 Evacuation Pause)
[87,568s][info][gc,task     ] GC(655) Using 4 workers of 8 for evacuation
[87,569s][info][gc,phases   ] GC(655)   Pre Evacuate Collection Set: 0,0ms
[87,569s][info][gc,phases   ] GC(655)   Merge Heap Roots: 0,0ms
[87,569s][info][gc,phases   ] GC(655)   Evacuate Collection Set: 0,5ms
[87,569s][info][gc,phases   ] GC(655)   Post Evacuate Collection Set: 0,1ms
[87,569s][info][gc,phases   ] GC(655)   Other: 0,1ms
[87,569s][info][gc,heap     ] GC(655) Eden regions: 35->0(32)
[87,569s][info][gc,heap     ] GC(655) Survivor regions: 3->5(5)
[87,569s][info][gc,heap     ] GC(655) Old regions: 8->8
[87,569s][info][gc,heap     ] GC(655) Archive regions: 2->2
[87,569s][info][gc,heap     ] GC(655) Humongous regions: 0->0
[87,569s][info][gc,metaspace] GC(655) Metaspace: 117K(320K)->117K(320K) NonClass: 109K(192K)->109K(192K) Class: 8K(128K)->8K(128K)
[87,569s][info][gc          ] GC(655) Pause Young (Normal) (G1 Evacuation Pause) 45M->12M(64M) 0,983ms
[87,569s][info][gc,cpu      ] GC(655) User=0,00s Sys=0,00s Real=0,00s
[87,719s][info][gc,start    ] GC(656) Pause Young (Normal) (G1 Evacuation Pause)
[87,719s][info][gc,task     ] GC(656) Using 4 workers of 8 for evacuation
[87,719s][info][gc,phases   ] GC(656)   Pre Evacuate Collection Set: 0,0ms
[87,719s][info][gc,phases   ] GC(656)   Merge Heap Roots: 0,0ms
[87,719s][info][gc,phases   ] GC(656)   Evacuate Collection Set: 0,3ms
[87,719s][info][gc,phases   ] GC(656)   Post Evacuate Collection Set: 0,1ms
[87,719s][info][gc,phases   ] GC(656)   Other: 0,3ms
[87,719s][info][gc,heap     ] GC(656) Eden regions: 32->0(35)
[87,719s][info][gc,heap     ] GC(656) Survivor regions: 5->3(5)
[87,719s][info][gc,heap     ] GC(656) Old regions: 8->8
[87,719s][info][gc,heap     ] GC(656) Archive regions: 2->2
[87,719s][info][gc,heap     ] GC(656) Humongous regions: 0->0
[87,719s][info][gc,metaspace] GC(656) Metaspace: 117K(320K)->117K(320K) NonClass: 109K(192K)->109K(192K) Class: 8K(128K)->8K(128K)
[87,719s][info][gc          ] GC(656) Pause Young (Normal) (G1 Evacuation Pause) 44M->10M(64M) 0,889ms
[87,719s][info][gc,cpu      ] GC(656) User=0,00s Sys=0,00s Real=0,00s
[87,819s][info][gc,start    ] GC(657) Pause Young (Normal) (G1 Evacuation Pause)
[87,819s][info][gc,task     ] GC(657) Using 4 workers of 8 for evacuation
[87,820s][info][gc,phases   ] GC(657)   Pre Evacuate Collection Set: 0,0ms
[87,820s][info][gc,phases   ] GC(657)   Merge Heap Roots: 0,0ms
[87,820s][info][gc,phases   ] GC(657)   Evacuate Collection Set: 0,4ms
[87,820s][info][gc,phases   ] GC(657)   Post Evacuate Collection Set: 0,1ms
[87,820s][info][gc,phases   ] GC(657)   Other: 0,1ms
[87,820s][info][gc,heap     ] GC(657) Eden regions: 35->0(33)
[87,820s][info][gc,heap     ] GC(657) Survivor regions: 3->5(5)
[87,820s][info][gc,heap     ] GC(657) Old regions: 8->8
[87,820s][info][gc,heap     ] GC(657) Archive regions: 2->2
[87,820s][info][gc,heap     ] GC(657) Humongous regions: 0->0
[87,820s][info][gc,metaspace] GC(657) Metaspace: 117K(320K)->117K(320K) NonClass: 109K(192K)->109K(192K) Class: 8K(128K)->8K(128K)
[87,820s][info][gc          ] GC(657) Pause Young (Normal) (G1 Evacuation Pause) 45M->12M(64M) 0,833ms
[87,820s][info][gc,cpu      ] GC(657) User=0,01s Sys=0,00s Real=0,00s
[87,968s][info][gc,start    ] GC(658) Pause Young (Normal) (G1 Evacuation Pause)
[87,968s][info][gc,task     ] GC(658) Using 4 workers of 8 for evacuation
[87,969s][info][gc,phases   ] GC(658)   Pre Evacuate Collection Set: 0,0ms
[87,969s][info][gc,phases   ] GC(658)   Merge Heap Roots: 0,0ms
[87,969s][info][gc,phases   ] GC(658)   Evacuate Collection Set: 0,6ms
[87,969s][info][gc,phases   ] GC(658)   Post Evacuate Collection Set: 0,1ms
[87,969s][info][gc,phases   ] GC(658)   Other: 0,2ms
[87,969s][info][gc,heap     ] GC(658) Eden regions: 33->0(35)
[87,969s][info][gc,heap     ] GC(658) Survivor regions: 5->3(5)
[87,969s][info][gc,heap     ] GC(658) Old regions: 8->8
[87,969s][info][gc,heap     ] GC(658) Archive regions: 2->2
[87,969s][info][gc,heap     ] GC(658) Humongous regions: 0->0
[87,969s][info][gc,metaspace] GC(658) Metaspace: 117K(320K)->117K(320K) NonClass: 109K(192K)->109K(192K) Class: 8K(128K)->8K(128K)
[87,969s][info][gc          ] GC(658) Pause Young (Normal) (G1 Evacuation Pause) 45M->10M(64M) 1,018ms
[87,969s][info][gc,cpu      ] GC(658) User=0,00s Sys=0,00s Real=0,00s
[88,119s][info][gc,start    ] GC(659) Pause Young (Normal) (G1 Evacuation Pause)
[88,119s][info][gc,task     ] GC(659) Using 4 workers of 8 for evacuation
[88,120s][info][gc,phases   ] GC(659)   Pre Evacuate Collection Set: 0,0ms
[88,120s][info][gc,phases   ] GC(659)   Merge Heap Roots: 0,0ms
[88,120s][info][gc,phases   ] GC(659)   Evacuate Collection Set: 0,5ms
[88,120s][info][gc,phases   ] GC(659)   Post Evacuate Collection Set: 0,3ms
[88,120s][info][gc,phases   ] GC(659)   Other: 0,2ms
[88,120s][info][gc,heap     ] GC(659) Eden regions: 35->0(33)
[88,120s][info][gc,heap     ] GC(659) Survivor regions: 3->5(5)
[88,120s][info][gc,heap     ] GC(659) Old regions: 8->8
[88,120s][info][gc,heap     ] GC(659) Archive regions: 2->2
[88,120s][info][gc,heap     ] GC(659) Humongous regions: 0->0
[88,120s][info][gc,metaspace] GC(659) Metaspace: 117K(320K)->117K(320K) NonClass: 109K(192K)->109K(192K) Class: 8K(128K)->8K(128K)
[88,120s][info][gc          ] GC(659) Pause Young (Normal) (G1 Evacuation Pause) 45M->12M(64M) 1,222ms
[88,120s][info][gc,cpu      ] GC(659) User=0,01s Sys=0,00s Real=0,00s
[88,218s][info][gc,start    ] GC(660) Pause Young (Normal) (G1 Evacuation Pause)
[88,218s][info][gc,task     ] GC(660) Using 4 workers of 8 for evacuation
[88,218s][info][gc,phases   ] GC(660)   Pre Evacuate Collection Set: 0,0ms
[88,218s][info][gc,phases   ] GC(660)   Merge Heap Roots: 0,0ms
[88,218s][info][gc,phases   ] GC(660)   Evacuate Collection Set: 0,3ms
[88,218s][info][gc,phases   ] GC(660)   Post Evacuate Collection Set: 0,1ms
[88,218s][info][gc,phases   ] GC(660)   Other: 0,1ms
[88,218s][info][gc,heap     ] GC(660) Eden regions: 33->0(35)
[88,218s][info][gc,heap     ] GC(660) Survivor regions: 5->3(5)
[88,218s][info][gc,heap     ] GC(660) Old regions: 8->8
[88,218s][info][gc,heap     ] GC(660) Archive regions: 2->2
[88,218s][info][gc,heap     ] GC(660) Humongous regions: 0->0
[88,218s][info][gc,metaspace] GC(660) Metaspace: 117K(320K)->117K(320K) NonClass: 109K(192K)->109K(192K) Class: 8K(128K)->8K(128K)
[88,218s][info][gc          ] GC(660) Pause Young (Normal) (G1 Evacuation Pause) 45M->10M(64M) 0,670ms
[88,218s][info][gc,cpu      ] GC(660) User=0,00s Sys=0,00s Real=0,00s
[88,368s][info][gc,start    ] GC(661) Pause Young (Normal) (G1 Evacuation Pause)
[88,368s][info][gc,task     ] GC(661) Using 4 workers of 8 for evacuation
[88,369s][info][gc,phases   ] GC(661)   Pre Evacuate Collection Set: 0,0ms
[88,369s][info][gc,phases   ] GC(661)   Merge Heap Roots: 0,0ms
[88,369s][info][gc,phases   ] GC(661)   Evacuate Collection Set: 0,6ms
[88,369s][info][gc,phases   ] GC(661)   Post Evacuate Collection Set: 0,2ms
[88,369s][info][gc,phases   ] GC(661)   Other: 0,1ms
[88,369s][info][gc,heap     ] GC(661) Eden regions: 35->0(32)
[88,369s][info][gc,heap     ] GC(661) Survivor regions: 3->5(5)
[88,369s][info][gc,heap     ] GC(661) Old regions: 8->8
[88,369s][info][gc,heap     ] GC(661) Archive regions: 2->2
[88,369s][info][gc,heap     ] GC(661) Humongous regions: 0->0
[88,369s][info][gc,metaspace] GC(661) Metaspace: 117K(320K)->117K(320K) NonClass: 109K(192K)->109K(192K) Class: 8K(128K)->8K(128K)
[88,369s][info][gc          ] GC(661) Pause Young (Normal) (G1 Evacuation Pause) 45M->12M(64M) 1,038ms
[88,369s][info][gc,cpu      ] GC(661) User=0,00s Sys=0,00s Real=0,00s
[88,517s][info][gc,start    ] GC(662) Pause Young (Normal) (G1 Evacuation Pause)
[88,517s][info][gc,task     ] GC(662) Using 4 workers of 8 for evacuation
[88,517s][info][gc,phases   ] GC(662)   Pre Evacuate Collection Set: 0,0ms
[88,517s][info][gc,phases   ] GC(662)   Merge Heap Roots: 0,0ms
[88,517s][info][gc,phases   ] GC(662)   Evacuate Collection Set: 0,2ms
[88,517s][info][gc,phases   ] GC(662)   Post Evacuate Collection Set: 0,1ms
[88,517s][info][gc,phases   ] GC(662)   Other: 0,1ms
[88,517s][info][gc,heap     ] GC(662) Eden regions: 32->0(35)
[88,517s][info][gc,heap     ] GC(662) Survivor regions: 5->3(5)
[88,517s][info][gc,heap     ] GC(662) Old regions: 8->8
[88,517s][info][gc,heap     ] GC(662) Archive regions: 2->2
[88,517s][info][gc,heap     ] GC(662) Humongous regions: 0->0
[88,517s][info][gc,metaspace] GC(662) Metaspace: 117K(320K)->117K(320K) NonClass: 109K(192K)->109K(192K) Class: 8K(128K)->8K(128K)
[88,517s][info][gc          ] GC(662) Pause Young (Normal) (G1 Evacuation Pause) 44M->10M(64M) 0,586ms
[88,517s][info][gc,cpu      ] GC(662) User=0,00s Sys=0,00s Real=0,00s
[88,617s][info][gc,start    ] GC(663) Pause Young (Normal) (G1 Evacuation Pause)
[88,617s][info][gc,task     ] GC(663) Using 4 workers of 8 for evacuation
[88,618s][info][gc,phases   ] GC(663)   Pre Evacuate Collection Set: 0,0ms
[88,618s][info][gc,phases   ] GC(663)   Merge Heap Roots: 0,0ms
[88,618s][info][gc,phases   ] GC(663)   Evacuate Collection Set: 0,3ms
[88,618s][info][gc,phases   ] GC(663)   Post Evacuate Collection Set: 0,1ms
[88,618s][info][gc,phases   ] GC(663)   Other: 0,1ms
[88,618s][info][gc,heap     ] GC(663) Eden regions: 35->0(35)
[88,618s][info][gc,heap     ] GC(663) Survivor regions: 3->3(5)
[88,618s][info][gc,heap     ] GC(663) Old regions: 8->8
[88,618s][info][gc,heap     ] GC(663) Archive regions: 2->2
[88,618s][info][gc,heap     ] GC(663) Humongous regions: 0->0
[88,618s][info][gc,metaspace] GC(663) Metaspace: 117K(320K)->117K(320K) NonClass: 109K(192K)->109K(192K) Class: 8K(128K)->8K(128K)
[88,618s][info][gc          ] GC(663) Pause Young (Normal) (G1 Evacuation Pause) 45M->10M(64M) 0,824ms
[88,618s][info][gc,cpu      ] GC(663) User=0,00s Sys=0,00s Real=0,00s
[88,767s][info][gc,start    ] GC(664) Pause Young (Normal) (G1 Evacuation Pause)
[88,767s][info][gc,task     ] GC(664) Using 4 workers of 8 for evacuation
[88,768s][info][gc,phases   ] GC(664)   Pre Evacuate Collection Set: 0,0ms
[88,768s][info][gc,phases   ] GC(664)   Merge Heap Roots: 0,0ms
[88,768s][info][gc,phases   ] GC(664)   Evacuate Collection Set: 0,6ms
[88,768s][info][gc,phases   ] GC(664)   Post Evacuate Collection Set: 0,1ms
[88,768s][info][gc,phases   ] GC(664)   Other: 0,1ms
[88,768s][info][gc,heap     ] GC(664) Eden regions: 35->0(33)
[88,768s][info][gc,heap     ] GC(664) Survivor regions: 3->5(5)
[88,768s][info][gc,heap     ] GC(664) Old regions: 8->8
[88,768s][info][gc,heap     ] GC(664) Archive regions: 2->2
[88,768s][info][gc,heap     ] GC(664) Humongous regions: 0->0
[88,768s][info][gc,metaspace] GC(664) Metaspace: 117K(320K)->117K(320K) NonClass: 109K(192K)->109K(192K) Class: 8K(128K)->8K(128K)
[88,768s][info][gc          ] GC(664) Pause Young (Normal) (G1 Evacuation Pause) 45M->12M(64M) 1,033ms
[88,768s][info][gc,cpu      ] GC(664) User=0,00s Sys=0,01s Real=0,00s
[88,917s][info][gc,start    ] GC(665) Pause Young (Normal) (G1 Evacuation Pause)
[88,917s][info][gc,task     ] GC(665) Using 4 workers of 8 for evacuation
[88,918s][info][gc,phases   ] GC(665)   Pre Evacuate Collection Set: 0,0ms
[88,918s][info][gc,phases   ] GC(665)   Merge Heap Roots: 0,1ms
[88,918s][info][gc,phases   ] GC(665)   Evacuate Collection Set: 0,2ms
[88,918s][info][gc,phases   ] GC(665)   Post Evacuate Collection Set: 0,1ms
[88,918s][info][gc,phases   ] GC(665)   Other: 0,1ms
[88,918s][info][gc,heap     ] GC(665) Eden regions: 33->0(34)
[88,918s][info][gc,heap     ] GC(665) Survivor regions: 5->4(5)
[88,918s][info][gc,heap     ] GC(665) Old regions: 8->8
[88,918s][info][gc,heap     ] GC(665) Archive regions: 2->2
[88,918s][info][gc,heap     ] GC(665) Humongous regions: 0->0
[88,918s][info][gc,metaspace] GC(665) Metaspace: 117K(320K)->117K(320K) NonClass: 109K(192K)->109K(192K) Class: 8K(128K)->8K(128K)
[88,918s][info][gc          ] GC(665) Pause Young (Normal) (G1 Evacuation Pause) 45M->11M(64M) 0,686ms
[88,918s][info][gc,cpu      ] GC(665) User=0,00s Sys=0,00s Real=0,00s
[89,019s][info][gc,start    ] GC(666) Pause Young (Normal) (G1 Evacuation Pause)
[89,019s][info][gc,task     ] GC(666) Using 4 workers of 8 for evacuation
[89,019s][info][gc,phases   ] GC(666)   Pre Evacuate Collection Set: 0,0ms
[89,020s][info][gc,phases   ] GC(666)   Merge Heap Roots: 0,0ms
[89,020s][info][gc,phases   ] GC(666)   Evacuate Collection Set: 0,4ms
[89,020s][info][gc,phases   ] GC(666)   Post Evacuate Collection Set: 0,1ms
[89,020s][info][gc,phases   ] GC(666)   Other: 0,1ms
[89,020s][info][gc,heap     ] GC(666) Eden regions: 34->0(33)
[89,020s][info][gc,heap     ] GC(666) Survivor regions: 4->5(5)
[89,020s][info][gc,heap     ] GC(666) Old regions: 8->8
[89,020s][info][gc,heap     ] GC(666) Archive regions: 2->2
[89,020s][info][gc,heap     ] GC(666) Humongous regions: 0->0
[89,020s][info][gc,metaspace] GC(666) Metaspace: 117K(320K)->117K(320K) NonClass: 109K(192K)->109K(192K) Class: 8K(128K)->8K(128K)
[89,020s][info][gc          ] GC(666) Pause Young (Normal) (G1 Evacuation Pause) 45M->12M(64M) 0,736ms
[89,020s][info][gc,cpu      ] GC(666) User=0,00s Sys=0,00s Real=0,00s
[89,164s][info][gc,start    ] GC(667) Pause Young (Normal) (G1 Evacuation Pause)
[89,164s][info][gc,task     ] GC(667) Using 4 workers of 8 for evacuation
[89,164s][info][gc,phases   ] GC(667)   Pre Evacuate Collection Set: 0,0ms
[89,164s][info][gc,phases   ] GC(667)   Merge Heap Roots: 0,0ms
[89,164s][info][gc,phases   ] GC(667)   Evacuate Collection Set: 0,2ms
[89,164s][info][gc,phases   ] GC(667)   Post Evacuate Collection Set: 0,1ms
[89,164s][info][gc,phases   ] GC(667)   Other: 0,1ms
[89,165s][info][gc,heap     ] GC(667) Eden regions: 33->0(35)
[89,165s][info][gc,heap     ] GC(667) Survivor regions: 5->3(5)
[89,165s][info][gc,heap     ] GC(667) Old regions: 8->8
[89,165s][info][gc,heap     ] GC(667) Archive regions: 2->2
[89,165s][info][gc,heap     ] GC(667) Humongous regions: 0->0
[89,165s][info][gc,metaspace] GC(667) Metaspace: 117K(320K)->117K(320K) NonClass: 109K(192K)->109K(192K) Class: 8K(128K)->8K(128K)
[89,165s][info][gc          ] GC(667) Pause Young (Normal) (G1 Evacuation Pause) 45M->10M(64M) 0,492ms
[89,165s][info][gc,cpu      ] GC(667) User=0,00s Sys=0,00s Real=0,00s
[89,316s][info][gc,start    ] GC(668) Pause Young (Normal) (G1 Evacuation Pause)
[89,317s][info][gc,task     ] GC(668) Using 4 workers of 8 for evacuation
[89,317s][info][gc,phases   ] GC(668)   Pre Evacuate Collection Set: 0,0ms
[89,317s][info][gc,phases   ] GC(668)   Merge Heap Roots: 0,0ms
[89,317s][info][gc,phases   ] GC(668)   Evacuate Collection Set: 0,4ms
[89,317s][info][gc,phases   ] GC(668)   Post Evacuate Collection Set: 0,2ms
[89,317s][info][gc,phases   ] GC(668)   Other: 0,1ms
[89,317s][info][gc,heap     ] GC(668) Eden regions: 35->0(33)
[89,317s][info][gc,heap     ] GC(668) Survivor regions: 3->5(5)
[89,317s][info][gc,heap     ] GC(668) Old regions: 8->8
[89,317s][info][gc,heap     ] GC(668) Archive regions: 2->2
[89,317s][info][gc,heap     ] GC(668) Humongous regions: 0->0
[89,317s][info][gc,metaspace] GC(668) Metaspace: 117K(320K)->117K(320K) NonClass: 109K(192K)->109K(192K) Class: 8K(128K)->8K(128K)
[89,317s][info][gc          ] GC(668) Pause Young (Normal) (G1 Evacuation Pause) 45M->12M(64M) 0,795ms
[89,317s][info][gc,cpu      ] GC(668) User=0,00s Sys=0,00s Real=0,00s
[89,416s][info][gc,start    ] GC(669) Pause Young (Normal) (G1 Evacuation Pause)
[89,416s][info][gc,task     ] GC(669) Using 4 workers of 8 for evacuation
[89,416s][info][gc,phases   ] GC(669)   Pre Evacuate Collection Set: 0,0ms
[89,416s][info][gc,phases   ] GC(669)   Merge Heap Roots: 0,0ms
[89,416s][info][gc,phases   ] GC(669)   Evacuate Collection Set: 0,2ms
[89,416s][info][gc,phases   ] GC(669)   Post Evacuate Collection Set: 0,1ms
[89,416s][info][gc,phases   ] GC(669)   Other: 0,1ms
[89,416s][info][gc,heap     ] GC(669) Eden regions: 33->0(35)
[89,416s][info][gc,heap     ] GC(669) Survivor regions: 5->3(5)
[89,416s][info][gc,heap     ] GC(669) Old regions: 8->8
[89,416s][info][gc,heap     ] GC(669) Archive regions: 2->2
[89,416s][info][gc,heap     ] GC(669) Humongous regions: 0->0
[89,416s][info][gc,metaspace] GC(669) Metaspace: 117K(320K)->117K(320K) NonClass: 109K(192K)->109K(192K) Class: 8K(128K)->8K(128K)
[89,416s][info][gc          ] GC(669) Pause Young (Normal) (G1 Evacuation Pause) 45M->11M(64M) 0,514ms
[89,416s][info][gc,cpu      ] GC(669) User=0,00s Sys=0,00s Real=0,00s
[89,566s][info][gc,start    ] GC(670) Pause Young (Normal) (G1 Evacuation Pause)
[89,566s][info][gc,task     ] GC(670) Using 4 workers of 8 for evacuation
[89,567s][info][gc,phases   ] GC(670)   Pre Evacuate Collection Set: 0,0ms
[89,567s][info][gc,phases   ] GC(670)   Merge Heap Roots: 0,0ms
[89,567s][info][gc,phases   ] GC(670)   Evacuate Collection Set: 0,4ms
[89,567s][info][gc,phases   ] GC(670)   Post Evacuate Collection Set: 0,1ms
[89,567s][info][gc,phases   ] GC(670)   Other: 0,1ms
[89,567s][info][gc,heap     ] GC(670) Eden regions: 35->0(32)
[89,567s][info][gc,heap     ] GC(670) Survivor regions: 3->5(5)
[89,567s][info][gc,heap     ] GC(670) Old regions: 8->8
[89,567s][info][gc,heap     ] GC(670) Archive regions: 2->2
[89,567s][info][gc,heap     ] GC(670) Humongous regions: 0->0
[89,567s][info][gc,metaspace] GC(670) Metaspace: 117K(320K)->117K(320K) NonClass: 109K(192K)->109K(192K) Class: 8K(128K)->8K(128K)
[89,567s][info][gc          ] GC(670) Pause Young (Normal) (G1 Evacuation Pause) 46M->13M(64M) 0,776ms
[89,567s][info][gc,cpu      ] GC(670) User=0,00s Sys=0,00s Real=0,00s
[89,716s][info][gc,start    ] GC(671) Pause Young (Normal) (G1 Evacuation Pause)
[89,716s][info][gc,task     ] GC(671) Using 4 workers of 8 for evacuation
[89,717s][info][gc,phases   ] GC(671)   Pre Evacuate Collection Set: 0,0ms
[89,717s][info][gc,phases   ] GC(671)   Merge Heap Roots: 0,0ms
[89,717s][info][gc,phases   ] GC(671)   Evacuate Collection Set: 0,3ms
[89,717s][info][gc,phases   ] GC(671)   Post Evacuate Collection Set: 0,1ms
[89,717s][info][gc,phases   ] GC(671)   Other: 0,1ms
[89,717s][info][gc,heap     ] GC(671) Eden regions: 32->0(35)
[89,717s][info][gc,heap     ] GC(671) Survivor regions: 5->3(5)
[89,717s][info][gc,heap     ] GC(671) Old regions: 8->8
[89,717s][info][gc,heap     ] GC(671) Archive regions: 2->2
[89,717s][info][gc,heap     ] GC(671) Humongous regions: 0->0
[89,717s][info][gc,metaspace] GC(671) Metaspace: 117K(320K)->117K(320K) NonClass: 109K(192K)->109K(192K) Class: 8K(128K)->8K(128K)
[89,717s][info][gc          ] GC(671) Pause Young (Normal) (G1 Evacuation Pause) 45M->10M(64M) 0,682ms
[89,717s][info][gc,cpu      ] GC(671) User=0,00s Sys=0,00s Real=0,00s
[89,817s][info][gc,start    ] GC(672) Pause Young (Normal) (G1 Evacuation Pause)
[89,817s][info][gc,task     ] GC(672) Using 4 workers of 8 for evacuation
[89,818s][info][gc,phases   ] GC(672)   Pre Evacuate Collection Set: 0,0ms
[89,818s][info][gc,phases   ] GC(672)   Merge Heap Roots: 0,0ms
[89,818s][info][gc,phases   ] GC(672)   Evacuate Collection Set: 0,5ms
[89,818s][info][gc,phases   ] GC(672)   Post Evacuate Collection Set: 0,1ms
[89,818s][info][gc,phases   ] GC(672)   Other: 0,1ms
[89,818s][info][gc,heap     ] GC(672) Eden regions: 35->0(33)
[89,818s][info][gc,heap     ] GC(672) Survivor regions: 3->5(5)
[89,818s][info][gc,heap     ] GC(672) Old regions: 8->8
[89,818s][info][gc,heap     ] GC(672) Archive regions: 2->2
[89,818s][info][gc,heap     ] GC(672) Humongous regions: 0->0
[89,818s][info][gc,metaspace] GC(672) Metaspace: 117K(320K)->117K(320K) NonClass: 109K(192K)->109K(192K) Class: 8K(128K)->8K(128K)
[89,818s][info][gc          ] GC(672) Pause Young (Normal) (G1 Evacuation Pause) 45M->12M(64M) 0,848ms
[89,818s][info][gc,cpu      ] GC(672) User=0,00s Sys=0,00s Real=0,00s
[89,964s][info][gc,start    ] GC(673) Pause Young (Normal) (G1 Evacuation Pause)
[89,964s][info][gc,task     ] GC(673) Using 4 workers of 8 for evacuation
[89,964s][info][gc,phases   ] GC(673)   Pre Evacuate Collection Set: 0,0ms
[89,965s][info][gc,phases   ] GC(673)   Merge Heap Roots: 0,0ms
[89,965s][info][gc,phases   ] GC(673)   Evacuate Collection Set: 0,4ms
[89,965s][info][gc,phases   ] GC(673)   Post Evacuate Collection Set: 0,1ms
[89,965s][info][gc,phases   ] GC(673)   Other: 0,1ms
[89,965s][info][gc,heap     ] GC(673) Eden regions: 33->0(34)
[89,965s][info][gc,heap     ] GC(673) Survivor regions: 5->4(5)
[89,965s][info][gc,heap     ] GC(673) Old regions: 8->8
[89,965s][info][gc,heap     ] GC(673) Archive regions: 2->2
[89,965s][info][gc,heap     ] GC(673) Humongous regions: 0->0
[89,965s][info][gc,metaspace] GC(673) Metaspace: 117K(320K)->117K(320K) NonClass: 109K(192K)->109K(192K) Class: 8K(128K)->8K(128K)
[89,965s][info][gc          ] GC(673) Pause Young (Normal) (G1 Evacuation Pause) 45M->11M(64M) 0,777ms
[89,965s][info][gc,cpu      ] GC(673) User=0,00s Sys=0,00s Real=0,00s
[90,116s][info][gc,start    ] GC(674) Pause Young (Normal) (G1 Evacuation Pause)
[90,116s][info][gc,task     ] GC(674) Using 4 workers of 8 for evacuation
[90,117s][info][gc,phases   ] GC(674)   Pre Evacuate Collection Set: 0,0ms
[90,117s][info][gc,phases   ] GC(674)   Merge Heap Roots: 0,0ms
[90,117s][info][gc,phases   ] GC(674)   Evacuate Collection Set: 0,5ms
[90,117s][info][gc,phases   ] GC(674)   Post Evacuate Collection Set: 0,1ms
[90,117s][info][gc,phases   ] GC(674)   Other: 0,2ms
[90,117s][info][gc,heap     ] GC(674) Eden regions: 34->0(33)
[90,117s][info][gc,heap     ] GC(674) Survivor regions: 4->5(5)
[90,117s][info][gc,heap     ] GC(674) Old regions: 8->8
[90,117s][info][gc,heap     ] GC(674) Archive regions: 2->2
[90,117s][info][gc,heap     ] GC(674) Humongous regions: 0->0
[90,117s][info][gc,metaspace] GC(674) Metaspace: 117K(320K)->117K(320K) NonClass: 109K(192K)->109K(192K) Class: 8K(128K)->8K(128K)
[90,117s][info][gc          ] GC(674) Pause Young (Normal) (G1 Evacuation Pause) 45M->12M(64M) 0,992ms
[90,117s][info][gc,cpu      ] GC(674) User=0,00s Sys=0,00s Real=0,00s
[90,215s][info][gc,start    ] GC(675) Pause Young (Normal) (G1 Evacuation Pause)
[90,215s][info][gc,task     ] GC(675) Using 4 workers of 8 for evacuation
[90,215s][info][gc,phases   ] GC(675)   Pre Evacuate Collection Set: 0,0ms
[90,215s][info][gc,phases   ] GC(675)   Merge Heap Roots: 0,0ms
[90,215s][info][gc,phases   ] GC(675)   Evacuate Collection Set: 0,2ms
[90,215s][info][gc,phases   ] GC(675)   Post Evacuate Collection Set: 0,1ms
[90,215s][info][gc,phases   ] GC(675)   Other: 0,1ms
[90,215s][info][gc,heap     ] GC(675) Eden regions: 33->0(36)
[90,215s][info][gc,heap     ] GC(675) Survivor regions: 5->2(5)
[90,215s][info][gc,heap     ] GC(675) Old regions: 8->8
[90,215s][info][gc,heap     ] GC(675) Archive regions: 2->2
[90,215s][info][gc,heap     ] GC(675) Humongous regions: 0->0
[90,215s][info][gc,metaspace] GC(675) Metaspace: 117K(320K)->117K(320K) NonClass: 109K(192K)->109K(192K) Class: 8K(128K)->8K(128K)
[90,216s][info][gc          ] GC(675) Pause Young (Normal) (G1 Evacuation Pause) 45M->10M(64M) 0,512ms
[90,216s][info][gc,cpu      ] GC(675) User=0,00s Sys=0,00s Real=0,00s
[90,365s][info][gc,start    ] GC(676) Pause Young (Normal) (G1 Evacuation Pause)
[90,365s][info][gc,task     ] GC(676) Using 4 workers of 8 for evacuation
[90,365s][info][gc,phases   ] GC(676)   Pre Evacuate Collection Set: 0,0ms
[90,365s][info][gc,phases   ] GC(676)   Merge Heap Roots: 0,0ms
[90,365s][info][gc,phases   ] GC(676)   Evacuate Collection Set: 0,4ms
[90,365s][info][gc,phases   ] GC(676)   Post Evacuate Collection Set: 0,1ms
[90,365s][info][gc,phases   ] GC(676)   Other: 0,1ms
[90,365s][info][gc,heap     ] GC(676) Eden regions: 36->0(32)
[90,365s][info][gc,heap     ] GC(676) Survivor regions: 2->5(5)
[90,365s][info][gc,heap     ] GC(676) Old regions: 8->8
[90,365s][info][gc,heap     ] GC(676) Archive regions: 2->2
[90,365s][info][gc,heap     ] GC(676) Humongous regions: 0->0
[90,365s][info][gc,metaspace] GC(676) Metaspace: 117K(320K)->117K(320K) NonClass: 109K(192K)->109K(192K) Class: 8K(128K)->8K(128K)
[90,365s][info][gc          ] GC(676) Pause Young (Normal) (G1 Evacuation Pause) 46M->13M(64M) 0,731ms
[90,365s][info][gc,cpu      ] GC(676) User=0,00s Sys=0,00s Real=0,00s
[90,516s][info][gc,start    ] GC(677) Pause Young (Normal) (G1 Evacuation Pause)
[90,516s][info][gc,task     ] GC(677) Using 4 workers of 8 for evacuation
[90,516s][info][gc,phases   ] GC(677)   Pre Evacuate Collection Set: 0,0ms
[90,516s][info][gc,phases   ] GC(677)   Merge Heap Roots: 0,0ms
[90,516s][info][gc,phases   ] GC(677)   Evacuate Collection Set: 0,3ms
[90,516s][info][gc,phases   ] GC(677)   Post Evacuate Collection Set: 0,1ms
[90,516s][info][gc,phases   ] GC(677)   Other: 0,1ms
[90,516s][info][gc,heap     ] GC(677) Eden regions: 32->0(35)
[90,516s][info][gc,heap     ] GC(677) Survivor regions: 5->3(5)
[90,516s][info][gc,heap     ] GC(677) Old regions: 8->8
[90,516s][info][gc,heap     ] GC(677) Archive regions: 2->2
[90,516s][info][gc,heap     ] GC(677) Humongous regions: 0->0
[90,516s][info][gc,metaspace] GC(677) Metaspace: 117K(320K)->117K(320K) NonClass: 109K(192K)->109K(192K) Class: 8K(128K)->8K(128K)
[90,516s][info][gc          ] GC(677) Pause Young (Normal) (G1 Evacuation Pause) 45M->11M(64M) 0,658ms
[90,516s][info][gc,cpu      ] GC(677) User=0,00s Sys=0,00s Real=0,00s
[90,617s][info][gc,start    ] GC(678) Pause Young (Normal) (G1 Evacuation Pause)
[90,617s][info][gc,task     ] GC(678) Using 4 workers of 8 for evacuation
[90,617s][info][gc,phases   ] GC(678)   Pre Evacuate Collection Set: 0,0ms
[90,617s][info][gc,phases   ] GC(678)   Merge Heap Roots: 0,0ms
[90,617s][info][gc,phases   ] GC(678)   Evacuate Collection Set: 0,3ms
[90,617s][info][gc,phases   ] GC(678)   Post Evacuate Collection Set: 0,1ms
[90,617s][info][gc,phases   ] GC(678)   Other: 0,1ms
[90,617s][info][gc,heap     ] GC(678) Eden regions: 35->0(34)
[90,617s][info][gc,heap     ] GC(678) Survivor regions: 3->4(5)
[90,617s][info][gc,heap     ] GC(678) Old regions: 8->8
[90,617s][info][gc,heap     ] GC(678) Archive regions: 2->2
[90,617s][info][gc,heap     ] GC(678) Humongous regions: 0->0
[90,617s][info][gc,metaspace] GC(678) Metaspace: 117K(320K)->117K(320K) NonClass: 109K(192K)->109K(192K) Class: 8K(128K)->8K(128K)
[90,617s][info][gc          ] GC(678) Pause Young (Normal) (G1 Evacuation Pause) 46M->11M(64M) 0,796ms
[90,617s][info][gc,cpu      ] GC(678) User=0,00s Sys=0,00s Real=0,00s
[90,766s][info][gc,start    ] GC(679) Pause Young (Normal) (G1 Evacuation Pause)
[90,766s][info][gc,task     ] GC(679) Using 4 workers of 8 for evacuation
[90,767s][info][gc,phases   ] GC(679)   Pre Evacuate Collection Set: 0,0ms
[90,767s][info][gc,phases   ] GC(679)   Merge Heap Roots: 0,0ms
[90,767s][info][gc,phases   ] GC(679)   Evacuate Collection Set: 0,3ms
[90,767s][info][gc,phases   ] GC(679)   Post Evacuate Collection Set: 0,1ms
[90,767s][info][gc,phases   ] GC(679)   Other: 0,1ms
[90,767s][info][gc,heap     ] GC(679) Eden regions: 34->0(33)
[90,767s][info][gc,heap     ] GC(679) Survivor regions: 4->5(5)
[90,767s][info][gc,heap     ] GC(679) Old regions: 8->8
[90,767s][info][gc,heap     ] GC(679) Archive regions: 2->2
[90,767s][info][gc,heap     ] GC(679) Humongous regions: 0->0
[90,767s][info][gc,metaspace] GC(679) Metaspace: 117K(320K)->117K(320K) NonClass: 109K(192K)->109K(192K) Class: 8K(128K)->8K(128K)
[90,767s][info][gc          ] GC(679) Pause Young (Normal) (G1 Evacuation Pause) 45M->12M(64M) 0,702ms
[90,767s][info][gc,cpu      ] GC(679) User=0,00s Sys=0,00s Real=0,00s
[90,916s][info][gc,start    ] GC(680) Pause Young (Normal) (G1 Evacuation Pause)
[90,916s][info][gc,task     ] GC(680) Using 4 workers of 8 for evacuation
[90,916s][info][gc,phases   ] GC(680)   Pre Evacuate Collection Set: 0,0ms
[90,916s][info][gc,phases   ] GC(680)   Merge Heap Roots: 0,0ms
[90,916s][info][gc,phases   ] GC(680)   Evacuate Collection Set: 0,4ms
[90,916s][info][gc,phases   ] GC(680)   Post Evacuate Collection Set: 0,1ms
[90,916s][info][gc,phases   ] GC(680)   Other: 0,1ms
[90,916s][info][gc,heap     ] GC(680) Eden regions: 33->0(35)
[90,916s][info][gc,heap     ] GC(680) Survivor regions: 5->3(5)
[90,916s][info][gc,heap     ] GC(680) Old regions: 8->8
[90,916s][info][gc,heap     ] GC(680) Archive regions: 2->2
[90,916s][info][gc,heap     ] GC(680) Humongous regions: 0->0
[90,916s][info][gc,metaspace] GC(680) Metaspace: 117K(320K)->117K(320K) NonClass: 109K(192K)->109K(192K) Class: 8K(128K)->8K(128K)
[90,916s][info][gc          ] GC(680) Pause Young (Normal) (G1 Evacuation Pause) 45M->10M(64M) 0,807ms
[90,916s][info][gc,cpu      ] GC(680) User=0,00s Sys=0,00s Real=0,00s
[91,015s][info][gc,start    ] GC(681) Pause Young (Normal) (G1 Evacuation Pause)
[91,015s][info][gc,task     ] GC(681) Using 4 workers of 8 for evacuation
[91,015s][info][gc,phases   ] GC(681)   Pre Evacuate Collection Set: 0,0ms
[91,015s][info][gc,phases   ] GC(681)   Merge Heap Roots: 0,0ms
[91,015s][info][gc,phases   ] GC(681)   Evacuate Collection Set: 0,4ms
[91,015s][info][gc,phases   ] GC(681)   Post Evacuate Collection Set: 0,1ms
[91,015s][info][gc,phases   ] GC(681)   Other: 0,1ms
[91,015s][info][gc,heap     ] GC(681) Eden regions: 35->0(33)
[91,015s][info][gc,heap     ] GC(681) Survivor regions: 3->5(5)
[91,015s][info][gc,heap     ] GC(681) Old regions: 8->8
[91,016s][info][gc,heap     ] GC(681) Archive regions: 2->2
[91,016s][info][gc,heap     ] GC(681) Humongous regions: 0->0
[91,016s][info][gc,metaspace] GC(681) Metaspace: 117K(320K)->117K(320K) NonClass: 109K(192K)->109K(192K) Class: 8K(128K)->8K(128K)
[91,016s][info][gc          ] GC(681) Pause Young (Normal) (G1 Evacuation Pause) 45M->12M(64M) 0,777ms
[91,016s][info][gc,cpu      ] GC(681) User=0,00s Sys=0,00s Real=0,00s
[91,166s][info][gc,start    ] GC(682) Pause Young (Normal) (G1 Evacuation Pause)
[91,166s][info][gc,task     ] GC(682) Using 4 workers of 8 for evacuation
[91,167s][info][gc,phases   ] GC(682)   Pre Evacuate Collection Set: 0,0ms
[91,167s][info][gc,phases   ] GC(682)   Merge Heap Roots: 0,0ms
[91,167s][info][gc,phases   ] GC(682)   Evacuate Collection Set: 0,4ms
[91,167s][info][gc,phases   ] GC(682)   Post Evacuate Collection Set: 0,1ms
[91,167s][info][gc,phases   ] GC(682)   Other: 0,1ms
[91,167s][info][gc,heap     ] GC(682) Eden regions: 33->0(35)
[91,167s][info][gc,heap     ] GC(682) Survivor regions: 5->3(5)
[91,167s][info][gc,heap     ] GC(682) Old regions: 8->8
[91,167s][info][gc,heap     ] GC(682) Archive regions: 2->2
[91,167s][info][gc,heap     ] GC(682) Humongous regions: 0->0
[91,167s][info][gc,metaspace] GC(682) Metaspace: 117K(320K)->117K(320K) NonClass: 109K(192K)->109K(192K) Class: 8K(128K)->8K(128K)
[91,167s][info][gc          ] GC(682) Pause Young (Normal) (G1 Evacuation Pause) 45M->11M(64M) 0,783ms
[91,167s][info][gc,cpu      ] GC(682) User=0,00s Sys=0,00s Real=0,00s
[91,316s][info][gc,start    ] GC(683) Pause Young (Normal) (G1 Evacuation Pause)
[91,316s][info][gc,task     ] GC(683) Using 4 workers of 8 for evacuation
[91,317s][info][gc,phases   ] GC(683)   Pre Evacuate Collection Set: 0,0ms
[91,317s][info][gc,phases   ] GC(683)   Merge Heap Roots: 0,0ms
[91,317s][info][gc,phases   ] GC(683)   Evacuate Collection Set: 0,5ms
[91,317s][info][gc,phases   ] GC(683)   Post Evacuate Collection Set: 0,1ms
[91,317s][info][gc,phases   ] GC(683)   Other: 0,1ms
[91,317s][info][gc,heap     ] GC(683) Eden regions: 35->0(32)
[91,317s][info][gc,heap     ] GC(683) Survivor regions: 3->5(5)
[91,317s][info][gc,heap     ] GC(683) Old regions: 8->8
[91,317s][info][gc,heap     ] GC(683) Archive regions: 2->2
[91,317s][info][gc,heap     ] GC(683) Humongous regions: 0->0
[91,317s][info][gc,metaspace] GC(683) Metaspace: 117K(320K)->117K(320K) NonClass: 109K(192K)->109K(192K) Class: 8K(128K)->8K(128K)
[91,317s][info][gc          ] GC(683) Pause Young (Normal) (G1 Evacuation Pause) 46M->13M(64M) 0,903ms
[91,317s][info][gc,cpu      ] GC(683) User=0,00s Sys=0,00s Real=0,00s
[91,416s][info][gc,start    ] GC(684) Pause Young (Normal) (G1 Evacuation Pause)
[91,416s][info][gc,task     ] GC(684) Using 4 workers of 8 for evacuation
[91,416s][info][gc,phases   ] GC(684)   Pre Evacuate Collection Set: 0,0ms
[91,416s][info][gc,phases   ] GC(684)   Merge Heap Roots: 0,0ms
[91,416s][info][gc,phases   ] GC(684)   Evacuate Collection Set: 0,2ms
[91,416s][info][gc,phases   ] GC(684)   Post Evacuate Collection Set: 0,1ms
[91,416s][info][gc,phases   ] GC(684)   Other: 0,1ms
[91,416s][info][gc,heap     ] GC(684) Eden regions: 32->0(35)
[91,416s][info][gc,heap     ] GC(684) Survivor regions: 5->3(5)
[91,416s][info][gc,heap     ] GC(684) Old regions: 8->8
[91,416s][info][gc,heap     ] GC(684) Archive regions: 2->2
[91,416s][info][gc,heap     ] GC(684) Humongous regions: 0->0
[91,416s][info][gc,metaspace] GC(684) Metaspace: 117K(320K)->117K(320K) NonClass: 109K(192K)->109K(192K) Class: 8K(128K)->8K(128K)
[91,416s][info][gc          ] GC(684) Pause Young (Normal) (G1 Evacuation Pause) 45M->11M(64M) 0,538ms
[91,416s][info][gc,cpu      ] GC(684) User=0,00s Sys=0,00s Real=0,00s
[91,565s][info][gc,start    ] GC(685) Pause Young (Normal) (G1 Evacuation Pause)
[91,565s][info][gc,task     ] GC(685) Using 4 workers of 8 for evacuation
[91,565s][info][gc,phases   ] GC(685)   Pre Evacuate Collection Set: 0,0ms
[91,565s][info][gc,phases   ] GC(685)   Merge Heap Roots: 0,0ms
[91,565s][info][gc,phases   ] GC(685)   Evacuate Collection Set: 0,4ms
[91,565s][info][gc,phases   ] GC(685)   Post Evacuate Collection Set: 0,1ms
[91,565s][info][gc,phases   ] GC(685)   Other: 0,1ms
[91,565s][info][gc,heap     ] GC(685) Eden regions: 35->0(32)
[91,565s][info][gc,heap     ] GC(685) Survivor regions: 3->5(5)
[91,565s][info][gc,heap     ] GC(685) Old regions: 8->8
[91,565s][info][gc,heap     ] GC(685) Archive regions: 2->2
[91,565s][info][gc,heap     ] GC(685) Humongous regions: 0->0
[91,565s][info][gc,metaspace] GC(685) Metaspace: 117K(320K)->117K(320K) NonClass: 109K(192K)->109K(192K) Class: 8K(128K)->8K(128K)
[91,565s][info][gc          ] GC(685) Pause Young (Normal) (G1 Evacuation Pause) 46M->12M(64M) 0,754ms
[91,566s][info][gc,cpu      ] GC(685) User=0,00s Sys=0,00s Real=0,00s
[91,716s][info][gc,start    ] GC(686) Pause Young (Normal) (G1 Evacuation Pause)
[91,716s][info][gc,task     ] GC(686) Using 4 workers of 8 for evacuation
[91,717s][info][gc,phases   ] GC(686)   Pre Evacuate Collection Set: 0,0ms
[91,717s][info][gc,phases   ] GC(686)   Merge Heap Roots: 0,0ms
[91,717s][info][gc,phases   ] GC(686)   Evacuate Collection Set: 0,2ms
[91,717s][info][gc,phases   ] GC(686)   Post Evacuate Collection Set: 0,1ms
[91,717s][info][gc,phases   ] GC(686)   Other: 0,1ms
[91,717s][info][gc,heap     ] GC(686) Eden regions: 32->0(36)
[91,717s][info][gc,heap     ] GC(686) Survivor regions: 5->2(5)
[91,717s][info][gc,heap     ] GC(686) Old regions: 8->8
[91,717s][info][gc,heap     ] GC(686) Archive regions: 2->2
[91,717s][info][gc,heap     ] GC(686) Humongous regions: 0->0
[91,717s][info][gc,metaspace] GC(686) Metaspace: 117K(320K)->117K(320K) NonClass: 109K(192K)->109K(192K) Class: 8K(128K)->8K(128K)
[91,717s][info][gc          ] GC(686) Pause Young (Normal) (G1 Evacuation Pause) 44M->9M(64M) 0,665ms
[91,717s][info][gc,cpu      ] GC(686) User=0,00s Sys=0,00s Real=0,00s
[91,816s][info][gc,start    ] GC(687) Pause Young (Normal) (G1 Evacuation Pause)
[91,816s][info][gc,task     ] GC(687) Using 4 workers of 8 for evacuation
[91,816s][info][gc,phases   ] GC(687)   Pre Evacuate Collection Set: 0,0ms
[91,816s][info][gc,phases   ] GC(687)   Merge Heap Roots: 0,0ms
[91,816s][info][gc,phases   ] GC(687)   Evacuate Collection Set: 0,4ms
[91,816s][info][gc,phases   ] GC(687)   Post Evacuate Collection Set: 0,1ms
[91,816s][info][gc,phases   ] GC(687)   Other: 0,1ms
[91,816s][info][gc,heap     ] GC(687) Eden regions: 36->0(33)
[91,816s][info][gc,heap     ] GC(687) Survivor regions: 2->5(5)
[91,816s][info][gc,heap     ] GC(687) Old regions: 8->8
[91,816s][info][gc,heap     ] GC(687) Archive regions: 2->2
[91,816s][info][gc,heap     ] GC(687) Humongous regions: 0->0
[91,816s][info][gc,metaspace] GC(687) Metaspace: 117K(320K)->117K(320K) NonClass: 109K(192K)->109K(192K) Class: 8K(128K)->8K(128K)
[91,816s][info][gc          ] GC(687) Pause Young (Normal) (G1 Evacuation Pause) 45M->12M(64M) 0,731ms
[91,817s][info][gc,cpu      ] GC(687) User=0,00s Sys=0,00s Real=0,00s
[91,966s][info][gc,start    ] GC(688) Pause Young (Normal) (G1 Evacuation Pause)
[91,966s][info][gc,task     ] GC(688) Using 4 workers of 8 for evacuation
[91,966s][info][gc,phases   ] GC(688)   Pre Evacuate Collection Set: 0,0ms
[91,966s][info][gc,phases   ] GC(688)   Merge Heap Roots: 0,0ms
[91,966s][info][gc,phases   ] GC(688)   Evacuate Collection Set: 0,4ms
[91,966s][info][gc,phases   ] GC(688)   Post Evacuate Collection Set: 0,1ms
[91,966s][info][gc,phases   ] GC(688)   Other: 0,1ms
[91,966s][info][gc,heap     ] GC(688) Eden regions: 33->0(34)
[91,966s][info][gc,heap     ] GC(688) Survivor regions: 5->4(5)
[91,966s][info][gc,heap     ] GC(688) Old regions: 8->8
[91,966s][info][gc,heap     ] GC(688) Archive regions: 2->2
[91,967s][info][gc,heap     ] GC(688) Humongous regions: 0->0
[91,967s][info][gc,metaspace] GC(688) Metaspace: 117K(320K)->117K(320K) NonClass: 109K(192K)->109K(192K) Class: 8K(128K)->8K(128K)
[91,967s][info][gc          ] GC(688) Pause Young (Normal) (G1 Evacuation Pause) 45M->11M(64M) 0,892ms
[91,967s][info][gc,cpu      ] GC(688) User=0,00s Sys=0,00s Real=0,00s
[92,115s][info][gc,start    ] GC(689) Pause Young (Normal) (G1 Evacuation Pause)
[92,115s][info][gc,task     ] GC(689) Using 4 workers of 8 for evacuation
[92,116s][info][gc,phases   ] GC(689)   Pre Evacuate Collection Set: 0,0ms
[92,116s][info][gc,phases   ] GC(689)   Merge Heap Roots: 0,0ms
[92,116s][info][gc,phases   ] GC(689)   Evacuate Collection Set: 0,3ms
[92,116s][info][gc,phases   ] GC(689)   Post Evacuate Collection Set: 0,1ms
[92,116s][info][gc,phases   ] GC(689)   Other: 0,1ms
[92,116s][info][gc,heap     ] GC(689) Eden regions: 34->0(32)
[92,116s][info][gc,heap     ] GC(689) Survivor regions: 4->5(5)
[92,116s][info][gc,heap     ] GC(689) Old regions: 8->8
[92,116s][info][gc,heap     ] GC(689) Archive regions: 2->2
[92,116s][info][gc,heap     ] GC(689) Humongous regions: 0->0
[92,116s][info][gc,metaspace] GC(689) Metaspace: 117K(320K)->117K(320K) NonClass: 109K(192K)->109K(192K) Class: 8K(128K)->8K(128K)
[92,116s][info][gc          ] GC(689) Pause Young (Normal) (G1 Evacuation Pause) 45M->12M(64M) 0,638ms
[92,116s][info][gc,cpu      ] GC(689) User=0,00s Sys=0,00s Real=0,00s
[92,214s][info][gc,start    ] GC(690) Pause Young (Normal) (G1 Evacuation Pause)
[92,214s][info][gc,task     ] GC(690) Using 4 workers of 8 for evacuation
[92,215s][info][gc,phases   ] GC(690)   Pre Evacuate Collection Set: 0,0ms
[92,215s][info][gc,phases   ] GC(690)   Merge Heap Roots: 0,0ms
[92,215s][info][gc,phases   ] GC(690)   Evacuate Collection Set: 0,1ms
[92,215s][info][gc,phases   ] GC(690)   Post Evacuate Collection Set: 0,1ms
[92,215s][info][gc,phases   ] GC(690)   Other: 0,1ms
[92,215s][info][gc,heap     ] GC(690) Eden regions: 32->0(36)
[92,215s][info][gc,heap     ] GC(690) Survivor regions: 5->2(5)
[92,215s][info][gc,heap     ] GC(690) Old regions: 8->8
[92,215s][info][gc,heap     ] GC(690) Archive regions: 2->2
[92,215s][info][gc,heap     ] GC(690) Humongous regions: 0->0
[92,215s][info][gc,metaspace] GC(690) Metaspace: 117K(320K)->117K(320K) NonClass: 109K(192K)->109K(192K) Class: 8K(128K)->8K(128K)
[92,215s][info][gc          ] GC(690) Pause Young (Normal) (G1 Evacuation Pause) 44M->10M(64M) 0,450ms
[92,215s][info][gc,cpu      ] GC(690) User=0,00s Sys=0,00s Real=0,00s
[92,365s][info][gc,start    ] GC(691) Pause Young (Normal) (G1 Evacuation Pause)
[92,365s][info][gc,task     ] GC(691) Using 4 workers of 8 for evacuation
[92,366s][info][gc,phases   ] GC(691)   Pre Evacuate Collection Set: 0,0ms
[92,366s][info][gc,phases   ] GC(691)   Merge Heap Roots: 0,0ms
[92,366s][info][gc,phases   ] GC(691)   Evacuate Collection Set: 0,4ms
[92,366s][info][gc,phases   ] GC(691)   Post Evacuate Collection Set: 0,2ms
[92,366s][info][gc,phases   ] GC(691)   Other: 0,1ms
[92,366s][info][gc,heap     ] GC(691) Eden regions: 36->0(33)
[92,366s][info][gc,heap     ] GC(691) Survivor regions: 2->5(5)
[92,366s][info][gc,heap     ] GC(691) Old regions: 8->8
[92,366s][info][gc,heap     ] GC(691) Archive regions: 2->2
[92,366s][info][gc,heap     ] GC(691) Humongous regions: 0->0
[92,366s][info][gc,metaspace] GC(691) Metaspace: 117K(320K)->117K(320K) NonClass: 109K(192K)->109K(192K) Class: 8K(128K)->8K(128K)
[92,366s][info][gc          ] GC(691) Pause Young (Normal) (G1 Evacuation Pause) 46M->12M(64M) 0,862ms
[92,366s][info][gc,cpu      ] GC(691) User=0,00s Sys=0,00s Real=0,00s
[92,516s][info][gc,start    ] GC(692) Pause Young (Normal) (G1 Evacuation Pause)
[92,516s][info][gc,task     ] GC(692) Using 4 workers of 8 for evacuation
[92,517s][info][gc,phases   ] GC(692)   Pre Evacuate Collection Set: 0,0ms
[92,517s][info][gc,phases   ] GC(692)   Merge Heap Roots: 0,0ms
[92,517s][info][gc,phases   ] GC(692)   Evacuate Collection Set: 0,3ms
[92,517s][info][gc,phases   ] GC(692)   Post Evacuate Collection Set: 0,1ms
[92,517s][info][gc,phases   ] GC(692)   Other: 0,1ms
[92,517s][info][gc,heap     ] GC(692) Eden regions: 33->0(35)
[92,517s][info][gc,heap     ] GC(692) Survivor regions: 5->3(5)
[92,517s][info][gc,heap     ] GC(692) Old regions: 8->8
[92,517s][info][gc,heap     ] GC(692) Archive regions: 2->2
[92,517s][info][gc,heap     ] GC(692) Humongous regions: 0->0
[92,517s][info][gc,metaspace] GC(692) Metaspace: 117K(320K)->117K(320K) NonClass: 109K(192K)->109K(192K) Class: 8K(128K)->8K(128K)
[92,517s][info][gc          ] GC(692) Pause Young (Normal) (G1 Evacuation Pause) 45M->11M(64M) 0,724ms
[92,517s][info][gc,cpu      ] GC(692) User=0,00s Sys=0,00s Real=0,00s
[92,615s][info][gc,start    ] GC(693) Pause Young (Normal) (G1 Evacuation Pause)
[92,615s][info][gc,task     ] GC(693) Using 4 workers of 8 for evacuation
[92,616s][info][gc,phases   ] GC(693)   Pre Evacuate Collection Set: 0,0ms
[92,616s][info][gc,phases   ] GC(693)   Merge Heap Roots: 0,0ms
[92,616s][info][gc,phases   ] GC(693)   Evacuate Collection Set: 0,4ms
[92,616s][info][gc,phases   ] GC(693)   Post Evacuate Collection Set: 0,1ms
[92,616s][info][gc,phases   ] GC(693)   Other: 0,1ms
[92,616s][info][gc,heap     ] GC(693) Eden regions: 35->0(32)
[92,616s][info][gc,heap     ] GC(693) Survivor regions: 3->5(5)
[92,616s][info][gc,heap     ] GC(693) Old regions: 8->8
[92,616s][info][gc,heap     ] GC(693) Archive regions: 2->2
[92,616s][info][gc,heap     ] GC(693) Humongous regions: 0->0
[92,616s][info][gc,metaspace] GC(693) Metaspace: 117K(320K)->117K(320K) NonClass: 109K(192K)->109K(192K) Class: 8K(128K)->8K(128K)
[92,616s][info][gc          ] GC(693) Pause Young (Normal) (G1 Evacuation Pause) 46M->13M(64M) 0,930ms
[92,616s][info][gc,cpu      ] GC(693) User=0,00s Sys=0,00s Real=0,00s
[92,765s][info][gc,start    ] GC(694) Pause Young (Normal) (G1 Evacuation Pause)
[92,765s][info][gc,task     ] GC(694) Using 4 workers of 8 for evacuation
[92,765s][info][gc,phases   ] GC(694)   Pre Evacuate Collection Set: 0,0ms
[92,765s][info][gc,phases   ] GC(694)   Merge Heap Roots: 0,0ms
[92,765s][info][gc,phases   ] GC(694)   Evacuate Collection Set: 0,2ms
[92,765s][info][gc,phases   ] GC(694)   Post Evacuate Collection Set: 0,1ms
[92,765s][info][gc,phases   ] GC(694)   Other: 0,1ms
[92,765s][info][gc,heap     ] GC(694) Eden regions: 32->0(35)
[92,765s][info][gc,heap     ] GC(694) Survivor regions: 5->3(5)
[92,765s][info][gc,heap     ] GC(694) Old regions: 8->8
[92,765s][info][gc,heap     ] GC(694) Archive regions: 2->2
[92,765s][info][gc,heap     ] GC(694) Humongous regions: 0->0
[92,765s][info][gc,metaspace] GC(694) Metaspace: 117K(320K)->117K(320K) NonClass: 109K(192K)->109K(192K) Class: 8K(128K)->8K(128K)
[92,765s][info][gc          ] GC(694) Pause Young (Normal) (G1 Evacuation Pause) 45M->10M(64M) 0,487ms
[92,765s][info][gc,cpu      ] GC(694) User=0,00s Sys=0,00s Real=0,00s
[92,916s][info][gc,start    ] GC(695) Pause Young (Normal) (G1 Evacuation Pause)
[92,916s][info][gc,task     ] GC(695) Using 4 workers of 8 for evacuation
[92,916s][info][gc,phases   ] GC(695)   Pre Evacuate Collection Set: 0,1ms
[92,916s][info][gc,phases   ] GC(695)   Merge Heap Roots: 0,0ms
[92,916s][info][gc,phases   ] GC(695)   Evacuate Collection Set: 0,4ms
[92,916s][info][gc,phases   ] GC(695)   Post Evacuate Collection Set: 0,1ms
[92,916s][info][gc,phases   ] GC(695)   Other: 0,1ms
[92,916s][info][gc,heap     ] GC(695) Eden regions: 35->0(34)
[92,916s][info][gc,heap     ] GC(695) Survivor regions: 3->4(5)
[92,916s][info][gc,heap     ] GC(695) Old regions: 8->8
[92,916s][info][gc,heap     ] GC(695) Archive regions: 2->2
[92,916s][info][gc,heap     ] GC(695) Humongous regions: 0->0
[92,916s][info][gc,metaspace] GC(695) Metaspace: 117K(320K)->117K(320K) NonClass: 109K(192K)->109K(192K) Class: 8K(128K)->8K(128K)
[92,916s][info][gc          ] GC(695) Pause Young (Normal) (G1 Evacuation Pause) 45M->11M(64M) 0,848ms
[92,916s][info][gc,cpu      ] GC(695) User=0,01s Sys=0,00s Real=0,00s
[93,017s][info][gc,start    ] GC(696) Pause Young (Normal) (G1 Evacuation Pause)
[93,017s][info][gc,task     ] GC(696) Using 4 workers of 8 for evacuation
[93,018s][info][gc,phases   ] GC(696)   Pre Evacuate Collection Set: 0,0ms
[93,018s][info][gc,phases   ] GC(696)   Merge Heap Roots: 0,0ms
[93,018s][info][gc,phases   ] GC(696)   Evacuate Collection Set: 0,3ms
[93,018s][info][gc,phases   ] GC(696)   Post Evacuate Collection Set: 0,1ms
[93,018s][info][gc,phases   ] GC(696)   Other: 0,1ms
[93,018s][info][gc,heap     ] GC(696) Eden regions: 34->0(33)
[93,018s][info][gc,heap     ] GC(696) Survivor regions: 4->5(5)
[93,018s][info][gc,heap     ] GC(696) Old regions: 8->8
[93,018s][info][gc,heap     ] GC(696) Archive regions: 2->2
[93,018s][info][gc,heap     ] GC(696) Humongous regions: 0->0
[93,018s][info][gc,metaspace] GC(696) Metaspace: 117K(320K)->117K(320K) NonClass: 109K(192K)->109K(192K) Class: 8K(128K)->8K(128K)
[93,018s][info][gc          ] GC(696) Pause Young (Normal) (G1 Evacuation Pause) 45M->12M(64M) 0,816ms
[93,018s][info][gc,cpu      ] GC(696) User=0,00s Sys=0,00s Real=0,00s
[93,165s][info][gc,start    ] GC(697) Pause Young (Normal) (G1 Evacuation Pause)
[93,165s][info][gc,task     ] GC(697) Using 4 workers of 8 for evacuation
[93,166s][info][gc,phases   ] GC(697)   Pre Evacuate Collection Set: 0,0ms
[93,166s][info][gc,phases   ] GC(697)   Merge Heap Roots: 0,0ms
[93,166s][info][gc,phases   ] GC(697)   Evacuate Collection Set: 0,3ms
[93,166s][info][gc,phases   ] GC(697)   Post Evacuate Collection Set: 0,1ms
[93,166s][info][gc,phases   ] GC(697)   Other: 0,2ms
[93,166s][info][gc,heap     ] GC(697) Eden regions: 33->0(36)
[93,166s][info][gc,heap     ] GC(697) Survivor regions: 5->2(5)
[93,166s][info][gc,heap     ] GC(697) Old regions: 8->8
[93,166s][info][gc,heap     ] GC(697) Archive regions: 2->2
[93,166s][info][gc,heap     ] GC(697) Humongous regions: 0->0
[93,166s][info][gc,metaspace] GC(697) Metaspace: 117K(320K)->117K(320K) NonClass: 109K(192K)->109K(192K) Class: 8K(128K)->8K(128K)
[93,166s][info][gc          ] GC(697) Pause Young (Normal) (G1 Evacuation Pause) 45M->10M(64M) 0,760ms
[93,166s][info][gc,cpu      ] GC(697) User=0,00s Sys=0,00s Real=0,00s
[93,316s][info][gc,start    ] GC(698) Pause Young (Normal) (G1 Evacuation Pause)
[93,316s][info][gc,task     ] GC(698) Using 4 workers of 8 for evacuation
[93,317s][info][gc,phases   ] GC(698)   Pre Evacuate Collection Set: 0,0ms
[93,317s][info][gc,phases   ] GC(698)   Merge Heap Roots: 0,0ms
[93,317s][info][gc,phases   ] GC(698)   Evacuate Collection Set: 0,4ms
[93,317s][info][gc,phases   ] GC(698)   Post Evacuate Collection Set: 0,1ms
[93,317s][info][gc,phases   ] GC(698)   Other: 0,1ms
[93,317s][info][gc,heap     ] GC(698) Eden regions: 36->0(32)
[93,317s][info][gc,heap     ] GC(698) Survivor regions: 2->5(5)
[93,317s][info][gc,heap     ] GC(698) Old regions: 8->8
[93,317s][info][gc,heap     ] GC(698) Archive regions: 2->2
[93,317s][info][gc,heap     ] GC(698) Humongous regions: 0->0
[93,317s][info][gc,metaspace] GC(698) Metaspace: 117K(320K)->117K(320K) NonClass: 109K(192K)->109K(192K) Class: 8K(128K)->8K(128K)
[93,317s][info][gc          ] GC(698) Pause Young (Normal) (G1 Evacuation Pause) 46M->13M(64M) 0,812ms
[93,317s][info][gc,cpu      ] GC(698) User=0,00s Sys=0,00s Real=0,00s
[93,414s][info][gc,start    ] GC(699) Pause Young (Normal) (G1 Evacuation Pause)
[93,414s][info][gc,task     ] GC(699) Using 4 workers of 8 for evacuation
[93,415s][info][gc,phases   ] GC(699)   Pre Evacuate Collection Set: 0,0ms
[93,415s][info][gc,phases   ] GC(699)   Merge Heap Roots: 0,0ms
[93,415s][info][gc,phases   ] GC(699)   Evacuate Collection Set: 0,3ms
[93,415s][info][gc,phases   ] GC(699)   Post Evacuate Collection Set: 0,1ms
[93,415s][info][gc,phases   ] GC(699)   Other: 0,1ms
[93,415s][info][gc,heap     ] GC(699) Eden regions: 32->0(35)
[93,415s][info][gc,heap     ] GC(699) Survivor regions: 5->3(5)
[93,415s][info][gc,heap     ] GC(699) Old regions: 8->8
[93,415s][info][gc,heap     ] GC(699) Archive regions: 2->2
[93,415s][info][gc,heap     ] GC(699) Humongous regions: 0->0
[93,415s][info][gc,metaspace] GC(699) Metaspace: 117K(320K)->117K(320K) NonClass: 109K(192K)->109K(192K) Class: 8K(128K)->8K(128K)
[93,415s][info][gc          ] GC(699) Pause Young (Normal) (G1 Evacuation Pause) 45M->11M(64M) 0,612ms
[93,415s][info][gc,cpu      ] GC(699) User=0,00s Sys=0,00s Real=0,00s
[93,564s][info][gc,start    ] GC(700) Pause Young (Normal) (G1 Evacuation Pause)
[93,564s][info][gc,task     ] GC(700) Using 4 workers of 8 for evacuation
[93,565s][info][gc,phases   ] GC(700)   Pre Evacuate Collection Set: 0,0ms
[93,565s][info][gc,phases   ] GC(700)   Merge Heap Roots: 0,0ms
[93,565s][info][gc,phases   ] GC(700)   Evacuate Collection Set: 0,6ms
[93,565s][info][gc,phases   ] GC(700)   Post Evacuate Collection Set: 0,1ms
[93,565s][info][gc,phases   ] GC(700)   Other: 0,1ms
[93,565s][info][gc,heap     ] GC(700) Eden regions: 35->0(32)
[93,565s][info][gc,heap     ] GC(700) Survivor regions: 3->5(5)
[93,565s][info][gc,heap     ] GC(700) Old regions: 8->8
[93,565s][info][gc,heap     ] GC(700) Archive regions: 2->2
[93,565s][info][gc,heap     ] GC(700) Humongous regions: 0->0
[93,565s][info][gc,metaspace] GC(700) Metaspace: 117K(320K)->117K(320K) NonClass: 109K(192K)->109K(192K) Class: 8K(128K)->8K(128K)
[93,565s][info][gc          ] GC(700) Pause Young (Normal) (G1 Evacuation Pause) 46M->13M(64M) 1,006ms
[93,565s][info][gc,cpu      ] GC(700) User=0,00s Sys=0,00s Real=0,00s
[93,714s][info][gc,start    ] GC(701) Pause Young (Normal) (G1 Evacuation Pause)
[93,714s][info][gc,task     ] GC(701) Using 4 workers of 8 for evacuation
[93,714s][info][gc,phases   ] GC(701)   Pre Evacuate Collection Set: 0,0ms
[93,714s][info][gc,phases   ] GC(701)   Merge Heap Roots: 0,0ms
[93,714s][info][gc,phases   ] GC(701)   Evacuate Collection Set: 0,1ms
[93,714s][info][gc,phases   ] GC(701)   Post Evacuate Collection Set: 0,1ms
[93,714s][info][gc,phases   ] GC(701)   Other: 0,1ms
[93,714s][info][gc,heap     ] GC(701) Eden regions: 32->0(35)
[93,714s][info][gc,heap     ] GC(701) Survivor regions: 5->3(5)
[93,714s][info][gc,heap     ] GC(701) Old regions: 8->8
[93,714s][info][gc,heap     ] GC(701) Archive regions: 2->2
[93,714s][info][gc,heap     ] GC(701) Humongous regions: 0->0
[93,714s][info][gc,metaspace] GC(701) Metaspace: 117K(320K)->117K(320K) NonClass: 109K(192K)->109K(192K) Class: 8K(128K)->8K(128K)
[93,714s][info][gc          ] GC(701) Pause Young (Normal) (G1 Evacuation Pause) 45M->10M(64M) 0,445ms
[93,715s][info][gc,cpu      ] GC(701) User=0,00s Sys=0,00s Real=0,00s
[93,817s][info][gc,start    ] GC(702) Pause Young (Normal) (G1 Evacuation Pause)
[93,817s][info][gc,task     ] GC(702) Using 4 workers of 8 for evacuation
[93,817s][info][gc,phases   ] GC(702)   Pre Evacuate Collection Set: 0,0ms
[93,817s][info][gc,phases   ] GC(702)   Merge Heap Roots: 0,0ms
[93,817s][info][gc,phases   ] GC(702)   Evacuate Collection Set: 0,3ms
[93,817s][info][gc,phases   ] GC(702)   Post Evacuate Collection Set: 0,1ms
[93,817s][info][gc,phases   ] GC(702)   Other: 0,1ms
[93,817s][info][gc,heap     ] GC(702) Eden regions: 35->0(33)
[93,817s][info][gc,heap     ] GC(702) Survivor regions: 3->5(5)
[93,817s][info][gc,heap     ] GC(702) Old regions: 8->8
[93,817s][info][gc,heap     ] GC(702) Archive regions: 2->2
[93,817s][info][gc,heap     ] GC(702) Humongous regions: 0->0
[93,817s][info][gc,metaspace] GC(702) Metaspace: 117K(320K)->117K(320K) NonClass: 109K(192K)->109K(192K) Class: 8K(128K)->8K(128K)
[93,817s][info][gc          ] GC(702) Pause Young (Normal) (G1 Evacuation Pause) 45M->12M(64M) 0,739ms
[93,817s][info][gc,cpu      ] GC(702) User=0,00s Sys=0,00s Real=0,00s
[93,964s][info][gc,start    ] GC(703) Pause Young (Normal) (G1 Evacuation Pause)
[93,964s][info][gc,task     ] GC(703) Using 4 workers of 8 for evacuation
[93,964s][info][gc,phases   ] GC(703)   Pre Evacuate Collection Set: 0,0ms
[93,964s][info][gc,phases   ] GC(703)   Merge Heap Roots: 0,0ms
[93,964s][info][gc,phases   ] GC(703)   Evacuate Collection Set: 0,4ms
[93,964s][info][gc,phases   ] GC(703)   Post Evacuate Collection Set: 0,1ms
[93,964s][info][gc,phases   ] GC(703)   Other: 0,1ms
[93,964s][info][gc,heap     ] GC(703) Eden regions: 33->0(35)
[93,964s][info][gc,heap     ] GC(703) Survivor regions: 5->3(5)
[93,964s][info][gc,heap     ] GC(703) Old regions: 8->8
[93,964s][info][gc,heap     ] GC(703) Archive regions: 2->2
[93,964s][info][gc,heap     ] GC(703) Humongous regions: 0->0
[93,964s][info][gc,metaspace] GC(703) Metaspace: 117K(320K)->117K(320K) NonClass: 109K(192K)->109K(192K) Class: 8K(128K)->8K(128K)
[93,965s][info][gc          ] GC(703) Pause Young (Normal) (G1 Evacuation Pause) 45M->11M(64M) 0,794ms
[93,965s][info][gc,cpu      ] GC(703) User=0,00s Sys=0,00s Real=0,00s
[94,115s][info][gc,start    ] GC(704) Pause Young (Normal) (G1 Evacuation Pause)
[94,115s][info][gc,task     ] GC(704) Using 4 workers of 8 for evacuation
[94,116s][info][gc,phases   ] GC(704)   Pre Evacuate Collection Set: 0,0ms
[94,116s][info][gc,phases   ] GC(704)   Merge Heap Roots: 0,0ms
[94,116s][info][gc,phases   ] GC(704)   Evacuate Collection Set: 0,7ms
[94,116s][info][gc,phases   ] GC(704)   Post Evacuate Collection Set: 0,1ms
[94,116s][info][gc,phases   ] GC(704)   Other: 0,1ms
[94,116s][info][gc,heap     ] GC(704) Eden regions: 35->0(33)
[94,116s][info][gc,heap     ] GC(704) Survivor regions: 3->5(5)
[94,116s][info][gc,heap     ] GC(704) Old regions: 8->8
[94,116s][info][gc,heap     ] GC(704) Archive regions: 2->2
[94,116s][info][gc,heap     ] GC(704) Humongous regions: 0->0
[94,116s][info][gc,metaspace] GC(704) Metaspace: 117K(320K)->117K(320K) NonClass: 109K(192K)->109K(192K) Class: 8K(128K)->8K(128K)
[94,116s][info][gc          ] GC(704) Pause Young (Normal) (G1 Evacuation Pause) 46M->12M(64M) 1,176ms
[94,116s][info][gc,cpu      ] GC(704) User=0,00s Sys=0,00s Real=0,00s
[94,216s][info][gc,start    ] GC(705) Pause Young (Normal) (G1 Evacuation Pause)
[94,216s][info][gc,task     ] GC(705) Using 4 workers of 8 for evacuation
[94,216s][info][gc,phases   ] GC(705)   Pre Evacuate Collection Set: 0,0ms
[94,216s][info][gc,phases   ] GC(705)   Merge Heap Roots: 0,0ms
[94,216s][info][gc,phases   ] GC(705)   Evacuate Collection Set: 0,2ms
[94,216s][info][gc,phases   ] GC(705)   Post Evacuate Collection Set: 0,1ms
[94,216s][info][gc,phases   ] GC(705)   Other: 0,1ms
[94,216s][info][gc,heap     ] GC(705) Eden regions: 33->0(35)
[94,216s][info][gc,heap     ] GC(705) Survivor regions: 5->3(5)
[94,216s][info][gc,heap     ] GC(705) Old regions: 8->8
[94,216s][info][gc,heap     ] GC(705) Archive regions: 2->2
[94,216s][info][gc,heap     ] GC(705) Humongous regions: 0->0
[94,216s][info][gc,metaspace] GC(705) Metaspace: 117K(320K)->117K(320K) NonClass: 109K(192K)->109K(192K) Class: 8K(128K)->8K(128K)
[94,216s][info][gc          ] GC(705) Pause Young (Normal) (G1 Evacuation Pause) 45M->11M(64M) 0,612ms
[94,216s][info][gc,cpu      ] GC(705) User=0,00s Sys=0,00s Real=0,00s
[94,365s][info][gc,start    ] GC(706) Pause Young (Normal) (G1 Evacuation Pause)
[94,365s][info][gc,task     ] GC(706) Using 4 workers of 8 for evacuation
[94,366s][info][gc,phases   ] GC(706)   Pre Evacuate Collection Set: 0,0ms
[94,366s][info][gc,phases   ] GC(706)   Merge Heap Roots: 0,0ms
[94,366s][info][gc,phases   ] GC(706)   Evacuate Collection Set: 0,3ms
[94,366s][info][gc,phases   ] GC(706)   Post Evacuate Collection Set: 0,1ms
[94,366s][info][gc,phases   ] GC(706)   Other: 0,1ms
[94,366s][info][gc,heap     ] GC(706) Eden regions: 35->0(34)
[94,366s][info][gc,heap     ] GC(706) Survivor regions: 3->4(5)
[94,366s][info][gc,heap     ] GC(706) Old regions: 8->8
[94,366s][info][gc,heap     ] GC(706) Archive regions: 2->2
[94,366s][info][gc,heap     ] GC(706) Humongous regions: 0->0
[94,366s][info][gc,metaspace] GC(706) Metaspace: 117K(320K)->117K(320K) NonClass: 109K(192K)->109K(192K) Class: 8K(128K)->8K(128K)
[94,366s][info][gc          ] GC(706) Pause Young (Normal) (G1 Evacuation Pause) 46M->12M(64M) 0,609ms
[94,366s][info][gc,cpu      ] GC(706) User=0,00s Sys=0,00s Real=0,00s
[94,515s][info][gc,start    ] GC(707) Pause Young (Normal) (G1 Evacuation Pause)
[94,515s][info][gc,task     ] GC(707) Using 4 workers of 8 for evacuation
[94,516s][info][gc,phases   ] GC(707)   Pre Evacuate Collection Set: 0,0ms
[94,516s][info][gc,phases   ] GC(707)   Merge Heap Roots: 0,0ms
[94,516s][info][gc,phases   ] GC(707)   Evacuate Collection Set: 0,4ms
[94,516s][info][gc,phases   ] GC(707)   Post Evacuate Collection Set: 0,1ms
[94,516s][info][gc,phases   ] GC(707)   Other: 0,1ms
[94,516s][info][gc,heap     ] GC(707) Eden regions: 34->0(32)
[94,516s][info][gc,heap     ] GC(707) Survivor regions: 4->5(5)
[94,516s][info][gc,heap     ] GC(707) Old regions: 8->8
[94,516s][info][gc,heap     ] GC(707) Archive regions: 2->2
[94,516s][info][gc,heap     ] GC(707) Humongous regions: 0->0
[94,516s][info][gc,metaspace] GC(707) Metaspace: 117K(320K)->117K(320K) NonClass: 109K(192K)->109K(192K) Class: 8K(128K)->8K(128K)
[94,516s][info][gc          ] GC(707) Pause Young (Normal) (G1 Evacuation Pause) 46M->13M(64M) 0,666ms
[94,516s][info][gc,cpu      ] GC(707) User=0,00s Sys=0,00s Real=0,00s
[94,614s][info][gc,start    ] GC(708) Pause Young (Normal) (G1 Evacuation Pause)
[94,614s][info][gc,task     ] GC(708) Using 4 workers of 8 for evacuation
[94,615s][info][gc,phases   ] GC(708)   Pre Evacuate Collection Set: 0,0ms
[94,615s][info][gc,phases   ] GC(708)   Merge Heap Roots: 0,0ms
[94,615s][info][gc,phases   ] GC(708)   Evacuate Collection Set: 0,3ms
[94,615s][info][gc,phases   ] GC(708)   Post Evacuate Collection Set: 0,1ms
[94,615s][info][gc,phases   ] GC(708)   Other: 0,1ms
[94,615s][info][gc,heap     ] GC(708) Eden regions: 32->0(33)
[94,615s][info][gc,heap     ] GC(708) Survivor regions: 5->4(5)
[94,615s][info][gc,heap     ] GC(708) Old regions: 8->8
[94,615s][info][gc,heap     ] GC(708) Archive regions: 2->2
[94,615s][info][gc,heap     ] GC(708) Humongous regions: 0->0
[94,615s][info][gc,metaspace] GC(708) Metaspace: 117K(320K)->117K(320K) NonClass: 109K(192K)->109K(192K) Class: 8K(128K)->8K(128K)
[94,615s][info][gc          ] GC(708) Pause Young (Normal) (G1 Evacuation Pause) 45M->12M(64M) 0,628ms
[94,615s][info][gc,cpu      ] GC(708) User=0,00s Sys=0,00s Real=0,00s
[94,763s][info][gc,start    ] GC(709) Pause Young (Normal) (G1 Evacuation Pause)
[94,764s][info][gc,task     ] GC(709) Using 4 workers of 8 for evacuation
[94,764s][info][gc,phases   ] GC(709)   Pre Evacuate Collection Set: 0,0ms
[94,764s][info][gc,phases   ] GC(709)   Merge Heap Roots: 0,0ms
[94,764s][info][gc,phases   ] GC(709)   Evacuate Collection Set: 0,2ms
[94,764s][info][gc,phases   ] GC(709)   Post Evacuate Collection Set: 0,1ms
[94,764s][info][gc,phases   ] GC(709)   Other: 0,1ms
[94,764s][info][gc,heap     ] GC(709) Eden regions: 33->0(36)
[94,764s][info][gc,heap     ] GC(709) Survivor regions: 4->2(5)
[94,764s][info][gc,heap     ] GC(709) Old regions: 8->8
[94,764s][info][gc,heap     ] GC(709) Archive regions: 2->2
[94,764s][info][gc,heap     ] GC(709) Humongous regions: 0->0
[94,764s][info][gc,metaspace] GC(709) Metaspace: 117K(320K)->117K(320K) NonClass: 109K(192K)->109K(192K) Class: 8K(128K)->8K(128K)
[94,764s][info][gc          ] GC(709) Pause Young (Normal) (G1 Evacuation Pause) 45M->10M(64M) 0,473ms
[94,764s][info][gc,cpu      ] GC(709) User=0,00s Sys=0,00s Real=0,00s
[94,914s][info][gc,start    ] GC(710) Pause Young (Normal) (G1 Evacuation Pause)
[94,914s][info][gc,task     ] GC(710) Using 4 workers of 8 for evacuation
[94,914s][info][gc,phases   ] GC(710)   Pre Evacuate Collection Set: 0,0ms
[94,914s][info][gc,phases   ] GC(710)   Merge Heap Roots: 0,0ms
[94,914s][info][gc,phases   ] GC(710)   Evacuate Collection Set: 0,3ms
[94,914s][info][gc,phases   ] GC(710)   Post Evacuate Collection Set: 0,1ms
[94,914s][info][gc,phases   ] GC(710)   Other: 0,1ms
[94,914s][info][gc,heap     ] GC(710) Eden regions: 36->0(34)
[94,914s][info][gc,heap     ] GC(710) Survivor regions: 2->4(5)
[94,914s][info][gc,heap     ] GC(710) Old regions: 8->8
[94,914s][info][gc,heap     ] GC(710) Archive regions: 2->2
[94,914s][info][gc,heap     ] GC(710) Humongous regions: 0->0
[94,914s][info][gc,metaspace] GC(710) Metaspace: 117K(320K)->117K(320K) NonClass: 109K(192K)->109K(192K) Class: 8K(128K)->8K(128K)
[94,914s][info][gc          ] GC(710) Pause Young (Normal) (G1 Evacuation Pause) 46M->12M(64M) 0,601ms
[94,915s][info][gc,cpu      ] GC(710) User=0,01s Sys=0,00s Real=0,00s
[95,015s][info][gc,start    ] GC(711) Pause Young (Normal) (G1 Evacuation Pause)
[95,015s][info][gc,task     ] GC(711) Using 4 workers of 8 for evacuation
[95,015s][info][gc,phases   ] GC(711)   Pre Evacuate Collection Set: 0,0ms
[95,015s][info][gc,phases   ] GC(711)   Merge Heap Roots: 0,0ms
[95,015s][info][gc,phases   ] GC(711)   Evacuate Collection Set: 0,4ms
[95,015s][info][gc,phases   ] GC(711)   Post Evacuate Collection Set: 0,1ms
[95,015s][info][gc,phases   ] GC(711)   Other: 0,1ms
[95,015s][info][gc,heap     ] GC(711) Eden regions: 34->0(33)
[95,015s][info][gc,heap     ] GC(711) Survivor regions: 4->5(5)
[95,015s][info][gc,heap     ] GC(711) Old regions: 8->8
[95,015s][info][gc,heap     ] GC(711) Archive regions: 2->2
[95,015s][info][gc,heap     ] GC(711) Humongous regions: 0->0
[95,015s][info][gc,metaspace] GC(711) Metaspace: 117K(320K)->117K(320K) NonClass: 109K(192K)->109K(192K) Class: 8K(128K)->8K(128K)
[95,015s][info][gc          ] GC(711) Pause Young (Normal) (G1 Evacuation Pause) 45M->12M(64M) 0,801ms
[95,015s][info][gc,cpu      ] GC(711) User=0,00s Sys=0,00s Real=0,00s
[95,165s][info][gc,start    ] GC(712) Pause Young (Normal) (G1 Evacuation Pause)
[95,165s][info][gc,task     ] GC(712) Using 4 workers of 8 for evacuation
[95,165s][info][gc,phases   ] GC(712)   Pre Evacuate Collection Set: 0,0ms
[95,165s][info][gc,phases   ] GC(712)   Merge Heap Roots: 0,0ms
[95,165s][info][gc,phases   ] GC(712)   Evacuate Collection Set: 0,2ms
[95,165s][info][gc,phases   ] GC(712)   Post Evacuate Collection Set: 0,1ms
[95,165s][info][gc,phases   ] GC(712)   Other: 0,1ms
[95,165s][info][gc,heap     ] GC(712) Eden regions: 33->0(35)
[95,165s][info][gc,heap     ] GC(712) Survivor regions: 5->3(5)
[95,165s][info][gc,heap     ] GC(712) Old regions: 8->8
[95,165s][info][gc,heap     ] GC(712) Archive regions: 2->2
[95,165s][info][gc,heap     ] GC(712) Humongous regions: 0->0
[95,165s][info][gc,metaspace] GC(712) Metaspace: 117K(320K)->117K(320K) NonClass: 109K(192K)->109K(192K) Class: 8K(128K)->8K(128K)
[95,165s][info][gc          ] GC(712) Pause Young (Normal) (G1 Evacuation Pause) 45M->11M(64M) 0,636ms
[95,165s][info][gc,cpu      ] GC(712) User=0,00s Sys=0,00s Real=0,00s
[95,315s][info][gc,start    ] GC(713) Pause Young (Normal) (G1 Evacuation Pause)
[95,315s][info][gc,task     ] GC(713) Using 4 workers of 8 for evacuation
[95,315s][info][gc,phases   ] GC(713)   Pre Evacuate Collection Set: 0,1ms
[95,315s][info][gc,phases   ] GC(713)   Merge Heap Roots: 0,0ms
[95,315s][info][gc,phases   ] GC(713)   Evacuate Collection Set: 0,4ms
[95,315s][info][gc,phases   ] GC(713)   Post Evacuate Collection Set: 0,1ms
[95,315s][info][gc,phases   ] GC(713)   Other: 0,1ms
[95,315s][info][gc,heap     ] GC(713) Eden regions: 35->0(32)
[95,315s][info][gc,heap     ] GC(713) Survivor regions: 3->5(5)
[95,315s][info][gc,heap     ] GC(713) Old regions: 8->8
[95,315s][info][gc,heap     ] GC(713) Archive regions: 2->2
[95,315s][info][gc,heap     ] GC(713) Humongous regions: 0->0
[95,315s][info][gc,metaspace] GC(713) Metaspace: 117K(320K)->117K(320K) NonClass: 109K(192K)->109K(192K) Class: 8K(128K)->8K(128K)
[95,316s][info][gc          ] GC(713) Pause Young (Normal) (G1 Evacuation Pause) 46M->13M(64M) 0,904ms
[95,316s][info][gc,cpu      ] GC(713) User=0,01s Sys=0,00s Real=0,00s
[95,415s][info][gc,start    ] GC(714) Pause Young (Normal) (G1 Evacuation Pause)
[95,416s][info][gc,task     ] GC(714) Using 4 workers of 8 for evacuation
[95,416s][info][gc,phases   ] GC(714)   Pre Evacuate Collection Set: 0,0ms
[95,416s][info][gc,phases   ] GC(714)   Merge Heap Roots: 0,0ms
[95,416s][info][gc,phases   ] GC(714)   Evacuate Collection Set: 0,2ms
[95,416s][info][gc,phases   ] GC(714)   Post Evacuate Collection Set: 0,1ms
[95,416s][info][gc,phases   ] GC(714)   Other: 0,1ms
[95,416s][info][gc,heap     ] GC(714) Eden regions: 32->0(35)
[95,416s][info][gc,heap     ] GC(714) Survivor regions: 5->3(5)
[95,416s][info][gc,heap     ] GC(714) Old regions: 8->8
[95,416s][info][gc,heap     ] GC(714) Archive regions: 2->2
[95,416s][info][gc,heap     ] GC(714) Humongous regions: 0->0
[95,416s][info][gc,metaspace] GC(714) Metaspace: 117K(320K)->117K(320K) NonClass: 109K(192K)->109K(192K) Class: 8K(128K)->8K(128K)
[95,416s][info][gc          ] GC(714) Pause Young (Normal) (G1 Evacuation Pause) 45M->10M(64M) 0,551ms
[95,416s][info][gc,cpu      ] GC(714) User=0,00s Sys=0,00s Real=0,00s
[95,564s][info][gc,start    ] GC(715) Pause Young (Normal) (G1 Evacuation Pause)
[95,564s][info][gc,task     ] GC(715) Using 4 workers of 8 for evacuation
[95,564s][info][gc,phases   ] GC(715)   Pre Evacuate Collection Set: 0,1ms
[95,564s][info][gc,phases   ] GC(715)   Merge Heap Roots: 0,0ms
[95,564s][info][gc,phases   ] GC(715)   Evacuate Collection Set: 0,3ms
[95,564s][info][gc,phases   ] GC(715)   Post Evacuate Collection Set: 0,1ms
[95,564s][info][gc,phases   ] GC(715)   Other: 0,1ms
[95,564s][info][gc,heap     ] GC(715) Eden regions: 35->0(34)
[95,564s][info][gc,heap     ] GC(715) Survivor regions: 3->4(5)
[95,564s][info][gc,heap     ] GC(715) Old regions: 8->8
[95,564s][info][gc,heap     ] GC(715) Archive regions: 2->2
[95,564s][info][gc,heap     ] GC(715) Humongous regions: 0->0
[95,565s][info][gc,metaspace] GC(715) Metaspace: 117K(320K)->117K(320K) NonClass: 109K(192K)->109K(192K) Class: 8K(128K)->8K(128K)
[95,565s][info][gc          ] GC(715) Pause Young (Normal) (G1 Evacuation Pause) 45M->12M(64M) 0,652ms
[95,565s][info][gc,cpu      ] GC(715) User=0,00s Sys=0,00s Real=0,00s
[95,714s][info][gc,start    ] GC(716) Pause Young (Normal) (G1 Evacuation Pause)
[95,714s][info][gc,task     ] GC(716) Using 4 workers of 8 for evacuation
[95,714s][info][gc,phases   ] GC(716)   Pre Evacuate Collection Set: 0,0ms
[95,714s][info][gc,phases   ] GC(716)   Merge Heap Roots: 0,0ms
[95,714s][info][gc,phases   ] GC(716)   Evacuate Collection Set: 0,4ms
[95,714s][info][gc,phases   ] GC(716)   Post Evacuate Collection Set: 0,1ms
[95,714s][info][gc,phases   ] GC(716)   Other: 0,2ms
[95,715s][info][gc,heap     ] GC(716) Eden regions: 34->0(34)
[95,715s][info][gc,heap     ] GC(716) Survivor regions: 4->4(5)
[95,715s][info][gc,heap     ] GC(716) Old regions: 8->8
[95,715s][info][gc,heap     ] GC(716) Archive regions: 2->2
[95,715s][info][gc,heap     ] GC(716) Humongous regions: 0->0
[95,715s][info][gc,metaspace] GC(716) Metaspace: 117K(320K)->117K(320K) NonClass: 109K(192K)->109K(192K) Class: 8K(128K)->8K(128K)
[95,715s][info][gc          ] GC(716) Pause Young (Normal) (G1 Evacuation Pause) 46M->11M(64M) 0,853ms
[95,715s][info][gc,cpu      ] GC(716) User=0,01s Sys=0,00s Real=0,00s
[95,815s][info][gc,start    ] GC(717) Pause Young (Normal) (G1 Evacuation Pause)
[95,815s][info][gc,task     ] GC(717) Using 4 workers of 8 for evacuation
[95,815s][info][gc,phases   ] GC(717)   Pre Evacuate Collection Set: 0,0ms
[95,815s][info][gc,phases   ] GC(717)   Merge Heap Roots: 0,0ms
[95,815s][info][gc,phases   ] GC(717)   Evacuate Collection Set: 0,4ms
[95,815s][info][gc,phases   ] GC(717)   Post Evacuate Collection Set: 0,1ms
[95,815s][info][gc,phases   ] GC(717)   Other: 0,1ms
[95,815s][info][gc,heap     ] GC(717) Eden regions: 34->0(33)
[95,815s][info][gc,heap     ] GC(717) Survivor regions: 4->5(5)
[95,815s][info][gc,heap     ] GC(717) Old regions: 8->8
[95,815s][info][gc,heap     ] GC(717) Archive regions: 2->2
[95,815s][info][gc,heap     ] GC(717) Humongous regions: 0->0
[95,816s][info][gc,metaspace] GC(717) Metaspace: 117K(320K)->117K(320K) NonClass: 109K(192K)->109K(192K) Class: 8K(128K)->8K(128K)
[95,816s][info][gc          ] GC(717) Pause Young (Normal) (G1 Evacuation Pause) 45M->12M(64M) 0,782ms
[95,816s][info][gc,cpu      ] GC(717) User=0,00s Sys=0,01s Real=0,00s
[95,964s][info][gc,start    ] GC(718) Pause Young (Normal) (G1 Evacuation Pause)
[95,964s][info][gc,task     ] GC(718) Using 4 workers of 8 for evacuation
[95,964s][info][gc,phases   ] GC(718)   Pre Evacuate Collection Set: 0,0ms
[95,964s][info][gc,phases   ] GC(718)   Merge Heap Roots: 0,0ms
[95,964s][info][gc,phases   ] GC(718)   Evacuate Collection Set: 0,3ms
[95,964s][info][gc,phases   ] GC(718)   Post Evacuate Collection Set: 0,1ms
[95,964s][info][gc,phases   ] GC(718)   Other: 0,1ms
[95,964s][info][gc,heap     ] GC(718) Eden regions: 33->0(34)
[95,964s][info][gc,heap     ] GC(718) Survivor regions: 5->4(5)
[95,964s][info][gc,heap     ] GC(718) Old regions: 8->8
[95,964s][info][gc,heap     ] GC(718) Archive regions: 2->2
[95,964s][info][gc,heap     ] GC(718) Humongous regions: 0->0
[95,964s][info][gc,metaspace] GC(718) Metaspace: 117K(320K)->117K(320K) NonClass: 109K(192K)->109K(192K) Class: 8K(128K)->8K(128K)
[95,964s][info][gc          ] GC(718) Pause Young (Normal) (G1 Evacuation Pause) 45M->11M(64M) 0,591ms
[95,964s][info][gc,cpu      ] GC(718) User=0,00s Sys=0,00s Real=0,00s
[96,115s][info][gc,start    ] GC(719) Pause Young (Normal) (G1 Evacuation Pause)
[96,115s][info][gc,task     ] GC(719) Using 4 workers of 8 for evacuation
[96,115s][info][gc,phases   ] GC(719)   Pre Evacuate Collection Set: 0,0ms
[96,116s][info][gc,phases   ] GC(719)   Merge Heap Roots: 0,0ms
[96,116s][info][gc,phases   ] GC(719)   Evacuate Collection Set: 0,5ms
[96,116s][info][gc,phases   ] GC(719)   Post Evacuate Collection Set: 0,1ms
[96,116s][info][gc,phases   ] GC(719)   Other: 0,1ms
[96,116s][info][gc,heap     ] GC(719) Eden regions: 34->0(33)
[96,116s][info][gc,heap     ] GC(719) Survivor regions: 4->5(5)
[96,116s][info][gc,heap     ] GC(719) Old regions: 8->8
[96,116s][info][gc,heap     ] GC(719) Archive regions: 2->2
[96,116s][info][gc,heap     ] GC(719) Humongous regions: 0->0
[96,116s][info][gc,metaspace] GC(719) Metaspace: 117K(320K)->117K(320K) NonClass: 109K(192K)->109K(192K) Class: 8K(128K)->8K(128K)
[96,116s][info][gc          ] GC(719) Pause Young (Normal) (G1 Evacuation Pause) 45M->12M(64M) 0,896ms
[96,116s][info][gc,cpu      ] GC(719) User=0,01s Sys=0,00s Real=0,00s
[96,215s][info][gc,start    ] GC(720) Pause Young (Normal) (G1 Evacuation Pause)
[96,215s][info][gc,task     ] GC(720) Using 4 workers of 8 for evacuation
[96,216s][info][gc,phases   ] GC(720)   Pre Evacuate Collection Set: 0,0ms
[96,216s][info][gc,phases   ] GC(720)   Merge Heap Roots: 0,0ms
[96,216s][info][gc,phases   ] GC(720)   Evacuate Collection Set: 0,3ms
[96,216s][info][gc,phases   ] GC(720)   Post Evacuate Collection Set: 0,1ms
[96,216s][info][gc,phases   ] GC(720)   Other: 0,1ms
[96,216s][info][gc,heap     ] GC(720) Eden regions: 33->0(35)
[96,216s][info][gc,heap     ] GC(720) Survivor regions: 5->3(5)
[96,216s][info][gc,heap     ] GC(720) Old regions: 8->8
[96,216s][info][gc,heap     ] GC(720) Archive regions: 2->2
[96,216s][info][gc,heap     ] GC(720) Humongous regions: 0->0
[96,216s][info][gc,metaspace] GC(720) Metaspace: 117K(320K)->117K(320K) NonClass: 109K(192K)->109K(192K) Class: 8K(128K)->8K(128K)
[96,216s][info][gc          ] GC(720) Pause Young (Normal) (G1 Evacuation Pause) 45M->10M(64M) 0,855ms
[96,216s][info][gc,cpu      ] GC(720) User=0,00s Sys=0,00s Real=0,00s
[96,365s][info][gc,start    ] GC(721) Pause Young (Normal) (G1 Evacuation Pause)
[96,365s][info][gc,task     ] GC(721) Using 4 workers of 8 for evacuation
[96,365s][info][gc,phases   ] GC(721)   Pre Evacuate Collection Set: 0,0ms
[96,365s][info][gc,phases   ] GC(721)   Merge Heap Roots: 0,0ms
[96,365s][info][gc,phases   ] GC(721)   Evacuate Collection Set: 0,2ms
[96,365s][info][gc,phases   ] GC(721)   Post Evacuate Collection Set: 0,1ms
[96,365s][info][gc,phases   ] GC(721)   Other: 0,1ms
[96,365s][info][gc,heap     ] GC(721) Eden regions: 35->0(35)
[96,365s][info][gc,heap     ] GC(721) Survivor regions: 3->3(5)
[96,365s][info][gc,heap     ] GC(721) Old regions: 8->8
[96,365s][info][gc,heap     ] GC(721) Archive regions: 2->2
[96,365s][info][gc,heap     ] GC(721) Humongous regions: 0->0
[96,365s][info][gc,metaspace] GC(721) Metaspace: 117K(320K)->117K(320K) NonClass: 109K(192K)->109K(192K) Class: 8K(128K)->8K(128K)
[96,365s][info][gc          ] GC(721) Pause Young (Normal) (G1 Evacuation Pause) 45M->11M(64M) 0,555ms
[96,365s][info][gc,cpu      ] GC(721) User=0,00s Sys=0,00s Real=0,00s
[96,514s][info][gc,start    ] GC(722) Pause Young (Normal) (G1 Evacuation Pause)
[96,514s][info][gc,task     ] GC(722) Using 4 workers of 8 for evacuation
[96,514s][info][gc,phases   ] GC(722)   Pre Evacuate Collection Set: 0,0ms
[96,514s][info][gc,phases   ] GC(722)   Merge Heap Roots: 0,0ms
[96,514s][info][gc,phases   ] GC(722)   Evacuate Collection Set: 0,5ms
[96,514s][info][gc,phases   ] GC(722)   Post Evacuate Collection Set: 0,1ms
[96,514s][info][gc,phases   ] GC(722)   Other: 0,1ms
[96,514s][info][gc,heap     ] GC(722) Eden regions: 35->0(32)
[96,514s][info][gc,heap     ] GC(722) Survivor regions: 3->5(5)
[96,514s][info][gc,heap     ] GC(722) Old regions: 8->8
[96,514s][info][gc,heap     ] GC(722) Archive regions: 2->2
[96,514s][info][gc,heap     ] GC(722) Humongous regions: 0->0
[96,514s][info][gc,metaspace] GC(722) Metaspace: 117K(320K)->117K(320K) NonClass: 109K(192K)->109K(192K) Class: 8K(128K)->8K(128K)
[96,514s][info][gc          ] GC(722) Pause Young (Normal) (G1 Evacuation Pause) 46M->13M(64M) 0,780ms
[96,514s][info][gc,cpu      ] GC(722) User=0,01s Sys=0,00s Real=0,00s
[96,614s][info][gc,start    ] GC(723) Pause Young (Normal) (G1 Evacuation Pause)
[96,614s][info][gc,task     ] GC(723) Using 4 workers of 8 for evacuation
[96,615s][info][gc,phases   ] GC(723)   Pre Evacuate Collection Set: 0,0ms
[96,615s][info][gc,phases   ] GC(723)   Merge Heap Roots: 0,0ms
[96,615s][info][gc,phases   ] GC(723)   Evacuate Collection Set: 0,3ms
[96,615s][info][gc,phases   ] GC(723)   Post Evacuate Collection Set: 0,1ms
[96,615s][info][gc,phases   ] GC(723)   Other: 0,1ms
[96,615s][info][gc,heap     ] GC(723) Eden regions: 32->0(33)
[96,615s][info][gc,heap     ] GC(723) Survivor regions: 5->4(5)
[96,615s][info][gc,heap     ] GC(723) Old regions: 8->8
[96,615s][info][gc,heap     ] GC(723) Archive regions: 2->2
[96,615s][info][gc,heap     ] GC(723) Humongous regions: 0->0
[96,615s][info][gc,metaspace] GC(723) Metaspace: 117K(320K)->117K(320K) NonClass: 109K(192K)->109K(192K) Class: 8K(128K)->8K(128K)
[96,615s][info][gc          ] GC(723) Pause Young (Normal) (G1 Evacuation Pause) 45M->12M(64M) 0,724ms
[96,615s][info][gc,cpu      ] GC(723) User=0,00s Sys=0,00s Real=0,00s
[96,764s][info][gc,start    ] GC(724) Pause Young (Normal) (G1 Evacuation Pause)
[96,764s][info][gc,task     ] GC(724) Using 4 workers of 8 for evacuation
[96,764s][info][gc,phases   ] GC(724)   Pre Evacuate Collection Set: 0,0ms
[96,764s][info][gc,phases   ] GC(724)   Merge Heap Roots: 0,0ms
[96,764s][info][gc,phases   ] GC(724)   Evacuate Collection Set: 0,2ms
[96,764s][info][gc,phases   ] GC(724)   Post Evacuate Collection Set: 0,1ms
[96,764s][info][gc,phases   ] GC(724)   Other: 0,1ms
[96,764s][info][gc,heap     ] GC(724) Eden regions: 33->0(35)
[96,764s][info][gc,heap     ] GC(724) Survivor regions: 4->3(5)
[96,764s][info][gc,heap     ] GC(724) Old regions: 8->8
[96,764s][info][gc,heap     ] GC(724) Archive regions: 2->2
[96,764s][info][gc,heap     ] GC(724) Humongous regions: 0->0
[96,764s][info][gc,metaspace] GC(724) Metaspace: 117K(320K)->117K(320K) NonClass: 109K(192K)->109K(192K) Class: 8K(128K)->8K(128K)
[96,764s][info][gc          ] GC(724) Pause Young (Normal) (G1 Evacuation Pause) 45M->10M(64M) 0,548ms
[96,764s][info][gc,cpu      ] GC(724) User=0,00s Sys=0,00s Real=0,00s
[96,914s][info][gc,start    ] GC(725) Pause Young (Normal) (G1 Evacuation Pause)
[96,914s][info][gc,task     ] GC(725) Using 4 workers of 8 for evacuation
[96,914s][info][gc,phases   ] GC(725)   Pre Evacuate Collection Set: 0,0ms
[96,914s][info][gc,phases   ] GC(725)   Merge Heap Roots: 0,0ms
[96,914s][info][gc,phases   ] GC(725)   Evacuate Collection Set: 0,2ms
[96,914s][info][gc,phases   ] GC(725)   Post Evacuate Collection Set: 0,1ms
[96,914s][info][gc,phases   ] GC(725)   Other: 0,1ms
[96,914s][info][gc,heap     ] GC(725) Eden regions: 35->0(35)
[96,914s][info][gc,heap     ] GC(725) Survivor regions: 3->3(5)
[96,914s][info][gc,heap     ] GC(725) Old regions: 8->8
[96,914s][info][gc,heap     ] GC(725) Archive regions: 2->2
[96,914s][info][gc,heap     ] GC(725) Humongous regions: 0->0
[96,914s][info][gc,metaspace] GC(725) Metaspace: 117K(320K)->117K(320K) NonClass: 109K(192K)->109K(192K) Class: 8K(128K)->8K(128K)
[96,914s][info][gc          ] GC(725) Pause Young (Normal) (G1 Evacuation Pause) 45M->11M(64M) 0,658ms
[96,914s][info][gc,cpu      ] GC(725) User=0,00s Sys=0,00s Real=0,00s
[97,014s][info][gc,start    ] GC(726) Pause Young (Normal) (G1 Evacuation Pause)
[97,014s][info][gc,task     ] GC(726) Using 4 workers of 8 for evacuation
[97,015s][info][gc,phases   ] GC(726)   Pre Evacuate Collection Set: 0,0ms
[97,015s][info][gc,phases   ] GC(726)   Merge Heap Roots: 0,0ms
[97,015s][info][gc,phases   ] GC(726)   Evacuate Collection Set: 0,4ms
[97,015s][info][gc,phases   ] GC(726)   Post Evacuate Collection Set: 0,1ms
[97,015s][info][gc,phases   ] GC(726)   Other: 0,1ms
[97,015s][info][gc,heap     ] GC(726) Eden regions: 35->0(33)
[97,015s][info][gc,heap     ] GC(726) Survivor regions: 3->5(5)
[97,015s][info][gc,heap     ] GC(726) Old regions: 8->8
[97,015s][info][gc,heap     ] GC(726) Archive regions: 2->2
[97,015s][info][gc,heap     ] GC(726) Humongous regions: 0->0
[97,015s][info][gc,metaspace] GC(726) Metaspace: 117K(320K)->117K(320K) NonClass: 109K(192K)->109K(192K) Class: 8K(128K)->8K(128K)
[97,015s][info][gc          ] GC(726) Pause Young (Normal) (G1 Evacuation Pause) 46M->13M(64M) 0,792ms
[97,015s][info][gc,cpu      ] GC(726) User=0,00s Sys=0,00s Real=0,00s
[97,164s][info][gc,start    ] GC(727) Pause Young (Normal) (G1 Evacuation Pause)
[97,164s][info][gc,task     ] GC(727) Using 4 workers of 8 for evacuation
[97,164s][info][gc,phases   ] GC(727)   Pre Evacuate Collection Set: 0,0ms
[97,164s][info][gc,phases   ] GC(727)   Merge Heap Roots: 0,1ms
[97,164s][info][gc,phases   ] GC(727)   Evacuate Collection Set: 0,2ms
[97,164s][info][gc,phases   ] GC(727)   Post Evacuate Collection Set: 0,1ms
[97,164s][info][gc,phases   ] GC(727)   Other: 0,1ms
[97,164s][info][gc,heap     ] GC(727) Eden regions: 33->0(35)
[97,164s][info][gc,heap     ] GC(727) Survivor regions: 5->3(5)
[97,164s][info][gc,heap     ] GC(727) Old regions: 8->8
[97,164s][info][gc,heap     ] GC(727) Archive regions: 2->2
[97,164s][info][gc,heap     ] GC(727) Humongous regions: 0->0
[97,164s][info][gc,metaspace] GC(727) Metaspace: 117K(320K)->117K(320K) NonClass: 109K(192K)->109K(192K) Class: 8K(128K)->8K(128K)
[97,164s][info][gc          ] GC(727) Pause Young (Normal) (G1 Evacuation Pause) 46M->11M(64M) 0,661ms
[97,164s][info][gc,cpu      ] GC(727) User=0,00s Sys=0,00s Real=0,00s
[97,314s][info][gc,start    ] GC(728) Pause Young (Normal) (G1 Evacuation Pause)
[97,314s][info][gc,task     ] GC(728) Using 4 workers of 8 for evacuation
[97,314s][info][gc,phases   ] GC(728)   Pre Evacuate Collection Set: 0,0ms
[97,314s][info][gc,phases   ] GC(728)   Merge Heap Roots: 0,0ms
[97,314s][info][gc,phases   ] GC(728)   Evacuate Collection Set: 0,4ms
[97,314s][info][gc,phases   ] GC(728)   Post Evacuate Collection Set: 0,1ms
[97,314s][info][gc,phases   ] GC(728)   Other: 0,1ms
[97,314s][info][gc,heap     ] GC(728) Eden regions: 35->0(32)
[97,314s][info][gc,heap     ] GC(728) Survivor regions: 3->5(5)
[97,314s][info][gc,heap     ] GC(728) Old regions: 8->8
[97,314s][info][gc,heap     ] GC(728) Archive regions: 2->2
[97,314s][info][gc,heap     ] GC(728) Humongous regions: 0->0
[97,314s][info][gc,metaspace] GC(728) Metaspace: 117K(320K)->117K(320K) NonClass: 109K(192K)->109K(192K) Class: 8K(128K)->8K(128K)
[97,314s][info][gc          ] GC(728) Pause Young (Normal) (G1 Evacuation Pause) 46M->13M(64M) 0,762ms
[97,314s][info][gc,cpu      ] GC(728) User=0,00s Sys=0,00s Real=0,00s
[97,414s][info][gc,start    ] GC(729) Pause Young (Normal) (G1 Evacuation Pause)
[97,414s][info][gc,task     ] GC(729) Using 4 workers of 8 for evacuation
[97,415s][info][gc,phases   ] GC(729)   Pre Evacuate Collection Set: 0,0ms
[97,415s][info][gc,phases   ] GC(729)   Merge Heap Roots: 0,0ms
[97,415s][info][gc,phases   ] GC(729)   Evacuate Collection Set: 0,2ms
[97,415s][info][gc,phases   ] GC(729)   Post Evacuate Collection Set: 0,1ms
[97,415s][info][gc,phases   ] GC(729)   Other: 0,1ms
[97,415s][info][gc,heap     ] GC(729) Eden regions: 32->0(35)
[97,415s][info][gc,heap     ] GC(729) Survivor regions: 5->3(5)
[97,415s][info][gc,heap     ] GC(729) Old regions: 8->8
[97,415s][info][gc,heap     ] GC(729) Archive regions: 2->2
[97,415s][info][gc,heap     ] GC(729) Humongous regions: 0->0
[97,415s][info][gc,metaspace] GC(729) Metaspace: 117K(320K)->117K(320K) NonClass: 109K(192K)->109K(192K) Class: 8K(128K)->8K(128K)
[97,415s][info][gc          ] GC(729) Pause Young (Normal) (G1 Evacuation Pause) 45M->11M(64M) 0,590ms
[97,415s][info][gc,cpu      ] GC(729) User=0,00s Sys=0,00s Real=0,00s
[97,564s][info][gc,start    ] GC(730) Pause Young (Normal) (G1 Evacuation Pause)
[97,564s][info][gc,task     ] GC(730) Using 4 workers of 8 for evacuation
[97,565s][info][gc,phases   ] GC(730)   Pre Evacuate Collection Set: 0,0ms
[97,565s][info][gc,phases   ] GC(730)   Merge Heap Roots: 0,0ms
[97,565s][info][gc,phases   ] GC(730)   Evacuate Collection Set: 0,6ms
[97,565s][info][gc,phases   ] GC(730)   Post Evacuate Collection Set: 0,1ms
[97,565s][info][gc,phases   ] GC(730)   Other: 0,1ms
[97,565s][info][gc,heap     ] GC(730) Eden regions: 35->0(32)
[97,565s][info][gc,heap     ] GC(730) Survivor regions: 3->5(5)
[97,565s][info][gc,heap     ] GC(730) Old regions: 8->8
[97,565s][info][gc,heap     ] GC(730) Archive regions: 2->2
[97,565s][info][gc,heap     ] GC(730) Humongous regions: 0->0
[97,565s][info][gc,metaspace] GC(730) Metaspace: 117K(320K)->117K(320K) NonClass: 109K(192K)->109K(192K) Class: 8K(128K)->8K(128K)
[97,565s][info][gc          ] GC(730) Pause Young (Normal) (G1 Evacuation Pause) 46M->13M(64M) 1,002ms
[97,565s][info][gc,cpu      ] GC(730) User=0,00s Sys=0,00s Real=0,00s
[97,714s][info][gc,start    ] GC(731) Pause Young (Normal) (G1 Evacuation Pause)
[97,714s][info][gc,task     ] GC(731) Using 4 workers of 8 for evacuation
[97,714s][info][gc,phases   ] GC(731)   Pre Evacuate Collection Set: 0,0ms
[97,714s][info][gc,phases   ] GC(731)   Merge Heap Roots: 0,0ms
[97,714s][info][gc,phases   ] GC(731)   Evacuate Collection Set: 0,1ms
[97,714s][info][gc,phases   ] GC(731)   Post Evacuate Collection Set: 0,1ms
[97,714s][info][gc,phases   ] GC(731)   Other: 0,1ms
[97,714s][info][gc,heap     ] GC(731) Eden regions: 32->0(36)
[97,714s][info][gc,heap     ] GC(731) Survivor regions: 5->2(5)
[97,714s][info][gc,heap     ] GC(731) Old regions: 8->8
[97,714s][info][gc,heap     ] GC(731) Archive regions: 2->2
[97,714s][info][gc,heap     ] GC(731) Humongous regions: 0->0
[97,714s][info][gc,metaspace] GC(731) Metaspace: 117K(320K)->117K(320K) NonClass: 109K(192K)->109K(192K) Class: 8K(128K)->8K(128K)
[97,714s][info][gc          ] GC(731) Pause Young (Normal) (G1 Evacuation Pause) 45M->10M(64M) 0,504ms
[97,714s][info][gc,cpu      ] GC(731) User=0,00s Sys=0,00s Real=0,00s
[97,814s][info][gc,start    ] GC(732) Pause Young (Normal) (G1 Evacuation Pause)
[97,814s][info][gc,task     ] GC(732) Using 4 workers of 8 for evacuation
[97,815s][info][gc,phases   ] GC(732)   Pre Evacuate Collection Set: 0,0ms
[97,815s][info][gc,phases   ] GC(732)   Merge Heap Roots: 0,0ms
[97,815s][info][gc,phases   ] GC(732)   Evacuate Collection Set: 0,5ms
[97,815s][info][gc,phases   ] GC(732)   Post Evacuate Collection Set: 0,1ms
[97,815s][info][gc,phases   ] GC(732)   Other: 0,1ms
[97,815s][info][gc,heap     ] GC(732) Eden regions: 36->0(32)
[97,815s][info][gc,heap     ] GC(732) Survivor regions: 2->5(5)
[97,815s][info][gc,heap     ] GC(732) Old regions: 8->8
[97,815s][info][gc,heap     ] GC(732) Archive regions: 2->2
[97,815s][info][gc,heap     ] GC(732) Humongous regions: 0->0
[97,815s][info][gc,metaspace] GC(732) Metaspace: 117K(320K)->117K(320K) NonClass: 109K(192K)->109K(192K) Class: 8K(128K)->8K(128K)
[97,815s][info][gc          ] GC(732) Pause Young (Normal) (G1 Evacuation Pause) 46M->13M(64M) 0,884ms
[97,815s][info][gc,cpu      ] GC(732) User=0,00s Sys=0,00s Real=0,00s
[97,964s][info][gc,start    ] GC(733) Pause Young (Normal) (G1 Evacuation Pause)
[97,964s][info][gc,task     ] GC(733) Using 4 workers of 8 for evacuation
[97,964s][info][gc,phases   ] GC(733)   Pre Evacuate Collection Set: 0,0ms
[97,964s][info][gc,phases   ] GC(733)   Merge Heap Roots: 0,0ms
[97,964s][info][gc,phases   ] GC(733)   Evacuate Collection Set: 0,2ms
[97,964s][info][gc,phases   ] GC(733)   Post Evacuate Collection Set: 0,1ms
[97,964s][info][gc,phases   ] GC(733)   Other: 0,1ms
[97,964s][info][gc,heap     ] GC(733) Eden regions: 32->0(35)
[97,964s][info][gc,heap     ] GC(733) Survivor regions: 5->3(5)
[97,964s][info][gc,heap     ] GC(733) Old regions: 8->8
[97,964s][info][gc,heap     ] GC(733) Archive regions: 2->2
[97,964s][info][gc,heap     ] GC(733) Humongous regions: 0->0
[97,964s][info][gc,metaspace] GC(733) Metaspace: 117K(320K)->117K(320K) NonClass: 109K(192K)->109K(192K) Class: 8K(128K)->8K(128K)
[97,964s][info][gc          ] GC(733) Pause Young (Normal) (G1 Evacuation Pause) 45M->11M(64M) 0,552ms
[97,964s][info][gc,cpu      ] GC(733) User=0,00s Sys=0,00s Real=0,00s
[98,114s][info][gc,start    ] GC(734) Pause Young (Normal) (G1 Evacuation Pause)
[98,114s][info][gc,task     ] GC(734) Using 4 workers of 8 for evacuation
[98,114s][info][gc,phases   ] GC(734)   Pre Evacuate Collection Set: 0,0ms
[98,114s][info][gc,phases   ] GC(734)   Merge Heap Roots: 0,0ms
[98,114s][info][gc,phases   ] GC(734)   Evacuate Collection Set: 0,4ms
[98,114s][info][gc,phases   ] GC(734)   Post Evacuate Collection Set: 0,1ms
[98,114s][info][gc,phases   ] GC(734)   Other: 0,1ms
[98,114s][info][gc,heap     ] GC(734) Eden regions: 35->0(32)
[98,114s][info][gc,heap     ] GC(734) Survivor regions: 3->5(5)
[98,114s][info][gc,heap     ] GC(734) Old regions: 8->8
[98,114s][info][gc,heap     ] GC(734) Archive regions: 2->2
[98,114s][info][gc,heap     ] GC(734) Humongous regions: 0->0
[98,114s][info][gc,metaspace] GC(734) Metaspace: 117K(320K)->117K(320K) NonClass: 109K(192K)->109K(192K) Class: 8K(128K)->8K(128K)
[98,114s][info][gc          ] GC(734) Pause Young (Normal) (G1 Evacuation Pause) 46M->13M(64M) 0,791ms
[98,114s][info][gc,cpu      ] GC(734) User=0,00s Sys=0,00s Real=0,00s
[98,215s][info][gc,start    ] GC(735) Pause Young (Normal) (G1 Evacuation Pause)
[98,215s][info][gc,task     ] GC(735) Using 4 workers of 8 for evacuation
[98,215s][info][gc,phases   ] GC(735)   Pre Evacuate Collection Set: 0,0ms
[98,215s][info][gc,phases   ] GC(735)   Merge Heap Roots: 0,0ms
[98,215s][info][gc,phases   ] GC(735)   Evacuate Collection Set: 0,2ms
[98,215s][info][gc,phases   ] GC(735)   Post Evacuate Collection Set: 0,1ms
[98,215s][info][gc,phases   ] GC(735)   Other: 0,1ms
[98,215s][info][gc,heap     ] GC(735) Eden regions: 32->0(36)
[98,215s][info][gc,heap     ] GC(735) Survivor regions: 5->2(5)
[98,215s][info][gc,heap     ] GC(735) Old regions: 8->8
[98,215s][info][gc,heap     ] GC(735) Archive regions: 2->2
[98,215s][info][gc,heap     ] GC(735) Humongous regions: 0->0
[98,215s][info][gc,metaspace] GC(735) Metaspace: 117K(320K)->117K(320K) NonClass: 109K(192K)->109K(192K) Class: 8K(128K)->8K(128K)
[98,215s][info][gc          ] GC(735) Pause Young (Normal) (G1 Evacuation Pause) 45M->10M(64M) 0,585ms
[98,215s][info][gc,cpu      ] GC(735) User=0,00s Sys=0,01s Real=0,00s
[98,364s][info][gc,start    ] GC(736) Pause Young (Normal) (G1 Evacuation Pause)
[98,364s][info][gc,task     ] GC(736) Using 4 workers of 8 for evacuation
[98,364s][info][gc,phases   ] GC(736)   Pre Evacuate Collection Set: 0,0ms
[98,364s][info][gc,phases   ] GC(736)   Merge Heap Roots: 0,0ms
[98,364s][info][gc,phases   ] GC(736)   Evacuate Collection Set: 0,4ms
[98,364s][info][gc,phases   ] GC(736)   Post Evacuate Collection Set: 0,1ms
[98,364s][info][gc,phases   ] GC(736)   Other: 0,1ms
[98,364s][info][gc,heap     ] GC(736) Eden regions: 36->0(33)
[98,364s][info][gc,heap     ] GC(736) Survivor regions: 2->5(5)
[98,364s][info][gc,heap     ] GC(736) Old regions: 8->8
[98,364s][info][gc,heap     ] GC(736) Archive regions: 2->2
[98,364s][info][gc,heap     ] GC(736) Humongous regions: 0->0
[98,364s][info][gc,metaspace] GC(736) Metaspace: 117K(320K)->117K(320K) NonClass: 109K(192K)->109K(192K) Class: 8K(128K)->8K(128K)
[98,365s][info][gc          ] GC(736) Pause Young (Normal) (G1 Evacuation Pause) 46M->13M(64M) 0,847ms
[98,365s][info][gc,cpu      ] GC(736) User=0,00s Sys=0,00s Real=0,00s
[98,514s][info][gc,start    ] GC(737) Pause Young (Normal) (G1 Evacuation Pause)
[98,514s][info][gc,task     ] GC(737) Using 4 workers of 8 for evacuation
[98,514s][info][gc,phases   ] GC(737)   Pre Evacuate Collection Set: 0,0ms
[98,514s][info][gc,phases   ] GC(737)   Merge Heap Roots: 0,0ms
[98,514s][info][gc,phases   ] GC(737)   Evacuate Collection Set: 0,3ms
[98,514s][info][gc,phases   ] GC(737)   Post Evacuate Collection Set: 0,1ms
[98,514s][info][gc,phases   ] GC(737)   Other: 0,2ms
[98,514s][info][gc,heap     ] GC(737) Eden regions: 33->0(34)
[98,514s][info][gc,heap     ] GC(737) Survivor regions: 5->4(5)
[98,514s][info][gc,heap     ] GC(737) Old regions: 8->8
[98,514s][info][gc,heap     ] GC(737) Archive regions: 2->2
[98,514s][info][gc,heap     ] GC(737) Humongous regions: 0->0
[98,514s][info][gc,metaspace] GC(737) Metaspace: 117K(320K)->117K(320K) NonClass: 109K(192K)->109K(192K) Class: 8K(128K)->8K(128K)
[98,514s][info][gc          ] GC(737) Pause Young (Normal) (G1 Evacuation Pause) 46M->11M(64M) 0,689ms
[98,514s][info][gc,cpu      ] GC(737) User=0,00s Sys=0,00s Real=0,00s
[98,614s][info][gc,start    ] GC(738) Pause Young (Normal) (G1 Evacuation Pause)
[98,614s][info][gc,task     ] GC(738) Using 4 workers of 8 for evacuation
[98,615s][info][gc,phases   ] GC(738)   Pre Evacuate Collection Set: 0,0ms
[98,615s][info][gc,phases   ] GC(738)   Merge Heap Roots: 0,0ms
[98,615s][info][gc,phases   ] GC(738)   Evacuate Collection Set: 0,4ms
[98,615s][info][gc,phases   ] GC(738)   Post Evacuate Collection Set: 0,1ms
[98,615s][info][gc,phases   ] GC(738)   Other: 0,1ms
[98,615s][info][gc,heap     ] GC(738) Eden regions: 34->0(33)
[98,615s][info][gc,heap     ] GC(738) Survivor regions: 4->5(5)
[98,615s][info][gc,heap     ] GC(738) Old regions: 8->8
[98,615s][info][gc,heap     ] GC(738) Archive regions: 2->2
[98,615s][info][gc,heap     ] GC(738) Humongous regions: 0->0
[98,615s][info][gc,metaspace] GC(738) Metaspace: 117K(320K)->117K(320K) NonClass: 109K(192K)->109K(192K) Class: 8K(128K)->8K(128K)
[98,615s][info][gc          ] GC(738) Pause Young (Normal) (G1 Evacuation Pause) 45M->12M(64M) 0,804ms
[98,615s][info][gc,cpu      ] GC(738) User=0,01s Sys=0,00s Real=0,00s
[98,764s][info][gc,start    ] GC(739) Pause Young (Normal) (G1 Evacuation Pause)
[98,764s][info][gc,task     ] GC(739) Using 4 workers of 8 for evacuation
[98,764s][info][gc,phases   ] GC(739)   Pre Evacuate Collection Set: 0,0ms
[98,764s][info][gc,phases   ] GC(739)   Merge Heap Roots: 0,0ms
[98,764s][info][gc,phases   ] GC(739)   Evacuate Collection Set: 0,3ms
[98,764s][info][gc,phases   ] GC(739)   Post Evacuate Collection Set: 0,1ms
[98,764s][info][gc,phases   ] GC(739)   Other: 0,1ms
[98,764s][info][gc,heap     ] GC(739) Eden regions: 33->0(35)
[98,764s][info][gc,heap     ] GC(739) Survivor regions: 5->3(5)
[98,764s][info][gc,heap     ] GC(739) Old regions: 8->8
[98,764s][info][gc,heap     ] GC(739) Archive regions: 2->2
[98,764s][info][gc,heap     ] GC(739) Humongous regions: 0->0
[98,764s][info][gc,metaspace] GC(739) Metaspace: 117K(320K)->117K(320K) NonClass: 109K(192K)->109K(192K) Class: 8K(128K)->8K(128K)
[98,764s][info][gc          ] GC(739) Pause Young (Normal) (G1 Evacuation Pause) 45M->11M(64M) 0,782ms
[98,764s][info][gc,cpu      ] GC(739) User=0,00s Sys=0,00s Real=0,00s
[98,914s][info][gc,start    ] GC(740) Pause Young (Normal) (G1 Evacuation Pause)
[98,914s][info][gc,task     ] GC(740) Using 4 workers of 8 for evacuation
[98,914s][info][gc,phases   ] GC(740)   Pre Evacuate Collection Set: 0,1ms
[98,914s][info][gc,phases   ] GC(740)   Merge Heap Roots: 0,0ms
[98,914s][info][gc,phases   ] GC(740)   Evacuate Collection Set: 0,3ms
[98,914s][info][gc,phases   ] GC(740)   Post Evacuate Collection Set: 0,1ms
[98,914s][info][gc,phases   ] GC(740)   Other: 0,1ms
[98,914s][info][gc,heap     ] GC(740) Eden regions: 35->0(34)
[98,914s][info][gc,heap     ] GC(740) Survivor regions: 3->4(5)
[98,914s][info][gc,heap     ] GC(740) Old regions: 8->8
[98,914s][info][gc,heap     ] GC(740) Archive regions: 2->2
[98,914s][info][gc,heap     ] GC(740) Humongous regions: 0->0
[98,914s][info][gc,metaspace] GC(740) Metaspace: 117K(320K)->117K(320K) NonClass: 109K(192K)->109K(192K) Class: 8K(128K)->8K(128K)
[98,914s][info][gc          ] GC(740) Pause Young (Normal) (G1 Evacuation Pause) 46M->12M(64M) 0,733ms
[98,914s][info][gc,cpu      ] GC(740) User=0,00s Sys=0,00s Real=0,00s
[99,014s][info][gc,start    ] GC(741) Pause Young (Normal) (G1 Evacuation Pause)
[99,014s][info][gc,task     ] GC(741) Using 4 workers of 8 for evacuation
[99,015s][info][gc,phases   ] GC(741)   Pre Evacuate Collection Set: 0,0ms
[99,015s][info][gc,phases   ] GC(741)   Merge Heap Roots: 0,0ms
[99,015s][info][gc,phases   ] GC(741)   Evacuate Collection Set: 0,4ms
[99,015s][info][gc,phases   ] GC(741)   Post Evacuate Collection Set: 0,1ms
[99,015s][info][gc,phases   ] GC(741)   Other: 0,1ms
[99,015s][info][gc,heap     ] GC(741) Eden regions: 34->0(33)
[99,015s][info][gc,heap     ] GC(741) Survivor regions: 4->5(5)
[99,015s][info][gc,heap     ] GC(741) Old regions: 8->8
[99,015s][info][gc,heap     ] GC(741) Archive regions: 2->2
[99,015s][info][gc,heap     ] GC(741) Humongous regions: 0->0
[99,015s][info][gc,metaspace] GC(741) Metaspace: 117K(320K)->117K(320K) NonClass: 109K(192K)->109K(192K) Class: 8K(128K)->8K(128K)
[99,015s][info][gc          ] GC(741) Pause Young (Normal) (G1 Evacuation Pause) 46M->13M(64M) 0,812ms
[99,015s][info][gc,cpu      ] GC(741) User=0,01s Sys=0,00s Real=0,00s
[99,162s][info][gc,start    ] GC(742) Pause Young (Normal) (G1 Evacuation Pause)
[99,162s][info][gc,task     ] GC(742) Using 4 workers of 8 for evacuation
[99,162s][info][gc,phases   ] GC(742)   Pre Evacuate Collection Set: 0,0ms
[99,162s][info][gc,phases   ] GC(742)   Merge Heap Roots: 0,0ms
[99,162s][info][gc,phases   ] GC(742)   Evacuate Collection Set: 0,2ms
[99,162s][info][gc,phases   ] GC(742)   Post Evacuate Collection Set: 0,1ms
[99,162s][info][gc,phases   ] GC(742)   Other: 0,1ms
[99,162s][info][gc,heap     ] GC(742) Eden regions: 33->0(35)
[99,162s][info][gc,heap     ] GC(742) Survivor regions: 5->3(5)
[99,162s][info][gc,heap     ] GC(742) Old regions: 8->8
[99,162s][info][gc,heap     ] GC(742) Archive regions: 2->2
[99,162s][info][gc,heap     ] GC(742) Humongous regions: 0->0
[99,162s][info][gc,metaspace] GC(742) Metaspace: 117K(320K)->117K(320K) NonClass: 109K(192K)->109K(192K) Class: 8K(128K)->8K(128K)
[99,162s][info][gc          ] GC(742) Pause Young (Normal) (G1 Evacuation Pause) 45M->10M(64M) 0,633ms
[99,162s][info][gc,cpu      ] GC(742) User=0,00s Sys=0,00s Real=0,00s
[99,314s][info][gc,start    ] GC(743) Pause Young (Normal) (G1 Evacuation Pause)
[99,314s][info][gc,task     ] GC(743) Using 4 workers of 8 for evacuation
[99,314s][info][gc,phases   ] GC(743)   Pre Evacuate Collection Set: 0,0ms
[99,314s][info][gc,phases   ] GC(743)   Merge Heap Roots: 0,0ms
[99,314s][info][gc,phases   ] GC(743)   Evacuate Collection Set: 0,4ms
[99,314s][info][gc,phases   ] GC(743)   Post Evacuate Collection Set: 0,1ms
[99,314s][info][gc,phases   ] GC(743)   Other: 0,2ms
[99,314s][info][gc,heap     ] GC(743) Eden regions: 35->0(33)
[99,314s][info][gc,heap     ] GC(743) Survivor regions: 3->5(5)
[99,314s][info][gc,heap     ] GC(743) Old regions: 8->8
[99,314s][info][gc,heap     ] GC(743) Archive regions: 2->2
[99,314s][info][gc,heap     ] GC(743) Humongous regions: 0->0
[99,314s][info][gc,metaspace] GC(743) Metaspace: 117K(320K)->117K(320K) NonClass: 109K(192K)->109K(192K) Class: 8K(128K)->8K(128K)
[99,314s][info][gc          ] GC(743) Pause Young (Normal) (G1 Evacuation Pause) 45M->12M(64M) 0,829ms
[99,314s][info][gc,cpu      ] GC(743) User=0,00s Sys=0,00s Real=0,00s
[99,414s][info][gc,start    ] GC(744) Pause Young (Normal) (G1 Evacuation Pause)
[99,414s][info][gc,task     ] GC(744) Using 4 workers of 8 for evacuation
[99,415s][info][gc,phases   ] GC(744)   Pre Evacuate Collection Set: 0,0ms
[99,415s][info][gc,phases   ] GC(744)   Merge Heap Roots: 0,0ms
[99,415s][info][gc,phases   ] GC(744)   Evacuate Collection Set: 0,3ms
[99,415s][info][gc,phases   ] GC(744)   Post Evacuate Collection Set: 0,1ms
[99,415s][info][gc,phases   ] GC(744)   Other: 0,1ms
[99,415s][info][gc,heap     ] GC(744) Eden regions: 33->0(34)
[99,415s][info][gc,heap     ] GC(744) Survivor regions: 5->4(5)
[99,415s][info][gc,heap     ] GC(744) Old regions: 8->8
[99,415s][info][gc,heap     ] GC(744) Archive regions: 2->2
[99,415s][info][gc,heap     ] GC(744) Humongous regions: 0->0
[99,415s][info][gc,metaspace] GC(744) Metaspace: 117K(320K)->117K(320K) NonClass: 109K(192K)->109K(192K) Class: 8K(128K)->8K(128K)
[99,415s][info][gc          ] GC(744) Pause Young (Normal) (G1 Evacuation Pause) 45M->11M(64M) 0,716ms
[99,415s][info][gc,cpu      ] GC(744) User=0,01s Sys=0,00s Real=0,00s
[99,564s][info][gc,start    ] GC(745) Pause Young (Normal) (G1 Evacuation Pause)
[99,564s][info][gc,task     ] GC(745) Using 4 workers of 8 for evacuation
[99,564s][info][gc,phases   ] GC(745)   Pre Evacuate Collection Set: 0,0ms
[99,564s][info][gc,phases   ] GC(745)   Merge Heap Roots: 0,0ms
[99,564s][info][gc,phases   ] GC(745)   Evacuate Collection Set: 0,4ms
[99,564s][info][gc,phases   ] GC(745)   Post Evacuate Collection Set: 0,1ms
[99,564s][info][gc,phases   ] GC(745)   Other: 0,1ms
[99,564s][info][gc,heap     ] GC(745) Eden regions: 34->0(34)
[99,565s][info][gc,heap     ] GC(745) Survivor regions: 4->4(5)
[99,565s][info][gc,heap     ] GC(745) Old regions: 8->8
[99,565s][info][gc,heap     ] GC(745) Archive regions: 2->2
[99,565s][info][gc,heap     ] GC(745) Humongous regions: 0->0
[99,565s][info][gc,metaspace] GC(745) Metaspace: 117K(320K)->117K(320K) NonClass: 109K(192K)->109K(192K) Class: 8K(128K)->8K(128K)
[99,565s][info][gc          ] GC(745) Pause Young (Normal) (G1 Evacuation Pause) 45M->12M(64M) 1,022ms
[99,565s][info][gc,cpu      ] GC(745) User=0,00s Sys=0,00s Real=0,00s
[99,712s][info][gc,start    ] GC(746) Pause Young (Normal) (G1 Evacuation Pause)
[99,712s][info][gc,task     ] GC(746) Using 4 workers of 8 for evacuation
[99,713s][info][gc,phases   ] GC(746)   Pre Evacuate Collection Set: 0,0ms
[99,713s][info][gc,phases   ] GC(746)   Merge Heap Roots: 0,0ms
[99,713s][info][gc,phases   ] GC(746)   Evacuate Collection Set: 0,3ms
[99,713s][info][gc,phases   ] GC(746)   Post Evacuate Collection Set: 0,1ms
[99,713s][info][gc,phases   ] GC(746)   Other: 0,1ms
[99,713s][info][gc,heap     ] GC(746) Eden regions: 34->0(34)
[99,713s][info][gc,heap     ] GC(746) Survivor regions: 4->4(5)
[99,713s][info][gc,heap     ] GC(746) Old regions: 8->8
[99,713s][info][gc,heap     ] GC(746) Archive regions: 2->2
[99,713s][info][gc,heap     ] GC(746) Humongous regions: 0->0
[99,713s][info][gc,metaspace] GC(746) Metaspace: 117K(320K)->117K(320K) NonClass: 109K(192K)->109K(192K) Class: 8K(128K)->8K(128K)
[99,713s][info][gc          ] GC(746) Pause Young (Normal) (G1 Evacuation Pause) 46M->12M(64M) 0,738ms
[99,713s][info][gc,cpu      ] GC(746) User=0,00s Sys=0,00s Real=0,00s
[99,814s][info][gc,start    ] GC(747) Pause Young (Normal) (G1 Evacuation Pause)
[99,814s][info][gc,task     ] GC(747) Using 4 workers of 8 for evacuation
[99,815s][info][gc,phases   ] GC(747)   Pre Evacuate Collection Set: 0,0ms
[99,815s][info][gc,phases   ] GC(747)   Merge Heap Roots: 0,0ms
[99,815s][info][gc,phases   ] GC(747)   Evacuate Collection Set: 0,4ms
[99,815s][info][gc,phases   ] GC(747)   Post Evacuate Collection Set: 0,1ms
[99,815s][info][gc,phases   ] GC(747)   Other: 0,1ms
[99,815s][info][gc,heap     ] GC(747) Eden regions: 34->0(33)
[99,815s][info][gc,heap     ] GC(747) Survivor regions: 4->5(5)
[99,815s][info][gc,heap     ] GC(747) Old regions: 8->8
[99,815s][info][gc,heap     ] GC(747) Archive regions: 2->2
[99,815s][info][gc,heap     ] GC(747) Humongous regions: 0->0
[99,815s][info][gc,metaspace] GC(747) Metaspace: 117K(320K)->117K(320K) NonClass: 109K(192K)->109K(192K) Class: 8K(128K)->8K(128K)
[99,815s][info][gc          ] GC(747) Pause Young (Normal) (G1 Evacuation Pause) 46M->13M(64M) 0,752ms
[99,815s][info][gc,cpu      ] GC(747) User=0,00s Sys=0,00s Real=0,00s
[99,962s][info][gc,start    ] GC(748) Pause Young (Normal) (G1 Evacuation Pause)
[99,962s][info][gc,task     ] GC(748) Using 4 workers of 8 for evacuation
[99,963s][info][gc,phases   ] GC(748)   Pre Evacuate Collection Set: 0,0ms
[99,963s][info][gc,phases   ] GC(748)   Merge Heap Roots: 0,0ms
[99,963s][info][gc,phases   ] GC(748)   Evacuate Collection Set: 0,4ms
[99,963s][info][gc,phases   ] GC(748)   Post Evacuate Collection Set: 0,1ms
[99,963s][info][gc,phases   ] GC(748)   Other: 0,1ms
[99,963s][info][gc,heap     ] GC(748) Eden regions: 33->0(35)
[99,963s][info][gc,heap     ] GC(748) Survivor regions: 5->3(5)
[99,963s][info][gc,heap     ] GC(748) Old regions: 8->8
[99,963s][info][gc,heap     ] GC(748) Archive regions: 2->2
[99,963s][info][gc,heap     ] GC(748) Humongous regions: 0->0
[99,963s][info][gc,metaspace] GC(748) Metaspace: 117K(320K)->117K(320K) NonClass: 109K(192K)->109K(192K) Class: 8K(128K)->8K(128K)
[99,963s][info][gc          ] GC(748) Pause Young (Normal) (G1 Evacuation Pause) 46M->11M(64M) 0,970ms
[99,963s][info][gc,cpu      ] GC(748) User=0,00s Sys=0,00s Real=0,00s
[100,113s][info][gc,start    ] GC(749) Pause Young (Normal) (G1 Evacuation Pause)
[100,113s][info][gc,task     ] GC(749) Using 4 workers of 8 for evacuation
[100,114s][info][gc,phases   ] GC(749)   Pre Evacuate Collection Set: 0,0ms
[100,114s][info][gc,phases   ] GC(749)   Merge Heap Roots: 0,0ms
[100,114s][info][gc,phases   ] GC(749)   Evacuate Collection Set: 0,5ms
[100,114s][info][gc,phases   ] GC(749)   Post Evacuate Collection Set: 0,1ms
[100,114s][info][gc,phases   ] GC(749)   Other: 0,1ms
[100,114s][info][gc,heap     ] GC(749) Eden regions: 35->0(32)
[100,114s][info][gc,heap     ] GC(749) Survivor regions: 3->5(5)
[100,114s][info][gc,heap     ] GC(749) Old regions: 8->8
[100,114s][info][gc,heap     ] GC(749) Archive regions: 2->2
[100,114s][info][gc,heap     ] GC(749) Humongous regions: 0->0
[100,114s][info][gc,metaspace] GC(749) Metaspace: 117K(320K)->117K(320K) NonClass: 109K(192K)->109K(192K) Class: 8K(128K)->8K(128K)
[100,114s][info][gc          ] GC(749) Pause Young (Normal) (G1 Evacuation Pause) 46M->13M(64M) 0,977ms
[100,114s][info][gc,cpu      ] GC(749) User=0,00s Sys=0,00s Real=0,00s
[100,213s][info][gc,start    ] GC(750) Pause Young (Normal) (G1 Evacuation Pause)
[100,213s][info][gc,task     ] GC(750) Using 4 workers of 8 for evacuation
[100,213s][info][gc,phases   ] GC(750)   Pre Evacuate Collection Set: 0,0ms
[100,213s][info][gc,phases   ] GC(750)   Merge Heap Roots: 0,0ms
[100,213s][info][gc,phases   ] GC(750)   Evacuate Collection Set: 0,2ms
[100,213s][info][gc,phases   ] GC(750)   Post Evacuate Collection Set: 0,1ms
[100,213s][info][gc,phases   ] GC(750)   Other: 0,1ms
[100,213s][info][gc,heap     ] GC(750) Eden regions: 32->0(36)
[100,213s][info][gc,heap     ] GC(750) Survivor regions: 5->2(5)
[100,213s][info][gc,heap     ] GC(750) Old regions: 8->8
[100,213s][info][gc,heap     ] GC(750) Archive regions: 2->2
[100,213s][info][gc,heap     ] GC(750) Humongous regions: 0->0
[100,213s][info][gc,metaspace] GC(750) Metaspace: 117K(320K)->117K(320K) NonClass: 109K(192K)->109K(192K) Class: 8K(128K)->8K(128K)
[100,213s][info][gc          ] GC(750) Pause Young (Normal) (G1 Evacuation Pause) 45M->10M(64M) 0,714ms
[100,213s][info][gc,cpu      ] GC(750) User=0,00s Sys=0,00s Real=0,00s
[100,364s][info][gc,start    ] GC(751) Pause Young (Normal) (G1 Evacuation Pause)
[100,364s][info][gc,task     ] GC(751) Using 4 workers of 8 for evacuation
[100,365s][info][gc,phases   ] GC(751)   Pre Evacuate Collection Set: 0,0ms
[100,365s][info][gc,phases   ] GC(751)   Merge Heap Roots: 0,0ms
[100,365s][info][gc,phases   ] GC(751)   Evacuate Collection Set: 0,5ms
[100,365s][info][gc,phases   ] GC(751)   Post Evacuate Collection Set: 0,2ms
[100,365s][info][gc,phases   ] GC(751)   Other: 0,1ms
[100,365s][info][gc,heap     ] GC(751) Eden regions: 36->0(32)
[100,365s][info][gc,heap     ] GC(751) Survivor regions: 2->5(5)
[100,365s][info][gc,heap     ] GC(751) Old regions: 8->8
[100,365s][info][gc,heap     ] GC(751) Archive regions: 2->2
[100,365s][info][gc,heap     ] GC(751) Humongous regions: 0->0
[100,365s][info][gc,metaspace] GC(751) Metaspace: 117K(320K)->117K(320K) NonClass: 109K(192K)->109K(192K) Class: 8K(128K)->8K(128K)
[100,365s][info][gc          ] GC(751) Pause Young (Normal) (G1 Evacuation Pause) 46M->13M(64M) 1,097ms
[100,365s][info][gc,cpu      ] GC(751) User=0,00s Sys=0,00s Real=0,00s
[100,512s][info][gc,start    ] GC(752) Pause Young (Normal) (G1 Evacuation Pause)
[100,513s][info][gc,task     ] GC(752) Using 4 workers of 8 for evacuation
[100,513s][info][gc,phases   ] GC(752)   Pre Evacuate Collection Set: 0,0ms
[100,513s][info][gc,phases   ] GC(752)   Merge Heap Roots: 0,0ms
[100,513s][info][gc,phases   ] GC(752)   Evacuate Collection Set: 0,3ms
[100,513s][info][gc,phases   ] GC(752)   Post Evacuate Collection Set: 0,1ms
[100,513s][info][gc,phases   ] GC(752)   Other: 0,1ms
[100,513s][info][gc,heap     ] GC(752) Eden regions: 32->0(35)
[100,513s][info][gc,heap     ] GC(752) Survivor regions: 5->3(5)
[100,513s][info][gc,heap     ] GC(752) Old regions: 8->8
[100,513s][info][gc,heap     ] GC(752) Archive regions: 2->2
[100,513s][info][gc,heap     ] GC(752) Humongous regions: 0->0
[100,513s][info][gc,metaspace] GC(752) Metaspace: 117K(320K)->117K(320K) NonClass: 109K(192K)->109K(192K) Class: 8K(128K)->8K(128K)
[100,513s][info][gc          ] GC(752) Pause Young (Normal) (G1 Evacuation Pause) 45M->11M(64M) 1,008ms
[100,514s][info][gc,cpu      ] GC(752) User=0,01s Sys=0,00s Real=0,00s
[100,613s][info][gc,start    ] GC(753) Pause Young (Normal) (G1 Evacuation Pause)
[100,613s][info][gc,task     ] GC(753) Using 4 workers of 8 for evacuation
[100,614s][info][gc,phases   ] GC(753)   Pre Evacuate Collection Set: 0,0ms
[100,614s][info][gc,phases   ] GC(753)   Merge Heap Roots: 0,0ms
[100,614s][info][gc,phases   ] GC(753)   Evacuate Collection Set: 0,3ms
[100,614s][info][gc,phases   ] GC(753)   Post Evacuate Collection Set: 0,1ms
[100,614s][info][gc,phases   ] GC(753)   Other: 0,1ms
[100,614s][info][gc,heap     ] GC(753) Eden regions: 35->0(35)
[100,614s][info][gc,heap     ] GC(753) Survivor regions: 3->3(5)
[100,614s][info][gc,heap     ] GC(753) Old regions: 8->8
[100,614s][info][gc,heap     ] GC(753) Archive regions: 2->2
[100,614s][info][gc,heap     ] GC(753) Humongous regions: 0->0
[100,614s][info][gc,metaspace] GC(753) Metaspace: 117K(320K)->117K(320K) NonClass: 109K(192K)->109K(192K) Class: 8K(128K)->8K(128K)
[100,614s][info][gc          ] GC(753) Pause Young (Normal) (G1 Evacuation Pause) 46M->11M(64M) 0,758ms
[100,614s][info][gc,cpu      ] GC(753) User=0,00s Sys=0,00s Real=0,00s
[100,763s][info][gc,start    ] GC(754) Pause Young (Normal) (G1 Evacuation Pause)
[100,763s][info][gc,task     ] GC(754) Using 4 workers of 8 for evacuation
[100,764s][info][gc,phases   ] GC(754)   Pre Evacuate Collection Set: 0,0ms
[100,764s][info][gc,phases   ] GC(754)   Merge Heap Roots: 0,0ms
[100,764s][info][gc,phases   ] GC(754)   Evacuate Collection Set: 0,5ms
[100,764s][info][gc,phases   ] GC(754)   Post Evacuate Collection Set: 0,1ms
[100,764s][info][gc,phases   ] GC(754)   Other: 0,1ms
[100,764s][info][gc,heap     ] GC(754) Eden regions: 35->0(32)
[100,764s][info][gc,heap     ] GC(754) Survivor regions: 3->5(5)
[100,764s][info][gc,heap     ] GC(754) Old regions: 8->8
[100,764s][info][gc,heap     ] GC(754) Archive regions: 2->2
[100,764s][info][gc,heap     ] GC(754) Humongous regions: 0->0
[100,764s][info][gc,metaspace] GC(754) Metaspace: 117K(320K)->117K(320K) NonClass: 109K(192K)->109K(192K) Class: 8K(128K)->8K(128K)
[100,764s][info][gc          ] GC(754) Pause Young (Normal) (G1 Evacuation Pause) 46M->13M(64M) 1,015ms
[100,764s][info][gc,cpu      ] GC(754) User=0,00s Sys=0,00s Real=0,00s
[100,910s][info][gc,start    ] GC(755) Pause Young (Normal) (G1 Evacuation Pause)
[100,910s][info][gc,task     ] GC(755) Using 4 workers of 8 for evacuation
[100,910s][info][gc,phases   ] GC(755)   Pre Evacuate Collection Set: 0,0ms
[100,910s][info][gc,phases   ] GC(755)   Merge Heap Roots: 0,0ms
[100,910s][info][gc,phases   ] GC(755)   Evacuate Collection Set: 0,2ms
[100,910s][info][gc,phases   ] GC(755)   Post Evacuate Collection Set: 0,1ms
[100,910s][info][gc,phases   ] GC(755)   Other: 0,1ms
[100,910s][info][gc,heap     ] GC(755) Eden regions: 32->0(35)
[100,910s][info][gc,heap     ] GC(755) Survivor regions: 5->3(5)
[100,910s][info][gc,heap     ] GC(755) Old regions: 8->8
[100,910s][info][gc,heap     ] GC(755) Archive regions: 2->2
[100,910s][info][gc,heap     ] GC(755) Humongous regions: 0->0
[100,910s][info][gc,metaspace] GC(755) Metaspace: 117K(320K)->117K(320K) NonClass: 109K(192K)->109K(192K) Class: 8K(128K)->8K(128K)
[100,911s][info][gc          ] GC(755) Pause Young (Normal) (G1 Evacuation Pause) 45M->11M(64M) 0,710ms
[100,911s][info][gc,cpu      ] GC(755) User=0,00s Sys=0,00s Real=0,00s
[101,012s][info][gc,start    ] GC(756) Pause Young (Normal) (G1 Evacuation Pause)
[101,012s][info][gc,task     ] GC(756) Using 4 workers of 8 for evacuation
[101,012s][info][gc,phases   ] GC(756)   Pre Evacuate Collection Set: 0,0ms
[101,012s][info][gc,phases   ] GC(756)   Merge Heap Roots: 0,0ms
[101,012s][info][gc,phases   ] GC(756)   Evacuate Collection Set: 0,4ms
[101,012s][info][gc,phases   ] GC(756)   Post Evacuate Collection Set: 0,1ms
[101,012s][info][gc,phases   ] GC(756)   Other: 0,2ms
[101,012s][info][gc,heap     ] GC(756) Eden regions: 35->0(32)
[101,012s][info][gc,heap     ] GC(756) Survivor regions: 3->5(5)
[101,012s][info][gc,heap     ] GC(756) Old regions: 8->8
[101,012s][info][gc,heap     ] GC(756) Archive regions: 2->2
[101,012s][info][gc,heap     ] GC(756) Humongous regions: 0->0
[101,012s][info][gc,metaspace] GC(756) Metaspace: 117K(320K)->117K(320K) NonClass: 109K(192K)->109K(192K) Class: 8K(128K)->8K(128K)
[101,012s][info][gc          ] GC(756) Pause Young (Normal) (G1 Evacuation Pause) 46M->13M(64M) 0,804ms
[101,012s][info][gc,cpu      ] GC(756) User=0,00s Sys=0,00s Real=0,00s
[101,162s][info][gc,start    ] GC(757) Pause Young (Normal) (G1 Evacuation Pause)
[101,162s][info][gc,task     ] GC(757) Using 4 workers of 8 for evacuation
[101,163s][info][gc,phases   ] GC(757)   Pre Evacuate Collection Set: 0,1ms
[101,163s][info][gc,phases   ] GC(757)   Merge Heap Roots: 0,0ms
[101,163s][info][gc,phases   ] GC(757)   Evacuate Collection Set: 0,3ms
[101,163s][info][gc,phases   ] GC(757)   Post Evacuate Collection Set: 0,1ms
[101,163s][info][gc,phases   ] GC(757)   Other: 0,2ms
[101,163s][info][gc,heap     ] GC(757) Eden regions: 32->0(36)
[101,163s][info][gc,heap     ] GC(757) Survivor regions: 5->2(5)
[101,163s][info][gc,heap     ] GC(757) Old regions: 8->8
[101,163s][info][gc,heap     ] GC(757) Archive regions: 2->2
[101,163s][info][gc,heap     ] GC(757) Humongous regions: 0->0
[101,163s][info][gc,metaspace] GC(757) Metaspace: 117K(320K)->117K(320K) NonClass: 109K(192K)->109K(192K) Class: 8K(128K)->8K(128K)
[101,163s][info][gc          ] GC(757) Pause Young (Normal) (G1 Evacuation Pause) 45M->10M(64M) 0,958ms
[101,163s][info][gc,cpu      ] GC(757) User=0,00s Sys=0,00s Real=0,00s
[101,313s][info][gc,start    ] GC(758) Pause Young (Normal) (G1 Evacuation Pause)
[101,313s][info][gc,task     ] GC(758) Using 4 workers of 8 for evacuation
[101,314s][info][gc,phases   ] GC(758)   Pre Evacuate Collection Set: 0,1ms
[101,314s][info][gc,phases   ] GC(758)   Merge Heap Roots: 0,0ms
[101,314s][info][gc,phases   ] GC(758)   Evacuate Collection Set: 0,6ms
[101,314s][info][gc,phases   ] GC(758)   Post Evacuate Collection Set: 0,1ms
[101,314s][info][gc,phases   ] GC(758)   Other: 0,1ms
[101,314s][info][gc,heap     ] GC(758) Eden regions: 36->0(32)
[101,314s][info][gc,heap     ] GC(758) Survivor regions: 2->5(5)
[101,314s][info][gc,heap     ] GC(758) Old regions: 8->8
[101,314s][info][gc,heap     ] GC(758) Archive regions: 2->2
[101,314s][info][gc,heap     ] GC(758) Humongous regions: 0->0
[101,314s][info][gc,metaspace] GC(758) Metaspace: 117K(320K)->117K(320K) NonClass: 109K(192K)->109K(192K) Class: 8K(128K)->8K(128K)
[101,314s][info][gc          ] GC(758) Pause Young (Normal) (G1 Evacuation Pause) 46M->13M(64M) 1,255ms
[101,314s][info][gc,cpu      ] GC(758) User=0,00s Sys=0,00s Real=0,00s
[101,413s][info][gc,start    ] GC(759) Pause Young (Normal) (G1 Evacuation Pause)
[101,413s][info][gc,task     ] GC(759) Using 4 workers of 8 for evacuation
[101,413s][info][gc,phases   ] GC(759)   Pre Evacuate Collection Set: 0,0ms
[101,413s][info][gc,phases   ] GC(759)   Merge Heap Roots: 0,1ms
[101,413s][info][gc,phases   ] GC(759)   Evacuate Collection Set: 0,3ms
[101,413s][info][gc,phases   ] GC(759)   Post Evacuate Collection Set: 0,1ms
[101,413s][info][gc,phases   ] GC(759)   Other: 0,1ms
[101,414s][info][gc,heap     ] GC(759) Eden regions: 32->0(35)
[101,414s][info][gc,heap     ] GC(759) Survivor regions: 5->3(5)
[101,414s][info][gc,heap     ] GC(759) Old regions: 8->8
[101,414s][info][gc,heap     ] GC(759) Archive regions: 2->2
[101,414s][info][gc,heap     ] GC(759) Humongous regions: 0->0
[101,414s][info][gc,metaspace] GC(759) Metaspace: 117K(320K)->117K(320K) NonClass: 109K(192K)->109K(192K) Class: 8K(128K)->8K(128K)
[101,414s][info][gc          ] GC(759) Pause Young (Normal) (G1 Evacuation Pause) 45M->11M(64M) 0,754ms
[101,414s][info][gc,cpu      ] GC(759) User=0,00s Sys=0,00s Real=0,00s
[101,563s][info][gc,start    ] GC(760) Pause Young (Normal) (G1 Evacuation Pause)
[101,563s][info][gc,task     ] GC(760) Using 4 workers of 8 for evacuation
[101,563s][info][gc,phases   ] GC(760)   Pre Evacuate Collection Set: 0,0ms
[101,563s][info][gc,phases   ] GC(760)   Merge Heap Roots: 0,0ms
[101,564s][info][gc,phases   ] GC(760)   Evacuate Collection Set: 0,5ms
[101,564s][info][gc,phases   ] GC(760)   Post Evacuate Collection Set: 0,2ms
[101,564s][info][gc,phases   ] GC(760)   Other: 0,2ms
[101,564s][info][gc,heap     ] GC(760) Eden regions: 35->0(33)
[101,564s][info][gc,heap     ] GC(760) Survivor regions: 3->5(5)
[101,564s][info][gc,heap     ] GC(760) Old regions: 8->8
[101,564s][info][gc,heap     ] GC(760) Archive regions: 2->2
[101,564s][info][gc,heap     ] GC(760) Humongous regions: 0->0
[101,564s][info][gc,metaspace] GC(760) Metaspace: 117K(320K)->117K(320K) NonClass: 109K(192K)->109K(192K) Class: 8K(128K)->8K(128K)
[101,564s][info][gc          ] GC(760) Pause Young (Normal) (G1 Evacuation Pause) 46M->12M(64M) 1,155ms
[101,564s][info][gc,cpu      ] GC(760) User=0,00s Sys=0,00s Real=0,00s
[101,712s][info][gc,start    ] GC(761) Pause Young (Normal) (G1 Evacuation Pause)
[101,712s][info][gc,task     ] GC(761) Using 4 workers of 8 for evacuation
[101,713s][info][gc,phases   ] GC(761)   Pre Evacuate Collection Set: 0,0ms
[101,713s][info][gc,phases   ] GC(761)   Merge Heap Roots: 0,0ms
[101,713s][info][gc,phases   ] GC(761)   Evacuate Collection Set: 0,3ms
[101,713s][info][gc,phases   ] GC(761)   Post Evacuate Collection Set: 0,1ms
[101,713s][info][gc,phases   ] GC(761)   Other: 0,1ms
[101,713s][info][gc,heap     ] GC(761) Eden regions: 33->0(35)
[101,713s][info][gc,heap     ] GC(761) Survivor regions: 5->3(5)
[101,713s][info][gc,heap     ] GC(761) Old regions: 8->8
[101,713s][info][gc,heap     ] GC(761) Archive regions: 2->2
[101,713s][info][gc,heap     ] GC(761) Humongous regions: 0->0
[101,713s][info][gc,metaspace] GC(761) Metaspace: 117K(320K)->117K(320K) NonClass: 109K(192K)->109K(192K) Class: 8K(128K)->8K(128K)
[101,713s][info][gc          ] GC(761) Pause Young (Normal) (G1 Evacuation Pause) 45M->11M(64M) 0,685ms
[101,713s][info][gc,cpu      ] GC(761) User=0,00s Sys=0,00s Real=0,00s
[101,813s][info][gc,start    ] GC(762) Pause Young (Normal) (G1 Evacuation Pause)
[101,813s][info][gc,task     ] GC(762) Using 4 workers of 8 for evacuation
[101,814s][info][gc,phases   ] GC(762)   Pre Evacuate Collection Set: 0,0ms
[101,814s][info][gc,phases   ] GC(762)   Merge Heap Roots: 0,0ms
[101,814s][info][gc,phases   ] GC(762)   Evacuate Collection Set: 0,5ms
[101,814s][info][gc,phases   ] GC(762)   Post Evacuate Collection Set: 0,1ms
[101,814s][info][gc,phases   ] GC(762)   Other: 0,2ms
[101,814s][info][gc,heap     ] GC(762) Eden regions: 35->0(33)
[101,814s][info][gc,heap     ] GC(762) Survivor regions: 3->5(5)
[101,814s][info][gc,heap     ] GC(762) Old regions: 8->8
[101,814s][info][gc,heap     ] GC(762) Archive regions: 2->2
[101,814s][info][gc,heap     ] GC(762) Humongous regions: 0->0
[101,814s][info][gc,metaspace] GC(762) Metaspace: 117K(320K)->117K(320K) NonClass: 109K(192K)->109K(192K) Class: 8K(128K)->8K(128K)
[101,814s][info][gc          ] GC(762) Pause Young (Normal) (G1 Evacuation Pause) 46M->13M(64M) 1,017ms
[101,814s][info][gc,cpu      ] GC(762) User=0,00s Sys=0,00s Real=0,00s
[101,959s][info][gc,start    ] GC(763) Pause Young (Normal) (G1 Evacuation Pause)
[101,959s][info][gc,task     ] GC(763) Using 4 workers of 8 for evacuation
[101,959s][info][gc,phases   ] GC(763)   Pre Evacuate Collection Set: 0,0ms
[101,959s][info][gc,phases   ] GC(763)   Merge Heap Roots: 0,0ms
[101,959s][info][gc,phases   ] GC(763)   Evacuate Collection Set: 0,3ms
[101,959s][info][gc,phases   ] GC(763)   Post Evacuate Collection Set: 0,1ms
[101,959s][info][gc,phases   ] GC(763)   Other: 0,1ms
[101,959s][info][gc,heap     ] GC(763) Eden regions: 33->0(34)
[101,959s][info][gc,heap     ] GC(763) Survivor regions: 5->4(5)
[101,959s][info][gc,heap     ] GC(763) Old regions: 8->8
[101,959s][info][gc,heap     ] GC(763) Archive regions: 2->2
[101,959s][info][gc,heap     ] GC(763) Humongous regions: 0->0
[101,959s][info][gc,metaspace] GC(763) Metaspace: 117K(320K)->117K(320K) NonClass: 109K(192K)->109K(192K) Class: 8K(128K)->8K(128K)
[101,959s][info][gc          ] GC(763) Pause Young (Normal) (G1 Evacuation Pause) 46M->12M(64M) 0,629ms
[101,959s][info][gc,cpu      ] GC(763) User=0,00s Sys=0,00s Real=0,00s
[102,113s][info][gc,start    ] GC(764) Pause Young (Normal) (G1 Evacuation Pause)
[102,113s][info][gc,task     ] GC(764) Using 4 workers of 8 for evacuation
[102,113s][info][gc,phases   ] GC(764)   Pre Evacuate Collection Set: 0,0ms
[102,113s][info][gc,phases   ] GC(764)   Merge Heap Roots: 0,0ms
[102,113s][info][gc,phases   ] GC(764)   Evacuate Collection Set: 0,5ms
[102,113s][info][gc,phases   ] GC(764)   Post Evacuate Collection Set: 0,1ms
[102,113s][info][gc,phases   ] GC(764)   Other: 0,1ms
[102,113s][info][gc,heap     ] GC(764) Eden regions: 34->0(32)
[102,113s][info][gc,heap     ] GC(764) Survivor regions: 4->5(5)
[102,113s][info][gc,heap     ] GC(764) Old regions: 8->8
[102,113s][info][gc,heap     ] GC(764) Archive regions: 2->2
[102,114s][info][gc,heap     ] GC(764) Humongous regions: 0->0
[102,114s][info][gc,metaspace] GC(764) Metaspace: 117K(320K)->117K(320K) NonClass: 109K(192K)->109K(192K) Class: 8K(128K)->8K(128K)
[102,114s][info][gc          ] GC(764) Pause Young (Normal) (G1 Evacuation Pause) 46M->13M(64M) 1,033ms
[102,114s][info][gc,cpu      ] GC(764) User=0,00s Sys=0,00s Real=0,00s
[102,212s][info][gc,start    ] GC(765) Pause Young (Normal) (G1 Evacuation Pause)
[102,212s][info][gc,task     ] GC(765) Using 4 workers of 8 for evacuation
[102,213s][info][gc,phases   ] GC(765)   Pre Evacuate Collection Set: 0,0ms
[102,213s][info][gc,phases   ] GC(765)   Merge Heap Roots: 0,0ms
[102,213s][info][gc,phases   ] GC(765)   Evacuate Collection Set: 0,2ms
[102,213s][info][gc,phases   ] GC(765)   Post Evacuate Collection Set: 0,1ms
[102,213s][info][gc,phases   ] GC(765)   Other: 0,1ms
[102,213s][info][gc,heap     ] GC(765) Eden regions: 32->0(36)
[102,213s][info][gc,heap     ] GC(765) Survivor regions: 5->2(5)
[102,213s][info][gc,heap     ] GC(765) Old regions: 8->8
[102,213s][info][gc,heap     ] GC(765) Archive regions: 2->2
[102,213s][info][gc,heap     ] GC(765) Humongous regions: 0->0
[102,213s][info][gc,metaspace] GC(765) Metaspace: 117K(320K)->117K(320K) NonClass: 109K(192K)->109K(192K) Class: 8K(128K)->8K(128K)
[102,213s][info][gc          ] GC(765) Pause Young (Normal) (G1 Evacuation Pause) 45M->10M(64M) 0,695ms
[102,213s][info][gc,cpu      ] GC(765) User=0,00s Sys=0,00s Real=0,00s
[102,361s][info][gc,start    ] GC(766) Pause Young (Normal) (G1 Evacuation Pause)
[102,361s][info][gc,task     ] GC(766) Using 4 workers of 8 for evacuation
[102,361s][info][gc,phases   ] GC(766)   Pre Evacuate Collection Set: 0,0ms
[102,362s][info][gc,phases   ] GC(766)   Merge Heap Roots: 0,0ms
[102,362s][info][gc,phases   ] GC(766)   Evacuate Collection Set: 0,3ms
[102,362s][info][gc,phases   ] GC(766)   Post Evacuate Collection Set: 0,1ms
[102,362s][info][gc,phases   ] GC(766)   Other: 0,1ms
[102,362s][info][gc,heap     ] GC(766) Eden regions: 36->0(33)
[102,362s][info][gc,heap     ] GC(766) Survivor regions: 2->5(5)
[102,362s][info][gc,heap     ] GC(766) Old regions: 8->8
[102,362s][info][gc,heap     ] GC(766) Archive regions: 2->2
[102,362s][info][gc,heap     ] GC(766) Humongous regions: 0->0
[102,362s][info][gc,metaspace] GC(766) Metaspace: 117K(320K)->117K(320K) NonClass: 109K(192K)->109K(192K) Class: 8K(128K)->8K(128K)
[102,362s][info][gc          ] GC(766) Pause Young (Normal) (G1 Evacuation Pause) 46M->12M(64M) 0,766ms
[102,362s][info][gc,cpu      ] GC(766) User=0,00s Sys=0,00s Real=0,00s
[102,510s][info][gc,start    ] GC(767) Pause Young (Normal) (G1 Evacuation Pause)
[102,510s][info][gc,task     ] GC(767) Using 4 workers of 8 for evacuation
[102,510s][info][gc,phases   ] GC(767)   Pre Evacuate Collection Set: 0,0ms
[102,510s][info][gc,phases   ] GC(767)   Merge Heap Roots: 0,0ms
[102,510s][info][gc,phases   ] GC(767)   Evacuate Collection Set: 0,3ms
[102,510s][info][gc,phases   ] GC(767)   Post Evacuate Collection Set: 0,1ms
[102,511s][info][gc,phases   ] GC(767)   Other: 0,1ms
[102,511s][info][gc,heap     ] GC(767) Eden regions: 33->0(34)
[102,511s][info][gc,heap     ] GC(767) Survivor regions: 5->4(5)
[102,511s][info][gc,heap     ] GC(767) Old regions: 8->8
[102,511s][info][gc,heap     ] GC(767) Archive regions: 2->2
[102,511s][info][gc,heap     ] GC(767) Humongous regions: 0->0
[102,511s][info][gc,metaspace] GC(767) Metaspace: 117K(320K)->117K(320K) NonClass: 109K(192K)->109K(192K) Class: 8K(128K)->8K(128K)
[102,511s][info][gc          ] GC(767) Pause Young (Normal) (G1 Evacuation Pause) 45M->11M(64M) 0,670ms
[102,511s][info][gc,cpu      ] GC(767) User=0,00s Sys=0,00s Real=0,00s
[102,612s][info][gc,start    ] GC(768) Pause Young (Normal) (G1 Evacuation Pause)
[102,612s][info][gc,task     ] GC(768) Using 4 workers of 8 for evacuation
[102,613s][info][gc,phases   ] GC(768)   Pre Evacuate Collection Set: 0,0ms
[102,613s][info][gc,phases   ] GC(768)   Merge Heap Roots: 0,0ms
[102,613s][info][gc,phases   ] GC(768)   Evacuate Collection Set: 0,2ms
[102,613s][info][gc,phases   ] GC(768)   Post Evacuate Collection Set: 0,1ms
[102,613s][info][gc,phases   ] GC(768)   Other: 0,1ms
[102,613s][info][gc,heap     ] GC(768) Eden regions: 34->0(35)
[102,613s][info][gc,heap     ] GC(768) Survivor regions: 4->3(5)
[102,613s][info][gc,heap     ] GC(768) Old regions: 8->8
[102,613s][info][gc,heap     ] GC(768) Archive regions: 2->2
[102,613s][info][gc,heap     ] GC(768) Humongous regions: 0->0
[102,613s][info][gc,metaspace] GC(768) Metaspace: 117K(320K)->117K(320K) NonClass: 109K(192K)->109K(192K) Class: 8K(128K)->8K(128K)
[102,613s][info][gc          ] GC(768) Pause Young (Normal) (G1 Evacuation Pause) 45M->11M(64M) 0,677ms
[102,613s][info][gc,cpu      ] GC(768) User=0,00s Sys=0,00s Real=0,00s
[102,758s][info][gc,start    ] GC(769) Pause Young (Normal) (G1 Evacuation Pause)
[102,758s][info][gc,task     ] GC(769) Using 4 workers of 8 for evacuation
[102,759s][info][gc,phases   ] GC(769)   Pre Evacuate Collection Set: 0,0ms
[102,759s][info][gc,phases   ] GC(769)   Merge Heap Roots: 0,0ms
[102,759s][info][gc,phases   ] GC(769)   Evacuate Collection Set: 0,4ms
[102,759s][info][gc,phases   ] GC(769)   Post Evacuate Collection Set: 0,1ms
[102,759s][info][gc,phases   ] GC(769)   Other: 0,1ms
[102,759s][info][gc,heap     ] GC(769) Eden regions: 35->0(33)
[102,759s][info][gc,heap     ] GC(769) Survivor regions: 3->5(5)
[102,759s][info][gc,heap     ] GC(769) Old regions: 8->8
[102,759s][info][gc,heap     ] GC(769) Archive regions: 2->2
[102,759s][info][gc,heap     ] GC(769) Humongous regions: 0->0
[102,759s][info][gc,metaspace] GC(769) Metaspace: 117K(320K)->117K(320K) NonClass: 109K(192K)->109K(192K) Class: 8K(128K)->8K(128K)
[102,759s][info][gc          ] GC(769) Pause Young (Normal) (G1 Evacuation Pause) 46M->13M(64M) 0,767ms
[102,759s][info][gc,cpu      ] GC(769) User=0,00s Sys=0,00s Real=0,00s
[102,909s][info][gc,start    ] GC(770) Pause Young (Normal) (G1 Evacuation Pause)
[102,909s][info][gc,task     ] GC(770) Using 4 workers of 8 for evacuation
[102,910s][info][gc,phases   ] GC(770)   Pre Evacuate Collection Set: 0,0ms
[102,910s][info][gc,phases   ] GC(770)   Merge Heap Roots: 0,0ms
[102,910s][info][gc,phases   ] GC(770)   Evacuate Collection Set: 0,4ms
[102,910s][info][gc,phases   ] GC(770)   Post Evacuate Collection Set: 0,2ms
[102,910s][info][gc,phases   ] GC(770)   Other: 0,1ms
[102,910s][info][gc,heap     ] GC(770) Eden regions: 33->0(35)
[102,910s][info][gc,heap     ] GC(770) Survivor regions: 5->3(5)
[102,910s][info][gc,heap     ] GC(770) Old regions: 8->8
[102,910s][info][gc,heap     ] GC(770) Archive regions: 2->2
[102,910s][info][gc,heap     ] GC(770) Humongous regions: 0->0
[102,910s][info][gc,metaspace] GC(770) Metaspace: 117K(320K)->117K(320K) NonClass: 109K(192K)->109K(192K) Class: 8K(128K)->8K(128K)
[102,910s][info][gc          ] GC(770) Pause Young (Normal) (G1 Evacuation Pause) 46M->11M(64M) 0,887ms
[102,910s][info][gc,cpu      ] GC(770) User=0,00s Sys=0,00s Real=0,00s
[103,013s][info][gc,start    ] GC(771) Pause Young (Normal) (G1 Evacuation Pause)
[103,013s][info][gc,task     ] GC(771) Using 4 workers of 8 for evacuation
[103,014s][info][gc,phases   ] GC(771)   Pre Evacuate Collection Set: 0,0ms
[103,014s][info][gc,phases   ] GC(771)   Merge Heap Roots: 0,0ms
[103,014s][info][gc,phases   ] GC(771)   Evacuate Collection Set: 0,5ms
[103,014s][info][gc,phases   ] GC(771)   Post Evacuate Collection Set: 0,1ms
[103,014s][info][gc,phases   ] GC(771)   Other: 0,1ms
[103,014s][info][gc,heap     ] GC(771) Eden regions: 35->0(32)
[103,014s][info][gc,heap     ] GC(771) Survivor regions: 3->5(5)
[103,014s][info][gc,heap     ] GC(771) Old regions: 8->8
[103,014s][info][gc,heap     ] GC(771) Archive regions: 2->2
[103,014s][info][gc,heap     ] GC(771) Humongous regions: 0->0
[103,014s][info][gc,metaspace] GC(771) Metaspace: 117K(320K)->117K(320K) NonClass: 109K(192K)->109K(192K) Class: 8K(128K)->8K(128K)
[103,014s][info][gc          ] GC(771) Pause Young (Normal) (G1 Evacuation Pause) 46M->13M(64M) 0,856ms
[103,014s][info][gc,cpu      ] GC(771) User=0,00s Sys=0,00s Real=0,00s
[103,161s][info][gc,start    ] GC(772) Pause Young (Normal) (G1 Evacuation Pause)
[103,161s][info][gc,task     ] GC(772) Using 4 workers of 8 for evacuation
[103,161s][info][gc,phases   ] GC(772)   Pre Evacuate Collection Set: 0,0ms
[103,161s][info][gc,phases   ] GC(772)   Merge Heap Roots: 0,0ms
[103,161s][info][gc,phases   ] GC(772)   Evacuate Collection Set: 0,2ms
[103,161s][info][gc,phases   ] GC(772)   Post Evacuate Collection Set: 0,1ms
[103,161s][info][gc,phases   ] GC(772)   Other: 0,1ms
[103,161s][info][gc,heap     ] GC(772) Eden regions: 32->0(35)
[103,161s][info][gc,heap     ] GC(772) Survivor regions: 5->3(5)
[103,161s][info][gc,heap     ] GC(772) Old regions: 8->8
[103,161s][info][gc,heap     ] GC(772) Archive regions: 2->2
[103,161s][info][gc,heap     ] GC(772) Humongous regions: 0->0
[103,161s][info][gc,metaspace] GC(772) Metaspace: 117K(320K)->117K(320K) NonClass: 109K(192K)->109K(192K) Class: 8K(128K)->8K(128K)
[103,161s][info][gc          ] GC(772) Pause Young (Normal) (G1 Evacuation Pause) 45M->11M(64M) 0,600ms
[103,161s][info][gc,cpu      ] GC(772) User=0,00s Sys=0,00s Real=0,00s
[103,312s][info][gc,start    ] GC(773) Pause Young (Normal) (G1 Evacuation Pause)
[103,312s][info][gc,task     ] GC(773) Using 4 workers of 8 for evacuation
[103,313s][info][gc,phases   ] GC(773)   Pre Evacuate Collection Set: 0,0ms
[103,313s][info][gc,phases   ] GC(773)   Merge Heap Roots: 0,0ms
[103,313s][info][gc,phases   ] GC(773)   Evacuate Collection Set: 0,3ms
[103,313s][info][gc,phases   ] GC(773)   Post Evacuate Collection Set: 0,1ms
[103,313s][info][gc,phases   ] GC(773)   Other: 0,1ms
[103,313s][info][gc,heap     ] GC(773) Eden regions: 35->0(34)
[103,313s][info][gc,heap     ] GC(773) Survivor regions: 3->4(5)
[103,313s][info][gc,heap     ] GC(773) Old regions: 8->8
[103,313s][info][gc,heap     ] GC(773) Archive regions: 2->2
[103,313s][info][gc,heap     ] GC(773) Humongous regions: 0->0
[103,313s][info][gc,metaspace] GC(773) Metaspace: 117K(320K)->117K(320K) NonClass: 109K(192K)->109K(192K) Class: 8K(128K)->8K(128K)
[103,313s][info][gc          ] GC(773) Pause Young (Normal) (G1 Evacuation Pause) 45M->12M(64M) 0,665ms
[103,313s][info][gc,cpu      ] GC(773) User=0,00s Sys=0,00s Real=0,00s
[103,411s][info][gc,start    ] GC(774) Pause Young (Normal) (G1 Evacuation Pause)
[103,411s][info][gc,task     ] GC(774) Using 4 workers of 8 for evacuation
[103,412s][info][gc,phases   ] GC(774)   Pre Evacuate Collection Set: 0,0ms
[103,412s][info][gc,phases   ] GC(774)   Merge Heap Roots: 0,0ms
[103,412s][info][gc,phases   ] GC(774)   Evacuate Collection Set: 0,3ms
[103,412s][info][gc,phases   ] GC(774)   Post Evacuate Collection Set: 0,1ms
[103,412s][info][gc,phases   ] GC(774)   Other: 0,1ms
[103,412s][info][gc,heap     ] GC(774) Eden regions: 34->0(33)
[103,412s][info][gc,heap     ] GC(774) Survivor regions: 4->4(5)
[103,412s][info][gc,heap     ] GC(774) Old regions: 8->9
[103,412s][info][gc,heap     ] GC(774) Archive regions: 2->2
[103,412s][info][gc,heap     ] GC(774) Humongous regions: 0->0
[103,412s][info][gc,metaspace] GC(774) Metaspace: 117K(320K)->117K(320K) NonClass: 109K(192K)->109K(192K) Class: 8K(128K)->8K(128K)
[103,412s][info][gc          ] GC(774) Pause Young (Normal) (G1 Evacuation Pause) 46M->12M(64M) 0,723ms
[103,412s][info][gc,cpu      ] GC(774) User=0,00s Sys=0,00s Real=0,00s
[103,562s][info][gc,start    ] GC(775) Pause Young (Normal) (G1 Evacuation Pause)
[103,562s][info][gc,task     ] GC(775) Using 4 workers of 8 for evacuation
[103,563s][info][gc,phases   ] GC(775)   Pre Evacuate Collection Set: 0,0ms
[103,563s][info][gc,phases   ] GC(775)   Merge Heap Roots: 0,0ms
[103,563s][info][gc,phases   ] GC(775)   Evacuate Collection Set: 0,5ms
[103,563s][info][gc,phases   ] GC(775)   Post Evacuate Collection Set: 0,1ms
[103,563s][info][gc,phases   ] GC(775)   Other: 0,1ms
[103,563s][info][gc,heap     ] GC(775) Eden regions: 33->0(33)
[103,563s][info][gc,heap     ] GC(775) Survivor regions: 4->4(5)
[103,563s][info][gc,heap     ] GC(775) Old regions: 9->9
[103,563s][info][gc,heap     ] GC(775) Archive regions: 2->2
[103,563s][info][gc,heap     ] GC(775) Humongous regions: 0->0
[103,563s][info][gc,metaspace] GC(775) Metaspace: 117K(320K)->117K(320K) NonClass: 109K(192K)->109K(192K) Class: 8K(128K)->8K(128K)
[103,563s][info][gc          ] GC(775) Pause Young (Normal) (G1 Evacuation Pause) 45M->12M(64M) 0,884ms
[103,563s][info][gc,cpu      ] GC(775) User=0,00s Sys=0,00s Real=0,00s
[103,709s][info][gc,start    ] GC(776) Pause Young (Normal) (G1 Evacuation Pause)
[103,709s][info][gc,task     ] GC(776) Using 4 workers of 8 for evacuation
[103,709s][info][gc,phases   ] GC(776)   Pre Evacuate Collection Set: 0,0ms
[103,709s][info][gc,phases   ] GC(776)   Merge Heap Roots: 0,1ms
[103,709s][info][gc,phases   ] GC(776)   Evacuate Collection Set: 0,2ms
[103,709s][info][gc,phases   ] GC(776)   Post Evacuate Collection Set: 0,1ms
[103,709s][info][gc,phases   ] GC(776)   Other: 0,1ms
[103,709s][info][gc,heap     ] GC(776) Eden regions: 33->0(36)
[103,709s][info][gc,heap     ] GC(776) Survivor regions: 4->2(5)
[103,709s][info][gc,heap     ] GC(776) Old regions: 9->9
[103,709s][info][gc,heap     ] GC(776) Archive regions: 2->2
[103,709s][info][gc,heap     ] GC(776) Humongous regions: 0->0
[103,709s][info][gc,metaspace] GC(776) Metaspace: 117K(320K)->117K(320K) NonClass: 109K(192K)->109K(192K) Class: 8K(128K)->8K(128K)
[103,709s][info][gc          ] GC(776) Pause Young (Normal) (G1 Evacuation Pause) 45M->10M(64M) 0,668ms
[103,709s][info][gc,cpu      ] GC(776) User=0,00s Sys=0,00s Real=0,00s
[103,813s][info][gc,start    ] GC(777) Pause Young (Normal) (G1 Evacuation Pause)
[103,813s][info][gc,task     ] GC(777) Using 4 workers of 8 for evacuation
[103,814s][info][gc,phases   ] GC(777)   Pre Evacuate Collection Set: 0,0ms
[103,814s][info][gc,phases   ] GC(777)   Merge Heap Roots: 0,0ms
[103,814s][info][gc,phases   ] GC(777)   Evacuate Collection Set: 0,5ms
[103,814s][info][gc,phases   ] GC(777)   Post Evacuate Collection Set: 0,1ms
[103,814s][info][gc,phases   ] GC(777)   Other: 0,1ms
[103,814s][info][gc,heap     ] GC(777) Eden regions: 36->0(31)
[103,814s][info][gc,heap     ] GC(777) Survivor regions: 2->5(5)
[103,814s][info][gc,heap     ] GC(777) Old regions: 9->9
[103,814s][info][gc,heap     ] GC(777) Archive regions: 2->2
[103,814s][info][gc,heap     ] GC(777) Humongous regions: 0->0
[103,814s][info][gc,metaspace] GC(777) Metaspace: 117K(320K)->117K(320K) NonClass: 109K(192K)->109K(192K) Class: 8K(128K)->8K(128K)
[103,814s][info][gc          ] GC(777) Pause Young (Normal) (G1 Evacuation Pause) 46M->13M(64M) 0,935ms
[103,814s][info][gc,cpu      ] GC(777) User=0,00s Sys=0,00s Real=0,00s
[103,958s][info][gc,start    ] GC(778) Pause Young (Normal) (G1 Evacuation Pause)
[103,958s][info][gc,task     ] GC(778) Using 4 workers of 8 for evacuation
[103,958s][info][gc,phases   ] GC(778)   Pre Evacuate Collection Set: 0,0ms
[103,958s][info][gc,phases   ] GC(778)   Merge Heap Roots: 0,0ms
[103,959s][info][gc,phases   ] GC(778)   Evacuate Collection Set: 0,3ms
[103,959s][info][gc,phases   ] GC(778)   Post Evacuate Collection Set: 0,2ms
[103,959s][info][gc,phases   ] GC(778)   Other: 0,1ms
[103,959s][info][gc,heap     ] GC(778) Eden regions: 31->0(36)
[103,959s][info][gc,heap     ] GC(778) Survivor regions: 5->2(5)
[103,959s][info][gc,heap     ] GC(778) Old regions: 9->9
[103,959s][info][gc,heap     ] GC(778) Archive regions: 2->2
[103,959s][info][gc,heap     ] GC(778) Humongous regions: 0->0
[103,959s][info][gc,metaspace] GC(778) Metaspace: 117K(320K)->117K(320K) NonClass: 109K(192K)->109K(192K) Class: 8K(128K)->8K(128K)
[103,959s][info][gc          ] GC(778) Pause Young (Normal) (G1 Evacuation Pause) 44M->10M(64M) 0,753ms
[103,959s][info][gc,cpu      ] GC(778) User=0,00s Sys=0,00s Real=0,00s
[104,108s][info][gc,start    ] GC(779) Pause Young (Normal) (G1 Evacuation Pause)
[104,108s][info][gc,task     ] GC(779) Using 4 workers of 8 for evacuation
[104,108s][info][gc,phases   ] GC(779)   Pre Evacuate Collection Set: 0,0ms
[104,108s][info][gc,phases   ] GC(779)   Merge Heap Roots: 0,0ms
[104,108s][info][gc,phases   ] GC(779)   Evacuate Collection Set: 0,4ms
[104,108s][info][gc,phases   ] GC(779)   Post Evacuate Collection Set: 0,1ms
[104,108s][info][gc,phases   ] GC(779)   Other: 0,1ms
[104,108s][info][gc,heap     ] GC(779) Eden regions: 36->0(32)
[104,108s][info][gc,heap     ] GC(779) Survivor regions: 2->5(5)
[104,108s][info][gc,heap     ] GC(779) Old regions: 9->9
[104,108s][info][gc,heap     ] GC(779) Archive regions: 2->2
[104,108s][info][gc,heap     ] GC(779) Humongous regions: 0->0
[104,108s][info][gc,metaspace] GC(779) Metaspace: 117K(320K)->117K(320K) NonClass: 109K(192K)->109K(192K) Class: 8K(128K)->8K(128K)
[104,108s][info][gc          ] GC(779) Pause Young (Normal) (G1 Evacuation Pause) 46M->13M(64M) 0,716ms
[104,108s][info][gc,cpu      ] GC(779) User=0,00s Sys=0,00s Real=0,00s
[104,209s][info][gc,start    ] GC(780) Pause Young (Normal) (G1 Evacuation Pause)
[104,210s][info][gc,task     ] GC(780) Using 4 workers of 8 for evacuation
[104,210s][info][gc,phases   ] GC(780)   Pre Evacuate Collection Set: 0,1ms
[104,210s][info][gc,phases   ] GC(780)   Merge Heap Roots: 0,0ms
[104,210s][info][gc,phases   ] GC(780)   Evacuate Collection Set: 0,3ms
[104,210s][info][gc,phases   ] GC(780)   Post Evacuate Collection Set: 0,3ms
[104,210s][info][gc,phases   ] GC(780)   Other: 0,1ms
[104,210s][info][gc,heap     ] GC(780) Eden regions: 32->0(36)
[104,210s][info][gc,heap     ] GC(780) Survivor regions: 5->2(5)
[104,210s][info][gc,heap     ] GC(780) Old regions: 9->9
[104,210s][info][gc,heap     ] GC(780) Archive regions: 2->2
[104,210s][info][gc,heap     ] GC(780) Humongous regions: 0->0
[104,210s][info][gc,metaspace] GC(780) Metaspace: 117K(320K)->117K(320K) NonClass: 109K(192K)->109K(192K) Class: 8K(128K)->8K(128K)
[104,210s][info][gc          ] GC(780) Pause Young (Normal) (G1 Evacuation Pause) 45M->10M(64M) 0,928ms
[104,210s][info][gc,cpu      ] GC(780) User=0,00s Sys=0,00s Real=0,00s
[104,359s][info][gc,start    ] GC(781) Pause Young (Normal) (G1 Evacuation Pause)
[104,359s][info][gc,task     ] GC(781) Using 4 workers of 8 for evacuation
[104,360s][info][gc,phases   ] GC(781)   Pre Evacuate Collection Set: 0,0ms
[104,360s][info][gc,phases   ] GC(781)   Merge Heap Roots: 0,0ms
[104,360s][info][gc,phases   ] GC(781)   Evacuate Collection Set: 0,6ms
[104,360s][info][gc,phases   ] GC(781)   Post Evacuate Collection Set: 0,1ms
[104,360s][info][gc,phases   ] GC(781)   Other: 0,1ms
[104,360s][info][gc,heap     ] GC(781) Eden regions: 36->0(31)
[104,360s][info][gc,heap     ] GC(781) Survivor regions: 2->5(5)
[104,360s][info][gc,heap     ] GC(781) Old regions: 9->9
[104,360s][info][gc,heap     ] GC(781) Archive regions: 2->2
[104,360s][info][gc,heap     ] GC(781) Humongous regions: 0->0
[104,360s][info][gc,metaspace] GC(781) Metaspace: 117K(320K)->117K(320K) NonClass: 109K(192K)->109K(192K) Class: 8K(128K)->8K(128K)
[104,360s][info][gc          ] GC(781) Pause Young (Normal) (G1 Evacuation Pause) 46M->13M(64M) 0,971ms
[104,360s][info][gc,cpu      ] GC(781) User=0,01s Sys=0,00s Real=0,00s
[104,510s][info][gc,start    ] GC(782) Pause Young (Normal) (G1 Evacuation Pause)
[104,510s][info][gc,task     ] GC(782) Using 4 workers of 8 for evacuation
[104,510s][info][gc,phases   ] GC(782)   Pre Evacuate Collection Set: 0,0ms
[104,510s][info][gc,phases   ] GC(782)   Merge Heap Roots: 0,0ms
[104,510s][info][gc,phases   ] GC(782)   Evacuate Collection Set: 0,1ms
[104,510s][info][gc,phases   ] GC(782)   Post Evacuate Collection Set: 0,1ms
[104,510s][info][gc,phases   ] GC(782)   Other: 0,1ms
[104,510s][info][gc,heap     ] GC(782) Eden regions: 31->0(36)
[104,510s][info][gc,heap     ] GC(782) Survivor regions: 5->2(5)
[104,510s][info][gc,heap     ] GC(782) Old regions: 9->9
[104,510s][info][gc,heap     ] GC(782) Archive regions: 2->2
[104,510s][info][gc,heap     ] GC(782) Humongous regions: 0->0
[104,510s][info][gc,metaspace] GC(782) Metaspace: 117K(320K)->117K(320K) NonClass: 109K(192K)->109K(192K) Class: 8K(128K)->8K(128K)
[104,510s][info][gc          ] GC(782) Pause Young (Normal) (G1 Evacuation Pause) 44M->10M(64M) 0,517ms
[104,510s][info][gc,cpu      ] GC(782) User=0,00s Sys=0,00s Real=0,00s
[104,613s][info][gc,start    ] GC(783) Pause Young (Normal) (G1 Evacuation Pause)
[104,613s][info][gc,task     ] GC(783) Using 4 workers of 8 for evacuation
[104,614s][info][gc,phases   ] GC(783)   Pre Evacuate Collection Set: 0,0ms
[104,614s][info][gc,phases   ] GC(783)   Merge Heap Roots: 0,1ms
[104,614s][info][gc,phases   ] GC(783)   Evacuate Collection Set: 0,4ms
[104,614s][info][gc,phases   ] GC(783)   Post Evacuate Collection Set: 0,1ms
[104,614s][info][gc,phases   ] GC(783)   Other: 0,1ms
[104,614s][info][gc,heap     ] GC(783) Eden regions: 36->0(32)
[104,614s][info][gc,heap     ] GC(783) Survivor regions: 2->5(5)
[104,614s][info][gc,heap     ] GC(783) Old regions: 9->9
[104,614s][info][gc,heap     ] GC(783) Archive regions: 2->2
[104,614s][info][gc,heap     ] GC(783) Humongous regions: 0->0
[104,614s][info][gc,metaspace] GC(783) Metaspace: 117K(320K)->117K(320K) NonClass: 109K(192K)->109K(192K) Class: 8K(128K)->8K(128K)
[104,614s][info][gc          ] GC(783) Pause Young (Normal) (G1 Evacuation Pause) 46M->13M(64M) 0,862ms
[104,614s][info][gc,cpu      ] GC(783) User=0,00s Sys=0,01s Real=0,00s
[104,762s][info][gc,start    ] GC(784) Pause Young (Normal) (G1 Evacuation Pause)
[104,762s][info][gc,task     ] GC(784) Using 4 workers of 8 for evacuation
[104,762s][info][gc,phases   ] GC(784)   Pre Evacuate Collection Set: 0,0ms
[104,762s][info][gc,phases   ] GC(784)   Merge Heap Roots: 0,0ms
[104,762s][info][gc,phases   ] GC(784)   Evacuate Collection Set: 0,2ms
[104,762s][info][gc,phases   ] GC(784)   Post Evacuate Collection Set: 0,1ms
[104,762s][info][gc,phases   ] GC(784)   Other: 0,1ms
[104,762s][info][gc,heap     ] GC(784) Eden regions: 32->0(36)
[104,762s][info][gc,heap     ] GC(784) Survivor regions: 5->2(5)
[104,762s][info][gc,heap     ] GC(784) Old regions: 9->9
[104,762s][info][gc,heap     ] GC(784) Archive regions: 2->2
[104,762s][info][gc,heap     ] GC(784) Humongous regions: 0->0
[104,762s][info][gc,metaspace] GC(784) Metaspace: 117K(320K)->117K(320K) NonClass: 109K(192K)->109K(192K) Class: 8K(128K)->8K(128K)
[104,762s][info][gc          ] GC(784) Pause Young (Normal) (G1 Evacuation Pause) 45M->10M(64M) 0,500ms
[104,762s][info][gc,cpu      ] GC(784) User=0,00s Sys=0,00s Real=0,00s
[104,908s][info][gc,start    ] GC(785) Pause Young (Normal) (G1 Evacuation Pause)
[104,908s][info][gc,task     ] GC(785) Using 4 workers of 8 for evacuation
[104,909s][info][gc,phases   ] GC(785)   Pre Evacuate Collection Set: 0,0ms
[104,909s][info][gc,phases   ] GC(785)   Merge Heap Roots: 0,0ms
[104,909s][info][gc,phases   ] GC(785)   Evacuate Collection Set: 0,5ms
[104,909s][info][gc,phases   ] GC(785)   Post Evacuate Collection Set: 0,1ms
[104,909s][info][gc,phases   ] GC(785)   Other: 0,1ms
[104,909s][info][gc,heap     ] GC(785) Eden regions: 36->0(34)
[104,909s][info][gc,heap     ] GC(785) Survivor regions: 2->4(5)
[104,909s][info][gc,heap     ] GC(785) Old regions: 9->9
[104,909s][info][gc,heap     ] GC(785) Archive regions: 2->2
[104,909s][info][gc,heap     ] GC(785) Humongous regions: 0->0
[104,909s][info][gc,metaspace] GC(785) Metaspace: 117K(320K)->117K(320K) NonClass: 109K(192K)->109K(192K) Class: 8K(128K)->8K(128K)
[104,909s][info][gc          ] GC(785) Pause Young (Normal) (G1 Evacuation Pause) 46M->12M(64M) 0,841ms
[104,909s][info][gc,cpu      ] GC(785) User=0,00s Sys=0,00s Real=0,00s
[105,011s][info][gc,start    ] GC(786) Pause Young (Normal) (G1 Evacuation Pause)
[105,011s][info][gc,task     ] GC(786) Using 4 workers of 8 for evacuation
[105,011s][info][gc,phases   ] GC(786)   Pre Evacuate Collection Set: 0,0ms
[105,011s][info][gc,phases   ] GC(786)   Merge Heap Roots: 0,0ms
[105,011s][info][gc,phases   ] GC(786)   Evacuate Collection Set: 0,4ms
[105,011s][info][gc,phases   ] GC(786)   Post Evacuate Collection Set: 0,1ms
[105,011s][info][gc,phases   ] GC(786)   Other: 0,1ms
[105,011s][info][gc,heap     ] GC(786) Eden regions: 34->0(32)
[105,011s][info][gc,heap     ] GC(786) Survivor regions: 4->5(5)
[105,011s][info][gc,heap     ] GC(786) Old regions: 9->9
[105,011s][info][gc,heap     ] GC(786) Archive regions: 2->2
[105,011s][info][gc,heap     ] GC(786) Humongous regions: 0->0
[105,011s][info][gc,metaspace] GC(786) Metaspace: 117K(320K)->117K(320K) NonClass: 109K(192K)->109K(192K) Class: 8K(128K)->8K(128K)
[105,011s][info][gc          ] GC(786) Pause Young (Normal) (G1 Evacuation Pause) 46M->13M(64M) 0,780ms
[105,011s][info][gc,cpu      ] GC(786) User=0,00s Sys=0,00s Real=0,00s
[105,161s][info][gc,start    ] GC(787) Pause Young (Normal) (G1 Evacuation Pause)
[105,161s][info][gc,task     ] GC(787) Using 4 workers of 8 for evacuation
[105,161s][info][gc,phases   ] GC(787)   Pre Evacuate Collection Set: 0,0ms
[105,161s][info][gc,phases   ] GC(787)   Merge Heap Roots: 0,0ms
[105,161s][info][gc,phases   ] GC(787)   Evacuate Collection Set: 0,2ms
[105,161s][info][gc,phases   ] GC(787)   Post Evacuate Collection Set: 0,1ms
[105,161s][info][gc,phases   ] GC(787)   Other: 0,1ms
[105,161s][info][gc,heap     ] GC(787) Eden regions: 32->0(36)
[105,161s][info][gc,heap     ] GC(787) Survivor regions: 5->2(5)
[105,161s][info][gc,heap     ] GC(787) Old regions: 9->9
[105,161s][info][gc,heap     ] GC(787) Archive regions: 2->2
[105,161s][info][gc,heap     ] GC(787) Humongous regions: 0->0
[105,161s][info][gc,metaspace] GC(787) Metaspace: 117K(320K)->117K(320K) NonClass: 109K(192K)->109K(192K) Class: 8K(128K)->8K(128K)
[105,161s][info][gc          ] GC(787) Pause Young (Normal) (G1 Evacuation Pause) 45M->10M(64M) 0,523ms
[105,161s][info][gc,cpu      ] GC(787) User=0,01s Sys=0,00s Real=0,00s
[105,309s][info][gc,start    ] GC(788) Pause Young (Normal) (G1 Evacuation Pause)
[105,309s][info][gc,task     ] GC(788) Using 4 workers of 8 for evacuation
[105,309s][info][gc,phases   ] GC(788)   Pre Evacuate Collection Set: 0,0ms
[105,309s][info][gc,phases   ] GC(788)   Merge Heap Roots: 0,0ms
[105,309s][info][gc,phases   ] GC(788)   Evacuate Collection Set: 0,3ms
[105,309s][info][gc,phases   ] GC(788)   Post Evacuate Collection Set: 0,1ms
[105,309s][info][gc,phases   ] GC(788)   Other: 0,1ms
[105,309s][info][gc,heap     ] GC(788) Eden regions: 36->0(32)
[105,309s][info][gc,heap     ] GC(788) Survivor regions: 2->5(5)
[105,309s][info][gc,heap     ] GC(788) Old regions: 9->9
[105,309s][info][gc,heap     ] GC(788) Archive regions: 2->2
[105,309s][info][gc,heap     ] GC(788) Humongous regions: 0->0
[105,309s][info][gc,metaspace] GC(788) Metaspace: 117K(320K)->117K(320K) NonClass: 109K(192K)->109K(192K) Class: 8K(128K)->8K(128K)
[105,309s][info][gc          ] GC(788) Pause Young (Normal) (G1 Evacuation Pause) 46M->13M(64M) 0,605ms
[105,309s][info][gc,cpu      ] GC(788) User=0,00s Sys=0,00s Real=0,00s
[105,413s][info][gc,start    ] GC(789) Pause Young (Normal) (G1 Evacuation Pause)
[105,413s][info][gc,task     ] GC(789) Using 4 workers of 8 for evacuation
[105,413s][info][gc,phases   ] GC(789)   Pre Evacuate Collection Set: 0,0ms
[105,413s][info][gc,phases   ] GC(789)   Merge Heap Roots: 0,0ms
[105,413s][info][gc,phases   ] GC(789)   Evacuate Collection Set: 0,2ms
[105,413s][info][gc,phases   ] GC(789)   Post Evacuate Collection Set: 0,1ms
[105,413s][info][gc,phases   ] GC(789)   Other: 0,1ms
[105,413s][info][gc,heap     ] GC(789) Eden regions: 32->0(35)
[105,413s][info][gc,heap     ] GC(789) Survivor regions: 5->3(5)
[105,413s][info][gc,heap     ] GC(789) Old regions: 9->9
[105,413s][info][gc,heap     ] GC(789) Archive regions: 2->2
[105,413s][info][gc,heap     ] GC(789) Humongous regions: 0->0
[105,413s][info][gc,metaspace] GC(789) Metaspace: 117K(320K)->117K(320K) NonClass: 109K(192K)->109K(192K) Class: 8K(128K)->8K(128K)
[105,414s][info][gc          ] GC(789) Pause Young (Normal) (G1 Evacuation Pause) 45M->11M(64M) 0,608ms
[105,414s][info][gc,cpu      ] GC(789) User=0,00s Sys=0,00s Real=0,00s
[105,560s][info][gc,start    ] GC(790) Pause Young (Normal) (G1 Evacuation Pause)
[105,560s][info][gc,task     ] GC(790) Using 4 workers of 8 for evacuation
[105,561s][info][gc,phases   ] GC(790)   Pre Evacuate Collection Set: 0,0ms
[105,561s][info][gc,phases   ] GC(790)   Merge Heap Roots: 0,0ms
[105,561s][info][gc,phases   ] GC(790)   Evacuate Collection Set: 0,4ms
[105,561s][info][gc,phases   ] GC(790)   Post Evacuate Collection Set: 0,2ms
[105,561s][info][gc,phases   ] GC(790)   Other: 0,1ms
[105,561s][info][gc,heap     ] GC(790) Eden regions: 35->0(33)
[105,561s][info][gc,heap     ] GC(790) Survivor regions: 3->4(5)
[105,561s][info][gc,heap     ] GC(790) Old regions: 9->9
[105,561s][info][gc,heap     ] GC(790) Archive regions: 2->2
[105,561s][info][gc,heap     ] GC(790) Humongous regions: 0->0
[105,561s][info][gc,metaspace] GC(790) Metaspace: 117K(320K)->117K(320K) NonClass: 109K(192K)->109K(192K) Class: 8K(128K)->8K(128K)
[105,561s][info][gc          ] GC(790) Pause Young (Normal) (G1 Evacuation Pause) 46M->13M(64M) 0,913ms
[105,561s][info][gc,cpu      ] GC(790) User=0,00s Sys=0,00s Real=0,00s
[105,713s][info][gc,start    ] GC(791) Pause Young (Normal) (G1 Evacuation Pause)
[105,713s][info][gc,task     ] GC(791) Using 4 workers of 8 for evacuation
[105,713s][info][gc,phases   ] GC(791)   Pre Evacuate Collection Set: 0,0ms
[105,713s][info][gc,phases   ] GC(791)   Merge Heap Roots: 0,0ms
[105,713s][info][gc,phases   ] GC(791)   Evacuate Collection Set: 0,3ms
[105,713s][info][gc,phases   ] GC(791)   Post Evacuate Collection Set: 0,1ms
[105,713s][info][gc,phases   ] GC(791)   Other: 0,1ms
[105,713s][info][gc,heap     ] GC(791) Eden regions: 33->0(35)
[105,713s][info][gc,heap     ] GC(791) Survivor regions: 4->3(5)
[105,713s][info][gc,heap     ] GC(791) Old regions: 9->9
[105,713s][info][gc,heap     ] GC(791) Archive regions: 2->2
[105,713s][info][gc,heap     ] GC(791) Humongous regions: 0->0
[105,713s][info][gc,metaspace] GC(791) Metaspace: 117K(320K)->117K(320K) NonClass: 109K(192K)->109K(192K) Class: 8K(128K)->8K(128K)
[105,714s][info][gc          ] GC(791) Pause Young (Normal) (G1 Evacuation Pause) 45M->11M(64M) 0,922ms
[105,714s][info][gc,cpu      ] GC(791) User=0,00s Sys=0,00s Real=0,00s
[105,813s][info][gc,start    ] GC(792) Pause Young (Normal) (G1 Evacuation Pause)
[105,813s][info][gc,task     ] GC(792) Using 4 workers of 8 for evacuation
[105,814s][info][gc,phases   ] GC(792)   Pre Evacuate Collection Set: 0,0ms
[105,814s][info][gc,phases   ] GC(792)   Merge Heap Roots: 0,0ms
[105,814s][info][gc,phases   ] GC(792)   Evacuate Collection Set: 0,4ms
[105,814s][info][gc,phases   ] GC(792)   Post Evacuate Collection Set: 0,1ms
[105,814s][info][gc,phases   ] GC(792)   Other: 0,1ms
[105,814s][info][gc,heap     ] GC(792) Eden regions: 35->0(32)
[105,814s][info][gc,heap     ] GC(792) Survivor regions: 3->5(5)
[105,814s][info][gc,heap     ] GC(792) Old regions: 9->9
[105,814s][info][gc,heap     ] GC(792) Archive regions: 2->2
[105,814s][info][gc,heap     ] GC(792) Humongous regions: 0->0
[105,814s][info][gc,metaspace] GC(792) Metaspace: 117K(320K)->117K(320K) NonClass: 109K(192K)->109K(192K) Class: 8K(128K)->8K(128K)
[105,814s][info][gc          ] GC(792) Pause Young (Normal) (G1 Evacuation Pause) 46M->13M(64M) 0,847ms
[105,814s][info][gc,cpu      ] GC(792) User=0,00s Sys=0,00s Real=0,00s
[105,962s][info][gc,start    ] GC(793) Pause Young (Normal) (G1 Evacuation Pause)
[105,962s][info][gc,task     ] GC(793) Using 4 workers of 8 for evacuation
[105,962s][info][gc,phases   ] GC(793)   Pre Evacuate Collection Set: 0,1ms
[105,962s][info][gc,phases   ] GC(793)   Merge Heap Roots: 0,0ms
[105,962s][info][gc,phases   ] GC(793)   Evacuate Collection Set: 0,3ms
[105,962s][info][gc,phases   ] GC(793)   Post Evacuate Collection Set: 0,1ms
[105,962s][info][gc,phases   ] GC(793)   Other: 0,1ms
[105,962s][info][gc,heap     ] GC(793) Eden regions: 32->0(36)
[105,962s][info][gc,heap     ] GC(793) Survivor regions: 5->2(5)
[105,962s][info][gc,heap     ] GC(793) Old regions: 9->9
[105,962s][info][gc,heap     ] GC(793) Archive regions: 2->2
[105,962s][info][gc,heap     ] GC(793) Humongous regions: 0->0
[105,962s][info][gc,metaspace] GC(793) Metaspace: 117K(320K)->117K(320K) NonClass: 109K(192K)->109K(192K) Class: 8K(128K)->8K(128K)
[105,963s][info][gc          ] GC(793) Pause Young (Normal) (G1 Evacuation Pause) 45M->10M(64M) 0,767ms
[105,963s][info][gc,cpu      ] GC(793) User=0,01s Sys=0,00s Real=0,00s
[106,110s][info][gc,start    ] GC(794) Pause Young (Normal) (G1 Evacuation Pause)
[106,110s][info][gc,task     ] GC(794) Using 4 workers of 8 for evacuation
[106,110s][info][gc,phases   ] GC(794)   Pre Evacuate Collection Set: 0,0ms
[106,111s][info][gc,phases   ] GC(794)   Merge Heap Roots: 0,0ms
[106,111s][info][gc,phases   ] GC(794)   Evacuate Collection Set: 0,3ms
[106,111s][info][gc,phases   ] GC(794)   Post Evacuate Collection Set: 0,1ms
[106,111s][info][gc,phases   ] GC(794)   Other: 0,1ms
[106,111s][info][gc,heap     ] GC(794) Eden regions: 36->0(32)
[106,111s][info][gc,heap     ] GC(794) Survivor regions: 2->5(5)
[106,111s][info][gc,heap     ] GC(794) Old regions: 9->9
[106,111s][info][gc,heap     ] GC(794) Archive regions: 2->2
[106,111s][info][gc,heap     ] GC(794) Humongous regions: 0->0
[106,111s][info][gc,metaspace] GC(794) Metaspace: 117K(320K)->117K(320K) NonClass: 109K(192K)->109K(192K) Class: 8K(128K)->8K(128K)
[106,111s][info][gc          ] GC(794) Pause Young (Normal) (G1 Evacuation Pause) 46M->13M(64M) 0,680ms
[106,111s][info][gc,cpu      ] GC(794) User=0,00s Sys=0,00s Real=0,00s
[106,212s][info][gc,start    ] GC(795) Pause Young (Normal) (G1 Evacuation Pause)
[106,212s][info][gc,task     ] GC(795) Using 4 workers of 8 for evacuation
[106,213s][info][gc,phases   ] GC(795)   Pre Evacuate Collection Set: 0,0ms
[106,213s][info][gc,phases   ] GC(795)   Merge Heap Roots: 0,0ms
[106,213s][info][gc,phases   ] GC(795)   Evacuate Collection Set: 0,2ms
[106,213s][info][gc,phases   ] GC(795)   Post Evacuate Collection Set: 0,1ms
[106,213s][info][gc,phases   ] GC(795)   Other: 0,1ms
[106,213s][info][gc,heap     ] GC(795) Eden regions: 32->0(35)
[106,213s][info][gc,heap     ] GC(795) Survivor regions: 5->3(5)
[106,213s][info][gc,heap     ] GC(795) Old regions: 9->9
[106,213s][info][gc,heap     ] GC(795) Archive regions: 2->2
[106,213s][info][gc,heap     ] GC(795) Humongous regions: 0->0
[106,213s][info][gc,metaspace] GC(795) Metaspace: 117K(320K)->117K(320K) NonClass: 109K(192K)->109K(192K) Class: 8K(128K)->8K(128K)
[106,213s][info][gc          ] GC(795) Pause Young (Normal) (G1 Evacuation Pause) 45M->11M(64M) 0,564ms
[106,213s][info][gc,cpu      ] GC(795) User=0,00s Sys=0,00s Real=0,00s
[106,358s][info][gc,start    ] GC(796) Pause Young (Normal) (G1 Evacuation Pause)
[106,359s][info][gc,task     ] GC(796) Using 4 workers of 8 for evacuation
[106,359s][info][gc,phases   ] GC(796)   Pre Evacuate Collection Set: 0,0ms
[106,359s][info][gc,phases   ] GC(796)   Merge Heap Roots: 0,0ms
[106,359s][info][gc,phases   ] GC(796)   Evacuate Collection Set: 0,3ms
[106,359s][info][gc,phases   ] GC(796)   Post Evacuate Collection Set: 0,1ms
[106,359s][info][gc,phases   ] GC(796)   Other: 0,1ms
[106,359s][info][gc,heap     ] GC(796) Eden regions: 35->0(35)
[106,359s][info][gc,heap     ] GC(796) Survivor regions: 3->3(5)
[106,359s][info][gc,heap     ] GC(796) Old regions: 9->9
[106,359s][info][gc,heap     ] GC(796) Archive regions: 2->2
[106,359s][info][gc,heap     ] GC(796) Humongous regions: 0->0
[106,359s][info][gc,metaspace] GC(796) Metaspace: 117K(320K)->117K(320K) NonClass: 109K(192K)->109K(192K) Class: 8K(128K)->8K(128K)
[106,359s][info][gc          ] GC(796) Pause Young (Normal) (G1 Evacuation Pause) 46M->12M(64M) 0,666ms
[106,359s][info][gc,cpu      ] GC(796) User=0,00s Sys=0,00s Real=0,00s
[106,508s][info][gc,start    ] GC(797) Pause Young (Normal) (G1 Evacuation Pause)
[106,508s][info][gc,task     ] GC(797) Using 4 workers of 8 for evacuation
[106,508s][info][gc,phases   ] GC(797)   Pre Evacuate Collection Set: 0,0ms
[106,508s][info][gc,phases   ] GC(797)   Merge Heap Roots: 0,0ms
[106,508s][info][gc,phases   ] GC(797)   Evacuate Collection Set: 0,4ms
[106,508s][info][gc,phases   ] GC(797)   Post Evacuate Collection Set: 0,1ms
[106,508s][info][gc,phases   ] GC(797)   Other: 0,1ms
[106,508s][info][gc,heap     ] GC(797) Eden regions: 35->0(31)
[106,508s][info][gc,heap     ] GC(797) Survivor regions: 3->5(5)
[106,508s][info][gc,heap     ] GC(797) Old regions: 9->9
[106,508s][info][gc,heap     ] GC(797) Archive regions: 2->2
[106,508s][info][gc,heap     ] GC(797) Humongous regions: 0->0
[106,508s][info][gc,metaspace] GC(797) Metaspace: 117K(320K)->117K(320K) NonClass: 109K(192K)->109K(192K) Class: 8K(128K)->8K(128K)
[106,508s][info][gc          ] GC(797) Pause Young (Normal) (G1 Evacuation Pause) 47M->13M(64M) 0,740ms
[106,508s][info][gc,cpu      ] GC(797) User=0,00s Sys=0,00s Real=0,00s
[106,611s][info][gc,start    ] GC(798) Pause Young (Normal) (G1 Evacuation Pause)
[106,612s][info][gc,task     ] GC(798) Using 4 workers of 8 for evacuation
[106,612s][info][gc,phases   ] GC(798)   Pre Evacuate Collection Set: 0,0ms
[106,612s][info][gc,phases   ] GC(798)   Merge Heap Roots: 0,0ms
[106,612s][info][gc,phases   ] GC(798)   Evacuate Collection Set: 0,2ms
[106,612s][info][gc,phases   ] GC(798)   Post Evacuate Collection Set: 0,1ms
[106,612s][info][gc,phases   ] GC(798)   Other: 0,1ms
[106,612s][info][gc,heap     ] GC(798) Eden regions: 31->0(34)
[106,612s][info][gc,heap     ] GC(798) Survivor regions: 5->3(5)
[106,612s][info][gc,heap     ] GC(798) Old regions: 9->9
[106,612s][info][gc,heap     ] GC(798) Archive regions: 2->2
[106,612s][info][gc,heap     ] GC(798) Humongous regions: 0->0
[106,612s][info][gc,metaspace] GC(798) Metaspace: 117K(320K)->117K(320K) NonClass: 109K(192K)->109K(192K) Class: 8K(128K)->8K(128K)
[106,612s][info][gc          ] GC(798) Pause Young (Normal) (G1 Evacuation Pause) 44M->11M(64M) 0,604ms
[106,612s][info][gc,cpu      ] GC(798) User=0,00s Sys=0,00s Real=0,00s
[106,761s][info][gc,start    ] GC(799) Pause Young (Normal) (G1 Evacuation Pause)
[106,761s][info][gc,task     ] GC(799) Using 4 workers of 8 for evacuation
[106,761s][info][gc,phases   ] GC(799)   Pre Evacuate Collection Set: 0,0ms
[106,761s][info][gc,phases   ] GC(799)   Merge Heap Roots: 0,0ms
[106,761s][info][gc,phases   ] GC(799)   Evacuate Collection Set: 0,2ms
[106,761s][info][gc,phases   ] GC(799)   Post Evacuate Collection Set: 0,2ms
[106,761s][info][gc,phases   ] GC(799)   Other: 0,1ms
[106,761s][info][gc,heap     ] GC(799) Eden regions: 34->0(36)
[106,761s][info][gc,heap     ] GC(799) Survivor regions: 3->2(5)
[106,761s][info][gc,heap     ] GC(799) Old regions: 9->9
[106,761s][info][gc,heap     ] GC(799) Archive regions: 2->2
[106,761s][info][gc,heap     ] GC(799) Humongous regions: 0->0
[106,761s][info][gc,metaspace] GC(799) Metaspace: 117K(320K)->117K(320K) NonClass: 109K(192K)->109K(192K) Class: 8K(128K)->8K(128K)
[106,761s][info][gc          ] GC(799) Pause Young (Normal) (G1 Evacuation Pause) 45M->10M(64M) 0,640ms
[106,761s][info][gc,cpu      ] GC(799) User=0,00s Sys=0,00s Real=0,00s
[106,911s][info][gc,start    ] GC(800) Pause Young (Normal) (G1 Evacuation Pause)
[106,911s][info][gc,task     ] GC(800) Using 4 workers of 8 for evacuation
[106,912s][info][gc,phases   ] GC(800)   Pre Evacuate Collection Set: 0,0ms
[106,912s][info][gc,phases   ] GC(800)   Merge Heap Roots: 0,0ms
[106,912s][info][gc,phases   ] GC(800)   Evacuate Collection Set: 0,4ms
[106,912s][info][gc,phases   ] GC(800)   Post Evacuate Collection Set: 0,1ms
[106,912s][info][gc,phases   ] GC(800)   Other: 0,1ms
[106,912s][info][gc,heap     ] GC(800) Eden regions: 36->0(34)
[106,912s][info][gc,heap     ] GC(800) Survivor regions: 2->4(5)
[106,912s][info][gc,heap     ] GC(800) Old regions: 9->9
[106,912s][info][gc,heap     ] GC(800) Archive regions: 2->2
[106,912s][info][gc,heap     ] GC(800) Humongous regions: 0->0
[106,912s][info][gc,metaspace] GC(800) Metaspace: 117K(320K)->117K(320K) NonClass: 109K(192K)->109K(192K) Class: 8K(128K)->8K(128K)
[106,912s][info][gc          ] GC(800) Pause Young (Normal) (G1 Evacuation Pause) 46M->12M(64M) 0,733ms
[106,912s][info][gc,cpu      ] GC(800) User=0,00s Sys=0,00s Real=0,00s
[106,989s][info][gc,heap,exit] Heap
[106,989s][info][gc,heap,exit]  garbage-first heap   total 65536K, used 35225K [0x00000007fc000000, 0x0000000800000000)
[106,989s][info][gc,heap,exit]   region size 1024K, 26 young (26624K), 4 survivors (4096K)
[106,989s][info][gc,heap,exit]  Metaspace       used 120K, committed 320K, reserved 1056768K
[106,989s][info][gc,heap,exit]   class space    used 8K, committed 128K, reserved 1048576K
