[0.006s][info][gc] Using G1
[0.007s][info][gc,init] Version: 17.0.2+8-LTS-86 (release)
[0.007s][info][gc,init] CPUs: 8 total, 8 available
[0.007s][info][gc,init] Memory: 16384M
[0.007s][info][gc,init] Large Page Support: Disabled
[0.007s][info][gc,init] NUMA Support: Disabled
[0.007s][info][gc,init] Compressed Oops: Enabled (Zero based)
[0.007s][info][gc,init] Heap Region Size: 1M
[0.007s][info][gc,init] Heap Min Capacity: 8M
[0.007s][info][gc,init] Heap Initial Capacity: 64M
[0.007s][info][gc,init] Heap Max Capacity: 64M
[0.007s][info][gc,init] Pre-touch: Disabled
[0.007s][info][gc,init] Parallel Workers: 8
[0.007s][info][gc,init] Concurrent Workers: 2
[0.007s][info][gc,init] Concurrent Refinement Workers: 8
[0.007s][info][gc,init] Periodic GC: Disabled
[0.008s][info][gc,metaspace] CDS archive(s) mapped at: [0x0000000800000000-0x0000000800bd8000-0x0000000800bd8000), size 12419072, SharedBaseAddress: 0x0000000800000000, ArchiveRelocationMode: 0.
[0.008s][info][gc,metaspace] Compressed class space mapped at: 0x0000000800c00000-0x0000000840c00000, reserved size: 1073741824
[0.008s][info][gc,metaspace] Narrow klass base: 0x0000000800000000, Narrow klass shift: 0, Narrow klass range: 0x100000000
[0,190s][info][gc,start    ] GC(0) Pause Young (Normal) (G1 Evacuation Pause)
[0,190s][info][gc,task     ] GC(0) Using 4 workers of 8 for evacuation
[0,192s][info][gc,phases   ] GC(0)   Pre Evacuate Collection Set: 0,0ms
[0,192s][info][gc,phases   ] GC(0)   Merge Heap Roots: 0,0ms
[0,192s][info][gc,phases   ] GC(0)   Evacuate Collection Set: 1,9ms
[0,192s][info][gc,phases   ] GC(0)   Post Evacuate Collection Set: 0,1ms
[0,192s][info][gc,phases   ] GC(0)   Other: 0,3ms
[0,192s][info][gc,heap     ] GC(0) Eden regions: 32->0(28)
[0,192s][info][gc,heap     ] GC(0) Survivor regions: 0->4(4)
[0,192s][info][gc,heap     ] GC(0) Old regions: 0->3
[0,192s][info][gc,heap     ] GC(0) Archive regions: 2->2
[0,192s][info][gc,heap     ] GC(0) Humongous regions: 0->0
[0,192s][info][gc,metaspace] GC(0) Metaspace: 104K(320K)->104K(320K) NonClass: 96K(192K)->96K(192K) Class: 8K(128K)->8K(128K)
[0,192s][info][gc          ] GC(0) Pause Young (Normal) (G1 Evacuation Pause) 32M->7M(64M) 2,492ms
[0,192s][info][gc,cpu      ] GC(0) User=0,00s Sys=0,00s Real=0,01s
[0,338s][info][gc,start    ] GC(1) Pause Young (Normal) (G1 Evacuation Pause)
[0,338s][info][gc,task     ] GC(1) Using 4 workers of 8 for evacuation
[0,338s][info][gc,phases   ] GC(1)   Pre Evacuate Collection Set: 0,0ms
[0,338s][info][gc,phases   ] GC(1)   Merge Heap Roots: 0,0ms
[0,338s][info][gc,phases   ] GC(1)   Evacuate Collection Set: 0,2ms
[0,338s][info][gc,phases   ] GC(1)   Post Evacuate Collection Set: 0,1ms
[0,338s][info][gc,phases   ] GC(1)   Other: 0,1ms
[0,338s][info][gc,heap     ] GC(1) Eden regions: 28->0(31)
[0,338s][info][gc,heap     ] GC(1) Survivor regions: 4->1(4)
[0,338s][info][gc,heap     ] GC(1) Old regions: 3->3
[0,338s][info][gc,heap     ] GC(1) Archive regions: 2->2
[0,338s][info][gc,heap     ] GC(1) Humongous regions: 0->0
[0,338s][info][gc,metaspace] GC(1) Metaspace: 104K(320K)->104K(320K) NonClass: 96K(192K)->96K(192K) Class: 8K(128K)->8K(128K)
[0,338s][info][gc          ] GC(1) Pause Young (Normal) (G1 Evacuation Pause) 35M->3M(64M) 0,509ms
[0,338s][info][gc,cpu      ] GC(1) User=0,00s Sys=0,00s Real=0,00s
[0,438s][info][gc,start    ] GC(2) Pause Young (Normal) (G1 Evacuation Pause)
[0,438s][info][gc,task     ] GC(2) Using 4 workers of 8 for evacuation
[0,439s][info][gc,phases   ] GC(2)   Pre Evacuate Collection Set: 0,0ms
[0,439s][info][gc,phases   ] GC(2)   Merge Heap Roots: 0,0ms
[0,439s][info][gc,phases   ] GC(2)   Evacuate Collection Set: 1,0ms
[0,439s][info][gc,phases   ] GC(2)   Post Evacuate Collection Set: 0,1ms
[0,439s][info][gc,phases   ] GC(2)   Other: 0,1ms
[0,439s][info][gc,heap     ] GC(2) Eden regions: 31->0(28)
[0,439s][info][gc,heap     ] GC(2) Survivor regions: 1->4(4)
[0,439s][info][gc,heap     ] GC(2) Old regions: 3->5
[0,439s][info][gc,heap     ] GC(2) Archive regions: 2->2
[0,439s][info][gc,heap     ] GC(2) Humongous regions: 0->0
[0,439s][info][gc,metaspace] GC(2) Metaspace: 104K(320K)->104K(320K) NonClass: 96K(192K)->96K(192K) Class: 8K(128K)->8K(128K)
[0,439s][info][gc          ] GC(2) Pause Young (Normal) (G1 Evacuation Pause) 34M->9M(64M) 1,455ms
[0,439s][info][gc,cpu      ] GC(2) User=0,00s Sys=0,01s Real=0,00s
[0,536s][info][gc,start    ] GC(3) Pause Young (Normal) (G1 Evacuation Pause)
[0,536s][info][gc,task     ] GC(3) Using 4 workers of 8 for evacuation
[0,536s][info][gc,phases   ] GC(3)   Pre Evacuate Collection Set: 0,0ms
[0,536s][info][gc,phases   ] GC(3)   Merge Heap Roots: 0,0ms
[0,536s][info][gc,phases   ] GC(3)   Evacuate Collection Set: 0,1ms
[0,536s][info][gc,phases   ] GC(3)   Post Evacuate Collection Set: 0,1ms
[0,536s][info][gc,phases   ] GC(3)   Other: 0,1ms
[0,536s][info][gc,heap     ] GC(3) Eden regions: 28->0(31)
[0,536s][info][gc,heap     ] GC(3) Survivor regions: 4->1(4)
[0,536s][info][gc,heap     ] GC(3) Old regions: 5->5
[0,536s][info][gc,heap     ] GC(3) Archive regions: 2->2
[0,536s][info][gc,heap     ] GC(3) Humongous regions: 0->0
[0,536s][info][gc,metaspace] GC(3) Metaspace: 104K(320K)->104K(320K) NonClass: 96K(192K)->96K(192K) Class: 8K(128K)->8K(128K)
[0,536s][info][gc          ] GC(3) Pause Young (Normal) (G1 Evacuation Pause) 37M->6M(64M) 0,450ms
[0,536s][info][gc,cpu      ] GC(3) User=0,00s Sys=0,00s Real=0,00s
[0,636s][info][gc,start    ] GC(4) Pause Young (Normal) (G1 Evacuation Pause)
[0,637s][info][gc,task     ] GC(4) Using 4 workers of 8 for evacuation
[0,638s][info][gc,phases   ] GC(4)   Pre Evacuate Collection Set: 0,0ms
[0,638s][info][gc,phases   ] GC(4)   Merge Heap Roots: 0,0ms
[0,638s][info][gc,phases   ] GC(4)   Evacuate Collection Set: 0,9ms
[0,638s][info][gc,phases   ] GC(4)   Post Evacuate Collection Set: 0,1ms
[0,638s][info][gc,phases   ] GC(4)   Other: 0,1ms
[0,638s][info][gc,heap     ] GC(4) Eden regions: 31->0(28)
[0,638s][info][gc,heap     ] GC(4) Survivor regions: 1->4(4)
[0,638s][info][gc,heap     ] GC(4) Old regions: 5->7
[0,638s][info][gc,heap     ] GC(4) Archive regions: 2->2
[0,638s][info][gc,heap     ] GC(4) Humongous regions: 0->0
[0,638s][info][gc,metaspace] GC(4) Metaspace: 104K(320K)->104K(320K) NonClass: 96K(192K)->96K(192K) Class: 8K(128K)->8K(128K)
[0,638s][info][gc          ] GC(4) Pause Young (Normal) (G1 Evacuation Pause) 36M->11M(64M) 1,239ms
[0,638s][info][gc,cpu      ] GC(4) User=0,01s Sys=0,00s Real=0,00s
[0,789s][info][gc,start    ] GC(5) Pause Young (Normal) (G1 Evacuation Pause)
[0,789s][info][gc,task     ] GC(5) Using 4 workers of 8 for evacuation
[0,790s][info][gc,phases   ] GC(5)   Pre Evacuate Collection Set: 0,0ms
[0,790s][info][gc,phases   ] GC(5)   Merge Heap Roots: 0,0ms
[0,790s][info][gc,phases   ] GC(5)   Evacuate Collection Set: 0,1ms
[0,790s][info][gc,phases   ] GC(5)   Post Evacuate Collection Set: 0,1ms
[0,790s][info][gc,phases   ] GC(5)   Other: 0,1ms
[0,790s][info][gc,heap     ] GC(5) Eden regions: 28->0(31)
[0,790s][info][gc,heap     ] GC(5) Survivor regions: 4->1(4)
[0,790s][info][gc,heap     ] GC(5) Old regions: 7->7
[0,790s][info][gc,heap     ] GC(5) Archive regions: 2->2
[0,790s][info][gc,heap     ] GC(5) Humongous regions: 0->0
[0,790s][info][gc,metaspace] GC(5) Metaspace: 104K(320K)->104K(320K) NonClass: 96K(192K)->96K(192K) Class: 8K(128K)->8K(128K)
[0,790s][info][gc          ] GC(5) Pause Young (Normal) (G1 Evacuation Pause) 39M->8M(64M) 0,561ms
[0,790s][info][gc,cpu      ] GC(5) User=0,00s Sys=0,00s Real=0,00s
[0,888s][info][gc,start    ] GC(6) Pause Young (Normal) (G1 Evacuation Pause)
[0,888s][info][gc,task     ] GC(6) Using 4 workers of 8 for evacuation
[0,889s][info][gc,phases   ] GC(6)   Pre Evacuate Collection Set: 0,0ms
[0,889s][info][gc,phases   ] GC(6)   Merge Heap Roots: 0,0ms
[0,889s][info][gc,phases   ] GC(6)   Evacuate Collection Set: 0,8ms
[0,889s][info][gc,phases   ] GC(6)   Post Evacuate Collection Set: 0,1ms
[0,889s][info][gc,phases   ] GC(6)   Other: 0,1ms
[0,889s][info][gc,heap     ] GC(6) Eden regions: 31->0(28)
[0,889s][info][gc,heap     ] GC(6) Survivor regions: 1->4(4)
[0,889s][info][gc,heap     ] GC(6) Old regions: 7->9
[0,889s][info][gc,heap     ] GC(6) Archive regions: 2->2
[0,889s][info][gc,heap     ] GC(6) Humongous regions: 0->0
[0,889s][info][gc,metaspace] GC(6) Metaspace: 104K(320K)->104K(320K) NonClass: 96K(192K)->96K(192K) Class: 8K(128K)->8K(128K)
[0,889s][info][gc          ] GC(6) Pause Young (Normal) (G1 Evacuation Pause) 39M->13M(64M) 1,187ms
[0,889s][info][gc,cpu      ] GC(6) User=0,00s Sys=0,00s Real=0,00s
[1,037s][info][gc,start    ] GC(7) Pause Young (Normal) (G1 Evacuation Pause)
[1,037s][info][gc,task     ] GC(7) Using 4 workers of 8 for evacuation
[1,038s][info][gc,phases   ] GC(7)   Pre Evacuate Collection Set: 0,0ms
[1,038s][info][gc,phases   ] GC(7)   Merge Heap Roots: 0,0ms
[1,038s][info][gc,phases   ] GC(7)   Evacuate Collection Set: 0,2ms
[1,038s][info][gc,phases   ] GC(7)   Post Evacuate Collection Set: 0,1ms
[1,038s][info][gc,phases   ] GC(7)   Other: 0,1ms
[1,038s][info][gc,heap     ] GC(7) Eden regions: 28->0(31)
[1,038s][info][gc,heap     ] GC(7) Survivor regions: 4->1(4)
[1,038s][info][gc,heap     ] GC(7) Old regions: 9->9
[1,038s][info][gc,heap     ] GC(7) Archive regions: 2->2
[1,038s][info][gc,heap     ] GC(7) Humongous regions: 0->0
[1,038s][info][gc,metaspace] GC(7) Metaspace: 104K(320K)->104K(320K) NonClass: 96K(192K)->96K(192K) Class: 8K(128K)->8K(128K)
[1,038s][info][gc          ] GC(7) Pause Young (Normal) (G1 Evacuation Pause) 41M->9M(64M) 0,635ms
[1,038s][info][gc,cpu      ] GC(7) User=0,00s Sys=0,00s Real=0,00s
[1,136s][info][gc,start    ] GC(8) Pause Young (Normal) (G1 Evacuation Pause)
[1,136s][info][gc,task     ] GC(8) Using 4 workers of 8 for evacuation
[1,136s][info][gc,phases   ] GC(8)   Pre Evacuate Collection Set: 0,0ms
[1,136s][info][gc,phases   ] GC(8)   Merge Heap Roots: 0,0ms
[1,136s][info][gc,phases   ] GC(8)   Evacuate Collection Set: 0,6ms
[1,136s][info][gc,phases   ] GC(8)   Post Evacuate Collection Set: 0,1ms
[1,136s][info][gc,phases   ] GC(8)   Other: 0,1ms
[1,136s][info][gc,heap     ] GC(8) Eden regions: 31->0(28)
[1,136s][info][gc,heap     ] GC(8) Survivor regions: 1->4(4)
[1,136s][info][gc,heap     ] GC(8) Old regions: 9->10
[1,136s][info][gc,heap     ] GC(8) Archive regions: 2->2
[1,136s][info][gc,heap     ] GC(8) Humongous regions: 0->0
[1,137s][info][gc,metaspace] GC(8) Metaspace: 104K(320K)->104K(320K) NonClass: 96K(192K)->96K(192K) Class: 8K(128K)->8K(128K)
[1,137s][info][gc          ] GC(8) Pause Young (Normal) (G1 Evacuation Pause) 40M->14M(64M) 0,974ms
[1,137s][info][gc,cpu      ] GC(8) User=0,00s Sys=0,00s Real=0,00s
[1,237s][info][gc,start    ] GC(9) Pause Young (Normal) (G1 Evacuation Pause)
[1,237s][info][gc,task     ] GC(9) Using 4 workers of 8 for evacuation
[1,239s][info][gc,phases   ] GC(9)   Pre Evacuate Collection Set: 0,0ms
[1,239s][info][gc,phases   ] GC(9)   Merge Heap Roots: 0,0ms
[1,239s][info][gc,phases   ] GC(9)   Evacuate Collection Set: 1,9ms
[1,239s][info][gc,phases   ] GC(9)   Post Evacuate Collection Set: 0,1ms
[1,239s][info][gc,phases   ] GC(9)   Other: 0,1ms
[1,239s][info][gc,heap     ] GC(9) Eden regions: 28->0(28)
[1,239s][info][gc,heap     ] GC(9) Survivor regions: 4->4(4)
[1,239s][info][gc,heap     ] GC(9) Old regions: 10->14
[1,239s][info][gc,heap     ] GC(9) Archive regions: 2->2
[1,239s][info][gc,heap     ] GC(9) Humongous regions: 0->0
[1,239s][info][gc,metaspace] GC(9) Metaspace: 104K(320K)->104K(320K) NonClass: 96K(192K)->96K(192K) Class: 8K(128K)->8K(128K)
[1,239s][info][gc          ] GC(9) Pause Young (Normal) (G1 Evacuation Pause) 42M->18M(64M) 2,292ms
[1,239s][info][gc,cpu      ] GC(9) User=0,00s Sys=0,00s Real=0,00s
[1,338s][info][gc,start    ] GC(10) Pause Young (Normal) (G1 Evacuation Pause)
[1,338s][info][gc,task     ] GC(10) Using 4 workers of 8 for evacuation
[1,338s][info][gc,phases   ] GC(10)   Pre Evacuate Collection Set: 0,0ms
[1,338s][info][gc,phases   ] GC(10)   Merge Heap Roots: 0,0ms
[1,338s][info][gc,phases   ] GC(10)   Evacuate Collection Set: 0,2ms
[1,338s][info][gc,phases   ] GC(10)   Post Evacuate Collection Set: 0,1ms
[1,338s][info][gc,phases   ] GC(10)   Other: 0,1ms
[1,338s][info][gc,heap     ] GC(10) Eden regions: 28->0(29)
[1,339s][info][gc,heap     ] GC(10) Survivor regions: 4->3(4)
[1,339s][info][gc,heap     ] GC(10) Old regions: 14->14
[1,339s][info][gc,heap     ] GC(10) Archive regions: 2->2
[1,339s][info][gc,heap     ] GC(10) Humongous regions: 0->0
[1,339s][info][gc,metaspace] GC(10) Metaspace: 104K(320K)->104K(320K) NonClass: 96K(192K)->96K(192K) Class: 8K(128K)->8K(128K)
[1,339s][info][gc          ] GC(10) Pause Young (Normal) (G1 Evacuation Pause) 46M->16M(64M) 0,515ms
[1,339s][info][gc,cpu      ] GC(10) User=0,01s Sys=0,01s Real=0,00s
[1,435s][info][gc,start    ] GC(11) Pause Young (Normal) (G1 Evacuation Pause)
[1,435s][info][gc,task     ] GC(11) Using 4 workers of 8 for evacuation
[1,437s][info][gc,phases   ] GC(11)   Pre Evacuate Collection Set: 0,0ms
[1,437s][info][gc,phases   ] GC(11)   Merge Heap Roots: 0,0ms
[1,437s][info][gc,phases   ] GC(11)   Evacuate Collection Set: 1,0ms
[1,437s][info][gc,phases   ] GC(11)   Post Evacuate Collection Set: 0,2ms
[1,437s][info][gc,phases   ] GC(11)   Other: 0,1ms
[1,437s][info][gc,heap     ] GC(11) Eden regions: 29->0(28)
[1,437s][info][gc,heap     ] GC(11) Survivor regions: 3->4(4)
[1,437s][info][gc,heap     ] GC(11) Old regions: 14->16
[1,437s][info][gc,heap     ] GC(11) Archive regions: 2->2
[1,437s][info][gc,heap     ] GC(11) Humongous regions: 0->0
[1,437s][info][gc,metaspace] GC(11) Metaspace: 104K(320K)->104K(320K) NonClass: 96K(192K)->96K(192K) Class: 8K(128K)->8K(128K)
[1,437s][info][gc          ] GC(11) Pause Young (Normal) (G1 Evacuation Pause) 45M->20M(64M) 1,440ms
[1,437s][info][gc,cpu      ] GC(11) User=0,00s Sys=0,00s Real=0,00s
[1,540s][info][gc,start    ] GC(12) Pause Young (Normal) (G1 Evacuation Pause)
[1,540s][info][gc,task     ] GC(12) Using 4 workers of 8 for evacuation
[1,541s][info][gc,phases   ] GC(12)   Pre Evacuate Collection Set: 0,0ms
[1,542s][info][gc,phases   ] GC(12)   Merge Heap Roots: 0,1ms
[1,542s][info][gc,phases   ] GC(12)   Evacuate Collection Set: 1,6ms
[1,542s][info][gc,phases   ] GC(12)   Post Evacuate Collection Set: 0,1ms
[1,542s][info][gc,phases   ] GC(12)   Other: 0,2ms
[1,542s][info][gc,heap     ] GC(12) Eden regions: 28->0(28)
[1,542s][info][gc,heap     ] GC(12) Survivor regions: 4->4(4)
[1,542s][info][gc,heap     ] GC(12) Old regions: 16->20
[1,542s][info][gc,heap     ] GC(12) Archive regions: 2->2
[1,542s][info][gc,heap     ] GC(12) Humongous regions: 0->0
[1,542s][info][gc,metaspace] GC(12) Metaspace: 104K(320K)->104K(320K) NonClass: 96K(192K)->96K(192K) Class: 8K(128K)->8K(128K)
[1,542s][info][gc          ] GC(12) Pause Young (Normal) (G1 Evacuation Pause) 48M->24M(64M) 2,087ms
[1,542s][info][gc,cpu      ] GC(12) User=0,00s Sys=0,00s Real=0,00s
[1,688s][info][gc,start    ] GC(13) Pause Young (Normal) (G1 Evacuation Pause)
[1,688s][info][gc,task     ] GC(13) Using 4 workers of 8 for evacuation
[1,689s][info][gc,phases   ] GC(13)   Pre Evacuate Collection Set: 0,0ms
[1,689s][info][gc,phases   ] GC(13)   Merge Heap Roots: 0,0ms
[1,689s][info][gc,phases   ] GC(13)   Evacuate Collection Set: 0,2ms
[1,689s][info][gc,phases   ] GC(13)   Post Evacuate Collection Set: 0,1ms
[1,689s][info][gc,phases   ] GC(13)   Other: 0,1ms
[1,689s][info][gc,heap     ] GC(13) Eden regions: 28->0(29)
[1,689s][info][gc,heap     ] GC(13) Survivor regions: 4->3(4)
[1,689s][info][gc,heap     ] GC(13) Old regions: 20->20
[1,689s][info][gc,heap     ] GC(13) Archive regions: 2->2
[1,689s][info][gc,heap     ] GC(13) Humongous regions: 0->0
[1,689s][info][gc,metaspace] GC(13) Metaspace: 104K(320K)->104K(320K) NonClass: 96K(192K)->96K(192K) Class: 8K(128K)->8K(128K)
[1,689s][info][gc          ] GC(13) Pause Young (Normal) (G1 Evacuation Pause) 52M->23M(64M) 0,533ms
[1,689s][info][gc,cpu      ] GC(13) User=0,00s Sys=0,00s Real=0,00s
[1,784s][info][gc,start    ] GC(14) Pause Young (Normal) (G1 Evacuation Pause)
[1,784s][info][gc,task     ] GC(14) Using 4 workers of 8 for evacuation
[1,786s][info][gc,phases   ] GC(14)   Pre Evacuate Collection Set: 0,0ms
[1,786s][info][gc,phases   ] GC(14)   Merge Heap Roots: 0,0ms
[1,786s][info][gc,phases   ] GC(14)   Evacuate Collection Set: 1,1ms
[1,786s][info][gc,phases   ] GC(14)   Post Evacuate Collection Set: 0,1ms
[1,786s][info][gc,phases   ] GC(14)   Other: 0,1ms
[1,786s][info][gc,heap     ] GC(14) Eden regions: 29->0(28)
[1,786s][info][gc,heap     ] GC(14) Survivor regions: 3->4(4)
[1,786s][info][gc,heap     ] GC(14) Old regions: 20->22
[1,786s][info][gc,heap     ] GC(14) Archive regions: 2->2
[1,786s][info][gc,heap     ] GC(14) Humongous regions: 0->0
[1,786s][info][gc,metaspace] GC(14) Metaspace: 104K(320K)->104K(320K) NonClass: 96K(192K)->96K(192K) Class: 8K(128K)->8K(128K)
[1,786s][info][gc          ] GC(14) Pause Young (Normal) (G1 Evacuation Pause) 52M->26M(64M) 1,527ms
[1,786s][info][gc,cpu      ] GC(14) User=0,00s Sys=0,00s Real=0,00s
[1,939s][info][gc,start    ] GC(15) Pause Young (Normal) (G1 Evacuation Pause)
[1,939s][info][gc,task     ] GC(15) Using 4 workers of 8 for evacuation
[1,939s][info][gc,phases   ] GC(15)   Pre Evacuate Collection Set: 0,0ms
[1,939s][info][gc,phases   ] GC(15)   Merge Heap Roots: 0,0ms
[1,939s][info][gc,phases   ] GC(15)   Evacuate Collection Set: 0,1ms
[1,939s][info][gc,phases   ] GC(15)   Post Evacuate Collection Set: 0,1ms
[1,939s][info][gc,phases   ] GC(15)   Other: 0,1ms
[1,939s][info][gc,heap     ] GC(15) Eden regions: 28->0(31)
[1,939s][info][gc,heap     ] GC(15) Survivor regions: 4->1(4)
[1,939s][info][gc,heap     ] GC(15) Old regions: 22->22
[1,939s][info][gc,heap     ] GC(15) Archive regions: 2->2
[1,939s][info][gc,heap     ] GC(15) Humongous regions: 0->0
[1,939s][info][gc,metaspace] GC(15) Metaspace: 104K(320K)->104K(320K) NonClass: 96K(192K)->96K(192K) Class: 8K(128K)->8K(128K)
[1,939s][info][gc          ] GC(15) Pause Young (Normal) (G1 Evacuation Pause) 54M->22M(64M) 0,362ms
[1,939s][info][gc,cpu      ] GC(15) User=0,00s Sys=0,00s Real=0,00s
[2,037s][info][gc,start    ] GC(16) Pause Young (Normal) (G1 Evacuation Pause)
[2,038s][info][gc,task     ] GC(16) Using 4 workers of 8 for evacuation
[2,039s][info][gc,phases   ] GC(16)   Pre Evacuate Collection Set: 0,0ms
[2,039s][info][gc,phases   ] GC(16)   Merge Heap Roots: 0,0ms
[2,039s][info][gc,phases   ] GC(16)   Evacuate Collection Set: 1,3ms
[2,039s][info][gc,phases   ] GC(16)   Post Evacuate Collection Set: 0,1ms
[2,039s][info][gc,phases   ] GC(16)   Other: 0,1ms
[2,039s][info][gc,heap     ] GC(16) Eden regions: 31->0(28)
[2,039s][info][gc,heap     ] GC(16) Survivor regions: 1->4(4)
[2,039s][info][gc,heap     ] GC(16) Old regions: 22->24
[2,039s][info][gc,heap     ] GC(16) Archive regions: 2->2
[2,039s][info][gc,heap     ] GC(16) Humongous regions: 0->0
[2,039s][info][gc,metaspace] GC(16) Metaspace: 104K(320K)->104K(320K) NonClass: 96K(192K)->96K(192K) Class: 8K(128K)->8K(128K)
[2,039s][info][gc          ] GC(16) Pause Young (Normal) (G1 Evacuation Pause) 53M->28M(64M) 1,662ms
[2,039s][info][gc,cpu      ] GC(16) User=0,00s Sys=0,01s Real=0,00s
[2,139s][info][gc,start    ] GC(17) Pause Young (Normal) (G1 Preventive Collection)
[2,139s][info][gc,task     ] GC(17) Using 4 workers of 8 for evacuation
[2,140s][info][gc          ] GC(17) To-space exhausted
[2,140s][info][gc,phases   ] GC(17)   Pre Evacuate Collection Set: 0,0ms
[2,140s][info][gc,phases   ] GC(17)   Merge Heap Roots: 0,0ms
[2,140s][info][gc,phases   ] GC(17)   Evacuate Collection Set: 1,2ms
[2,140s][info][gc,phases   ] GC(17)   Post Evacuate Collection Set: 0,2ms
[2,140s][info][gc,phases   ] GC(17)   Other: 0,1ms
[2,140s][info][gc,heap     ] GC(17) Eden regions: 27->0(28)
[2,140s][info][gc,heap     ] GC(17) Survivor regions: 4->4(4)
[2,140s][info][gc,heap     ] GC(17) Old regions: 24->29
[2,140s][info][gc,heap     ] GC(17) Archive regions: 2->2
[2,140s][info][gc,heap     ] GC(17) Humongous regions: 0->0
[2,140s][info][gc,metaspace] GC(17) Metaspace: 104K(320K)->104K(320K) NonClass: 96K(192K)->96K(192K) Class: 8K(128K)->8K(128K)
[2,140s][info][gc          ] GC(17) Pause Young (Normal) (G1 Preventive Collection) 55M->33M(64M) 1,659ms
[2,140s][info][gc,cpu      ] GC(17) User=0,00s Sys=0,00s Real=0,00s
[2,235s][info][gc,start    ] GC(18) Pause Young (Concurrent Start) (G1 Preventive Collection)
[2,235s][info][gc,task     ] GC(18) Using 4 workers of 8 for evacuation
[2,235s][info][gc,phases   ] GC(18)   Pre Evacuate Collection Set: 0,0ms
[2,235s][info][gc,phases   ] GC(18)   Merge Heap Roots: 0,0ms
[2,235s][info][gc,phases   ] GC(18)   Evacuate Collection Set: 0,3ms
[2,235s][info][gc,phases   ] GC(18)   Post Evacuate Collection Set: 0,1ms
[2,235s][info][gc,phases   ] GC(18)   Other: 0,2ms
[2,235s][info][gc,heap     ] GC(18) Eden regions: 21->0(28)
[2,235s][info][gc,heap     ] GC(18) Survivor regions: 4->4(4)
[2,235s][info][gc,heap     ] GC(18) Old regions: 29->30
[2,235s][info][gc,heap     ] GC(18) Archive regions: 2->2
[2,235s][info][gc,heap     ] GC(18) Humongous regions: 0->0
[2,235s][info][gc,metaspace] GC(18) Metaspace: 104K(320K)->104K(320K) NonClass: 96K(192K)->96K(192K) Class: 8K(128K)->8K(128K)
[2,235s][info][gc          ] GC(18) Pause Young (Concurrent Start) (G1 Preventive Collection) 54M->33M(64M) 0,683ms
[2,235s][info][gc,cpu      ] GC(18) User=0,00s Sys=0,00s Real=0,00s
[2,235s][info][gc          ] GC(19) Concurrent Mark Cycle
[2,235s][info][gc,marking  ] GC(19) Concurrent Clear Claimed Marks
[2,236s][info][gc,marking  ] GC(19) Concurrent Clear Claimed Marks 0,010ms
[2,236s][info][gc,marking  ] GC(19) Concurrent Scan Root Regions
[2,236s][info][gc,marking  ] GC(19) Concurrent Scan Root Regions 0,166ms
[2,236s][info][gc,marking  ] GC(19) Concurrent Mark
[2,236s][info][gc,marking  ] GC(19) Concurrent Mark From Roots
[2,236s][info][gc,task     ] GC(19) Using 2 workers of 2 for marking
[2,245s][info][gc,marking  ] GC(19) Concurrent Mark From Roots 8,973ms
[2,245s][info][gc,marking  ] GC(19) Concurrent Preclean
[2,245s][info][gc,marking  ] GC(19) Concurrent Preclean 0,031ms
[2,245s][info][gc,start    ] GC(19) Pause Remark
[2,245s][info][gc          ] GC(19) Pause Remark 46M->27M(64M) 0,283ms
[2,245s][info][gc,cpu      ] GC(19) User=0,00s Sys=0,00s Real=0,00s
[2,245s][info][gc,marking  ] GC(19) Concurrent Mark 9,448ms
[2,245s][info][gc,marking  ] GC(19) Concurrent Rebuild Remembered Sets
[2,246s][info][gc,marking  ] GC(19) Concurrent Rebuild Remembered Sets 0,436ms
[2,246s][info][gc,start    ] GC(19) Pause Cleanup
[2,246s][info][gc          ] GC(19) Pause Cleanup 27M->27M(64M) 0,045ms
[2,246s][info][gc,cpu      ] GC(19) User=0,00s Sys=0,00s Real=0,00s
[2,246s][info][gc,marking  ] GC(19) Concurrent Cleanup for Next Mark
[2,246s][info][gc,marking  ] GC(19) Concurrent Cleanup for Next Mark 0,455ms
[2,246s][info][gc          ] GC(19) Concurrent Mark Cycle 10,826ms
[2,340s][info][gc,start    ] GC(20) Pause Young (Prepare Mixed) (G1 Evacuation Pause)
[2,340s][info][gc,task     ] GC(20) Using 4 workers of 8 for evacuation
[2,341s][info][gc,phases   ] GC(20)   Pre Evacuate Collection Set: 0,0ms
[2,341s][info][gc,phases   ] GC(20)   Merge Heap Roots: 0,0ms
[2,341s][info][gc,phases   ] GC(20)   Evacuate Collection Set: 0,6ms
[2,341s][info][gc,phases   ] GC(20)   Post Evacuate Collection Set: 0,1ms
[2,341s][info][gc,phases   ] GC(20)   Other: 0,1ms
[2,341s][info][gc,heap     ] GC(20) Eden regions: 28->0(28)
[2,341s][info][gc,heap     ] GC(20) Survivor regions: 4->4(4)
[2,341s][info][gc,heap     ] GC(20) Old regions: 11->12
[2,341s][info][gc,heap     ] GC(20) Archive regions: 2->2
[2,341s][info][gc,heap     ] GC(20) Humongous regions: 0->0
[2,341s][info][gc,metaspace] GC(20) Metaspace: 105K(320K)->105K(320K) NonClass: 96K(192K)->96K(192K) Class: 8K(128K)->8K(128K)
[2,341s][info][gc          ] GC(20) Pause Young (Prepare Mixed) (G1 Evacuation Pause) 42M->16M(64M) 1,027ms
[2,341s][info][gc,cpu      ] GC(20) User=0,00s Sys=0,00s Real=0,00s
[2,439s][info][gc,start    ] GC(21) Pause Young (Mixed) (G1 Evacuation Pause)
[2,439s][info][gc,task     ] GC(21) Using 4 workers of 8 for evacuation
[2,439s][info][gc,phases   ] GC(21)   Pre Evacuate Collection Set: 0,0ms
[2,439s][info][gc,phases   ] GC(21)   Merge Heap Roots: 0,0ms
[2,439s][info][gc,phases   ] GC(21)   Evacuate Collection Set: 0,1ms
[2,440s][info][gc,phases   ] GC(21)   Post Evacuate Collection Set: 0,1ms
[2,440s][info][gc,phases   ] GC(21)   Other: 0,1ms
[2,440s][info][gc,heap     ] GC(21) Eden regions: 28->0(31)
[2,440s][info][gc,heap     ] GC(21) Survivor regions: 4->1(4)
[2,440s][info][gc,heap     ] GC(21) Old regions: 12->11
[2,440s][info][gc,heap     ] GC(21) Archive regions: 2->2
[2,440s][info][gc,heap     ] GC(21) Humongous regions: 0->0
[2,440s][info][gc,metaspace] GC(21) Metaspace: 105K(320K)->105K(320K) NonClass: 96K(192K)->96K(192K) Class: 8K(128K)->8K(128K)
[2,440s][info][gc          ] GC(21) Pause Young (Mixed) (G1 Evacuation Pause) 44M->11M(64M) 0,554ms
[2,440s][info][gc,cpu      ] GC(21) User=0,01s Sys=0,00s Real=0,00s
[2,539s][info][gc,start    ] GC(22) Pause Young (Mixed) (G1 Evacuation Pause)
[2,539s][info][gc,task     ] GC(22) Using 4 workers of 8 for evacuation
[2,540s][info][gc,phases   ] GC(22)   Pre Evacuate Collection Set: 0,0ms
[2,540s][info][gc,phases   ] GC(22)   Merge Heap Roots: 0,0ms
[2,540s][info][gc,phases   ] GC(22)   Evacuate Collection Set: 0,7ms
[2,540s][info][gc,phases   ] GC(22)   Post Evacuate Collection Set: 0,2ms
[2,540s][info][gc,phases   ] GC(22)   Other: 0,1ms
[2,541s][info][gc,heap     ] GC(22) Eden regions: 31->0(28)
[2,541s][info][gc,heap     ] GC(22) Survivor regions: 1->4(4)
[2,541s][info][gc,heap     ] GC(22) Old regions: 11->12
[2,541s][info][gc,heap     ] GC(22) Archive regions: 2->2
[2,541s][info][gc,heap     ] GC(22) Humongous regions: 0->0
[2,541s][info][gc,metaspace] GC(22) Metaspace: 105K(320K)->105K(320K) NonClass: 96K(192K)->96K(192K) Class: 8K(128K)->8K(128K)
[2,541s][info][gc          ] GC(22) Pause Young (Mixed) (G1 Evacuation Pause) 42M->16M(64M) 1,168ms
[2,541s][info][gc,cpu      ] GC(22) User=0,00s Sys=0,00s Real=0,00s
[2,635s][info][gc,start    ] GC(23) Pause Young (Mixed) (G1 Evacuation Pause)
[2,635s][info][gc,task     ] GC(23) Using 4 workers of 8 for evacuation
[2,636s][info][gc,phases   ] GC(23)   Pre Evacuate Collection Set: 0,0ms
[2,636s][info][gc,phases   ] GC(23)   Merge Heap Roots: 0,0ms
[2,636s][info][gc,phases   ] GC(23)   Evacuate Collection Set: 0,8ms
[2,636s][info][gc,phases   ] GC(23)   Post Evacuate Collection Set: 0,1ms
[2,636s][info][gc,phases   ] GC(23)   Other: 0,1ms
[2,636s][info][gc,heap     ] GC(23) Eden regions: 28->0(28)
[2,636s][info][gc,heap     ] GC(23) Survivor regions: 4->4(4)
[2,636s][info][gc,heap     ] GC(23) Old regions: 12->15
[2,636s][info][gc,heap     ] GC(23) Archive regions: 2->2
[2,636s][info][gc,heap     ] GC(23) Humongous regions: 0->0
[2,636s][info][gc,metaspace] GC(23) Metaspace: 105K(320K)->105K(320K) NonClass: 96K(192K)->96K(192K) Class: 8K(128K)->8K(128K)
[2,636s][info][gc          ] GC(23) Pause Young (Mixed) (G1 Evacuation Pause) 44M->19M(64M) 1,200ms
[2,636s][info][gc,cpu      ] GC(23) User=0,00s Sys=0,00s Real=0,00s
[2,788s][info][gc,start    ] GC(24) Pause Young (Mixed) (G1 Evacuation Pause)
[2,788s][info][gc,task     ] GC(24) Using 4 workers of 8 for evacuation
[2,789s][info][gc,phases   ] GC(24)   Pre Evacuate Collection Set: 0,0ms
[2,789s][info][gc,phases   ] GC(24)   Merge Heap Roots: 0,1ms
[2,789s][info][gc,phases   ] GC(24)   Evacuate Collection Set: 0,2ms
[2,789s][info][gc,phases   ] GC(24)   Post Evacuate Collection Set: 0,1ms
[2,789s][info][gc,phases   ] GC(24)   Other: 0,1ms
[2,789s][info][gc,heap     ] GC(24) Eden regions: 28->0(29)
[2,789s][info][gc,heap     ] GC(24) Survivor regions: 4->3(4)
[2,789s][info][gc,heap     ] GC(24) Old regions: 15->14
[2,789s][info][gc,heap     ] GC(24) Archive regions: 2->2
[2,789s][info][gc,heap     ] GC(24) Humongous regions: 0->0
[2,789s][info][gc,metaspace] GC(24) Metaspace: 107K(320K)->107K(320K) NonClass: 98K(192K)->98K(192K) Class: 8K(128K)->8K(128K)
[2,789s][info][gc          ] GC(24) Pause Young (Mixed) (G1 Evacuation Pause) 47M->17M(64M) 0,685ms
[2,789s][info][gc,cpu      ] GC(24) User=0,00s Sys=0,00s Real=0,00s
[2,888s][info][gc,start    ] GC(25) Pause Young (Mixed) (G1 Evacuation Pause)
[2,888s][info][gc,task     ] GC(25) Using 4 workers of 8 for evacuation
[2,889s][info][gc,phases   ] GC(25)   Pre Evacuate Collection Set: 0,0ms
[2,889s][info][gc,phases   ] GC(25)   Merge Heap Roots: 0,0ms
[2,889s][info][gc,phases   ] GC(25)   Evacuate Collection Set: 0,5ms
[2,889s][info][gc,phases   ] GC(25)   Post Evacuate Collection Set: 0,1ms
[2,889s][info][gc,phases   ] GC(25)   Other: 0,1ms
[2,889s][info][gc,heap     ] GC(25) Eden regions: 29->0(28)
[2,889s][info][gc,heap     ] GC(25) Survivor regions: 3->4(4)
[2,889s][info][gc,heap     ] GC(25) Old regions: 14->15
[2,889s][info][gc,heap     ] GC(25) Archive regions: 2->2
[2,889s][info][gc,heap     ] GC(25) Humongous regions: 0->0
[2,889s][info][gc,metaspace] GC(25) Metaspace: 107K(320K)->107K(320K) NonClass: 98K(192K)->98K(192K) Class: 8K(128K)->8K(128K)
[2,889s][info][gc          ] GC(25) Pause Young (Mixed) (G1 Evacuation Pause) 45M->19M(64M) 0,881ms
[2,889s][info][gc,cpu      ] GC(25) User=0,00s Sys=0,00s Real=0,00s
[3,037s][info][gc,start    ] GC(26) Pause Young (Mixed) (G1 Evacuation Pause)
[3,037s][info][gc,task     ] GC(26) Using 4 workers of 8 for evacuation
[3,038s][info][gc,phases   ] GC(26)   Pre Evacuate Collection Set: 0,0ms
[3,038s][info][gc,phases   ] GC(26)   Merge Heap Roots: 0,0ms
[3,038s][info][gc,phases   ] GC(26)   Evacuate Collection Set: 0,1ms
[3,038s][info][gc,phases   ] GC(26)   Post Evacuate Collection Set: 0,1ms
[3,038s][info][gc,phases   ] GC(26)   Other: 0,1ms
[3,038s][info][gc,heap     ] GC(26) Eden regions: 28->0(31)
[3,038s][info][gc,heap     ] GC(26) Survivor regions: 4->1(4)
[3,038s][info][gc,heap     ] GC(26) Old regions: 15->14
[3,038s][info][gc,heap     ] GC(26) Archive regions: 2->2
[3,038s][info][gc,heap     ] GC(26) Humongous regions: 0->0
[3,038s][info][gc,metaspace] GC(26) Metaspace: 107K(320K)->107K(320K) NonClass: 98K(192K)->98K(192K) Class: 8K(128K)->8K(128K)
[3,038s][info][gc          ] GC(26) Pause Young (Mixed) (G1 Evacuation Pause) 47M->15M(64M) 0,450ms
[3,038s][info][gc,cpu      ] GC(26) User=0,00s Sys=0,00s Real=0,00s
[3,138s][info][gc,start    ] GC(27) Pause Young (Mixed) (G1 Evacuation Pause)
[3,138s][info][gc,task     ] GC(27) Using 4 workers of 8 for evacuation
[3,139s][info][gc,phases   ] GC(27)   Pre Evacuate Collection Set: 0,0ms
[3,139s][info][gc,phases   ] GC(27)   Merge Heap Roots: 0,0ms
[3,139s][info][gc,phases   ] GC(27)   Evacuate Collection Set: 0,4ms
[3,139s][info][gc,phases   ] GC(27)   Post Evacuate Collection Set: 0,1ms
[3,139s][info][gc,phases   ] GC(27)   Other: 0,1ms
[3,139s][info][gc,heap     ] GC(27) Eden regions: 31->0(28)
[3,139s][info][gc,heap     ] GC(27) Survivor regions: 1->4(4)
[3,139s][info][gc,heap     ] GC(27) Old regions: 14->14
[3,139s][info][gc,heap     ] GC(27) Archive regions: 2->2
[3,139s][info][gc,heap     ] GC(27) Humongous regions: 0->0
[3,139s][info][gc,metaspace] GC(27) Metaspace: 107K(320K)->107K(320K) NonClass: 98K(192K)->98K(192K) Class: 8K(128K)->8K(128K)
[3,139s][info][gc          ] GC(27) Pause Young (Mixed) (G1 Evacuation Pause) 46M->18M(64M) 0,799ms
[3,139s][info][gc,cpu      ] GC(27) User=0,00s Sys=0,00s Real=0,00s
[3,240s][info][gc,start    ] GC(28) Pause Young (Normal) (G1 Evacuation Pause)
[3,240s][info][gc,task     ] GC(28) Using 4 workers of 8 for evacuation
[3,241s][info][gc,phases   ] GC(28)   Pre Evacuate Collection Set: 0,0ms
[3,241s][info][gc,phases   ] GC(28)   Merge Heap Roots: 0,0ms
[3,241s][info][gc,phases   ] GC(28)   Evacuate Collection Set: 0,8ms
[3,241s][info][gc,phases   ] GC(28)   Post Evacuate Collection Set: 0,1ms
[3,241s][info][gc,phases   ] GC(28)   Other: 0,1ms
[3,241s][info][gc,heap     ] GC(28) Eden regions: 28->0(28)
[3,241s][info][gc,heap     ] GC(28) Survivor regions: 4->4(4)
[3,241s][info][gc,heap     ] GC(28) Old regions: 14->18
[3,241s][info][gc,heap     ] GC(28) Archive regions: 2->2
[3,241s][info][gc,heap     ] GC(28) Humongous regions: 0->0
[3,241s][info][gc,metaspace] GC(28) Metaspace: 107K(320K)->107K(320K) NonClass: 98K(192K)->98K(192K) Class: 8K(128K)->8K(128K)
[3,241s][info][gc          ] GC(28) Pause Young (Normal) (G1 Evacuation Pause) 46M->22M(64M) 1,221ms
[3,241s][info][gc,cpu      ] GC(28) User=0,00s Sys=0,00s Real=0,00s
[3,338s][info][gc,start    ] GC(29) Pause Young (Normal) (G1 Evacuation Pause)
[3,339s][info][gc,task     ] GC(29) Using 4 workers of 8 for evacuation
[3,339s][info][gc,phases   ] GC(29)   Pre Evacuate Collection Set: 0,0ms
[3,339s][info][gc,phases   ] GC(29)   Merge Heap Roots: 0,0ms
[3,339s][info][gc,phases   ] GC(29)   Evacuate Collection Set: 0,2ms
[3,339s][info][gc,phases   ] GC(29)   Post Evacuate Collection Set: 0,1ms
[3,339s][info][gc,phases   ] GC(29)   Other: 0,1ms
[3,339s][info][gc,heap     ] GC(29) Eden regions: 28->0(29)
[3,339s][info][gc,heap     ] GC(29) Survivor regions: 4->3(4)
[3,339s][info][gc,heap     ] GC(29) Old regions: 18->18
[3,339s][info][gc,heap     ] GC(29) Archive regions: 2->2
[3,339s][info][gc,heap     ] GC(29) Humongous regions: 0->0
[3,339s][info][gc,metaspace] GC(29) Metaspace: 107K(320K)->107K(320K) NonClass: 98K(192K)->98K(192K) Class: 8K(128K)->8K(128K)
[3,339s][info][gc          ] GC(29) Pause Young (Normal) (G1 Evacuation Pause) 50M->20M(64M) 0,567ms
[3,339s][info][gc,cpu      ] GC(29) User=0,01s Sys=0,00s Real=0,00s
[3,439s][info][gc,start    ] GC(30) Pause Young (Normal) (G1 Evacuation Pause)
[3,439s][info][gc,task     ] GC(30) Using 4 workers of 8 for evacuation
[3,440s][info][gc,phases   ] GC(30)   Pre Evacuate Collection Set: 0,0ms
[3,440s][info][gc,phases   ] GC(30)   Merge Heap Roots: 0,0ms
[3,440s][info][gc,phases   ] GC(30)   Evacuate Collection Set: 0,6ms
[3,440s][info][gc,phases   ] GC(30)   Post Evacuate Collection Set: 0,1ms
[3,440s][info][gc,phases   ] GC(30)   Other: 0,1ms
[3,440s][info][gc,heap     ] GC(30) Eden regions: 29->0(28)
[3,440s][info][gc,heap     ] GC(30) Survivor regions: 3->4(4)
[3,440s][info][gc,heap     ] GC(30) Old regions: 18->20
[3,440s][info][gc,heap     ] GC(30) Archive regions: 2->2
[3,440s][info][gc,heap     ] GC(30) Humongous regions: 0->0
[3,440s][info][gc,metaspace] GC(30) Metaspace: 107K(320K)->107K(320K) NonClass: 99K(192K)->99K(192K) Class: 8K(128K)->8K(128K)
[3,440s][info][gc          ] GC(30) Pause Young (Normal) (G1 Evacuation Pause) 49M->24M(64M) 0,937ms
[3,440s][info][gc,cpu      ] GC(30) User=0,00s Sys=0,00s Real=0,00s
[3,540s][info][gc,start    ] GC(31) Pause Young (Normal) (G1 Evacuation Pause)
[3,540s][info][gc,task     ] GC(31) Using 4 workers of 8 for evacuation
[3,540s][info][gc,phases   ] GC(31)   Pre Evacuate Collection Set: 0,0ms
[3,540s][info][gc,phases   ] GC(31)   Merge Heap Roots: 0,0ms
[3,540s][info][gc,phases   ] GC(31)   Evacuate Collection Set: 0,2ms
[3,540s][info][gc,phases   ] GC(31)   Post Evacuate Collection Set: 0,1ms
[3,540s][info][gc,phases   ] GC(31)   Other: 0,1ms
[3,540s][info][gc,heap     ] GC(31) Eden regions: 28->0(31)
[3,540s][info][gc,heap     ] GC(31) Survivor regions: 4->1(4)
[3,540s][info][gc,heap     ] GC(31) Old regions: 20->20
[3,540s][info][gc,heap     ] GC(31) Archive regions: 2->2
[3,540s][info][gc,heap     ] GC(31) Humongous regions: 0->0
[3,540s][info][gc,metaspace] GC(31) Metaspace: 107K(320K)->107K(320K) NonClass: 99K(192K)->99K(192K) Class: 8K(128K)->8K(128K)
[3,540s][info][gc          ] GC(31) Pause Young (Normal) (G1 Evacuation Pause) 52M->21M(64M) 0,502ms
[3,540s][info][gc,cpu      ] GC(31) User=0,00s Sys=0,00s Real=0,00s
[3,689s][info][gc,start    ] GC(32) Pause Young (Normal) (G1 Evacuation Pause)
[3,689s][info][gc,task     ] GC(32) Using 4 workers of 8 for evacuation
[3,690s][info][gc,phases   ] GC(32)   Pre Evacuate Collection Set: 0,0ms
[3,690s][info][gc,phases   ] GC(32)   Merge Heap Roots: 0,0ms
[3,690s][info][gc,phases   ] GC(32)   Evacuate Collection Set: 0,5ms
[3,690s][info][gc,phases   ] GC(32)   Post Evacuate Collection Set: 0,1ms
[3,690s][info][gc,phases   ] GC(32)   Other: 0,1ms
[3,690s][info][gc,heap     ] GC(32) Eden regions: 31->0(28)
[3,690s][info][gc,heap     ] GC(32) Survivor regions: 1->4(4)
[3,690s][info][gc,heap     ] GC(32) Old regions: 20->22
[3,690s][info][gc,heap     ] GC(32) Archive regions: 2->2
[3,690s][info][gc,heap     ] GC(32) Humongous regions: 0->0
[3,690s][info][gc,metaspace] GC(32) Metaspace: 107K(320K)->107K(320K) NonClass: 99K(192K)->99K(192K) Class: 8K(128K)->8K(128K)
[3,690s][info][gc          ] GC(32) Pause Young (Normal) (G1 Evacuation Pause) 52M->26M(64M) 0,847ms
[3,690s][info][gc,cpu      ] GC(32) User=0,01s Sys=0,00s Real=0,00s
[3,785s][info][gc,start    ] GC(33) Pause Young (Normal) (G1 Evacuation Pause)
[3,785s][info][gc,task     ] GC(33) Using 4 workers of 8 for evacuation
[3,785s][info][gc,phases   ] GC(33)   Pre Evacuate Collection Set: 0,0ms
[3,785s][info][gc,phases   ] GC(33)   Merge Heap Roots: 0,0ms
[3,785s][info][gc,phases   ] GC(33)   Evacuate Collection Set: 0,2ms
[3,785s][info][gc,phases   ] GC(33)   Post Evacuate Collection Set: 0,2ms
[3,785s][info][gc,phases   ] GC(33)   Other: 0,2ms
[3,785s][info][gc,heap     ] GC(33) Eden regions: 28->0(31)
[3,785s][info][gc,heap     ] GC(33) Survivor regions: 4->1(4)
[3,785s][info][gc,heap     ] GC(33) Old regions: 22->22
[3,785s][info][gc,heap     ] GC(33) Archive regions: 2->2
[3,785s][info][gc,heap     ] GC(33) Humongous regions: 0->0
[3,785s][info][gc,metaspace] GC(33) Metaspace: 107K(320K)->107K(320K) NonClass: 99K(192K)->99K(192K) Class: 8K(128K)->8K(128K)
[3,785s][info][gc          ] GC(33) Pause Young (Normal) (G1 Evacuation Pause) 54M->23M(64M) 0,704ms
[3,785s][info][gc,cpu      ] GC(33) User=0,00s Sys=0,00s Real=0,00s
[3,934s][info][gc,start    ] GC(34) Pause Young (Normal) (G1 Evacuation Pause)
[3,934s][info][gc,task     ] GC(34) Using 4 workers of 8 for evacuation
[3,935s][info][gc,phases   ] GC(34)   Pre Evacuate Collection Set: 0,0ms
[3,935s][info][gc,phases   ] GC(34)   Merge Heap Roots: 0,0ms
[3,935s][info][gc,phases   ] GC(34)   Evacuate Collection Set: 0,6ms
[3,935s][info][gc,phases   ] GC(34)   Post Evacuate Collection Set: 0,1ms
[3,935s][info][gc,phases   ] GC(34)   Other: 0,1ms
[3,935s][info][gc,heap     ] GC(34) Eden regions: 31->0(28)
[3,935s][info][gc,heap     ] GC(34) Survivor regions: 1->4(4)
[3,935s][info][gc,heap     ] GC(34) Old regions: 22->24
[3,935s][info][gc,heap     ] GC(34) Archive regions: 2->2
[3,935s][info][gc,heap     ] GC(34) Humongous regions: 0->0
[3,935s][info][gc,metaspace] GC(34) Metaspace: 107K(320K)->107K(320K) NonClass: 99K(192K)->99K(192K) Class: 8K(128K)->8K(128K)
[3,935s][info][gc          ] GC(34) Pause Young (Normal) (G1 Evacuation Pause) 54M->28M(64M) 0,904ms
[3,935s][info][gc,cpu      ] GC(34) User=0,00s Sys=0,00s Real=0,00s
[4,038s][info][gc,start    ] GC(35) Pause Young (Normal) (G1 Preventive Collection)
[4,038s][info][gc,task     ] GC(35) Using 4 workers of 8 for evacuation
[4,039s][info][gc,phases   ] GC(35)   Pre Evacuate Collection Set: 0,0ms
[4,039s][info][gc,phases   ] GC(35)   Merge Heap Roots: 0,0ms
[4,039s][info][gc,phases   ] GC(35)   Evacuate Collection Set: 0,2ms
[4,039s][info][gc,phases   ] GC(35)   Post Evacuate Collection Set: 0,1ms
[4,039s][info][gc,phases   ] GC(35)   Other: 0,1ms
[4,039s][info][gc,heap     ] GC(35) Eden regions: 28->0(31)
[4,039s][info][gc,heap     ] GC(35) Survivor regions: 4->1(4)
[4,039s][info][gc,heap     ] GC(35) Old regions: 24->24
[4,039s][info][gc,heap     ] GC(35) Archive regions: 2->2
[4,039s][info][gc,heap     ] GC(35) Humongous regions: 0->0
[4,039s][info][gc,metaspace] GC(35) Metaspace: 107K(320K)->107K(320K) NonClass: 99K(192K)->99K(192K) Class: 8K(128K)->8K(128K)
[4,039s][info][gc          ] GC(35) Pause Young (Normal) (G1 Preventive Collection) 56M->25M(64M) 0,540ms
[4,039s][info][gc,cpu      ] GC(35) User=0,00s Sys=0,00s Real=0,00s
[4,139s][info][gc,start    ] GC(36) Pause Young (Normal) (G1 Evacuation Pause)
[4,139s][info][gc,task     ] GC(36) Using 4 workers of 8 for evacuation
[4,140s][info][gc,phases   ] GC(36)   Pre Evacuate Collection Set: 0,0ms
[4,140s][info][gc,phases   ] GC(36)   Merge Heap Roots: 0,0ms
[4,140s][info][gc,phases   ] GC(36)   Evacuate Collection Set: 0,5ms
[4,140s][info][gc,phases   ] GC(36)   Post Evacuate Collection Set: 0,1ms
[4,140s][info][gc,phases   ] GC(36)   Other: 0,1ms
[4,140s][info][gc,heap     ] GC(36) Eden regions: 31->0(28)
[4,140s][info][gc,heap     ] GC(36) Survivor regions: 1->4(4)
[4,140s][info][gc,heap     ] GC(36) Old regions: 24->25
[4,140s][info][gc,heap     ] GC(36) Archive regions: 2->2
[4,140s][info][gc,heap     ] GC(36) Humongous regions: 0->0
[4,140s][info][gc,metaspace] GC(36) Metaspace: 107K(320K)->107K(320K) NonClass: 99K(192K)->99K(192K) Class: 8K(128K)->8K(128K)
[4,140s][info][gc          ] GC(36) Pause Young (Normal) (G1 Evacuation Pause) 56M->29M(64M) 0,808ms
[4,140s][info][gc,cpu      ] GC(36) User=0,00s Sys=0,00s Real=0,00s
[4,235s][info][gc,start    ] GC(37) Pause Young (Normal) (G1 Preventive Collection)
[4,235s][info][gc,task     ] GC(37) Using 4 workers of 8 for evacuation
[4,236s][info][gc          ] GC(37) To-space exhausted
[4,236s][info][gc,phases   ] GC(37)   Pre Evacuate Collection Set: 0,0ms
[4,236s][info][gc,phases   ] GC(37)   Merge Heap Roots: 0,0ms
[4,236s][info][gc,phases   ] GC(37)   Evacuate Collection Set: 0,7ms
[4,236s][info][gc,phases   ] GC(37)   Post Evacuate Collection Set: 0,1ms
[4,236s][info][gc,phases   ] GC(37)   Other: 0,1ms
[4,236s][info][gc,heap     ] GC(37) Eden regions: 27->0(28)
[4,236s][info][gc,heap     ] GC(37) Survivor regions: 4->4(4)
[4,236s][info][gc,heap     ] GC(37) Old regions: 25->30
[4,236s][info][gc,heap     ] GC(37) Archive regions: 2->2
[4,236s][info][gc,heap     ] GC(37) Humongous regions: 0->0
[4,236s][info][gc,metaspace] GC(37) Metaspace: 107K(320K)->107K(320K) NonClass: 99K(192K)->99K(192K) Class: 8K(128K)->8K(128K)
[4,236s][info][gc          ] GC(37) Pause Young (Normal) (G1 Preventive Collection) 56M->34M(64M) 1,100ms
[4,236s][info][gc,cpu      ] GC(37) User=0,00s Sys=0,00s Real=0,00s
[4,334s][info][gc,start    ] GC(38) Pause Young (Concurrent Start) (G1 Preventive Collection)
[4,334s][info][gc,task     ] GC(38) Using 4 workers of 8 for evacuation
[4,335s][info][gc,phases   ] GC(38)   Pre Evacuate Collection Set: 0,0ms
[4,335s][info][gc,phases   ] GC(38)   Merge Heap Roots: 0,0ms
[4,335s][info][gc,phases   ] GC(38)   Evacuate Collection Set: 0,2ms
[4,335s][info][gc,phases   ] GC(38)   Post Evacuate Collection Set: 0,1ms
[4,335s][info][gc,phases   ] GC(38)   Other: 0,1ms
[4,335s][info][gc,heap     ] GC(38) Eden regions: 21->0(29)
[4,335s][info][gc,heap     ] GC(38) Survivor regions: 4->3(4)
[4,335s][info][gc,heap     ] GC(38) Old regions: 30->31
[4,335s][info][gc,heap     ] GC(38) Archive regions: 2->2
[4,335s][info][gc,heap     ] GC(38) Humongous regions: 0->0
[4,335s][info][gc,metaspace] GC(38) Metaspace: 107K(320K)->107K(320K) NonClass: 99K(192K)->99K(192K) Class: 8K(128K)->8K(128K)
[4,335s][info][gc          ] GC(38) Pause Young (Concurrent Start) (G1 Preventive Collection) 55M->33M(64M) 0,747ms
[4,335s][info][gc,cpu      ] GC(38) User=0,01s Sys=0,00s Real=0,00s
[4,335s][info][gc          ] GC(39) Concurrent Mark Cycle
[4,335s][info][gc,marking  ] GC(39) Concurrent Clear Claimed Marks
[4,335s][info][gc,marking  ] GC(39) Concurrent Clear Claimed Marks 0,011ms
[4,335s][info][gc,marking  ] GC(39) Concurrent Scan Root Regions
[4,335s][info][gc,marking  ] GC(39) Concurrent Scan Root Regions 0,042ms
[4,335s][info][gc,marking  ] GC(39) Concurrent Mark
[4,335s][info][gc,marking  ] GC(39) Concurrent Mark From Roots
[4,335s][info][gc,task     ] GC(39) Using 2 workers of 2 for marking
[4,336s][info][gc,marking  ] GC(39) Concurrent Mark From Roots 1,251ms
[4,336s][info][gc,marking  ] GC(39) Concurrent Preclean
[4,337s][info][gc,marking  ] GC(39) Concurrent Preclean 0,023ms
[4,337s][info][gc,start    ] GC(39) Pause Remark
[4,337s][info][gc          ] GC(39) Pause Remark 39M->22M(64M) 0,242ms
[4,337s][info][gc,cpu      ] GC(39) User=0,00s Sys=0,00s Real=0,00s
[4,337s][info][gc,marking  ] GC(39) Concurrent Mark 1,703ms
[4,337s][info][gc,marking  ] GC(39) Concurrent Rebuild Remembered Sets
[4,337s][info][gc,marking  ] GC(39) Concurrent Rebuild Remembered Sets 0,449ms
[4,337s][info][gc,start    ] GC(39) Pause Cleanup
[4,337s][info][gc          ] GC(39) Pause Cleanup 22M->22M(64M) 0,048ms
[4,337s][info][gc,cpu      ] GC(39) User=0,00s Sys=0,00s Real=0,00s
[4,337s][info][gc,marking  ] GC(39) Concurrent Cleanup for Next Mark
[4,338s][info][gc,marking  ] GC(39) Concurrent Cleanup for Next Mark 0,308ms
[4,338s][info][gc          ] GC(39) Concurrent Mark Cycle 2,748ms
[4,438s][info][gc,start    ] GC(40) Pause Young (Prepare Mixed) (G1 Evacuation Pause)
[4,438s][info][gc,task     ] GC(40) Using 4 workers of 8 for evacuation
[4,439s][info][gc,phases   ] GC(40)   Pre Evacuate Collection Set: 0,0ms
[4,439s][info][gc,phases   ] GC(40)   Merge Heap Roots: 0,0ms
[4,439s][info][gc,phases   ] GC(40)   Evacuate Collection Set: 0,8ms
[4,439s][info][gc,phases   ] GC(40)   Post Evacuate Collection Set: 0,1ms
[4,439s][info][gc,phases   ] GC(40)   Other: 0,2ms
[4,439s][info][gc,heap     ] GC(40) Eden regions: 29->0(28)
[4,439s][info][gc,heap     ] GC(40) Survivor regions: 3->4(4)
[4,439s][info][gc,heap     ] GC(40) Old regions: 14->16
[4,439s][info][gc,heap     ] GC(40) Archive regions: 2->2
[4,439s][info][gc,heap     ] GC(40) Humongous regions: 0->0
[4,439s][info][gc,metaspace] GC(40) Metaspace: 107K(320K)->107K(320K) NonClass: 99K(192K)->99K(192K) Class: 8K(128K)->8K(128K)
[4,439s][info][gc          ] GC(40) Pause Young (Prepare Mixed) (G1 Evacuation Pause) 45M->20M(64M) 1,261ms
[4,439s][info][gc,cpu      ] GC(40) User=0,00s Sys=0,00s Real=0,00s
[4,538s][info][gc,start    ] GC(41) Pause Young (Mixed) (G1 Evacuation Pause)
[4,538s][info][gc,task     ] GC(41) Using 4 workers of 8 for evacuation
[4,539s][info][gc,phases   ] GC(41)   Pre Evacuate Collection Set: 0,0ms
[4,539s][info][gc,phases   ] GC(41)   Merge Heap Roots: 0,0ms
[4,539s][info][gc,phases   ] GC(41)   Evacuate Collection Set: 0,9ms
[4,539s][info][gc,phases   ] GC(41)   Post Evacuate Collection Set: 0,1ms
[4,539s][info][gc,phases   ] GC(41)   Other: 0,1ms
[4,539s][info][gc,heap     ] GC(41) Eden regions: 28->0(28)
[4,539s][info][gc,heap     ] GC(41) Survivor regions: 4->4(4)
[4,539s][info][gc,heap     ] GC(41) Old regions: 16->18
[4,539s][info][gc,heap     ] GC(41) Archive regions: 2->2
[4,539s][info][gc,heap     ] GC(41) Humongous regions: 0->0
[4,539s][info][gc,metaspace] GC(41) Metaspace: 107K(320K)->107K(320K) NonClass: 99K(192K)->99K(192K) Class: 8K(128K)->8K(128K)
[4,539s][info][gc          ] GC(41) Pause Young (Mixed) (G1 Evacuation Pause) 48M->22M(64M) 1,294ms
[4,539s][info][gc,cpu      ] GC(41) User=0,01s Sys=0,00s Real=0,00s
[4,689s][info][gc,start    ] GC(42) Pause Young (Mixed) (G1 Evacuation Pause)
[4,689s][info][gc,task     ] GC(42) Using 4 workers of 8 for evacuation
[4,690s][info][gc,phases   ] GC(42)   Pre Evacuate Collection Set: 0,0ms
[4,690s][info][gc,phases   ] GC(42)   Merge Heap Roots: 0,0ms
[4,690s][info][gc,phases   ] GC(42)   Evacuate Collection Set: 0,2ms
[4,690s][info][gc,phases   ] GC(42)   Post Evacuate Collection Set: 0,1ms
[4,690s][info][gc,phases   ] GC(42)   Other: 0,1ms
[4,690s][info][gc,heap     ] GC(42) Eden regions: 28->0(29)
[4,690s][info][gc,heap     ] GC(42) Survivor regions: 4->3(4)
[4,690s][info][gc,heap     ] GC(42) Old regions: 18->16
[4,690s][info][gc,heap     ] GC(42) Archive regions: 2->2
[4,690s][info][gc,heap     ] GC(42) Humongous regions: 0->0
[4,690s][info][gc,metaspace] GC(42) Metaspace: 113K(320K)->113K(320K) NonClass: 104K(192K)->104K(192K) Class: 8K(128K)->8K(128K)
[4,690s][info][gc          ] GC(42) Pause Young (Mixed) (G1 Evacuation Pause) 50M->19M(64M) 0,586ms
[4,690s][info][gc,cpu      ] GC(42) User=0,00s Sys=0,00s Real=0,00s
[4,790s][info][gc,start    ] GC(43) Pause Young (Mixed) (G1 Evacuation Pause)
[4,790s][info][gc,task     ] GC(43) Using 4 workers of 8 for evacuation
[4,791s][info][gc,phases   ] GC(43)   Pre Evacuate Collection Set: 0,0ms
[4,791s][info][gc,phases   ] GC(43)   Merge Heap Roots: 0,0ms
[4,791s][info][gc,phases   ] GC(43)   Evacuate Collection Set: 0,7ms
[4,791s][info][gc,phases   ] GC(43)   Post Evacuate Collection Set: 0,2ms
[4,791s][info][gc,phases   ] GC(43)   Other: 0,2ms
[4,791s][info][gc,heap     ] GC(43) Eden regions: 29->0(28)
[4,791s][info][gc,heap     ] GC(43) Survivor regions: 3->4(4)
[4,791s][info][gc,heap     ] GC(43) Old regions: 16->17
[4,791s][info][gc,heap     ] GC(43) Archive regions: 2->2
[4,791s][info][gc,heap     ] GC(43) Humongous regions: 0->0
[4,791s][info][gc,metaspace] GC(43) Metaspace: 113K(320K)->113K(320K) NonClass: 104K(192K)->104K(192K) Class: 8K(128K)->8K(128K)
[4,791s][info][gc          ] GC(43) Pause Young (Mixed) (G1 Evacuation Pause) 48M->21M(64M) 1,251ms
[4,791s][info][gc,cpu      ] GC(43) User=0,01s Sys=0,01s Real=0,00s
[4,938s][info][gc,start    ] GC(44) Pause Young (Mixed) (G1 Evacuation Pause)
[4,938s][info][gc,task     ] GC(44) Using 4 workers of 8 for evacuation
[4,938s][info][gc,phases   ] GC(44)   Pre Evacuate Collection Set: 0,0ms
[4,938s][info][gc,phases   ] GC(44)   Merge Heap Roots: 0,0ms
[4,938s][info][gc,phases   ] GC(44)   Evacuate Collection Set: 0,2ms
[4,938s][info][gc,phases   ] GC(44)   Post Evacuate Collection Set: 0,1ms
[4,938s][info][gc,phases   ] GC(44)   Other: 0,1ms
[4,938s][info][gc,heap     ] GC(44) Eden regions: 28->0(31)
[4,938s][info][gc,heap     ] GC(44) Survivor regions: 4->1(4)
[4,938s][info][gc,heap     ] GC(44) Old regions: 17->15
[4,938s][info][gc,heap     ] GC(44) Archive regions: 2->2
[4,938s][info][gc,heap     ] GC(44) Humongous regions: 0->0
[4,938s][info][gc,metaspace] GC(44) Metaspace: 113K(320K)->113K(320K) NonClass: 104K(192K)->104K(192K) Class: 8K(128K)->8K(128K)
[4,938s][info][gc          ] GC(44) Pause Young (Mixed) (G1 Evacuation Pause) 49M->16M(64M) 0,564ms
[4,938s][info][gc,cpu      ] GC(44) User=0,00s Sys=0,00s Real=0,00s
[5,035s][info][gc,start    ] GC(45) Pause Young (Mixed) (G1 Evacuation Pause)
[5,035s][info][gc,task     ] GC(45) Using 4 workers of 8 for evacuation
[5,036s][info][gc,phases   ] GC(45)   Pre Evacuate Collection Set: 0,0ms
[5,036s][info][gc,phases   ] GC(45)   Merge Heap Roots: 0,0ms
[5,036s][info][gc,phases   ] GC(45)   Evacuate Collection Set: 0,8ms
[5,036s][info][gc,phases   ] GC(45)   Post Evacuate Collection Set: 0,1ms
[5,036s][info][gc,phases   ] GC(45)   Other: 0,1ms
[5,036s][info][gc,heap     ] GC(45) Eden regions: 31->0(28)
[5,036s][info][gc,heap     ] GC(45) Survivor regions: 1->4(4)
[5,036s][info][gc,heap     ] GC(45) Old regions: 15->16
[5,036s][info][gc,heap     ] GC(45) Archive regions: 2->2
[5,036s][info][gc,heap     ] GC(45) Humongous regions: 0->0
[5,036s][info][gc,metaspace] GC(45) Metaspace: 113K(320K)->113K(320K) NonClass: 104K(192K)->104K(192K) Class: 8K(128K)->8K(128K)
[5,036s][info][gc          ] GC(45) Pause Young (Mixed) (G1 Evacuation Pause) 47M->20M(64M) 1,236ms
[5,036s][info][gc,cpu      ] GC(45) User=0,00s Sys=0,00s Real=0,00s
[5,138s][info][gc,start    ] GC(46) Pause Young (Normal) (G1 Evacuation Pause)
[5,138s][info][gc,task     ] GC(46) Using 4 workers of 8 for evacuation
[5,139s][info][gc,phases   ] GC(46)   Pre Evacuate Collection Set: 0,0ms
[5,139s][info][gc,phases   ] GC(46)   Merge Heap Roots: 0,0ms
[5,139s][info][gc,phases   ] GC(46)   Evacuate Collection Set: 0,1ms
[5,139s][info][gc,phases   ] GC(46)   Post Evacuate Collection Set: 0,1ms
[5,139s][info][gc,phases   ] GC(46)   Other: 0,1ms
[5,139s][info][gc,heap     ] GC(46) Eden regions: 28->0(31)
[5,139s][info][gc,heap     ] GC(46) Survivor regions: 4->1(4)
[5,139s][info][gc,heap     ] GC(46) Old regions: 16->16
[5,139s][info][gc,heap     ] GC(46) Archive regions: 2->2
[5,139s][info][gc,heap     ] GC(46) Humongous regions: 0->0
[5,139s][info][gc,metaspace] GC(46) Metaspace: 113K(320K)->113K(320K) NonClass: 104K(192K)->104K(192K) Class: 8K(128K)->8K(128K)
[5,139s][info][gc          ] GC(46) Pause Young (Normal) (G1 Evacuation Pause) 48M->16M(64M) 0,476ms
[5,139s][info][gc,cpu      ] GC(46) User=0,00s Sys=0,00s Real=0,00s
[5,238s][info][gc,start    ] GC(47) Pause Young (Normal) (G1 Evacuation Pause)
[5,238s][info][gc,task     ] GC(47) Using 4 workers of 8 for evacuation
[5,239s][info][gc,phases   ] GC(47)   Pre Evacuate Collection Set: 0,0ms
[5,239s][info][gc,phases   ] GC(47)   Merge Heap Roots: 0,0ms
[5,239s][info][gc,phases   ] GC(47)   Evacuate Collection Set: 0,6ms
[5,239s][info][gc,phases   ] GC(47)   Post Evacuate Collection Set: 0,1ms
[5,239s][info][gc,phases   ] GC(47)   Other: 0,1ms
[5,239s][info][gc,heap     ] GC(47) Eden regions: 31->0(28)
[5,239s][info][gc,heap     ] GC(47) Survivor regions: 1->4(4)
[5,239s][info][gc,heap     ] GC(47) Old regions: 16->19
[5,239s][info][gc,heap     ] GC(47) Archive regions: 2->2
[5,239s][info][gc,heap     ] GC(47) Humongous regions: 0->0
[5,239s][info][gc,metaspace] GC(47) Metaspace: 113K(320K)->113K(320K) NonClass: 104K(192K)->104K(192K) Class: 8K(128K)->8K(128K)
[5,239s][info][gc          ] GC(47) Pause Young (Normal) (G1 Evacuation Pause) 47M->23M(64M) 0,946ms
[5,239s][info][gc,cpu      ] GC(47) User=0,00s Sys=0,00s Real=0,00s
[5,384s][info][gc,start    ] GC(48) Pause Young (Normal) (G1 Evacuation Pause)
[5,384s][info][gc,task     ] GC(48) Using 4 workers of 8 for evacuation
[5,384s][info][gc,phases   ] GC(48)   Pre Evacuate Collection Set: 0,0ms
[5,384s][info][gc,phases   ] GC(48)   Merge Heap Roots: 0,0ms
[5,384s][info][gc,phases   ] GC(48)   Evacuate Collection Set: 0,1ms
[5,384s][info][gc,phases   ] GC(48)   Post Evacuate Collection Set: 0,1ms
[5,384s][info][gc,phases   ] GC(48)   Other: 0,1ms
[5,384s][info][gc,heap     ] GC(48) Eden regions: 28->0(31)
[5,384s][info][gc,heap     ] GC(48) Survivor regions: 4->1(4)
[5,384s][info][gc,heap     ] GC(48) Old regions: 19->19
[5,384s][info][gc,heap     ] GC(48) Archive regions: 2->2
[5,384s][info][gc,heap     ] GC(48) Humongous regions: 0->0
[5,384s][info][gc,metaspace] GC(48) Metaspace: 113K(320K)->113K(320K) NonClass: 104K(192K)->104K(192K) Class: 8K(128K)->8K(128K)
[5,384s][info][gc          ] GC(48) Pause Young (Normal) (G1 Evacuation Pause) 51M->19M(64M) 0,553ms
[5,384s][info][gc,cpu      ] GC(48) User=0,00s Sys=0,00s Real=0,00s
[5,489s][info][gc,start    ] GC(49) Pause Young (Normal) (G1 Evacuation Pause)
[5,489s][info][gc,task     ] GC(49) Using 4 workers of 8 for evacuation
[5,490s][info][gc,phases   ] GC(49)   Pre Evacuate Collection Set: 0,0ms
[5,490s][info][gc,phases   ] GC(49)   Merge Heap Roots: 0,0ms
[5,490s][info][gc,phases   ] GC(49)   Evacuate Collection Set: 0,6ms
[5,490s][info][gc,phases   ] GC(49)   Post Evacuate Collection Set: 0,1ms
[5,490s][info][gc,phases   ] GC(49)   Other: 0,1ms
[5,490s][info][gc,heap     ] GC(49) Eden regions: 31->0(28)
[5,490s][info][gc,heap     ] GC(49) Survivor regions: 1->4(4)
[5,490s][info][gc,heap     ] GC(49) Old regions: 19->21
[5,490s][info][gc,heap     ] GC(49) Archive regions: 2->2
[5,490s][info][gc,heap     ] GC(49) Humongous regions: 0->0
[5,490s][info][gc,metaspace] GC(49) Metaspace: 113K(320K)->113K(320K) NonClass: 105K(192K)->105K(192K) Class: 8K(128K)->8K(128K)
[5,490s][info][gc          ] GC(49) Pause Young (Normal) (G1 Evacuation Pause) 50M->25M(64M) 0,945ms
[5,490s][info][gc,cpu      ] GC(49) User=0,00s Sys=0,00s Real=0,00s
[5,589s][info][gc,start    ] GC(50) Pause Young (Normal) (G1 Evacuation Pause)
[5,589s][info][gc,task     ] GC(50) Using 4 workers of 8 for evacuation
[5,590s][info][gc,phases   ] GC(50)   Pre Evacuate Collection Set: 0,0ms
[5,590s][info][gc,phases   ] GC(50)   Merge Heap Roots: 0,0ms
[5,590s][info][gc,phases   ] GC(50)   Evacuate Collection Set: 0,9ms
[5,590s][info][gc,phases   ] GC(50)   Post Evacuate Collection Set: 0,1ms
[5,590s][info][gc,phases   ] GC(50)   Other: 0,1ms
[5,590s][info][gc,heap     ] GC(50) Eden regions: 28->0(28)
[5,590s][info][gc,heap     ] GC(50) Survivor regions: 4->4(4)
[5,590s][info][gc,heap     ] GC(50) Old regions: 21->25
[5,590s][info][gc,heap     ] GC(50) Archive regions: 2->2
[5,590s][info][gc,heap     ] GC(50) Humongous regions: 0->0
[5,590s][info][gc,metaspace] GC(50) Metaspace: 113K(320K)->113K(320K) NonClass: 105K(192K)->105K(192K) Class: 8K(128K)->8K(128K)
[5,590s][info][gc          ] GC(50) Pause Young (Normal) (G1 Evacuation Pause) 53M->29M(64M) 1,213ms
[5,590s][info][gc,cpu      ] GC(50) User=0,00s Sys=0,00s Real=0,00s
[5,688s][info][gc,start    ] GC(51) Pause Young (Normal) (G1 Preventive Collection)
[5,688s][info][gc,task     ] GC(51) Using 4 workers of 8 for evacuation
[5,689s][info][gc,phases   ] GC(51)   Pre Evacuate Collection Set: 0,0ms
[5,689s][info][gc,phases   ] GC(51)   Merge Heap Roots: 0,0ms
[5,689s][info][gc,phases   ] GC(51)   Evacuate Collection Set: 1,0ms
[5,689s][info][gc,phases   ] GC(51)   Post Evacuate Collection Set: 0,1ms
[5,690s][info][gc,phases   ] GC(51)   Other: 0,1ms
[5,690s][info][gc,heap     ] GC(51) Eden regions: 25->0(28)
[5,690s][info][gc,heap     ] GC(51) Survivor regions: 4->4(4)
[5,690s][info][gc,heap     ] GC(51) Old regions: 25->29
[5,690s][info][gc,heap     ] GC(51) Archive regions: 2->2
[5,690s][info][gc,heap     ] GC(51) Humongous regions: 0->0
[5,690s][info][gc,metaspace] GC(51) Metaspace: 113K(320K)->113K(320K) NonClass: 105K(192K)->105K(192K) Class: 8K(128K)->8K(128K)
[5,690s][info][gc          ] GC(51) Pause Young (Normal) (G1 Preventive Collection) 54M->33M(64M) 1,355ms
[5,690s][info][gc,cpu      ] GC(51) User=0,01s Sys=0,00s Real=0,00s
[5,789s][info][gc,start    ] GC(52) Pause Young (Concurrent Start) (G1 Preventive Collection)
[5,789s][info][gc,task     ] GC(52) Using 4 workers of 8 for evacuation
[5,789s][info][gc,phases   ] GC(52)   Pre Evacuate Collection Set: 0,0ms
[5,789s][info][gc,phases   ] GC(52)   Merge Heap Roots: 0,0ms
[5,789s][info][gc,phases   ] GC(52)   Evacuate Collection Set: 0,2ms
[5,789s][info][gc,phases   ] GC(52)   Post Evacuate Collection Set: 0,1ms
[5,789s][info][gc,phases   ] GC(52)   Other: 0,1ms
[5,789s][info][gc,heap     ] GC(52) Eden regions: 20->0(29)
[5,789s][info][gc,heap     ] GC(52) Survivor regions: 4->3(4)
[5,789s][info][gc,heap     ] GC(52) Old regions: 29->29
[5,789s][info][gc,heap     ] GC(52) Archive regions: 2->2
[5,789s][info][gc,heap     ] GC(52) Humongous regions: 0->0
[5,789s][info][gc,metaspace] GC(52) Metaspace: 113K(320K)->113K(320K) NonClass: 105K(192K)->105K(192K) Class: 8K(128K)->8K(128K)
[5,789s][info][gc          ] GC(52) Pause Young (Concurrent Start) (G1 Preventive Collection) 53M->31M(64M) 0,500ms
[5,789s][info][gc,cpu      ] GC(52) User=0,00s Sys=0,00s Real=0,00s
[5,789s][info][gc          ] GC(53) Concurrent Mark Cycle
[5,789s][info][gc,marking  ] GC(53) Concurrent Clear Claimed Marks
[5,789s][info][gc,marking  ] GC(53) Concurrent Clear Claimed Marks 0,008ms
[5,789s][info][gc,marking  ] GC(53) Concurrent Scan Root Regions
[5,789s][info][gc,marking  ] GC(53) Concurrent Scan Root Regions 0,030ms
[5,789s][info][gc,marking  ] GC(53) Concurrent Mark
[5,789s][info][gc,marking  ] GC(53) Concurrent Mark From Roots
[5,789s][info][gc,task     ] GC(53) Using 2 workers of 2 for marking
[5,791s][info][gc,marking  ] GC(53) Concurrent Mark From Roots 1,143ms
[5,791s][info][gc,marking  ] GC(53) Concurrent Preclean
[5,791s][info][gc,marking  ] GC(53) Concurrent Preclean 0,022ms
[5,791s][info][gc,start    ] GC(53) Pause Remark
[5,791s][info][gc          ] GC(53) Pause Remark 37M->20M(64M) 0,236ms
[5,791s][info][gc,cpu      ] GC(53) User=0,00s Sys=0,00s Real=0,00s
[5,791s][info][gc,marking  ] GC(53) Concurrent Mark 1,523ms
[5,791s][info][gc,marking  ] GC(53) Concurrent Rebuild Remembered Sets
[5,791s][info][gc,marking  ] GC(53) Concurrent Rebuild Remembered Sets 0,351ms
[5,791s][info][gc,start    ] GC(53) Pause Cleanup
[5,791s][info][gc          ] GC(53) Pause Cleanup 20M->20M(64M) 0,045ms
[5,791s][info][gc,cpu      ] GC(53) User=0,00s Sys=0,00s Real=0,00s
[5,791s][info][gc,marking  ] GC(53) Concurrent Cleanup for Next Mark
[5,792s][info][gc,marking  ] GC(53) Concurrent Cleanup for Next Mark 0,132ms
[5,792s][info][gc          ] GC(53) Concurrent Mark Cycle 2,242ms
[5,885s][info][gc,start    ] GC(54) Pause Young (Prepare Mixed) (G1 Evacuation Pause)
[5,886s][info][gc,task     ] GC(54) Using 4 workers of 8 for evacuation
[5,887s][info][gc,phases   ] GC(54)   Pre Evacuate Collection Set: 0,1ms
[5,887s][info][gc,phases   ] GC(54)   Merge Heap Roots: 0,0ms
[5,887s][info][gc,phases   ] GC(54)   Evacuate Collection Set: 0,7ms
[5,887s][info][gc,phases   ] GC(54)   Post Evacuate Collection Set: 0,1ms
[5,887s][info][gc,phases   ] GC(54)   Other: 0,1ms
[5,887s][info][gc,heap     ] GC(54) Eden regions: 29->0(28)
[5,887s][info][gc,heap     ] GC(54) Survivor regions: 3->4(4)
[5,887s][info][gc,heap     ] GC(54) Old regions: 12->14
[5,887s][info][gc,heap     ] GC(54) Archive regions: 2->2
[5,887s][info][gc,heap     ] GC(54) Humongous regions: 0->0
[5,887s][info][gc,metaspace] GC(54) Metaspace: 113K(320K)->113K(320K) NonClass: 105K(192K)->105K(192K) Class: 8K(128K)->8K(128K)
[5,887s][info][gc          ] GC(54) Pause Young (Prepare Mixed) (G1 Evacuation Pause) 43M->18M(64M) 1,158ms
[5,887s][info][gc,cpu      ] GC(54) User=0,01s Sys=0,00s Real=0,00s
[6,037s][info][gc,start    ] GC(55) Pause Young (Mixed) (G1 Evacuation Pause)
[6,037s][info][gc,task     ] GC(55) Using 4 workers of 8 for evacuation
[6,037s][info][gc,phases   ] GC(55)   Pre Evacuate Collection Set: 0,0ms
[6,037s][info][gc,phases   ] GC(55)   Merge Heap Roots: 0,0ms
[6,037s][info][gc,phases   ] GC(55)   Evacuate Collection Set: 0,2ms
[6,037s][info][gc,phases   ] GC(55)   Post Evacuate Collection Set: 0,1ms
[6,037s][info][gc,phases   ] GC(55)   Other: 0,1ms
[6,037s][info][gc,heap     ] GC(55) Eden regions: 28->0(30)
[6,037s][info][gc,heap     ] GC(55) Survivor regions: 4->2(4)
[6,037s][info][gc,heap     ] GC(55) Old regions: 14->13
[6,037s][info][gc,heap     ] GC(55) Archive regions: 2->2
[6,037s][info][gc,heap     ] GC(55) Humongous regions: 0->0
[6,037s][info][gc,metaspace] GC(55) Metaspace: 113K(320K)->113K(320K) NonClass: 105K(192K)->105K(192K) Class: 8K(128K)->8K(128K)
[6,037s][info][gc          ] GC(55) Pause Young (Mixed) (G1 Evacuation Pause) 46M->14M(64M) 0,470ms
[6,038s][info][gc,cpu      ] GC(55) User=0,00s Sys=0,00s Real=0,00s
[6,137s][info][gc,start    ] GC(56) Pause Young (Mixed) (G1 Evacuation Pause)
[6,137s][info][gc,task     ] GC(56) Using 4 workers of 8 for evacuation
[6,138s][info][gc,phases   ] GC(56)   Pre Evacuate Collection Set: 0,0ms
[6,138s][info][gc,phases   ] GC(56)   Merge Heap Roots: 0,0ms
[6,138s][info][gc,phases   ] GC(56)   Evacuate Collection Set: 0,4ms
[6,138s][info][gc,phases   ] GC(56)   Post Evacuate Collection Set: 0,1ms
[6,138s][info][gc,phases   ] GC(56)   Other: 0,1ms
[6,138s][info][gc,heap     ] GC(56) Eden regions: 30->0(28)
[6,138s][info][gc,heap     ] GC(56) Survivor regions: 2->4(4)
[6,138s][info][gc,heap     ] GC(56) Old regions: 13->12
[6,138s][info][gc,heap     ] GC(56) Archive regions: 2->2
[6,138s][info][gc,heap     ] GC(56) Humongous regions: 0->0
[6,138s][info][gc,metaspace] GC(56) Metaspace: 113K(320K)->113K(320K) NonClass: 105K(192K)->105K(192K) Class: 8K(128K)->8K(128K)
[6,138s][info][gc          ] GC(56) Pause Young (Mixed) (G1 Evacuation Pause) 44M->16M(64M) 0,760ms
[6,138s][info][gc,cpu      ] GC(56) User=0,00s Sys=0,00s Real=0,00s
[6,236s][info][gc,start    ] GC(57) Pause Young (Mixed) (G1 Evacuation Pause)
[6,236s][info][gc,task     ] GC(57) Using 4 workers of 8 for evacuation
[6,237s][info][gc,phases   ] GC(57)   Pre Evacuate Collection Set: 0,0ms
[6,237s][info][gc,phases   ] GC(57)   Merge Heap Roots: 0,0ms
[6,237s][info][gc,phases   ] GC(57)   Evacuate Collection Set: 0,8ms
[6,237s][info][gc,phases   ] GC(57)   Post Evacuate Collection Set: 0,1ms
[6,237s][info][gc,phases   ] GC(57)   Other: 0,1ms
[6,237s][info][gc,heap     ] GC(57) Eden regions: 28->0(28)
[6,237s][info][gc,heap     ] GC(57) Survivor regions: 4->4(4)
[6,237s][info][gc,heap     ] GC(57) Old regions: 12->15
[6,237s][info][gc,heap     ] GC(57) Archive regions: 2->2
[6,237s][info][gc,heap     ] GC(57) Humongous regions: 0->0
[6,237s][info][gc,metaspace] GC(57) Metaspace: 113K(320K)->113K(320K) NonClass: 105K(192K)->105K(192K) Class: 8K(128K)->8K(128K)
[6,237s][info][gc          ] GC(57) Pause Young (Mixed) (G1 Evacuation Pause) 44M->19M(64M) 1,138ms
[6,237s][info][gc,cpu      ] GC(57) User=0,00s Sys=0,00s Real=0,00s
[6,338s][info][gc,start    ] GC(58) Pause Young (Mixed) (G1 Evacuation Pause)
[6,338s][info][gc,task     ] GC(58) Using 4 workers of 8 for evacuation
[6,339s][info][gc,phases   ] GC(58)   Pre Evacuate Collection Set: 0,0ms
[6,339s][info][gc,phases   ] GC(58)   Merge Heap Roots: 0,0ms
[6,339s][info][gc,phases   ] GC(58)   Evacuate Collection Set: 0,1ms
[6,339s][info][gc,phases   ] GC(58)   Post Evacuate Collection Set: 0,1ms
[6,339s][info][gc,phases   ] GC(58)   Other: 0,1ms
[6,339s][info][gc,heap     ] GC(58) Eden regions: 28->0(30)
[6,339s][info][gc,heap     ] GC(58) Survivor regions: 4->2(4)
[6,339s][info][gc,heap     ] GC(58) Old regions: 15->14
[6,339s][info][gc,heap     ] GC(58) Archive regions: 2->2
[6,339s][info][gc,heap     ] GC(58) Humongous regions: 0->0
[6,339s][info][gc,metaspace] GC(58) Metaspace: 113K(320K)->113K(320K) NonClass: 105K(192K)->105K(192K) Class: 8K(128K)->8K(128K)
[6,339s][info][gc          ] GC(58) Pause Young (Mixed) (G1 Evacuation Pause) 47M->16M(64M) 0,490ms
[6,339s][info][gc,cpu      ] GC(58) User=0,00s Sys=0,00s Real=0,00s
[6,435s][info][gc,start    ] GC(59) Pause Young (Mixed) (G1 Evacuation Pause)
[6,435s][info][gc,task     ] GC(59) Using 4 workers of 8 for evacuation
[6,436s][info][gc,phases   ] GC(59)   Pre Evacuate Collection Set: 0,0ms
[6,436s][info][gc,phases   ] GC(59)   Merge Heap Roots: 0,0ms
[6,436s][info][gc,phases   ] GC(59)   Evacuate Collection Set: 0,8ms
[6,436s][info][gc,phases   ] GC(59)   Post Evacuate Collection Set: 0,1ms
[6,436s][info][gc,phases   ] GC(59)   Other: 0,1ms
[6,436s][info][gc,heap     ] GC(59) Eden regions: 30->0(28)
[6,436s][info][gc,heap     ] GC(59) Survivor regions: 2->4(4)
[6,436s][info][gc,heap     ] GC(59) Old regions: 14->16
[6,436s][info][gc,heap     ] GC(59) Archive regions: 2->2
[6,436s][info][gc,heap     ] GC(59) Humongous regions: 0->0
[6,436s][info][gc,metaspace] GC(59) Metaspace: 113K(320K)->113K(320K) NonClass: 105K(192K)->105K(192K) Class: 8K(128K)->8K(128K)
[6,436s][info][gc          ] GC(59) Pause Young (Mixed) (G1 Evacuation Pause) 46M->20M(64M) 1,197ms
[6,437s][info][gc,cpu      ] GC(59) User=0,01s Sys=0,00s Real=0,00s
[6,588s][info][gc,start    ] GC(60) Pause Young (Mixed) (G1 Evacuation Pause)
[6,588s][info][gc,task     ] GC(60) Using 4 workers of 8 for evacuation
[6,589s][info][gc,phases   ] GC(60)   Pre Evacuate Collection Set: 0,0ms
[6,589s][info][gc,phases   ] GC(60)   Merge Heap Roots: 0,0ms
[6,589s][info][gc,phases   ] GC(60)   Evacuate Collection Set: 0,1ms
[6,589s][info][gc,phases   ] GC(60)   Post Evacuate Collection Set: 0,1ms
[6,589s][info][gc,phases   ] GC(60)   Other: 0,1ms
[6,589s][info][gc,heap     ] GC(60) Eden regions: 28->0(31)
[6,589s][info][gc,heap     ] GC(60) Survivor regions: 4->1(4)
[6,589s][info][gc,heap     ] GC(60) Old regions: 16->15
[6,589s][info][gc,heap     ] GC(60) Archive regions: 2->2
[6,589s][info][gc,heap     ] GC(60) Humongous regions: 0->0
[6,589s][info][gc,metaspace] GC(60) Metaspace: 113K(320K)->113K(320K) NonClass: 105K(192K)->105K(192K) Class: 8K(128K)->8K(128K)
[6,589s][info][gc          ] GC(60) Pause Young (Mixed) (G1 Evacuation Pause) 48M->15M(64M) 0,450ms
[6,589s][info][gc,cpu      ] GC(60) User=0,00s Sys=0,00s Real=0,00s
[6,689s][info][gc,start    ] GC(61) Pause Young (Mixed) (G1 Evacuation Pause)
[6,689s][info][gc,task     ] GC(61) Using 4 workers of 8 for evacuation
[6,690s][info][gc,phases   ] GC(61)   Pre Evacuate Collection Set: 0,0ms
[6,690s][info][gc,phases   ] GC(61)   Merge Heap Roots: 0,0ms
[6,690s][info][gc,phases   ] GC(61)   Evacuate Collection Set: 0,5ms
[6,690s][info][gc,phases   ] GC(61)   Post Evacuate Collection Set: 0,1ms
[6,690s][info][gc,phases   ] GC(61)   Other: 0,1ms
[6,690s][info][gc,heap     ] GC(61) Eden regions: 31->0(28)
[6,690s][info][gc,heap     ] GC(61) Survivor regions: 1->4(4)
[6,690s][info][gc,heap     ] GC(61) Old regions: 15->16
[6,690s][info][gc,heap     ] GC(61) Archive regions: 2->2
[6,690s][info][gc,heap     ] GC(61) Humongous regions: 0->0
[6,690s][info][gc,metaspace] GC(61) Metaspace: 113K(320K)->113K(320K) NonClass: 105K(192K)->105K(192K) Class: 8K(128K)->8K(128K)
[6,690s][info][gc          ] GC(61) Pause Young (Mixed) (G1 Evacuation Pause) 46M->20M(64M) 0,867ms
[6,690s][info][gc,cpu      ] GC(61) User=0,00s Sys=0,01s Real=0,00s
[6,789s][info][gc,start    ] GC(62) Pause Young (Mixed) (G1 Evacuation Pause)
[6,789s][info][gc,task     ] GC(62) Using 4 workers of 8 for evacuation
[6,790s][info][gc,phases   ] GC(62)   Pre Evacuate Collection Set: 0,0ms
[6,790s][info][gc,phases   ] GC(62)   Merge Heap Roots: 0,0ms
[6,790s][info][gc,phases   ] GC(62)   Evacuate Collection Set: 0,2ms
[6,790s][info][gc,phases   ] GC(62)   Post Evacuate Collection Set: 0,2ms
[6,790s][info][gc,phases   ] GC(62)   Other: 0,1ms
[6,790s][info][gc,heap     ] GC(62) Eden regions: 28->0(31)
[6,790s][info][gc,heap     ] GC(62) Survivor regions: 4->1(4)
[6,790s][info][gc,heap     ] GC(62) Old regions: 16->15
[6,790s][info][gc,heap     ] GC(62) Archive regions: 2->2
[6,790s][info][gc,heap     ] GC(62) Humongous regions: 0->0
[6,790s][info][gc,metaspace] GC(62) Metaspace: 114K(320K)->114K(320K) NonClass: 105K(192K)->105K(192K) Class: 8K(128K)->8K(128K)
[6,790s][info][gc          ] GC(62) Pause Young (Mixed) (G1 Evacuation Pause) 48M->16M(64M) 0,649ms
[6,790s][info][gc,cpu      ] GC(62) User=0,00s Sys=0,00s Real=0,00s
[6,938s][info][gc,start    ] GC(63) Pause Young (Normal) (G1 Evacuation Pause)
[6,938s][info][gc,task     ] GC(63) Using 4 workers of 8 for evacuation
[6,939s][info][gc,phases   ] GC(63)   Pre Evacuate Collection Set: 0,0ms
[6,939s][info][gc,phases   ] GC(63)   Merge Heap Roots: 0,0ms
[6,939s][info][gc,phases   ] GC(63)   Evacuate Collection Set: 0,6ms
[6,939s][info][gc,phases   ] GC(63)   Post Evacuate Collection Set: 0,1ms
[6,939s][info][gc,phases   ] GC(63)   Other: 0,1ms
[6,939s][info][gc,heap     ] GC(63) Eden regions: 31->0(28)
[6,939s][info][gc,heap     ] GC(63) Survivor regions: 1->4(4)
[6,939s][info][gc,heap     ] GC(63) Old regions: 15->17
[6,939s][info][gc,heap     ] GC(63) Archive regions: 2->2
[6,939s][info][gc,heap     ] GC(63) Humongous regions: 0->0
[6,939s][info][gc,metaspace] GC(63) Metaspace: 116K(320K)->116K(320K) NonClass: 108K(192K)->108K(192K) Class: 8K(128K)->8K(128K)
[6,939s][info][gc          ] GC(63) Pause Young (Normal) (G1 Evacuation Pause) 47M->21M(64M) 0,948ms
[6,939s][info][gc,cpu      ] GC(63) User=0,00s Sys=0,00s Real=0,00s
[7,036s][info][gc,start    ] GC(64) Pause Young (Normal) (G1 Evacuation Pause)
[7,036s][info][gc,task     ] GC(64) Using 4 workers of 8 for evacuation
[7,036s][info][gc,phases   ] GC(64)   Pre Evacuate Collection Set: 0,0ms
[7,036s][info][gc,phases   ] GC(64)   Merge Heap Roots: 0,0ms
[7,036s][info][gc,phases   ] GC(64)   Evacuate Collection Set: 0,1ms
[7,036s][info][gc,phases   ] GC(64)   Post Evacuate Collection Set: 0,1ms
[7,036s][info][gc,phases   ] GC(64)   Other: 0,1ms
[7,036s][info][gc,heap     ] GC(64) Eden regions: 28->0(31)
[7,036s][info][gc,heap     ] GC(64) Survivor regions: 4->1(4)
[7,036s][info][gc,heap     ] GC(64) Old regions: 17->17
[7,036s][info][gc,heap     ] GC(64) Archive regions: 2->2
[7,036s][info][gc,heap     ] GC(64) Humongous regions: 0->0
[7,036s][info][gc,metaspace] GC(64) Metaspace: 116K(320K)->116K(320K) NonClass: 108K(192K)->108K(192K) Class: 8K(128K)->8K(128K)
[7,036s][info][gc          ] GC(64) Pause Young (Normal) (G1 Evacuation Pause) 49M->18M(64M) 0,536ms
[7,036s][info][gc,cpu      ] GC(64) User=0,00s Sys=0,00s Real=0,00s
[7,136s][info][gc,start    ] GC(65) Pause Young (Normal) (G1 Evacuation Pause)
[7,136s][info][gc,task     ] GC(65) Using 4 workers of 8 for evacuation
[7,137s][info][gc,phases   ] GC(65)   Pre Evacuate Collection Set: 0,0ms
[7,137s][info][gc,phases   ] GC(65)   Merge Heap Roots: 0,0ms
[7,137s][info][gc,phases   ] GC(65)   Evacuate Collection Set: 0,6ms
[7,137s][info][gc,phases   ] GC(65)   Post Evacuate Collection Set: 0,1ms
[7,137s][info][gc,phases   ] GC(65)   Other: 0,1ms
[7,137s][info][gc,heap     ] GC(65) Eden regions: 31->0(28)
[7,137s][info][gc,heap     ] GC(65) Survivor regions: 1->4(4)
[7,137s][info][gc,heap     ] GC(65) Old regions: 17->19
[7,137s][info][gc,heap     ] GC(65) Archive regions: 2->2
[7,137s][info][gc,heap     ] GC(65) Humongous regions: 0->0
[7,137s][info][gc,metaspace] GC(65) Metaspace: 116K(320K)->116K(320K) NonClass: 108K(192K)->108K(192K) Class: 8K(128K)->8K(128K)
[7,137s][info][gc          ] GC(65) Pause Young (Normal) (G1 Evacuation Pause) 49M->22M(64M) 0,878ms
[7,137s][info][gc,cpu      ] GC(65) User=0,00s Sys=0,00s Real=0,00s
[7,288s][info][gc,start    ] GC(66) Pause Young (Normal) (G1 Evacuation Pause)
[7,288s][info][gc,task     ] GC(66) Using 4 workers of 8 for evacuation
[7,288s][info][gc,phases   ] GC(66)   Pre Evacuate Collection Set: 0,0ms
[7,288s][info][gc,phases   ] GC(66)   Merge Heap Roots: 0,0ms
[7,288s][info][gc,phases   ] GC(66)   Evacuate Collection Set: 0,2ms
[7,288s][info][gc,phases   ] GC(66)   Post Evacuate Collection Set: 0,1ms
[7,288s][info][gc,phases   ] GC(66)   Other: 0,1ms
[7,288s][info][gc,heap     ] GC(66) Eden regions: 28->0(31)
[7,288s][info][gc,heap     ] GC(66) Survivor regions: 4->1(4)
[7,288s][info][gc,heap     ] GC(66) Old regions: 19->19
[7,288s][info][gc,heap     ] GC(66) Archive regions: 2->2
[7,288s][info][gc,heap     ] GC(66) Humongous regions: 0->0
[7,289s][info][gc,metaspace] GC(66) Metaspace: 116K(320K)->116K(320K) NonClass: 108K(192K)->108K(192K) Class: 8K(128K)->8K(128K)
[7,289s][info][gc          ] GC(66) Pause Young (Normal) (G1 Evacuation Pause) 50M->19M(64M) 0,551ms
[7,289s][info][gc,cpu      ] GC(66) User=0,00s Sys=0,00s Real=0,00s
[7,386s][info][gc,start    ] GC(67) Pause Young (Normal) (G1 Evacuation Pause)
[7,386s][info][gc,task     ] GC(67) Using 4 workers of 8 for evacuation
[7,387s][info][gc,phases   ] GC(67)   Pre Evacuate Collection Set: 0,0ms
[7,387s][info][gc,phases   ] GC(67)   Merge Heap Roots: 0,0ms
[7,387s][info][gc,phases   ] GC(67)   Evacuate Collection Set: 0,6ms
[7,387s][info][gc,phases   ] GC(67)   Post Evacuate Collection Set: 0,1ms
[7,387s][info][gc,phases   ] GC(67)   Other: 0,1ms
[7,387s][info][gc,heap     ] GC(67) Eden regions: 31->0(28)
[7,387s][info][gc,heap     ] GC(67) Survivor regions: 1->4(4)
[7,387s][info][gc,heap     ] GC(67) Old regions: 19->20
[7,387s][info][gc,heap     ] GC(67) Archive regions: 2->2
[7,387s][info][gc,heap     ] GC(67) Humongous regions: 0->0
[7,387s][info][gc,metaspace] GC(67) Metaspace: 116K(320K)->116K(320K) NonClass: 108K(192K)->108K(192K) Class: 8K(128K)->8K(128K)
[7,387s][info][gc          ] GC(67) Pause Young (Normal) (G1 Evacuation Pause) 50M->24M(64M) 1,020ms
[7,387s][info][gc,cpu      ] GC(67) User=0,00s Sys=0,00s Real=0,00s
[7,537s][info][gc,start    ] GC(68) Pause Young (Concurrent Start) (G1 Evacuation Pause)
[7,537s][info][gc,task     ] GC(68) Using 4 workers of 8 for evacuation
[7,537s][info][gc,phases   ] GC(68)   Pre Evacuate Collection Set: 0,0ms
[7,537s][info][gc,phases   ] GC(68)   Merge Heap Roots: 0,0ms
[7,537s][info][gc,phases   ] GC(68)   Evacuate Collection Set: 0,1ms
[7,537s][info][gc,phases   ] GC(68)   Post Evacuate Collection Set: 0,1ms
[7,537s][info][gc,phases   ] GC(68)   Other: 0,1ms
[7,537s][info][gc,heap     ] GC(68) Eden regions: 28->0(31)
[7,537s][info][gc,heap     ] GC(68) Survivor regions: 4->1(4)
[7,537s][info][gc,heap     ] GC(68) Old regions: 20->20
[7,537s][info][gc,heap     ] GC(68) Archive regions: 2->2
[7,537s][info][gc,heap     ] GC(68) Humongous regions: 0->0
[7,537s][info][gc,metaspace] GC(68) Metaspace: 116K(320K)->116K(320K) NonClass: 108K(192K)->108K(192K) Class: 8K(128K)->8K(128K)
[7,537s][info][gc          ] GC(68) Pause Young (Concurrent Start) (G1 Evacuation Pause) 52M->20M(64M) 0,472ms
[7,537s][info][gc,cpu      ] GC(68) User=0,00s Sys=0,00s Real=0,00s
[7,537s][info][gc          ] GC(69) Concurrent Mark Cycle
[7,537s][info][gc,marking  ] GC(69) Concurrent Clear Claimed Marks
[7,537s][info][gc,marking  ] GC(69) Concurrent Clear Claimed Marks 0,007ms
[7,537s][info][gc,marking  ] GC(69) Concurrent Scan Root Regions
[7,537s][info][gc,marking  ] GC(69) Concurrent Scan Root Regions 0,046ms
[7,537s][info][gc,marking  ] GC(69) Concurrent Mark
[7,537s][info][gc,marking  ] GC(69) Concurrent Mark From Roots
[7,538s][info][gc,task     ] GC(69) Using 2 workers of 2 for marking
[7,539s][info][gc,marking  ] GC(69) Concurrent Mark From Roots 1,343ms
[7,539s][info][gc,marking  ] GC(69) Concurrent Preclean
[7,539s][info][gc,marking  ] GC(69) Concurrent Preclean 0,024ms
[7,539s][info][gc,start    ] GC(69) Pause Remark
[7,539s][info][gc          ] GC(69) Pause Remark 39M->30M(64M) 0,175ms
[7,539s][info][gc,cpu      ] GC(69) User=0,00s Sys=0,00s Real=0,00s
[7,539s][info][gc,marking  ] GC(69) Concurrent Mark 1,709ms
[7,539s][info][gc,marking  ] GC(69) Concurrent Rebuild Remembered Sets
[7,540s][info][gc,marking  ] GC(69) Concurrent Rebuild Remembered Sets 0,371ms
[7,540s][info][gc,start    ] GC(69) Pause Cleanup
[7,540s][info][gc          ] GC(69) Pause Cleanup 30M->30M(64M) 0,049ms
[7,540s][info][gc,cpu      ] GC(69) User=0,00s Sys=0,00s Real=0,00s
[7,540s][info][gc,marking  ] GC(69) Concurrent Cleanup for Next Mark
[7,540s][info][gc,marking  ] GC(69) Concurrent Cleanup for Next Mark 0,141ms
[7,540s][info][gc          ] GC(69) Concurrent Mark Cycle 2,500ms
[7,639s][info][gc,start    ] GC(70) Pause Young (Prepare Mixed) (G1 Evacuation Pause)
[7,639s][info][gc,task     ] GC(70) Using 4 workers of 8 for evacuation
[7,639s][info][gc,phases   ] GC(70)   Pre Evacuate Collection Set: 0,0ms
[7,639s][info][gc,phases   ] GC(70)   Merge Heap Roots: 0,0ms
[7,639s][info][gc,phases   ] GC(70)   Evacuate Collection Set: 0,4ms
[7,639s][info][gc,phases   ] GC(70)   Post Evacuate Collection Set: 0,1ms
[7,639s][info][gc,phases   ] GC(70)   Other: 0,1ms
[7,639s][info][gc,heap     ] GC(70) Eden regions: 31->0(28)
[7,639s][info][gc,heap     ] GC(70) Survivor regions: 1->4(4)
[7,639s][info][gc,heap     ] GC(70) Old regions: 11->12
[7,639s][info][gc,heap     ] GC(70) Archive regions: 2->2
[7,639s][info][gc,heap     ] GC(70) Humongous regions: 0->0
[7,639s][info][gc,metaspace] GC(70) Metaspace: 116K(320K)->116K(320K) NonClass: 108K(192K)->108K(192K) Class: 8K(128K)->8K(128K)
[7,639s][info][gc          ] GC(70) Pause Young (Prepare Mixed) (G1 Evacuation Pause) 42M->16M(64M) 0,677ms
[7,639s][info][gc,cpu      ] GC(70) User=0,00s Sys=0,00s Real=0,00s
[7,736s][info][gc,start    ] GC(71) Pause Young (Mixed) (G1 Evacuation Pause)
[7,736s][info][gc,task     ] GC(71) Using 4 workers of 8 for evacuation
[7,737s][info][gc,phases   ] GC(71)   Pre Evacuate Collection Set: 0,0ms
[7,737s][info][gc,phases   ] GC(71)   Merge Heap Roots: 0,0ms
[7,737s][info][gc,phases   ] GC(71)   Evacuate Collection Set: 0,8ms
[7,737s][info][gc,phases   ] GC(71)   Post Evacuate Collection Set: 0,2ms
[7,737s][info][gc,phases   ] GC(71)   Other: 0,1ms
[7,737s][info][gc,heap     ] GC(71) Eden regions: 28->0(28)
[7,738s][info][gc,heap     ] GC(71) Survivor regions: 4->4(4)
[7,738s][info][gc,heap     ] GC(71) Old regions: 12->15
[7,738s][info][gc,heap     ] GC(71) Archive regions: 2->2
[7,738s][info][gc,heap     ] GC(71) Humongous regions: 0->0
[7,738s][info][gc,metaspace] GC(71) Metaspace: 116K(320K)->116K(320K) NonClass: 108K(192K)->108K(192K) Class: 8K(128K)->8K(128K)
[7,738s][info][gc          ] GC(71) Pause Young (Mixed) (G1 Evacuation Pause) 44M->19M(64M) 1,246ms
[7,738s][info][gc,cpu      ] GC(71) User=0,01s Sys=0,00s Real=0,00s
[7,837s][info][gc,start    ] GC(72) Pause Young (Mixed) (G1 Evacuation Pause)
[7,838s][info][gc,task     ] GC(72) Using 4 workers of 8 for evacuation
[7,838s][info][gc,phases   ] GC(72)   Pre Evacuate Collection Set: 0,0ms
[7,838s][info][gc,phases   ] GC(72)   Merge Heap Roots: 0,0ms
[7,838s][info][gc,phases   ] GC(72)   Evacuate Collection Set: 0,3ms
[7,838s][info][gc,phases   ] GC(72)   Post Evacuate Collection Set: 0,2ms
[7,838s][info][gc,phases   ] GC(72)   Other: 0,1ms
[7,838s][info][gc,heap     ] GC(72) Eden regions: 28->0(30)
[7,838s][info][gc,heap     ] GC(72) Survivor regions: 4->2(4)
[7,838s][info][gc,heap     ] GC(72) Old regions: 15->14
[7,838s][info][gc,heap     ] GC(72) Archive regions: 2->2
[7,838s][info][gc,heap     ] GC(72) Humongous regions: 0->0
[7,838s][info][gc,metaspace] GC(72) Metaspace: 116K(320K)->116K(320K) NonClass: 108K(192K)->108K(192K) Class: 8K(128K)->8K(128K)
[7,838s][info][gc          ] GC(72) Pause Young (Mixed) (G1 Evacuation Pause) 47M->15M(64M) 0,769ms
[7,838s][info][gc,cpu      ] GC(72) User=0,00s Sys=0,00s Real=0,00s
[7,938s][info][gc,start    ] GC(73) Pause Young (Mixed) (G1 Evacuation Pause)
[7,939s][info][gc,task     ] GC(73) Using 4 workers of 8 for evacuation
[7,939s][info][gc,phases   ] GC(73)   Pre Evacuate Collection Set: 0,0ms
[7,940s][info][gc,phases   ] GC(73)   Merge Heap Roots: 0,0ms
[7,940s][info][gc,phases   ] GC(73)   Evacuate Collection Set: 0,7ms
[7,940s][info][gc,phases   ] GC(73)   Post Evacuate Collection Set: 0,1ms
[7,940s][info][gc,phases   ] GC(73)   Other: 0,1ms
[7,940s][info][gc,heap     ] GC(73) Eden regions: 30->0(28)
[7,940s][info][gc,heap     ] GC(73) Survivor regions: 2->4(4)
[7,940s][info][gc,heap     ] GC(73) Old regions: 14->16
[7,940s][info][gc,heap     ] GC(73) Archive regions: 2->2
[7,940s][info][gc,heap     ] GC(73) Humongous regions: 0->0
[7,940s][info][gc,metaspace] GC(73) Metaspace: 116K(320K)->116K(320K) NonClass: 108K(192K)->108K(192K) Class: 8K(128K)->8K(128K)
[7,940s][info][gc          ] GC(73) Pause Young (Mixed) (G1 Evacuation Pause) 45M->20M(64M) 1,143ms
[7,940s][info][gc,cpu      ] GC(73) User=0,00s Sys=0,00s Real=0,00s
[8,088s][info][gc,start    ] GC(74) Pause Young (Mixed) (G1 Evacuation Pause)
[8,088s][info][gc,task     ] GC(74) Using 4 workers of 8 for evacuation
[8,088s][info][gc,phases   ] GC(74)   Pre Evacuate Collection Set: 0,0ms
[8,088s][info][gc,phases   ] GC(74)   Merge Heap Roots: 0,0ms
[8,088s][info][gc,phases   ] GC(74)   Evacuate Collection Set: 0,1ms
[8,088s][info][gc,phases   ] GC(74)   Post Evacuate Collection Set: 0,1ms
[8,088s][info][gc,phases   ] GC(74)   Other: 0,1ms
[8,088s][info][gc,heap     ] GC(74) Eden regions: 28->0(31)
[8,088s][info][gc,heap     ] GC(74) Survivor regions: 4->1(4)
[8,088s][info][gc,heap     ] GC(74) Old regions: 16->15
[8,088s][info][gc,heap     ] GC(74) Archive regions: 2->2
[8,088s][info][gc,heap     ] GC(74) Humongous regions: 0->0
[8,088s][info][gc,metaspace] GC(74) Metaspace: 116K(320K)->116K(320K) NonClass: 108K(192K)->108K(192K) Class: 8K(128K)->8K(128K)
[8,088s][info][gc          ] GC(74) Pause Young (Mixed) (G1 Evacuation Pause) 48M->15M(64M) 0,403ms
[8,088s][info][gc,cpu      ] GC(74) User=0,00s Sys=0,00s Real=0,00s
[8,186s][info][gc,start    ] GC(75) Pause Young (Mixed) (G1 Evacuation Pause)
[8,186s][info][gc,task     ] GC(75) Using 4 workers of 8 for evacuation
[8,187s][info][gc,phases   ] GC(75)   Pre Evacuate Collection Set: 0,0ms
[8,187s][info][gc,phases   ] GC(75)   Merge Heap Roots: 0,1ms
[8,187s][info][gc,phases   ] GC(75)   Evacuate Collection Set: 0,7ms
[8,187s][info][gc,phases   ] GC(75)   Post Evacuate Collection Set: 0,1ms
[8,187s][info][gc,phases   ] GC(75)   Other: 0,1ms
[8,187s][info][gc,heap     ] GC(75) Eden regions: 31->0(28)
[8,187s][info][gc,heap     ] GC(75) Survivor regions: 1->4(4)
[8,187s][info][gc,heap     ] GC(75) Old regions: 15->16
[8,187s][info][gc,heap     ] GC(75) Archive regions: 2->2
[8,187s][info][gc,heap     ] GC(75) Humongous regions: 0->0
[8,187s][info][gc,metaspace] GC(75) Metaspace: 116K(320K)->116K(320K) NonClass: 108K(192K)->108K(192K) Class: 8K(128K)->8K(128K)
[8,188s][info][gc          ] GC(75) Pause Young (Mixed) (G1 Evacuation Pause) 46M->20M(64M) 1,045ms
[8,188s][info][gc,cpu      ] GC(75) User=0,00s Sys=0,00s Real=0,00s
[8,288s][info][gc,start    ] GC(76) Pause Young (Mixed) (G1 Evacuation Pause)
[8,288s][info][gc,task     ] GC(76) Using 4 workers of 8 for evacuation
[8,288s][info][gc,phases   ] GC(76)   Pre Evacuate Collection Set: 0,0ms
[8,288s][info][gc,phases   ] GC(76)   Merge Heap Roots: 0,0ms
[8,288s][info][gc,phases   ] GC(76)   Evacuate Collection Set: 0,2ms
[8,288s][info][gc,phases   ] GC(76)   Post Evacuate Collection Set: 0,1ms
[8,288s][info][gc,phases   ] GC(76)   Other: 0,1ms
[8,288s][info][gc,heap     ] GC(76) Eden regions: 28->0(31)
[8,288s][info][gc,heap     ] GC(76) Survivor regions: 4->1(4)
[8,288s][info][gc,heap     ] GC(76) Old regions: 16->15
[8,288s][info][gc,heap     ] GC(76) Archive regions: 2->2
[8,288s][info][gc,heap     ] GC(76) Humongous regions: 0->0
[8,288s][info][gc,metaspace] GC(76) Metaspace: 116K(320K)->116K(320K) NonClass: 108K(192K)->108K(192K) Class: 8K(128K)->8K(128K)
[8,288s][info][gc          ] GC(76) Pause Young (Mixed) (G1 Evacuation Pause) 48M->16M(64M) 0,540ms
[8,288s][info][gc,cpu      ] GC(76) User=0,00s Sys=0,00s Real=0,00s
[8,438s][info][gc,start    ] GC(77) Pause Young (Mixed) (G1 Evacuation Pause)
[8,438s][info][gc,task     ] GC(77) Using 4 workers of 8 for evacuation
[8,439s][info][gc,phases   ] GC(77)   Pre Evacuate Collection Set: 0,1ms
[8,439s][info][gc,phases   ] GC(77)   Merge Heap Roots: 0,0ms
[8,439s][info][gc,phases   ] GC(77)   Evacuate Collection Set: 0,8ms
[8,439s][info][gc,phases   ] GC(77)   Post Evacuate Collection Set: 0,1ms
[8,439s][info][gc,phases   ] GC(77)   Other: 0,1ms
[8,439s][info][gc,heap     ] GC(77) Eden regions: 31->0(28)
[8,439s][info][gc,heap     ] GC(77) Survivor regions: 1->4(4)
[8,439s][info][gc,heap     ] GC(77) Old regions: 15->16
[8,439s][info][gc,heap     ] GC(77) Archive regions: 2->2
[8,439s][info][gc,heap     ] GC(77) Humongous regions: 0->0
[8,439s][info][gc,metaspace] GC(77) Metaspace: 116K(320K)->116K(320K) NonClass: 108K(192K)->108K(192K) Class: 8K(128K)->8K(128K)
[8,439s][info][gc          ] GC(77) Pause Young (Mixed) (G1 Evacuation Pause) 47M->20M(64M) 1,238ms
[8,439s][info][gc,cpu      ] GC(77) User=0,01s Sys=0,00s Real=0,00s
[8,539s][info][gc,start    ] GC(78) Pause Young (Normal) (G1 Evacuation Pause)
[8,539s][info][gc,task     ] GC(78) Using 4 workers of 8 for evacuation
[8,539s][info][gc,phases   ] GC(78)   Pre Evacuate Collection Set: 0,0ms
[8,539s][info][gc,phases   ] GC(78)   Merge Heap Roots: 0,0ms
[8,539s][info][gc,phases   ] GC(78)   Evacuate Collection Set: 0,1ms
[8,539s][info][gc,phases   ] GC(78)   Post Evacuate Collection Set: 0,1ms
[8,539s][info][gc,phases   ] GC(78)   Other: 0,2ms
[8,539s][info][gc,heap     ] GC(78) Eden regions: 28->0(30)
[8,539s][info][gc,heap     ] GC(78) Survivor regions: 4->2(4)
[8,539s][info][gc,heap     ] GC(78) Old regions: 16->16
[8,539s][info][gc,heap     ] GC(78) Archive regions: 2->2
[8,539s][info][gc,heap     ] GC(78) Humongous regions: 0->0
[8,539s][info][gc,metaspace] GC(78) Metaspace: 116K(320K)->116K(320K) NonClass: 108K(192K)->108K(192K) Class: 8K(128K)->8K(128K)
[8,539s][info][gc          ] GC(78) Pause Young (Normal) (G1 Evacuation Pause) 48M->17M(64M) 0,583ms
[8,539s][info][gc,cpu      ] GC(78) User=0,00s Sys=0,00s Real=0,00s
[8,639s][info][gc,start    ] GC(79) Pause Young (Normal) (G1 Evacuation Pause)
[8,639s][info][gc,task     ] GC(79) Using 4 workers of 8 for evacuation
[8,640s][info][gc,phases   ] GC(79)   Pre Evacuate Collection Set: 0,0ms
[8,640s][info][gc,phases   ] GC(79)   Merge Heap Roots: 0,0ms
[8,640s][info][gc,phases   ] GC(79)   Evacuate Collection Set: 0,5ms
[8,640s][info][gc,phases   ] GC(79)   Post Evacuate Collection Set: 0,1ms
[8,640s][info][gc,phases   ] GC(79)   Other: 0,1ms
[8,640s][info][gc,heap     ] GC(79) Eden regions: 30->0(28)
[8,640s][info][gc,heap     ] GC(79) Survivor regions: 2->4(4)
[8,640s][info][gc,heap     ] GC(79) Old regions: 16->17
[8,640s][info][gc,heap     ] GC(79) Archive regions: 2->2
[8,640s][info][gc,heap     ] GC(79) Humongous regions: 0->0
[8,640s][info][gc,metaspace] GC(79) Metaspace: 116K(320K)->116K(320K) NonClass: 108K(192K)->108K(192K) Class: 8K(128K)->8K(128K)
[8,640s][info][gc          ] GC(79) Pause Young (Normal) (G1 Evacuation Pause) 47M->21M(64M) 0,846ms
[8,640s][info][gc,cpu      ] GC(79) User=0,00s Sys=0,00s Real=0,00s
[8,737s][info][gc,start    ] GC(80) Pause Young (Normal) (G1 Evacuation Pause)
[8,737s][info][gc,task     ] GC(80) Using 4 workers of 8 for evacuation
[8,739s][info][gc,phases   ] GC(80)   Pre Evacuate Collection Set: 0,0ms
[8,739s][info][gc,phases   ] GC(80)   Merge Heap Roots: 0,0ms
[8,739s][info][gc,phases   ] GC(80)   Evacuate Collection Set: 1,0ms
[8,739s][info][gc,phases   ] GC(80)   Post Evacuate Collection Set: 0,1ms
[8,739s][info][gc,phases   ] GC(80)   Other: 0,2ms
[8,739s][info][gc,heap     ] GC(80) Eden regions: 28->0(28)
[8,739s][info][gc,heap     ] GC(80) Survivor regions: 4->4(4)
[8,739s][info][gc,heap     ] GC(80) Old regions: 17->21
[8,739s][info][gc,heap     ] GC(80) Archive regions: 2->2
[8,739s][info][gc,heap     ] GC(80) Humongous regions: 0->0
[8,739s][info][gc,metaspace] GC(80) Metaspace: 116K(320K)->116K(320K) NonClass: 108K(192K)->108K(192K) Class: 8K(128K)->8K(128K)
[8,739s][info][gc          ] GC(80) Pause Young (Normal) (G1 Evacuation Pause) 49M->25M(64M) 1,446ms
[8,739s][info][gc,cpu      ] GC(80) User=0,01s Sys=0,01s Real=0,00s
[8,886s][info][gc,start    ] GC(81) Pause Young (Concurrent Start) (G1 Evacuation Pause)
[8,886s][info][gc,task     ] GC(81) Using 4 workers of 8 for evacuation
[8,887s][info][gc,phases   ] GC(81)   Pre Evacuate Collection Set: 0,0ms
[8,887s][info][gc,phases   ] GC(81)   Merge Heap Roots: 0,0ms
[8,887s][info][gc,phases   ] GC(81)   Evacuate Collection Set: 0,3ms
[8,887s][info][gc,phases   ] GC(81)   Post Evacuate Collection Set: 0,2ms
[8,887s][info][gc,phases   ] GC(81)   Other: 0,2ms
[8,887s][info][gc,heap     ] GC(81) Eden regions: 28->0(30)
[8,887s][info][gc,heap     ] GC(81) Survivor regions: 4->2(4)
[8,887s][info][gc,heap     ] GC(81) Old regions: 21->21
[8,887s][info][gc,heap     ] GC(81) Archive regions: 2->2
[8,887s][info][gc,heap     ] GC(81) Humongous regions: 0->0
[8,887s][info][gc,metaspace] GC(81) Metaspace: 116K(320K)->116K(320K) NonClass: 108K(192K)->108K(192K) Class: 8K(128K)->8K(128K)
[8,887s][info][gc          ] GC(81) Pause Young (Concurrent Start) (G1 Evacuation Pause) 53M->23M(64M) 0,825ms
[8,887s][info][gc,cpu      ] GC(81) User=0,00s Sys=0,00s Real=0,00s
[8,887s][info][gc          ] GC(82) Concurrent Mark Cycle
[8,887s][info][gc,marking  ] GC(82) Concurrent Clear Claimed Marks
[8,887s][info][gc,marking  ] GC(82) Concurrent Clear Claimed Marks 0,013ms
[8,887s][info][gc,marking  ] GC(82) Concurrent Scan Root Regions
[8,887s][info][gc,marking  ] GC(82) Concurrent Scan Root Regions 0,059ms
[8,887s][info][gc,marking  ] GC(82) Concurrent Mark
[8,887s][info][gc,marking  ] GC(82) Concurrent Mark From Roots
[8,887s][info][gc,task     ] GC(82) Using 2 workers of 2 for marking
[8,889s][info][gc,marking  ] GC(82) Concurrent Mark From Roots 1,679ms
[8,889s][info][gc,marking  ] GC(82) Concurrent Preclean
[8,889s][info][gc,marking  ] GC(82) Concurrent Preclean 0,027ms
[8,889s][info][gc,start    ] GC(82) Pause Remark
[8,889s][info][gc          ] GC(82) Pause Remark 29M->19M(64M) 0,264ms
[8,889s][info][gc,cpu      ] GC(82) User=0,00s Sys=0,00s Real=0,00s
[8,890s][info][gc,marking  ] GC(82) Concurrent Mark 2,152ms
[8,890s][info][gc,marking  ] GC(82) Concurrent Rebuild Remembered Sets
[8,890s][info][gc,marking  ] GC(82) Concurrent Rebuild Remembered Sets 0,525ms
[8,890s][info][gc,start    ] GC(82) Pause Cleanup
[8,890s][info][gc          ] GC(82) Pause Cleanup 19M->19M(64M) 0,041ms
[8,890s][info][gc,cpu      ] GC(82) User=0,00s Sys=0,00s Real=0,00s
[8,890s][info][gc,marking  ] GC(82) Concurrent Cleanup for Next Mark
[8,890s][info][gc,marking  ] GC(82) Concurrent Cleanup for Next Mark 0,119ms
[8,890s][info][gc          ] GC(82) Concurrent Mark Cycle 3,178ms
[8,988s][info][gc,start    ] GC(83) Pause Young (Prepare Mixed) (G1 Evacuation Pause)
[8,988s][info][gc,task     ] GC(83) Using 4 workers of 8 for evacuation
[8,989s][info][gc,phases   ] GC(83)   Pre Evacuate Collection Set: 0,0ms
[8,989s][info][gc,phases   ] GC(83)   Merge Heap Roots: 0,0ms
[8,989s][info][gc,phases   ] GC(83)   Evacuate Collection Set: 0,8ms
[8,989s][info][gc,phases   ] GC(83)   Post Evacuate Collection Set: 0,1ms
[8,989s][info][gc,phases   ] GC(83)   Other: 0,1ms
[8,989s][info][gc,heap     ] GC(83) Eden regions: 30->0(28)
[8,989s][info][gc,heap     ] GC(83) Survivor regions: 2->4(4)
[8,989s][info][gc,heap     ] GC(83) Old regions: 11->14
[8,989s][info][gc,heap     ] GC(83) Archive regions: 2->2
[8,989s][info][gc,heap     ] GC(83) Humongous regions: 0->0
[8,989s][info][gc,metaspace] GC(83) Metaspace: 116K(320K)->116K(320K) NonClass: 108K(192K)->108K(192K) Class: 8K(128K)->8K(128K)
[8,989s][info][gc          ] GC(83) Pause Young (Prepare Mixed) (G1 Evacuation Pause) 43M->18M(64M) 1,162ms
[8,989s][info][gc,cpu      ] GC(83) User=0,00s Sys=0,00s Real=0,00s
[9,087s][info][gc,start    ] GC(84) Pause Young (Mixed) (G1 Evacuation Pause)
[9,087s][info][gc,task     ] GC(84) Using 4 workers of 8 for evacuation
[9,088s][info][gc,phases   ] GC(84)   Pre Evacuate Collection Set: 0,0ms
[9,088s][info][gc,phases   ] GC(84)   Merge Heap Roots: 0,0ms
[9,088s][info][gc,phases   ] GC(84)   Evacuate Collection Set: 1,1ms
[9,088s][info][gc,phases   ] GC(84)   Post Evacuate Collection Set: 0,1ms
[9,088s][info][gc,phases   ] GC(84)   Other: 0,2ms
[9,088s][info][gc,heap     ] GC(84) Eden regions: 28->0(28)
[9,088s][info][gc,heap     ] GC(84) Survivor regions: 4->4(4)
[9,088s][info][gc,heap     ] GC(84) Old regions: 14->17
[9,088s][info][gc,heap     ] GC(84) Archive regions: 2->2
[9,088s][info][gc,heap     ] GC(84) Humongous regions: 0->0
[9,088s][info][gc,metaspace] GC(84) Metaspace: 116K(320K)->116K(320K) NonClass: 108K(192K)->108K(192K) Class: 8K(128K)->8K(128K)
[9,088s][info][gc          ] GC(84) Pause Young (Mixed) (G1 Evacuation Pause) 46M->21M(64M) 1,542ms
[9,088s][info][gc,cpu      ] GC(84) User=0,01s Sys=0,00s Real=0,00s
[9,239s][info][gc,start    ] GC(85) Pause Young (Mixed) (G1 Evacuation Pause)
[9,239s][info][gc,task     ] GC(85) Using 4 workers of 8 for evacuation
[9,239s][info][gc,phases   ] GC(85)   Pre Evacuate Collection Set: 0,0ms
[9,239s][info][gc,phases   ] GC(85)   Merge Heap Roots: 0,0ms
[9,239s][info][gc,phases   ] GC(85)   Evacuate Collection Set: 0,3ms
[9,239s][info][gc,phases   ] GC(85)   Post Evacuate Collection Set: 0,1ms
[9,239s][info][gc,phases   ] GC(85)   Other: 0,1ms
[9,240s][info][gc,heap     ] GC(85) Eden regions: 28->0(29)
[9,240s][info][gc,heap     ] GC(85) Survivor regions: 4->3(4)
[9,240s][info][gc,heap     ] GC(85) Old regions: 17->16
[9,240s][info][gc,heap     ] GC(85) Archive regions: 2->2
[9,240s][info][gc,heap     ] GC(85) Humongous regions: 0->0
[9,240s][info][gc,metaspace] GC(85) Metaspace: 116K(320K)->116K(320K) NonClass: 108K(192K)->108K(192K) Class: 8K(128K)->8K(128K)
[9,240s][info][gc          ] GC(85) Pause Young (Mixed) (G1 Evacuation Pause) 49M->19M(64M) 0,875ms
[9,240s][info][gc,cpu      ] GC(85) User=0,00s Sys=0,00s Real=0,00s
[9,338s][info][gc,start    ] GC(86) Pause Young (Mixed) (G1 Evacuation Pause)
[9,338s][info][gc,task     ] GC(86) Using 4 workers of 8 for evacuation
[9,339s][info][gc,phases   ] GC(86)   Pre Evacuate Collection Set: 0,0ms
[9,339s][info][gc,phases   ] GC(86)   Merge Heap Roots: 0,1ms
[9,339s][info][gc,phases   ] GC(86)   Evacuate Collection Set: 0,7ms
[9,339s][info][gc,phases   ] GC(86)   Post Evacuate Collection Set: 0,2ms
[9,339s][info][gc,phases   ] GC(86)   Other: 0,1ms
[9,339s][info][gc,heap     ] GC(86) Eden regions: 29->0(28)
[9,339s][info][gc,heap     ] GC(86) Survivor regions: 3->4(4)
[9,339s][info][gc,heap     ] GC(86) Old regions: 16->17
[9,339s][info][gc,heap     ] GC(86) Archive regions: 2->2
[9,339s][info][gc,heap     ] GC(86) Humongous regions: 0->0
[9,339s][info][gc,metaspace] GC(86) Metaspace: 117K(320K)->117K(320K) NonClass: 108K(192K)->108K(192K) Class: 8K(128K)->8K(128K)
[9,339s][info][gc          ] GC(86) Pause Young (Mixed) (G1 Evacuation Pause) 48M->21M(64M) 1,261ms
[9,339s][info][gc,cpu      ] GC(86) User=0,00s Sys=0,00s Real=0,00s
[9,439s][info][gc,start    ] GC(87) Pause Young (Mixed) (G1 Evacuation Pause)
[9,439s][info][gc,task     ] GC(87) Using 4 workers of 8 for evacuation
[9,439s][info][gc,phases   ] GC(87)   Pre Evacuate Collection Set: 0,0ms
[9,439s][info][gc,phases   ] GC(87)   Merge Heap Roots: 0,0ms
[9,439s][info][gc,phases   ] GC(87)   Evacuate Collection Set: 0,2ms
[9,439s][info][gc,phases   ] GC(87)   Post Evacuate Collection Set: 0,1ms
[9,439s][info][gc,phases   ] GC(87)   Other: 0,1ms
[9,439s][info][gc,heap     ] GC(87) Eden regions: 28->0(30)
[9,439s][info][gc,heap     ] GC(87) Survivor regions: 4->2(4)
[9,439s][info][gc,heap     ] GC(87) Old regions: 17->16
[9,439s][info][gc,heap     ] GC(87) Archive regions: 2->2
[9,439s][info][gc,heap     ] GC(87) Humongous regions: 0->0
[9,439s][info][gc,metaspace] GC(87) Metaspace: 117K(320K)->117K(320K) NonClass: 108K(192K)->108K(192K) Class: 8K(128K)->8K(128K)
[9,439s][info][gc          ] GC(87) Pause Young (Mixed) (G1 Evacuation Pause) 49M->17M(64M) 0,578ms
[9,439s][info][gc,cpu      ] GC(87) User=0,00s Sys=0,00s Real=0,00s
[9,539s][info][gc,start    ] GC(88) Pause Young (Mixed) (G1 Evacuation Pause)
[9,539s][info][gc,task     ] GC(88) Using 4 workers of 8 for evacuation
[9,540s][info][gc,phases   ] GC(88)   Pre Evacuate Collection Set: 0,0ms
[9,540s][info][gc,phases   ] GC(88)   Merge Heap Roots: 0,0ms
[9,540s][info][gc,phases   ] GC(88)   Evacuate Collection Set: 0,6ms
[9,540s][info][gc,phases   ] GC(88)   Post Evacuate Collection Set: 0,2ms
[9,540s][info][gc,phases   ] GC(88)   Other: 0,1ms
[9,540s][info][gc,heap     ] GC(88) Eden regions: 30->0(28)
[9,540s][info][gc,heap     ] GC(88) Survivor regions: 2->4(4)
[9,540s][info][gc,heap     ] GC(88) Old regions: 16->17
[9,540s][info][gc,heap     ] GC(88) Archive regions: 2->2
[9,540s][info][gc,heap     ] GC(88) Humongous regions: 0->0
[9,540s][info][gc,metaspace] GC(88) Metaspace: 117K(320K)->117K(320K) NonClass: 108K(192K)->108K(192K) Class: 8K(128K)->8K(128K)
[9,540s][info][gc          ] GC(88) Pause Young (Mixed) (G1 Evacuation Pause) 47M->21M(64M) 1,026ms
[9,540s][info][gc,cpu      ] GC(88) User=0,00s Sys=0,00s Real=0,00s
[9,638s][info][gc,start    ] GC(89) Pause Young (Mixed) (G1 Evacuation Pause)
[9,638s][info][gc,task     ] GC(89) Using 4 workers of 8 for evacuation
[9,639s][info][gc,phases   ] GC(89)   Pre Evacuate Collection Set: 0,0ms
[9,639s][info][gc,phases   ] GC(89)   Merge Heap Roots: 0,0ms
[9,639s][info][gc,phases   ] GC(89)   Evacuate Collection Set: 1,0ms
[9,639s][info][gc,phases   ] GC(89)   Post Evacuate Collection Set: 0,2ms
[9,639s][info][gc,phases   ] GC(89)   Other: 0,1ms
[9,639s][info][gc,heap     ] GC(89) Eden regions: 28->0(28)
[9,640s][info][gc,heap     ] GC(89) Survivor regions: 4->4(4)
[9,640s][info][gc,heap     ] GC(89) Old regions: 17->20
[9,640s][info][gc,heap     ] GC(89) Archive regions: 2->2
[9,640s][info][gc,heap     ] GC(89) Humongous regions: 0->0
[9,640s][info][gc,metaspace] GC(89) Metaspace: 117K(320K)->117K(320K) NonClass: 108K(192K)->108K(192K) Class: 8K(128K)->8K(128K)
[9,640s][info][gc          ] GC(89) Pause Young (Mixed) (G1 Evacuation Pause) 49M->24M(64M) 1,395ms
[9,640s][info][gc,cpu      ] GC(89) User=0,01s Sys=0,00s Real=0,00s
[9,785s][info][gc,start    ] GC(90) Pause Young (Mixed) (G1 Evacuation Pause)
[9,785s][info][gc,task     ] GC(90) Using 4 workers of 8 for evacuation
[9,786s][info][gc,phases   ] GC(90)   Pre Evacuate Collection Set: 0,0ms
[9,786s][info][gc,phases   ] GC(90)   Merge Heap Roots: 0,0ms
[9,786s][info][gc,phases   ] GC(90)   Evacuate Collection Set: 0,4ms
[9,786s][info][gc,phases   ] GC(90)   Post Evacuate Collection Set: 0,2ms
[9,786s][info][gc,phases   ] GC(90)   Other: 0,1ms
[9,786s][info][gc,heap     ] GC(90) Eden regions: 28->0(29)
[9,786s][info][gc,heap     ] GC(90) Survivor regions: 4->3(4)
[9,786s][info][gc,heap     ] GC(90) Old regions: 20->19
[9,786s][info][gc,heap     ] GC(90) Archive regions: 2->2
[9,786s][info][gc,heap     ] GC(90) Humongous regions: 0->0
[9,786s][info][gc,metaspace] GC(90) Metaspace: 117K(320K)->117K(320K) NonClass: 108K(192K)->108K(192K) Class: 8K(128K)->8K(128K)
[9,786s][info][gc          ] GC(90) Pause Young (Mixed) (G1 Evacuation Pause) 52M->22M(64M) 0,844ms
[9,786s][info][gc,cpu      ] GC(90) User=0,00s Sys=0,00s Real=0,00s
[9,888s][info][gc,start    ] GC(91) Pause Young (Normal) (G1 Evacuation Pause)
[9,888s][info][gc,task     ] GC(91) Using 4 workers of 8 for evacuation
[9,889s][info][gc,phases   ] GC(91)   Pre Evacuate Collection Set: 0,0ms
[9,889s][info][gc,phases   ] GC(91)   Merge Heap Roots: 0,0ms
[9,889s][info][gc,phases   ] GC(91)   Evacuate Collection Set: 0,7ms
[9,889s][info][gc,phases   ] GC(91)   Post Evacuate Collection Set: 0,2ms
[9,889s][info][gc,phases   ] GC(91)   Other: 0,1ms
[9,889s][info][gc,heap     ] GC(91) Eden regions: 29->0(28)
[9,889s][info][gc,heap     ] GC(91) Survivor regions: 3->4(4)
[9,889s][info][gc,heap     ] GC(91) Old regions: 19->21
[9,889s][info][gc,heap     ] GC(91) Archive regions: 2->2
[9,889s][info][gc,heap     ] GC(91) Humongous regions: 0->0
[9,889s][info][gc,metaspace] GC(91) Metaspace: 117K(320K)->117K(320K) NonClass: 108K(192K)->108K(192K) Class: 8K(128K)->8K(128K)
[9,889s][info][gc          ] GC(91) Pause Young (Normal) (G1 Evacuation Pause) 51M->25M(64M) 1,221ms
[9,889s][info][gc,cpu      ] GC(91) User=0,00s Sys=0,00s Real=0,00s
[10,038s][info][gc,start    ] GC(92) Pause Young (Concurrent Start) (G1 Evacuation Pause)
[10,038s][info][gc,task     ] GC(92) Using 4 workers of 8 for evacuation
[10,038s][info][gc,phases   ] GC(92)   Pre Evacuate Collection Set: 0,0ms
[10,038s][info][gc,phases   ] GC(92)   Merge Heap Roots: 0,0ms
[10,038s][info][gc,phases   ] GC(92)   Evacuate Collection Set: 0,2ms
[10,038s][info][gc,phases   ] GC(92)   Post Evacuate Collection Set: 0,1ms
[10,038s][info][gc,phases   ] GC(92)   Other: 0,1ms
[10,038s][info][gc,heap     ] GC(92) Eden regions: 28->0(31)
[10,038s][info][gc,heap     ] GC(92) Survivor regions: 4->1(4)
[10,038s][info][gc,heap     ] GC(92) Old regions: 21->21
[10,038s][info][gc,heap     ] GC(92) Archive regions: 2->2
[10,038s][info][gc,heap     ] GC(92) Humongous regions: 0->0
[10,038s][info][gc,metaspace] GC(92) Metaspace: 117K(320K)->117K(320K) NonClass: 108K(192K)->108K(192K) Class: 8K(128K)->8K(128K)
[10,038s][info][gc          ] GC(92) Pause Young (Concurrent Start) (G1 Evacuation Pause) 53M->21M(64M) 0,678ms
[10,038s][info][gc,cpu      ] GC(92) User=0,00s Sys=0,00s Real=0,00s
[10,038s][info][gc          ] GC(93) Concurrent Mark Cycle
[10,038s][info][gc,marking  ] GC(93) Concurrent Clear Claimed Marks
[10,038s][info][gc,marking  ] GC(93) Concurrent Clear Claimed Marks 0,046ms
[10,038s][info][gc,marking  ] GC(93) Concurrent Scan Root Regions
[10,039s][info][gc,marking  ] GC(93) Concurrent Scan Root Regions 0,066ms
[10,039s][info][gc,marking  ] GC(93) Concurrent Mark
[10,039s][info][gc,marking  ] GC(93) Concurrent Mark From Roots
[10,039s][info][gc,task     ] GC(93) Using 2 workers of 2 for marking
[10,040s][info][gc,marking  ] GC(93) Concurrent Mark From Roots 1,813ms
[10,040s][info][gc,marking  ] GC(93) Concurrent Preclean
[10,040s][info][gc,marking  ] GC(93) Concurrent Preclean 0,025ms
[10,040s][info][gc,start    ] GC(93) Pause Remark
[10,041s][info][gc          ] GC(93) Pause Remark 39M->27M(64M) 0,247ms
[10,041s][info][gc,cpu      ] GC(93) User=0,00s Sys=0,00s Real=0,00s
[10,041s][info][gc,marking  ] GC(93) Concurrent Mark 2,242ms
[10,041s][info][gc,marking  ] GC(93) Concurrent Rebuild Remembered Sets
[10,041s][info][gc,marking  ] GC(93) Concurrent Rebuild Remembered Sets 0,484ms
[10,041s][info][gc,start    ] GC(93) Pause Cleanup
[10,041s][info][gc          ] GC(93) Pause Cleanup 27M->27M(64M) 0,042ms
[10,041s][info][gc,cpu      ] GC(93) User=0,00s Sys=0,00s Real=0,00s
[10,041s][info][gc,marking  ] GC(93) Concurrent Cleanup for Next Mark
[10,042s][info][gc,marking  ] GC(93) Concurrent Cleanup for Next Mark 0,103ms
[10,042s][info][gc          ] GC(93) Concurrent Mark Cycle 3,185ms
[10,139s][info][gc,start    ] GC(94) Pause Young (Prepare Mixed) (G1 Evacuation Pause)
[10,139s][info][gc,task     ] GC(94) Using 4 workers of 8 for evacuation
[10,139s][info][gc,phases   ] GC(94)   Pre Evacuate Collection Set: 0,0ms
[10,140s][info][gc,phases   ] GC(94)   Merge Heap Roots: 0,0ms
[10,140s][info][gc,phases   ] GC(94)   Evacuate Collection Set: 0,5ms
[10,140s][info][gc,phases   ] GC(94)   Post Evacuate Collection Set: 0,1ms
[10,140s][info][gc,phases   ] GC(94)   Other: 0,1ms
[10,140s][info][gc,heap     ] GC(94) Eden regions: 31->0(28)
[10,140s][info][gc,heap     ] GC(94) Survivor regions: 1->4(4)
[10,140s][info][gc,heap     ] GC(94) Old regions: 9->10
[10,140s][info][gc,heap     ] GC(94) Archive regions: 2->2
[10,140s][info][gc,heap     ] GC(94) Humongous regions: 0->0
[10,140s][info][gc,metaspace] GC(94) Metaspace: 117K(320K)->117K(320K) NonClass: 108K(192K)->108K(192K) Class: 8K(128K)->8K(128K)
[10,140s][info][gc          ] GC(94) Pause Young (Prepare Mixed) (G1 Evacuation Pause) 40M->14M(64M) 0,840ms
[10,140s][info][gc,cpu      ] GC(94) User=0,01s Sys=0,00s Real=0,00s
[10,238s][info][gc,start    ] GC(95) Pause Young (Mixed) (G1 Evacuation Pause)
[10,238s][info][gc,task     ] GC(95) Using 4 workers of 8 for evacuation
[10,239s][info][gc,phases   ] GC(95)   Pre Evacuate Collection Set: 0,0ms
[10,239s][info][gc,phases   ] GC(95)   Merge Heap Roots: 0,0ms
[10,239s][info][gc,phases   ] GC(95)   Evacuate Collection Set: 0,1ms
[10,239s][info][gc,phases   ] GC(95)   Post Evacuate Collection Set: 0,1ms
[10,239s][info][gc,phases   ] GC(95)   Other: 0,2ms
[10,239s][info][gc,heap     ] GC(95) Eden regions: 28->0(31)
[10,239s][info][gc,heap     ] GC(95) Survivor regions: 4->1(4)
[10,239s][info][gc,heap     ] GC(95) Old regions: 10->9
[10,239s][info][gc,heap     ] GC(95) Archive regions: 2->2
[10,239s][info][gc,heap     ] GC(95) Humongous regions: 0->0
[10,239s][info][gc,metaspace] GC(95) Metaspace: 117K(320K)->117K(320K) NonClass: 108K(192K)->108K(192K) Class: 8K(128K)->8K(128K)
[10,239s][info][gc          ] GC(95) Pause Young (Mixed) (G1 Evacuation Pause) 42M->9M(64M) 0,636ms
[10,239s][info][gc,cpu      ] GC(95) User=0,00s Sys=0,00s Real=0,00s
[10,338s][info][gc,start    ] GC(96) Pause Young (Mixed) (G1 Evacuation Pause)
[10,338s][info][gc,task     ] GC(96) Using 4 workers of 8 for evacuation
[10,339s][info][gc,phases   ] GC(96)   Pre Evacuate Collection Set: 0,0ms
[10,339s][info][gc,phases   ] GC(96)   Merge Heap Roots: 0,0ms
[10,339s][info][gc,phases   ] GC(96)   Evacuate Collection Set: 0,6ms
[10,339s][info][gc,phases   ] GC(96)   Post Evacuate Collection Set: 0,1ms
[10,339s][info][gc,phases   ] GC(96)   Other: 0,1ms
[10,339s][info][gc,heap     ] GC(96) Eden regions: 31->0(28)
[10,339s][info][gc,heap     ] GC(96) Survivor regions: 1->4(4)
[10,339s][info][gc,heap     ] GC(96) Old regions: 9->9
[10,339s][info][gc,heap     ] GC(96) Archive regions: 2->2
[10,339s][info][gc,heap     ] GC(96) Humongous regions: 0->0
[10,339s][info][gc,metaspace] GC(96) Metaspace: 117K(320K)->117K(320K) NonClass: 108K(192K)->108K(192K) Class: 8K(128K)->8K(128K)
[10,339s][info][gc          ] GC(96) Pause Young (Mixed) (G1 Evacuation Pause) 40M->13M(64M) 0,967ms
[10,339s][info][gc,cpu      ] GC(96) User=0,00s Sys=0,00s Real=0,00s
[10,488s][info][gc,start    ] GC(97) Pause Young (Mixed) (G1 Evacuation Pause)
[10,489s][info][gc,task     ] GC(97) Using 4 workers of 8 for evacuation
[10,489s][info][gc,phases   ] GC(97)   Pre Evacuate Collection Set: 0,0ms
[10,489s][info][gc,phases   ] GC(97)   Merge Heap Roots: 0,1ms
[10,489s][info][gc,phases   ] GC(97)   Evacuate Collection Set: 0,1ms
[10,489s][info][gc,phases   ] GC(97)   Post Evacuate Collection Set: 0,1ms
[10,489s][info][gc,phases   ] GC(97)   Other: 0,1ms
[10,489s][info][gc,heap     ] GC(97) Eden regions: 28->0(31)
[10,489s][info][gc,heap     ] GC(97) Survivor regions: 4->1(4)
[10,489s][info][gc,heap     ] GC(97) Old regions: 9->8
[10,489s][info][gc,heap     ] GC(97) Archive regions: 2->2
[10,489s][info][gc,heap     ] GC(97) Humongous regions: 0->0
[10,489s][info][gc,metaspace] GC(97) Metaspace: 117K(320K)->117K(320K) NonClass: 108K(192K)->108K(192K) Class: 8K(128K)->8K(128K)
[10,489s][info][gc          ] GC(97) Pause Young (Mixed) (G1 Evacuation Pause) 41M->9M(64M) 0,598ms
[10,489s][info][gc,cpu      ] GC(97) User=0,00s Sys=0,00s Real=0,00s
[10,585s][info][gc,start    ] GC(98) Pause Young (Mixed) (G1 Evacuation Pause)
[10,585s][info][gc,task     ] GC(98) Using 4 workers of 8 for evacuation
[10,586s][info][gc,phases   ] GC(98)   Pre Evacuate Collection Set: 0,0ms
[10,586s][info][gc,phases   ] GC(98)   Merge Heap Roots: 0,0ms
[10,586s][info][gc,phases   ] GC(98)   Evacuate Collection Set: 0,4ms
[10,586s][info][gc,phases   ] GC(98)   Post Evacuate Collection Set: 0,1ms
[10,586s][info][gc,phases   ] GC(98)   Other: 0,1ms
[10,586s][info][gc,heap     ] GC(98) Eden regions: 31->0(28)
[10,586s][info][gc,heap     ] GC(98) Survivor regions: 1->4(4)
[10,586s][info][gc,heap     ] GC(98) Old regions: 8->8
[10,586s][info][gc,heap     ] GC(98) Archive regions: 2->2
[10,586s][info][gc,heap     ] GC(98) Humongous regions: 0->0
[10,586s][info][gc,metaspace] GC(98) Metaspace: 117K(320K)->117K(320K) NonClass: 108K(192K)->108K(192K) Class: 8K(128K)->8K(128K)
[10,586s][info][gc          ] GC(98) Pause Young (Mixed) (G1 Evacuation Pause) 40M->12M(64M) 0,843ms
[10,586s][info][gc,cpu      ] GC(98) User=0,00s Sys=0,00s Real=0,00s
[10,688s][info][gc,start    ] GC(99) Pause Young (Mixed) (G1 Evacuation Pause)
[10,688s][info][gc,task     ] GC(99) Using 4 workers of 8 for evacuation
[10,689s][info][gc,phases   ] GC(99)   Pre Evacuate Collection Set: 0,0ms
[10,690s][info][gc,phases   ] GC(99)   Merge Heap Roots: 0,0ms
[10,690s][info][gc,phases   ] GC(99)   Evacuate Collection Set: 1,0ms
[10,690s][info][gc,phases   ] GC(99)   Post Evacuate Collection Set: 0,2ms
[10,690s][info][gc,phases   ] GC(99)   Other: 0,1ms
[10,690s][info][gc,heap     ] GC(99) Eden regions: 28->0(28)
[10,690s][info][gc,heap     ] GC(99) Survivor regions: 4->4(4)
[10,690s][info][gc,heap     ] GC(99) Old regions: 8->10
[10,690s][info][gc,heap     ] GC(99) Archive regions: 2->2
[10,690s][info][gc,heap     ] GC(99) Humongous regions: 0->0
[10,690s][info][gc,metaspace] GC(99) Metaspace: 117K(320K)->117K(320K) NonClass: 108K(192K)->108K(192K) Class: 8K(128K)->8K(128K)
[10,690s][info][gc          ] GC(99) Pause Young (Mixed) (G1 Evacuation Pause) 40M->14M(64M) 1,587ms
[10,690s][info][gc,cpu      ] GC(99) User=0,01s Sys=0,00s Real=0,00s
[10,838s][info][gc,start    ] GC(100) Pause Young (Normal) (G1 Evacuation Pause)
[10,838s][info][gc,task     ] GC(100) Using 4 workers of 8 for evacuation
[10,839s][info][gc,phases   ] GC(100)   Pre Evacuate Collection Set: 0,0ms
[10,839s][info][gc,phases   ] GC(100)   Merge Heap Roots: 0,0ms
[10,839s][info][gc,phases   ] GC(100)   Evacuate Collection Set: 0,2ms
[10,839s][info][gc,phases   ] GC(100)   Post Evacuate Collection Set: 0,3ms
[10,839s][info][gc,phases   ] GC(100)   Other: 0,2ms
[10,839s][info][gc,heap     ] GC(100) Eden regions: 28->0(30)
[10,839s][info][gc,heap     ] GC(100) Survivor regions: 4->2(4)
[10,839s][info][gc,heap     ] GC(100) Old regions: 10->10
[10,839s][info][gc,heap     ] GC(100) Archive regions: 2->2
[10,839s][info][gc,heap     ] GC(100) Humongous regions: 0->0
[10,839s][info][gc,metaspace] GC(100) Metaspace: 117K(320K)->117K(320K) NonClass: 108K(192K)->108K(192K) Class: 8K(128K)->8K(128K)
[10,839s][info][gc          ] GC(100) Pause Young (Normal) (G1 Evacuation Pause) 42M->12M(64M) 0,887ms
[10,839s][info][gc,cpu      ] GC(100) User=0,00s Sys=0,00s Real=0,00s
[10,938s][info][gc,start    ] GC(101) Pause Young (Normal) (G1 Evacuation Pause)
[10,938s][info][gc,task     ] GC(101) Using 4 workers of 8 for evacuation
[10,939s][info][gc,phases   ] GC(101)   Pre Evacuate Collection Set: 0,0ms
[10,939s][info][gc,phases   ] GC(101)   Merge Heap Roots: 0,0ms
[10,939s][info][gc,phases   ] GC(101)   Evacuate Collection Set: 0,8ms
[10,939s][info][gc,phases   ] GC(101)   Post Evacuate Collection Set: 0,1ms
[10,939s][info][gc,phases   ] GC(101)   Other: 0,1ms
[10,939s][info][gc,heap     ] GC(101) Eden regions: 30->0(28)
[10,939s][info][gc,heap     ] GC(101) Survivor regions: 2->4(4)
[10,939s][info][gc,heap     ] GC(101) Old regions: 10->13
[10,939s][info][gc,heap     ] GC(101) Archive regions: 2->2
[10,939s][info][gc,heap     ] GC(101) Humongous regions: 0->0
[10,939s][info][gc,metaspace] GC(101) Metaspace: 117K(320K)->117K(320K) NonClass: 108K(192K)->108K(192K) Class: 8K(128K)->8K(128K)
[10,940s][info][gc          ] GC(101) Pause Young (Normal) (G1 Evacuation Pause) 42M->17M(64M) 1,246ms
[10,940s][info][gc,cpu      ] GC(101) User=0,00s Sys=0,00s Real=0,00s
[11,039s][info][gc,start    ] GC(102) Pause Young (Normal) (G1 Evacuation Pause)
[11,039s][info][gc,task     ] GC(102) Using 4 workers of 8 for evacuation
[11,040s][info][gc,phases   ] GC(102)   Pre Evacuate Collection Set: 0,0ms
[11,040s][info][gc,phases   ] GC(102)   Merge Heap Roots: 0,0ms
[11,040s][info][gc,phases   ] GC(102)   Evacuate Collection Set: 0,2ms
[11,040s][info][gc,phases   ] GC(102)   Post Evacuate Collection Set: 0,1ms
[11,040s][info][gc,phases   ] GC(102)   Other: 0,1ms
[11,040s][info][gc,heap     ] GC(102) Eden regions: 28->0(30)
[11,040s][info][gc,heap     ] GC(102) Survivor regions: 4->2(4)
[11,040s][info][gc,heap     ] GC(102) Old regions: 13->13
[11,040s][info][gc,heap     ] GC(102) Archive regions: 2->2
[11,040s][info][gc,heap     ] GC(102) Humongous regions: 0->0
[11,040s][info][gc,metaspace] GC(102) Metaspace: 117K(320K)->117K(320K) NonClass: 108K(192K)->108K(192K) Class: 8K(128K)->8K(128K)
[11,040s][info][gc          ] GC(102) Pause Young (Normal) (G1 Evacuation Pause) 45M->14M(64M) 0,692ms
[11,040s][info][gc,cpu      ] GC(102) User=0,00s Sys=0,00s Real=0,00s
[11,139s][info][gc,start    ] GC(103) Pause Young (Normal) (G1 Evacuation Pause)
[11,139s][info][gc,task     ] GC(103) Using 4 workers of 8 for evacuation
[11,139s][info][gc,phases   ] GC(103)   Pre Evacuate Collection Set: 0,0ms
[11,139s][info][gc,phases   ] GC(103)   Merge Heap Roots: 0,0ms
[11,139s][info][gc,phases   ] GC(103)   Evacuate Collection Set: 0,6ms
[11,139s][info][gc,phases   ] GC(103)   Post Evacuate Collection Set: 0,1ms
[11,139s][info][gc,phases   ] GC(103)   Other: 0,1ms
[11,139s][info][gc,heap     ] GC(103) Eden regions: 30->0(28)
[11,139s][info][gc,heap     ] GC(103) Survivor regions: 2->4(4)
[11,139s][info][gc,heap     ] GC(103) Old regions: 13->14
[11,140s][info][gc,heap     ] GC(103) Archive regions: 2->2
[11,140s][info][gc,heap     ] GC(103) Humongous regions: 0->0
[11,140s][info][gc,metaspace] GC(103) Metaspace: 117K(320K)->117K(320K) NonClass: 108K(192K)->108K(192K) Class: 8K(128K)->8K(128K)
[11,140s][info][gc          ] GC(103) Pause Young (Normal) (G1 Evacuation Pause) 44M->18M(64M) 0,964ms
[11,140s][info][gc,cpu      ] GC(103) User=0,00s Sys=0,00s Real=0,00s
[11,287s][info][gc,start    ] GC(104) Pause Young (Normal) (G1 Evacuation Pause)
[11,287s][info][gc,task     ] GC(104) Using 4 workers of 8 for evacuation
[11,287s][info][gc,phases   ] GC(104)   Pre Evacuate Collection Set: 0,0ms
[11,287s][info][gc,phases   ] GC(104)   Merge Heap Roots: 0,0ms
[11,287s][info][gc,phases   ] GC(104)   Evacuate Collection Set: 0,1ms
[11,287s][info][gc,phases   ] GC(104)   Post Evacuate Collection Set: 0,1ms
[11,287s][info][gc,phases   ] GC(104)   Other: 0,1ms
[11,287s][info][gc,heap     ] GC(104) Eden regions: 28->0(31)
[11,287s][info][gc,heap     ] GC(104) Survivor regions: 4->1(4)
[11,287s][info][gc,heap     ] GC(104) Old regions: 14->14
[11,287s][info][gc,heap     ] GC(104) Archive regions: 2->2
[11,287s][info][gc,heap     ] GC(104) Humongous regions: 0->0
[11,287s][info][gc,metaspace] GC(104) Metaspace: 117K(320K)->117K(320K) NonClass: 108K(192K)->108K(192K) Class: 8K(128K)->8K(128K)
[11,287s][info][gc          ] GC(104) Pause Young (Normal) (G1 Evacuation Pause) 46M->14M(64M) 0,406ms
[11,287s][info][gc,cpu      ] GC(104) User=0,00s Sys=0,00s Real=0,00s
[11,388s][info][gc,start    ] GC(105) Pause Young (Normal) (G1 Evacuation Pause)
[11,388s][info][gc,task     ] GC(105) Using 4 workers of 8 for evacuation
[11,389s][info][gc,phases   ] GC(105)   Pre Evacuate Collection Set: 0,0ms
[11,389s][info][gc,phases   ] GC(105)   Merge Heap Roots: 0,0ms
[11,389s][info][gc,phases   ] GC(105)   Evacuate Collection Set: 0,6ms
[11,389s][info][gc,phases   ] GC(105)   Post Evacuate Collection Set: 0,1ms
[11,389s][info][gc,phases   ] GC(105)   Other: 0,1ms
[11,389s][info][gc,heap     ] GC(105) Eden regions: 31->0(28)
[11,389s][info][gc,heap     ] GC(105) Survivor regions: 1->4(4)
[11,389s][info][gc,heap     ] GC(105) Old regions: 14->15
[11,389s][info][gc,heap     ] GC(105) Archive regions: 2->2
[11,389s][info][gc,heap     ] GC(105) Humongous regions: 0->0
[11,389s][info][gc,metaspace] GC(105) Metaspace: 117K(320K)->117K(320K) NonClass: 108K(192K)->108K(192K) Class: 8K(128K)->8K(128K)
[11,389s][info][gc          ] GC(105) Pause Young (Normal) (G1 Evacuation Pause) 45M->19M(64M) 1,108ms
[11,389s][info][gc,cpu      ] GC(105) User=0,01s Sys=0,00s Real=0,00s
[11,489s][info][gc,start    ] GC(106) Pause Young (Normal) (G1 Evacuation Pause)
[11,489s][info][gc,task     ] GC(106) Using 4 workers of 8 for evacuation
[11,490s][info][gc,phases   ] GC(106)   Pre Evacuate Collection Set: 0,0ms
[11,490s][info][gc,phases   ] GC(106)   Merge Heap Roots: 0,0ms
[11,490s][info][gc,phases   ] GC(106)   Evacuate Collection Set: 0,9ms
[11,490s][info][gc,phases   ] GC(106)   Post Evacuate Collection Set: 0,2ms
[11,490s][info][gc,phases   ] GC(106)   Other: 0,1ms
[11,491s][info][gc,heap     ] GC(106) Eden regions: 28->0(28)
[11,491s][info][gc,heap     ] GC(106) Survivor regions: 4->4(4)
[11,491s][info][gc,heap     ] GC(106) Old regions: 15->19
[11,491s][info][gc,heap     ] GC(106) Archive regions: 2->2
[11,491s][info][gc,heap     ] GC(106) Humongous regions: 0->0
[11,491s][info][gc,metaspace] GC(106) Metaspace: 117K(320K)->117K(320K) NonClass: 108K(192K)->108K(192K) Class: 8K(128K)->8K(128K)
[11,491s][info][gc          ] GC(106) Pause Young (Normal) (G1 Evacuation Pause) 47M->22M(64M) 1,456ms
[11,491s][info][gc,cpu      ] GC(106) User=0,00s Sys=0,00s Real=0,00s
[11,639s][info][gc,start    ] GC(107) Pause Young (Normal) (G1 Evacuation Pause)
[11,639s][info][gc,task     ] GC(107) Using 4 workers of 8 for evacuation
[11,639s][info][gc,phases   ] GC(107)   Pre Evacuate Collection Set: 0,0ms
[11,639s][info][gc,phases   ] GC(107)   Merge Heap Roots: 0,0ms
[11,639s][info][gc,phases   ] GC(107)   Evacuate Collection Set: 0,1ms
[11,639s][info][gc,phases   ] GC(107)   Post Evacuate Collection Set: 0,1ms
[11,639s][info][gc,phases   ] GC(107)   Other: 0,1ms
[11,639s][info][gc,heap     ] GC(107) Eden regions: 28->0(30)
[11,639s][info][gc,heap     ] GC(107) Survivor regions: 4->2(4)
[11,639s][info][gc,heap     ] GC(107) Old regions: 19->19
[11,639s][info][gc,heap     ] GC(107) Archive regions: 2->2
[11,639s][info][gc,heap     ] GC(107) Humongous regions: 0->0
[11,639s][info][gc,metaspace] GC(107) Metaspace: 117K(320K)->117K(320K) NonClass: 108K(192K)->108K(192K) Class: 8K(128K)->8K(128K)
[11,639s][info][gc          ] GC(107) Pause Young (Normal) (G1 Evacuation Pause) 50M->20M(64M) 0,491ms
[11,639s][info][gc,cpu      ] GC(107) User=0,01s Sys=0,00s Real=0,00s
[11,736s][info][gc,start    ] GC(108) Pause Young (Normal) (G1 Evacuation Pause)
[11,736s][info][gc,task     ] GC(108) Using 4 workers of 8 for evacuation
[11,737s][info][gc,phases   ] GC(108)   Pre Evacuate Collection Set: 0,0ms
[11,737s][info][gc,phases   ] GC(108)   Merge Heap Roots: 0,0ms
[11,737s][info][gc,phases   ] GC(108)   Evacuate Collection Set: 0,7ms
[11,737s][info][gc,phases   ] GC(108)   Post Evacuate Collection Set: 0,1ms
[11,737s][info][gc,phases   ] GC(108)   Other: 0,1ms
[11,737s][info][gc,heap     ] GC(108) Eden regions: 30->0(28)
[11,737s][info][gc,heap     ] GC(108) Survivor regions: 2->4(4)
[11,737s][info][gc,heap     ] GC(108) Old regions: 19->21
[11,737s][info][gc,heap     ] GC(108) Archive regions: 2->2
[11,737s][info][gc,heap     ] GC(108) Humongous regions: 0->0
[11,737s][info][gc,metaspace] GC(108) Metaspace: 117K(320K)->117K(320K) NonClass: 108K(192K)->108K(192K) Class: 8K(128K)->8K(128K)
[11,737s][info][gc          ] GC(108) Pause Young (Normal) (G1 Evacuation Pause) 50M->25M(64M) 1,055ms
[11,737s][info][gc,cpu      ] GC(108) User=0,00s Sys=0,00s Real=0,00s
[11,838s][info][gc,start    ] GC(109) Pause Young (Concurrent Start) (G1 Evacuation Pause)
[11,838s][info][gc,task     ] GC(109) Using 4 workers of 8 for evacuation
[11,838s][info][gc,phases   ] GC(109)   Pre Evacuate Collection Set: 0,0ms
[11,838s][info][gc,phases   ] GC(109)   Merge Heap Roots: 0,0ms
[11,838s][info][gc,phases   ] GC(109)   Evacuate Collection Set: 0,1ms
[11,838s][info][gc,phases   ] GC(109)   Post Evacuate Collection Set: 0,1ms
[11,838s][info][gc,phases   ] GC(109)   Other: 0,1ms
[11,838s][info][gc,heap     ] GC(109) Eden regions: 28->0(31)
[11,838s][info][gc,heap     ] GC(109) Survivor regions: 4->1(4)
[11,838s][info][gc,heap     ] GC(109) Old regions: 21->21
[11,838s][info][gc,heap     ] GC(109) Archive regions: 2->2
[11,838s][info][gc,heap     ] GC(109) Humongous regions: 0->0
[11,838s][info][gc,metaspace] GC(109) Metaspace: 117K(320K)->117K(320K) NonClass: 108K(192K)->108K(192K) Class: 8K(128K)->8K(128K)
[11,838s][info][gc          ] GC(109) Pause Young (Concurrent Start) (G1 Evacuation Pause) 53M->21M(64M) 0,505ms
[11,838s][info][gc,cpu      ] GC(109) User=0,00s Sys=0,00s Real=0,00s
[11,838s][info][gc          ] GC(110) Concurrent Mark Cycle
[11,838s][info][gc,marking  ] GC(110) Concurrent Clear Claimed Marks
[11,838s][info][gc,marking  ] GC(110) Concurrent Clear Claimed Marks 0,008ms
[11,838s][info][gc,marking  ] GC(110) Concurrent Scan Root Regions
[11,838s][info][gc,marking  ] GC(110) Concurrent Scan Root Regions 0,053ms
[11,838s][info][gc,marking  ] GC(110) Concurrent Mark
[11,838s][info][gc,marking  ] GC(110) Concurrent Mark From Roots
[11,838s][info][gc,task     ] GC(110) Using 2 workers of 2 for marking
[11,840s][info][gc,marking  ] GC(110) Concurrent Mark From Roots 1,561ms
[11,840s][info][gc,marking  ] GC(110) Concurrent Preclean
[11,840s][info][gc,marking  ] GC(110) Concurrent Preclean 0,025ms
[11,840s][info][gc,start    ] GC(110) Pause Remark
[11,840s][info][gc          ] GC(110) Pause Remark 29M->20M(64M) 0,292ms
[11,840s][info][gc,cpu      ] GC(110) User=0,00s Sys=0,00s Real=0,00s
[11,840s][info][gc,marking  ] GC(110) Concurrent Mark 2,104ms
[11,840s][info][gc,marking  ] GC(110) Concurrent Rebuild Remembered Sets
[11,841s][info][gc,marking  ] GC(110) Concurrent Rebuild Remembered Sets 0,365ms
[11,841s][info][gc,start    ] GC(110) Pause Cleanup
[11,841s][info][gc          ] GC(110) Pause Cleanup 20M->20M(64M) 0,063ms
[11,841s][info][gc,cpu      ] GC(110) User=0,00s Sys=0,00s Real=0,00s
[11,841s][info][gc,marking  ] GC(110) Concurrent Cleanup for Next Mark
[11,841s][info][gc,marking  ] GC(110) Concurrent Cleanup for Next Mark 0,118ms
[11,841s][info][gc          ] GC(110) Concurrent Mark Cycle 2,944ms
[11,939s][info][gc,start    ] GC(111) Pause Young (Prepare Mixed) (G1 Evacuation Pause)
[11,940s][info][gc,task     ] GC(111) Using 4 workers of 8 for evacuation
[11,941s][info][gc,phases   ] GC(111)   Pre Evacuate Collection Set: 0,0ms
[11,941s][info][gc,phases   ] GC(111)   Merge Heap Roots: 0,0ms
[11,941s][info][gc,phases   ] GC(111)   Evacuate Collection Set: 0,8ms
[11,941s][info][gc,phases   ] GC(111)   Post Evacuate Collection Set: 0,1ms
[11,941s][info][gc,phases   ] GC(111)   Other: 0,1ms
[11,941s][info][gc,heap     ] GC(111) Eden regions: 31->0(28)
[11,941s][info][gc,heap     ] GC(111) Survivor regions: 1->4(4)
[11,941s][info][gc,heap     ] GC(111) Old regions: 12->15
[11,941s][info][gc,heap     ] GC(111) Archive regions: 2->2
[11,941s][info][gc,heap     ] GC(111) Humongous regions: 0->0
[11,941s][info][gc,metaspace] GC(111) Metaspace: 117K(320K)->117K(320K) NonClass: 108K(192K)->108K(192K) Class: 8K(128K)->8K(128K)
[11,941s][info][gc          ] GC(111) Pause Young (Prepare Mixed) (G1 Evacuation Pause) 43M->19M(64M) 1,196ms
[11,941s][info][gc,cpu      ] GC(111) User=0,00s Sys=0,00s Real=0,00s
[12,041s][info][gc,start    ] GC(112) Pause Young (Mixed) (G1 Evacuation Pause)
[12,041s][info][gc,task     ] GC(112) Using 4 workers of 8 for evacuation
[12,042s][info][gc,phases   ] GC(112)   Pre Evacuate Collection Set: 0,0ms
[12,042s][info][gc,phases   ] GC(112)   Merge Heap Roots: 0,0ms
[12,042s][info][gc,phases   ] GC(112)   Evacuate Collection Set: 0,9ms
[12,042s][info][gc,phases   ] GC(112)   Post Evacuate Collection Set: 0,1ms
[12,042s][info][gc,phases   ] GC(112)   Other: 0,1ms
[12,042s][info][gc,heap     ] GC(112) Eden regions: 28->0(28)
[12,042s][info][gc,heap     ] GC(112) Survivor regions: 4->4(4)
[12,042s][info][gc,heap     ] GC(112) Old regions: 15->18
[12,042s][info][gc,heap     ] GC(112) Archive regions: 2->2
[12,042s][info][gc,heap     ] GC(112) Humongous regions: 0->0
[12,042s][info][gc,metaspace] GC(112) Metaspace: 117K(320K)->117K(320K) NonClass: 108K(192K)->108K(192K) Class: 8K(128K)->8K(128K)
[12,042s][info][gc          ] GC(112) Pause Young (Mixed) (G1 Evacuation Pause) 46M->22M(64M) 1,219ms
[12,042s][info][gc,cpu      ] GC(112) User=0,01s Sys=0,00s Real=0,00s
[12,188s][info][gc,start    ] GC(113) Pause Young (Mixed) (G1 Evacuation Pause)
[12,188s][info][gc,task     ] GC(113) Using 4 workers of 8 for evacuation
[12,189s][info][gc,phases   ] GC(113)   Pre Evacuate Collection Set: 0,0ms
[12,189s][info][gc,phases   ] GC(113)   Merge Heap Roots: 0,0ms
[12,189s][info][gc,phases   ] GC(113)   Evacuate Collection Set: 0,3ms
[12,189s][info][gc,phases   ] GC(113)   Post Evacuate Collection Set: 0,1ms
[12,189s][info][gc,phases   ] GC(113)   Other: 0,1ms
[12,189s][info][gc,heap     ] GC(113) Eden regions: 28->0(29)
[12,189s][info][gc,heap     ] GC(113) Survivor regions: 4->3(4)
[12,189s][info][gc,heap     ] GC(113) Old regions: 18->17
[12,189s][info][gc,heap     ] GC(113) Archive regions: 2->2
[12,189s][info][gc,heap     ] GC(113) Humongous regions: 0->0
[12,189s][info][gc,metaspace] GC(113) Metaspace: 117K(320K)->117K(320K) NonClass: 108K(192K)->108K(192K) Class: 8K(128K)->8K(128K)
[12,189s][info][gc          ] GC(113) Pause Young (Mixed) (G1 Evacuation Pause) 50M->19M(64M) 0,590ms
[12,189s][info][gc,cpu      ] GC(113) User=0,00s Sys=0,00s Real=0,00s
[12,285s][info][gc,start    ] GC(114) Pause Young (Mixed) (G1 Evacuation Pause)
[12,286s][info][gc,task     ] GC(114) Using 4 workers of 8 for evacuation
[12,286s][info][gc,phases   ] GC(114)   Pre Evacuate Collection Set: 0,0ms
[12,286s][info][gc,phases   ] GC(114)   Merge Heap Roots: 0,0ms
[12,286s][info][gc,phases   ] GC(114)   Evacuate Collection Set: 0,6ms
[12,286s][info][gc,phases   ] GC(114)   Post Evacuate Collection Set: 0,1ms
[12,286s][info][gc,phases   ] GC(114)   Other: 0,1ms
[12,286s][info][gc,heap     ] GC(114) Eden regions: 29->0(28)
[12,286s][info][gc,heap     ] GC(114) Survivor regions: 3->4(4)
[12,286s][info][gc,heap     ] GC(114) Old regions: 17->18
[12,286s][info][gc,heap     ] GC(114) Archive regions: 2->2
[12,286s][info][gc,heap     ] GC(114) Humongous regions: 0->0
[12,286s][info][gc,metaspace] GC(114) Metaspace: 117K(320K)->117K(320K) NonClass: 108K(192K)->108K(192K) Class: 8K(128K)->8K(128K)
[12,286s][info][gc          ] GC(114) Pause Young (Mixed) (G1 Evacuation Pause) 48M->21M(64M) 1,006ms
[12,286s][info][gc,cpu      ] GC(114) User=0,00s Sys=0,00s Real=0,00s
[12,438s][info][gc,start    ] GC(115) Pause Young (Mixed) (G1 Evacuation Pause)
[12,438s][info][gc,task     ] GC(115) Using 4 workers of 8 for evacuation
[12,438s][info][gc,phases   ] GC(115)   Pre Evacuate Collection Set: 0,0ms
[12,438s][info][gc,phases   ] GC(115)   Merge Heap Roots: 0,1ms
[12,438s][info][gc,phases   ] GC(115)   Evacuate Collection Set: 0,2ms
[12,438s][info][gc,phases   ] GC(115)   Post Evacuate Collection Set: 0,1ms
[12,438s][info][gc,phases   ] GC(115)   Other: 0,1ms
[12,438s][info][gc,heap     ] GC(115) Eden regions: 28->0(31)
[12,438s][info][gc,heap     ] GC(115) Survivor regions: 4->1(4)
[12,438s][info][gc,heap     ] GC(115) Old regions: 18->17
[12,438s][info][gc,heap     ] GC(115) Archive regions: 2->2
[12,438s][info][gc,heap     ] GC(115) Humongous regions: 0->0
[12,438s][info][gc,metaspace] GC(115) Metaspace: 117K(320K)->117K(320K) NonClass: 108K(192K)->108K(192K) Class: 8K(128K)->8K(128K)
[12,438s][info][gc          ] GC(115) Pause Young (Mixed) (G1 Evacuation Pause) 49M->17M(64M) 0,514ms
[12,438s][info][gc,cpu      ] GC(115) User=0,00s Sys=0,00s Real=0,00s
[12,537s][info][gc,start    ] GC(116) Pause Young (Mixed) (G1 Evacuation Pause)
[12,537s][info][gc,task     ] GC(116) Using 4 workers of 8 for evacuation
[12,538s][info][gc,phases   ] GC(116)   Pre Evacuate Collection Set: 0,0ms
[12,538s][info][gc,phases   ] GC(116)   Merge Heap Roots: 0,0ms
[12,538s][info][gc,phases   ] GC(116)   Evacuate Collection Set: 0,7ms
[12,538s][info][gc,phases   ] GC(116)   Post Evacuate Collection Set: 0,1ms
[12,538s][info][gc,phases   ] GC(116)   Other: 0,1ms
[12,538s][info][gc,heap     ] GC(116) Eden regions: 31->0(28)
[12,538s][info][gc,heap     ] GC(116) Survivor regions: 1->4(4)
[12,538s][info][gc,heap     ] GC(116) Old regions: 17->18
[12,538s][info][gc,heap     ] GC(116) Archive regions: 2->2
[12,538s][info][gc,heap     ] GC(116) Humongous regions: 0->0
[12,538s][info][gc,metaspace] GC(116) Metaspace: 117K(320K)->117K(320K) NonClass: 108K(192K)->108K(192K) Class: 8K(128K)->8K(128K)
[12,538s][info][gc          ] GC(116) Pause Young (Mixed) (G1 Evacuation Pause) 48M->22M(64M) 1,056ms
[12,538s][info][gc,cpu      ] GC(116) User=0,00s Sys=0,00s Real=0,00s
[12,637s][info][gc,start    ] GC(117) Pause Young (Mixed) (G1 Evacuation Pause)
[12,637s][info][gc,task     ] GC(117) Using 4 workers of 8 for evacuation
[12,637s][info][gc,phases   ] GC(117)   Pre Evacuate Collection Set: 0,0ms
[12,638s][info][gc,phases   ] GC(117)   Merge Heap Roots: 0,0ms
[12,638s][info][gc,phases   ] GC(117)   Evacuate Collection Set: 0,1ms
[12,638s][info][gc,phases   ] GC(117)   Post Evacuate Collection Set: 0,1ms
[12,638s][info][gc,phases   ] GC(117)   Other: 0,1ms
[12,638s][info][gc,heap     ] GC(117) Eden regions: 28->0(31)
[12,638s][info][gc,heap     ] GC(117) Survivor regions: 4->1(4)
[12,638s][info][gc,heap     ] GC(117) Old regions: 18->17
[12,638s][info][gc,heap     ] GC(117) Archive regions: 2->2
[12,638s][info][gc,heap     ] GC(117) Humongous regions: 0->0
[12,638s][info][gc,metaspace] GC(117) Metaspace: 117K(320K)->117K(320K) NonClass: 108K(192K)->108K(192K) Class: 8K(128K)->8K(128K)
[12,638s][info][gc          ] GC(117) Pause Young (Mixed) (G1 Evacuation Pause) 50M->18M(64M) 0,429ms
[12,638s][info][gc,cpu      ] GC(117) User=0,00s Sys=0,00s Real=0,00s
[12,740s][info][gc,start    ] GC(118) Pause Young (Mixed) (G1 Evacuation Pause)
[12,740s][info][gc,task     ] GC(118) Using 4 workers of 8 for evacuation
[12,741s][info][gc,phases   ] GC(118)   Pre Evacuate Collection Set: 0,0ms
[12,741s][info][gc,phases   ] GC(118)   Merge Heap Roots: 0,0ms
[12,741s][info][gc,phases   ] GC(118)   Evacuate Collection Set: 0,7ms
[12,741s][info][gc,phases   ] GC(118)   Post Evacuate Collection Set: 0,1ms
[12,741s][info][gc,phases   ] GC(118)   Other: 0,1ms
[12,741s][info][gc,heap     ] GC(118) Eden regions: 31->0(28)
[12,741s][info][gc,heap     ] GC(118) Survivor regions: 1->4(4)
[12,741s][info][gc,heap     ] GC(118) Old regions: 17->19
[12,741s][info][gc,heap     ] GC(118) Archive regions: 2->2
[12,741s][info][gc,heap     ] GC(118) Humongous regions: 0->0
[12,741s][info][gc,metaspace] GC(118) Metaspace: 117K(320K)->117K(320K) NonClass: 108K(192K)->108K(192K) Class: 8K(128K)->8K(128K)
[12,741s][info][gc          ] GC(118) Pause Young (Mixed) (G1 Evacuation Pause) 49M->23M(64M) 1,203ms
[12,741s][info][gc,cpu      ] GC(118) User=0,00s Sys=0,00s Real=0,00s
[12,838s][info][gc,start    ] GC(119) Pause Young (Mixed) (G1 Evacuation Pause)
[12,838s][info][gc,task     ] GC(119) Using 4 workers of 8 for evacuation
[12,839s][info][gc,phases   ] GC(119)   Pre Evacuate Collection Set: 0,0ms
[12,839s][info][gc,phases   ] GC(119)   Merge Heap Roots: 0,0ms
[12,839s][info][gc,phases   ] GC(119)   Evacuate Collection Set: 1,0ms
[12,839s][info][gc,phases   ] GC(119)   Post Evacuate Collection Set: 0,2ms
[12,839s][info][gc,phases   ] GC(119)   Other: 0,1ms
[12,839s][info][gc,heap     ] GC(119) Eden regions: 28->0(28)
[12,839s][info][gc,heap     ] GC(119) Survivor regions: 4->4(4)
[12,839s][info][gc,heap     ] GC(119) Old regions: 19->22
[12,839s][info][gc,heap     ] GC(119) Archive regions: 2->2
[12,839s][info][gc,heap     ] GC(119) Humongous regions: 0->0
[12,839s][info][gc,metaspace] GC(119) Metaspace: 117K(320K)->117K(320K) NonClass: 108K(192K)->108K(192K) Class: 8K(128K)->8K(128K)
[12,839s][info][gc          ] GC(119) Pause Young (Mixed) (G1 Evacuation Pause) 51M->26M(64M) 1,516ms
[12,839s][info][gc,cpu      ] GC(119) User=0,00s Sys=0,00s Real=0,00s
[12,989s][info][gc,start    ] GC(120) Pause Young (Concurrent Start) (G1 Preventive Collection)
[12,989s][info][gc,task     ] GC(120) Using 4 workers of 8 for evacuation
[12,989s][info][gc,phases   ] GC(120)   Pre Evacuate Collection Set: 0,1ms
[12,990s][info][gc,phases   ] GC(120)   Merge Heap Roots: 0,0ms
[12,990s][info][gc,phases   ] GC(120)   Evacuate Collection Set: 0,3ms
[12,990s][info][gc,phases   ] GC(120)   Post Evacuate Collection Set: 0,2ms
[12,990s][info][gc,phases   ] GC(120)   Other: 0,1ms
[12,990s][info][gc,heap     ] GC(120) Eden regions: 28->0(28)
[12,990s][info][gc,heap     ] GC(120) Survivor regions: 4->4(4)
[12,990s][info][gc,heap     ] GC(120) Old regions: 22->22
[12,990s][info][gc,heap     ] GC(120) Archive regions: 2->2
[12,990s][info][gc,heap     ] GC(120) Humongous regions: 0->0
[12,990s][info][gc,metaspace] GC(120) Metaspace: 117K(320K)->117K(320K) NonClass: 108K(192K)->108K(192K) Class: 8K(128K)->8K(128K)
[12,990s][info][gc          ] GC(120) Pause Young (Concurrent Start) (G1 Preventive Collection) 54M->25M(64M) 1,321ms
[12,990s][info][gc,cpu      ] GC(120) User=0,01s Sys=0,00s Real=0,00s
[12,990s][info][gc          ] GC(121) Concurrent Mark Cycle
[12,990s][info][gc,marking  ] GC(121) Concurrent Clear Claimed Marks
[12,990s][info][gc,marking  ] GC(121) Concurrent Clear Claimed Marks 0,037ms
[12,990s][info][gc,marking  ] GC(121) Concurrent Scan Root Regions
[12,990s][info][gc,marking  ] GC(121) Concurrent Scan Root Regions 0,184ms
[12,990s][info][gc,marking  ] GC(121) Concurrent Mark
[12,990s][info][gc,marking  ] GC(121) Concurrent Mark From Roots
[12,990s][info][gc,task     ] GC(121) Using 2 workers of 2 for marking
[12,992s][info][gc,marking  ] GC(121) Concurrent Mark From Roots 1,508ms
[12,992s][info][gc,marking  ] GC(121) Concurrent Preclean
[12,992s][info][gc,marking  ] GC(121) Concurrent Preclean 0,023ms
[12,992s][info][gc,start    ] GC(121) Pause Remark
[12,992s][info][gc          ] GC(121) Pause Remark 30M->18M(64M) 0,256ms
[12,992s][info][gc,cpu      ] GC(121) User=0,00s Sys=0,00s Real=0,01s
[12,992s][info][gc,marking  ] GC(121) Concurrent Mark 1,997ms
[12,992s][info][gc,marking  ] GC(121) Concurrent Rebuild Remembered Sets
[12,993s][info][gc,marking  ] GC(121) Concurrent Rebuild Remembered Sets 0,409ms
[12,993s][info][gc,start    ] GC(121) Pause Cleanup
[12,993s][info][gc          ] GC(121) Pause Cleanup 18M->18M(64M) 0,043ms
[12,993s][info][gc,cpu      ] GC(121) User=0,00s Sys=0,00s Real=0,00s
[12,993s][info][gc,marking  ] GC(121) Concurrent Cleanup for Next Mark
[12,993s][info][gc,marking  ] GC(121) Concurrent Cleanup for Next Mark 0,091ms
[12,993s][info][gc          ] GC(121) Concurrent Mark Cycle 2,962ms
[13,085s][info][gc,start    ] GC(122) Pause Young (Prepare Mixed) (G1 Evacuation Pause)
[13,085s][info][gc,task     ] GC(122) Using 4 workers of 8 for evacuation
[13,086s][info][gc,phases   ] GC(122)   Pre Evacuate Collection Set: 0,0ms
[13,086s][info][gc,phases   ] GC(122)   Merge Heap Roots: 0,0ms
[13,086s][info][gc,phases   ] GC(122)   Evacuate Collection Set: 0,7ms
[13,086s][info][gc,phases   ] GC(122)   Post Evacuate Collection Set: 0,2ms
[13,086s][info][gc,phases   ] GC(122)   Other: 0,1ms
[13,086s][info][gc,heap     ] GC(122) Eden regions: 28->0(28)
[13,086s][info][gc,heap     ] GC(122) Survivor regions: 4->4(4)
[13,086s][info][gc,heap     ] GC(122) Old regions: 10->11
[13,086s][info][gc,heap     ] GC(122) Archive regions: 2->2
[13,086s][info][gc,heap     ] GC(122) Humongous regions: 0->0
[13,086s][info][gc,metaspace] GC(122) Metaspace: 117K(320K)->117K(320K) NonClass: 108K(192K)->108K(192K) Class: 8K(128K)->8K(128K)
[13,086s][info][gc          ] GC(122) Pause Young (Prepare Mixed) (G1 Evacuation Pause) 41M->15M(64M) 1,239ms
[13,086s][info][gc,cpu      ] GC(122) User=0,00s Sys=0,00s Real=0,00s
[13,188s][info][gc,start    ] GC(123) Pause Young (Mixed) (G1 Evacuation Pause)
[13,188s][info][gc,task     ] GC(123) Using 4 workers of 8 for evacuation
[13,189s][info][gc,phases   ] GC(123)   Pre Evacuate Collection Set: 0,0ms
[13,189s][info][gc,phases   ] GC(123)   Merge Heap Roots: 0,0ms
[13,189s][info][gc,phases   ] GC(123)   Evacuate Collection Set: 0,9ms
[13,189s][info][gc,phases   ] GC(123)   Post Evacuate Collection Set: 0,1ms
[13,189s][info][gc,phases   ] GC(123)   Other: 0,1ms
[13,189s][info][gc,heap     ] GC(123) Eden regions: 28->0(28)
[13,189s][info][gc,heap     ] GC(123) Survivor regions: 4->4(4)
[13,189s][info][gc,heap     ] GC(123) Old regions: 11->14
[13,189s][info][gc,heap     ] GC(123) Archive regions: 2->2
[13,189s][info][gc,heap     ] GC(123) Humongous regions: 0->0
[13,189s][info][gc,metaspace] GC(123) Metaspace: 117K(320K)->117K(320K) NonClass: 108K(192K)->108K(192K) Class: 8K(128K)->8K(128K)
[13,189s][info][gc          ] GC(123) Pause Young (Mixed) (G1 Evacuation Pause) 43M->18M(64M) 1,267ms
[13,189s][info][gc,cpu      ] GC(123) User=0,00s Sys=0,00s Real=0,00s
[13,335s][info][gc,start    ] GC(124) Pause Young (Mixed) (G1 Evacuation Pause)
[13,335s][info][gc,task     ] GC(124) Using 4 workers of 8 for evacuation
[13,336s][info][gc,phases   ] GC(124)   Pre Evacuate Collection Set: 0,0ms
[13,336s][info][gc,phases   ] GC(124)   Merge Heap Roots: 0,0ms
[13,336s][info][gc,phases   ] GC(124)   Evacuate Collection Set: 0,1ms
[13,336s][info][gc,phases   ] GC(124)   Post Evacuate Collection Set: 0,1ms
[13,336s][info][gc,phases   ] GC(124)   Other: 0,1ms
[13,336s][info][gc,heap     ] GC(124) Eden regions: 28->0(30)
[13,336s][info][gc,heap     ] GC(124) Survivor regions: 4->2(4)
[13,336s][info][gc,heap     ] GC(124) Old regions: 14->13
[13,336s][info][gc,heap     ] GC(124) Archive regions: 2->2
[13,336s][info][gc,heap     ] GC(124) Humongous regions: 0->0
[13,336s][info][gc,metaspace] GC(124) Metaspace: 117K(320K)->117K(320K) NonClass: 108K(192K)->108K(192K) Class: 8K(128K)->8K(128K)
[13,336s][info][gc          ] GC(124) Pause Young (Mixed) (G1 Evacuation Pause) 46M->14M(64M) 0,492ms
[13,336s][info][gc,cpu      ] GC(124) User=0,00s Sys=0,00s Real=0,00s
[13,435s][info][gc,start    ] GC(125) Pause Young (Mixed) (G1 Evacuation Pause)
[13,435s][info][gc,task     ] GC(125) Using 4 workers of 8 for evacuation
[13,436s][info][gc,phases   ] GC(125)   Pre Evacuate Collection Set: 0,0ms
[13,436s][info][gc,phases   ] GC(125)   Merge Heap Roots: 0,0ms
[13,436s][info][gc,phases   ] GC(125)   Evacuate Collection Set: 0,7ms
[13,436s][info][gc,phases   ] GC(125)   Post Evacuate Collection Set: 0,1ms
[13,436s][info][gc,phases   ] GC(125)   Other: 0,1ms
[13,436s][info][gc,heap     ] GC(125) Eden regions: 30->0(28)
[13,436s][info][gc,heap     ] GC(125) Survivor regions: 2->4(4)
[13,436s][info][gc,heap     ] GC(125) Old regions: 13->15
[13,436s][info][gc,heap     ] GC(125) Archive regions: 2->2
[13,436s][info][gc,heap     ] GC(125) Humongous regions: 0->0
[13,436s][info][gc,metaspace] GC(125) Metaspace: 117K(320K)->117K(320K) NonClass: 108K(192K)->108K(192K) Class: 8K(128K)->8K(128K)
[13,436s][info][gc          ] GC(125) Pause Young (Mixed) (G1 Evacuation Pause) 44M->19M(64M) 1,073ms
[13,436s][info][gc,cpu      ] GC(125) User=0,01s Sys=0,00s Real=0,00s
[13,537s][info][gc,start    ] GC(126) Pause Young (Mixed) (G1 Evacuation Pause)
[13,537s][info][gc,task     ] GC(126) Using 4 workers of 8 for evacuation
[13,537s][info][gc,phases   ] GC(126)   Pre Evacuate Collection Set: 0,0ms
[13,537s][info][gc,phases   ] GC(126)   Merge Heap Roots: 0,0ms
[13,537s][info][gc,phases   ] GC(126)   Evacuate Collection Set: 0,1ms
[13,537s][info][gc,phases   ] GC(126)   Post Evacuate Collection Set: 0,1ms
[13,537s][info][gc,phases   ] GC(126)   Other: 0,1ms
[13,537s][info][gc,heap     ] GC(126) Eden regions: 28->0(31)
[13,537s][info][gc,heap     ] GC(126) Survivor regions: 4->1(4)
[13,537s][info][gc,heap     ] GC(126) Old regions: 15->14
[13,537s][info][gc,heap     ] GC(126) Archive regions: 2->2
[13,537s][info][gc,heap     ] GC(126) Humongous regions: 0->0
[13,537s][info][gc,metaspace] GC(126) Metaspace: 117K(320K)->117K(320K) NonClass: 108K(192K)->108K(192K) Class: 8K(128K)->8K(128K)
[13,537s][info][gc          ] GC(126) Pause Young (Mixed) (G1 Evacuation Pause) 47M->14M(64M) 0,463ms
[13,537s][info][gc,cpu      ] GC(126) User=0,00s Sys=0,00s Real=0,00s
[13,635s][info][gc,start    ] GC(127) Pause Young (Mixed) (G1 Evacuation Pause)
[13,636s][info][gc,task     ] GC(127) Using 4 workers of 8 for evacuation
[13,636s][info][gc,phases   ] GC(127)   Pre Evacuate Collection Set: 0,0ms
[13,636s][info][gc,phases   ] GC(127)   Merge Heap Roots: 0,0ms
[13,636s][info][gc,phases   ] GC(127)   Evacuate Collection Set: 0,5ms
[13,636s][info][gc,phases   ] GC(127)   Post Evacuate Collection Set: 0,1ms
[13,636s][info][gc,phases   ] GC(127)   Other: 0,1ms
[13,636s][info][gc,heap     ] GC(127) Eden regions: 31->0(28)
[13,636s][info][gc,heap     ] GC(127) Survivor regions: 1->4(4)
[13,636s][info][gc,heap     ] GC(127) Old regions: 14->15
[13,636s][info][gc,heap     ] GC(127) Archive regions: 2->2
[13,636s][info][gc,heap     ] GC(127) Humongous regions: 0->0
[13,636s][info][gc,metaspace] GC(127) Metaspace: 117K(320K)->117K(320K) NonClass: 108K(192K)->108K(192K) Class: 8K(128K)->8K(128K)
[13,636s][info][gc          ] GC(127) Pause Young (Mixed) (G1 Evacuation Pause) 45M->19M(64M) 0,835ms
[13,636s][info][gc,cpu      ] GC(127) User=0,00s Sys=0,00s Real=0,00s
[13,786s][info][gc,start    ] GC(128) Pause Young (Mixed) (G1 Evacuation Pause)
[13,786s][info][gc,task     ] GC(128) Using 4 workers of 8 for evacuation
[13,787s][info][gc,phases   ] GC(128)   Pre Evacuate Collection Set: 0,0ms
[13,787s][info][gc,phases   ] GC(128)   Merge Heap Roots: 0,0ms
[13,787s][info][gc,phases   ] GC(128)   Evacuate Collection Set: 0,1ms
[13,787s][info][gc,phases   ] GC(128)   Post Evacuate Collection Set: 0,1ms
[13,787s][info][gc,phases   ] GC(128)   Other: 0,1ms
[13,787s][info][gc,heap     ] GC(128) Eden regions: 28->0(31)
[13,787s][info][gc,heap     ] GC(128) Survivor regions: 4->1(4)
[13,787s][info][gc,heap     ] GC(128) Old regions: 15->14
[13,787s][info][gc,heap     ] GC(128) Archive regions: 2->2
[13,787s][info][gc,heap     ] GC(128) Humongous regions: 0->0
[13,787s][info][gc,metaspace] GC(128) Metaspace: 117K(320K)->117K(320K) NonClass: 108K(192K)->108K(192K) Class: 8K(128K)->8K(128K)
[13,787s][info][gc          ] GC(128) Pause Young (Mixed) (G1 Evacuation Pause) 47M->14M(64M) 0,489ms
[13,787s][info][gc,cpu      ] GC(128) User=0,00s Sys=0,00s Real=0,00s
[13,887s][info][gc,start    ] GC(129) Pause Young (Normal) (G1 Evacuation Pause)
[13,887s][info][gc,task     ] GC(129) Using 4 workers of 8 for evacuation
[13,888s][info][gc,phases   ] GC(129)   Pre Evacuate Collection Set: 0,0ms
[13,888s][info][gc,phases   ] GC(129)   Merge Heap Roots: 0,0ms
[13,888s][info][gc,phases   ] GC(129)   Evacuate Collection Set: 0,6ms
[13,888s][info][gc,phases   ] GC(129)   Post Evacuate Collection Set: 0,1ms
[13,888s][info][gc,phases   ] GC(129)   Other: 0,1ms
[13,888s][info][gc,heap     ] GC(129) Eden regions: 31->0(28)
[13,888s][info][gc,heap     ] GC(129) Survivor regions: 1->4(4)
[13,888s][info][gc,heap     ] GC(129) Old regions: 14->16
[13,888s][info][gc,heap     ] GC(129) Archive regions: 2->2
[13,888s][info][gc,heap     ] GC(129) Humongous regions: 0->0
[13,888s][info][gc,metaspace] GC(129) Metaspace: 117K(320K)->117K(320K) NonClass: 108K(192K)->108K(192K) Class: 8K(128K)->8K(128K)
[13,888s][info][gc          ] GC(129) Pause Young (Normal) (G1 Evacuation Pause) 45M->20M(64M) 0,973ms
[13,888s][info][gc,cpu      ] GC(129) User=0,00s Sys=0,01s Real=0,00s
[14,039s][info][gc,start    ] GC(130) Pause Young (Normal) (G1 Evacuation Pause)
[14,039s][info][gc,task     ] GC(130) Using 4 workers of 8 for evacuation
[14,039s][info][gc,phases   ] GC(130)   Pre Evacuate Collection Set: 0,0ms
[14,039s][info][gc,phases   ] GC(130)   Merge Heap Roots: 0,0ms
[14,039s][info][gc,phases   ] GC(130)   Evacuate Collection Set: 0,1ms
[14,039s][info][gc,phases   ] GC(130)   Post Evacuate Collection Set: 0,1ms
[14,039s][info][gc,phases   ] GC(130)   Other: 0,1ms
[14,039s][info][gc,heap     ] GC(130) Eden regions: 28->0(30)
[14,039s][info][gc,heap     ] GC(130) Survivor regions: 4->2(4)
[14,039s][info][gc,heap     ] GC(130) Old regions: 16->16
[14,039s][info][gc,heap     ] GC(130) Archive regions: 2->2
[14,039s][info][gc,heap     ] GC(130) Humongous regions: 0->0
[14,039s][info][gc,metaspace] GC(130) Metaspace: 117K(320K)->117K(320K) NonClass: 108K(192K)->108K(192K) Class: 8K(128K)->8K(128K)
[14,039s][info][gc          ] GC(130) Pause Young (Normal) (G1 Evacuation Pause) 48M->17M(64M) 0,392ms
[14,039s][info][gc,cpu      ] GC(130) User=0,00s Sys=0,00s Real=0,00s
[14,138s][info][gc,start    ] GC(131) Pause Young (Normal) (G1 Evacuation Pause)
[14,138s][info][gc,task     ] GC(131) Using 4 workers of 8 for evacuation
[14,139s][info][gc,phases   ] GC(131)   Pre Evacuate Collection Set: 0,0ms
[14,139s][info][gc,phases   ] GC(131)   Merge Heap Roots: 0,0ms
[14,139s][info][gc,phases   ] GC(131)   Evacuate Collection Set: 0,4ms
[14,139s][info][gc,phases   ] GC(131)   Post Evacuate Collection Set: 0,1ms
[14,139s][info][gc,phases   ] GC(131)   Other: 0,1ms
[14,139s][info][gc,heap     ] GC(131) Eden regions: 30->0(28)
[14,139s][info][gc,heap     ] GC(131) Survivor regions: 2->4(4)
[14,139s][info][gc,heap     ] GC(131) Old regions: 16->17
[14,139s][info][gc,heap     ] GC(131) Archive regions: 2->2
[14,139s][info][gc,heap     ] GC(131) Humongous regions: 0->0
[14,139s][info][gc,metaspace] GC(131) Metaspace: 117K(320K)->117K(320K) NonClass: 108K(192K)->108K(192K) Class: 8K(128K)->8K(128K)
[14,139s][info][gc          ] GC(131) Pause Young (Normal) (G1 Evacuation Pause) 47M->21M(64M) 0,783ms
[14,139s][info][gc,cpu      ] GC(131) User=0,00s Sys=0,00s Real=0,00s
[14,238s][info][gc,start    ] GC(132) Pause Young (Normal) (G1 Evacuation Pause)
[14,238s][info][gc,task     ] GC(132) Using 4 workers of 8 for evacuation
[14,239s][info][gc,phases   ] GC(132)   Pre Evacuate Collection Set: 0,1ms
[14,239s][info][gc,phases   ] GC(132)   Merge Heap Roots: 0,0ms
[14,239s][info][gc,phases   ] GC(132)   Evacuate Collection Set: 0,7ms
[14,239s][info][gc,phases   ] GC(132)   Post Evacuate Collection Set: 0,1ms
[14,239s][info][gc,phases   ] GC(132)   Other: 0,1ms
[14,239s][info][gc,heap     ] GC(132) Eden regions: 28->0(28)
[14,239s][info][gc,heap     ] GC(132) Survivor regions: 4->4(4)
[14,239s][info][gc,heap     ] GC(132) Old regions: 17->21
[14,239s][info][gc,heap     ] GC(132) Archive regions: 2->2
[14,239s][info][gc,heap     ] GC(132) Humongous regions: 0->0
[14,239s][info][gc,metaspace] GC(132) Metaspace: 117K(320K)->117K(320K) NonClass: 108K(192K)->108K(192K) Class: 8K(128K)->8K(128K)
[14,239s][info][gc          ] GC(132) Pause Young (Normal) (G1 Evacuation Pause) 49M->25M(64M) 1,135ms
[14,239s][info][gc,cpu      ] GC(132) User=0,00s Sys=0,00s Real=0,00s
[14,339s][info][gc,start    ] GC(133) Pause Young (Concurrent Start) (G1 Evacuation Pause)
[14,339s][info][gc,task     ] GC(133) Using 4 workers of 8 for evacuation
[14,339s][info][gc,phases   ] GC(133)   Pre Evacuate Collection Set: 0,0ms
[14,339s][info][gc,phases   ] GC(133)   Merge Heap Roots: 0,0ms
[14,339s][info][gc,phases   ] GC(133)   Evacuate Collection Set: 0,2ms
[14,339s][info][gc,phases   ] GC(133)   Post Evacuate Collection Set: 0,1ms
[14,339s][info][gc,phases   ] GC(133)   Other: 0,1ms
[14,339s][info][gc,heap     ] GC(133) Eden regions: 28->0(30)
[14,340s][info][gc,heap     ] GC(133) Survivor regions: 4->2(4)
[14,340s][info][gc,heap     ] GC(133) Old regions: 21->21
[14,340s][info][gc,heap     ] GC(133) Archive regions: 2->2
[14,340s][info][gc,heap     ] GC(133) Humongous regions: 0->0
[14,340s][info][gc,metaspace] GC(133) Metaspace: 117K(320K)->117K(320K) NonClass: 108K(192K)->108K(192K) Class: 8K(128K)->8K(128K)
[14,340s][info][gc          ] GC(133) Pause Young (Concurrent Start) (G1 Evacuation Pause) 53M->22M(64M) 0,556ms
[14,340s][info][gc,cpu      ] GC(133) User=0,00s Sys=0,00s Real=0,00s
[14,340s][info][gc          ] GC(134) Concurrent Mark Cycle
[14,340s][info][gc,marking  ] GC(134) Concurrent Clear Claimed Marks
[14,340s][info][gc,marking  ] GC(134) Concurrent Clear Claimed Marks 0,007ms
[14,340s][info][gc,marking  ] GC(134) Concurrent Scan Root Regions
[14,340s][info][gc,marking  ] GC(134) Concurrent Scan Root Regions 0,030ms
[14,340s][info][gc,marking  ] GC(134) Concurrent Mark
[14,340s][info][gc,marking  ] GC(134) Concurrent Mark From Roots
[14,340s][info][gc,task     ] GC(134) Using 2 workers of 2 for marking
[14,341s][info][gc,marking  ] GC(134) Concurrent Mark From Roots 1,472ms
[14,341s][info][gc,marking  ] GC(134) Concurrent Preclean
[14,341s][info][gc,marking  ] GC(134) Concurrent Preclean 0,045ms
[14,341s][info][gc,start    ] GC(134) Pause Remark
[14,342s][info][gc          ] GC(134) Pause Remark 29M->19M(64M) 0,341ms
[14,342s][info][gc,cpu      ] GC(134) User=0,00s Sys=0,00s Real=0,00s
[14,342s][info][gc,marking  ] GC(134) Concurrent Mark 2,099ms
[14,342s][info][gc,marking  ] GC(134) Concurrent Rebuild Remembered Sets
[14,342s][info][gc,marking  ] GC(134) Concurrent Rebuild Remembered Sets 0,512ms
[14,342s][info][gc,start    ] GC(134) Pause Cleanup
[14,342s][info][gc          ] GC(134) Pause Cleanup 19M->19M(64M) 0,039ms
[14,342s][info][gc,cpu      ] GC(134) User=0,00s Sys=0,00s Real=0,00s
[14,342s][info][gc,marking  ] GC(134) Concurrent Cleanup for Next Mark
[14,343s][info][gc,marking  ] GC(134) Concurrent Cleanup for Next Mark 0,118ms
[14,343s][info][gc          ] GC(134) Concurrent Mark Cycle 2,991ms
[14,435s][info][gc,start    ] GC(135) Pause Young (Prepare Mixed) (G1 Evacuation Pause)
[14,435s][info][gc,task     ] GC(135) Using 4 workers of 8 for evacuation
[14,436s][info][gc,phases   ] GC(135)   Pre Evacuate Collection Set: 0,0ms
[14,436s][info][gc,phases   ] GC(135)   Merge Heap Roots: 0,0ms
[14,436s][info][gc,phases   ] GC(135)   Evacuate Collection Set: 0,7ms
[14,436s][info][gc,phases   ] GC(135)   Post Evacuate Collection Set: 0,1ms
[14,436s][info][gc,phases   ] GC(135)   Other: 0,1ms
[14,436s][info][gc,heap     ] GC(135) Eden regions: 30->0(28)
[14,436s][info][gc,heap     ] GC(135) Survivor regions: 2->4(4)
[14,436s][info][gc,heap     ] GC(135) Old regions: 11->13
[14,436s][info][gc,heap     ] GC(135) Archive regions: 2->2
[14,436s][info][gc,heap     ] GC(135) Humongous regions: 0->0
[14,436s][info][gc,metaspace] GC(135) Metaspace: 117K(320K)->117K(320K) NonClass: 108K(192K)->108K(192K) Class: 8K(128K)->8K(128K)
[14,436s][info][gc          ] GC(135) Pause Young (Prepare Mixed) (G1 Evacuation Pause) 42M->17M(64M) 1,073ms
[14,436s][info][gc,cpu      ] GC(135) User=0,00s Sys=0,00s Real=0,00s
[14,536s][info][gc,start    ] GC(136) Pause Young (Mixed) (G1 Evacuation Pause)
[14,536s][info][gc,task     ] GC(136) Using 4 workers of 8 for evacuation
[14,536s][info][gc,phases   ] GC(136)   Pre Evacuate Collection Set: 0,0ms
[14,536s][info][gc,phases   ] GC(136)   Merge Heap Roots: 0,0ms
[14,536s][info][gc,phases   ] GC(136)   Evacuate Collection Set: 0,2ms
[14,536s][info][gc,phases   ] GC(136)   Post Evacuate Collection Set: 0,1ms
[14,536s][info][gc,phases   ] GC(136)   Other: 0,1ms
[14,536s][info][gc,heap     ] GC(136) Eden regions: 28->0(31)
[14,536s][info][gc,heap     ] GC(136) Survivor regions: 4->1(4)
[14,536s][info][gc,heap     ] GC(136) Old regions: 13->12
[14,536s][info][gc,heap     ] GC(136) Archive regions: 2->2
[14,536s][info][gc,heap     ] GC(136) Humongous regions: 0->0
[14,536s][info][gc,metaspace] GC(136) Metaspace: 117K(320K)->117K(320K) NonClass: 108K(192K)->108K(192K) Class: 8K(128K)->8K(128K)
[14,536s][info][gc          ] GC(136) Pause Young (Mixed) (G1 Evacuation Pause) 45M->13M(64M) 0,539ms
[14,536s][info][gc,cpu      ] GC(136) User=0,00s Sys=0,00s Real=0,00s
[14,685s][info][gc,start    ] GC(137) Pause Young (Mixed) (G1 Evacuation Pause)
[14,685s][info][gc,task     ] GC(137) Using 4 workers of 8 for evacuation
[14,686s][info][gc,phases   ] GC(137)   Pre Evacuate Collection Set: 0,0ms
[14,686s][info][gc,phases   ] GC(137)   Merge Heap Roots: 0,0ms
[14,686s][info][gc,phases   ] GC(137)   Evacuate Collection Set: 0,5ms
[14,686s][info][gc,phases   ] GC(137)   Post Evacuate Collection Set: 0,1ms
[14,686s][info][gc,phases   ] GC(137)   Other: 0,1ms
[14,686s][info][gc,heap     ] GC(137) Eden regions: 31->0(28)
[14,686s][info][gc,heap     ] GC(137) Survivor regions: 1->4(4)
[14,686s][info][gc,heap     ] GC(137) Old regions: 12->13
[14,686s][info][gc,heap     ] GC(137) Archive regions: 2->2
[14,686s][info][gc,heap     ] GC(137) Humongous regions: 0->0
[14,686s][info][gc,metaspace] GC(137) Metaspace: 117K(320K)->117K(320K) NonClass: 108K(192K)->108K(192K) Class: 8K(128K)->8K(128K)
[14,686s][info][gc          ] GC(137) Pause Young (Mixed) (G1 Evacuation Pause) 44M->17M(64M) 0,911ms
[14,686s][info][gc,cpu      ] GC(137) User=0,01s Sys=0,00s Real=0,00s
[14,838s][info][gc,start    ] GC(138) Pause Young (Mixed) (G1 Evacuation Pause)
[14,838s][info][gc,task     ] GC(138) Using 4 workers of 8 for evacuation
[14,839s][info][gc,phases   ] GC(138)   Pre Evacuate Collection Set: 0,0ms
[14,839s][info][gc,phases   ] GC(138)   Merge Heap Roots: 0,0ms
[14,839s][info][gc,phases   ] GC(138)   Evacuate Collection Set: 0,1ms
[14,839s][info][gc,phases   ] GC(138)   Post Evacuate Collection Set: 0,1ms
[14,839s][info][gc,phases   ] GC(138)   Other: 0,1ms
[14,839s][info][gc,heap     ] GC(138) Eden regions: 28->0(31)
[14,839s][info][gc,heap     ] GC(138) Survivor regions: 4->1(4)
[14,839s][info][gc,heap     ] GC(138) Old regions: 13->12
[14,839s][info][gc,heap     ] GC(138) Archive regions: 2->2
[14,839s][info][gc,heap     ] GC(138) Humongous regions: 0->0
[14,839s][info][gc,metaspace] GC(138) Metaspace: 117K(320K)->117K(320K) NonClass: 108K(192K)->108K(192K) Class: 8K(128K)->8K(128K)
[14,839s][info][gc          ] GC(138) Pause Young (Mixed) (G1 Evacuation Pause) 45M->12M(64M) 0,393ms
[14,839s][info][gc,cpu      ] GC(138) User=0,00s Sys=0,00s Real=0,00s
[14,937s][info][gc,start    ] GC(139) Pause Young (Mixed) (G1 Evacuation Pause)
[14,937s][info][gc,task     ] GC(139) Using 4 workers of 8 for evacuation
[14,938s][info][gc,phases   ] GC(139)   Pre Evacuate Collection Set: 0,0ms
[14,938s][info][gc,phases   ] GC(139)   Merge Heap Roots: 0,0ms
[14,938s][info][gc,phases   ] GC(139)   Evacuate Collection Set: 0,8ms
[14,938s][info][gc,phases   ] GC(139)   Post Evacuate Collection Set: 0,2ms
[14,938s][info][gc,phases   ] GC(139)   Other: 0,1ms
[14,938s][info][gc,heap     ] GC(139) Eden regions: 31->0(28)
[14,938s][info][gc,heap     ] GC(139) Survivor regions: 1->4(4)
[14,938s][info][gc,heap     ] GC(139) Old regions: 12->13
[14,938s][info][gc,heap     ] GC(139) Archive regions: 2->2
[14,938s][info][gc,heap     ] GC(139) Humongous regions: 0->0
[14,938s][info][gc,metaspace] GC(139) Metaspace: 117K(320K)->117K(320K) NonClass: 108K(192K)->108K(192K) Class: 8K(128K)->8K(128K)
[14,938s][info][gc          ] GC(139) Pause Young (Mixed) (G1 Evacuation Pause) 43M->17M(64M) 1,293ms
[14,938s][info][gc,cpu      ] GC(139) User=0,00s Sys=0,00s Real=0,00s
[15,035s][info][gc,start    ] GC(140) Pause Young (Mixed) (G1 Evacuation Pause)
[15,035s][info][gc,task     ] GC(140) Using 4 workers of 8 for evacuation
[15,035s][info][gc,phases   ] GC(140)   Pre Evacuate Collection Set: 0,1ms
[15,035s][info][gc,phases   ] GC(140)   Merge Heap Roots: 0,1ms
[15,035s][info][gc,phases   ] GC(140)   Evacuate Collection Set: 0,1ms
[15,035s][info][gc,phases   ] GC(140)   Post Evacuate Collection Set: 0,1ms
[15,035s][info][gc,phases   ] GC(140)   Other: 0,1ms
[15,035s][info][gc,heap     ] GC(140) Eden regions: 28->0(31)
[15,036s][info][gc,heap     ] GC(140) Survivor regions: 4->1(4)
[15,036s][info][gc,heap     ] GC(140) Old regions: 13->12
[15,036s][info][gc,heap     ] GC(140) Archive regions: 2->2
[15,036s][info][gc,heap     ] GC(140) Humongous regions: 0->0
[15,036s][info][gc,metaspace] GC(140) Metaspace: 117K(320K)->117K(320K) NonClass: 108K(192K)->108K(192K) Class: 8K(128K)->8K(128K)
[15,036s][info][gc          ] GC(140) Pause Young (Mixed) (G1 Evacuation Pause) 45M->13M(64M) 0,551ms
[15,036s][info][gc,cpu      ] GC(140) User=0,00s Sys=0,00s Real=0,00s
[15,138s][info][gc,start    ] GC(141) Pause Young (Mixed) (G1 Evacuation Pause)
[15,138s][info][gc,task     ] GC(141) Using 4 workers of 8 for evacuation
[15,139s][info][gc,phases   ] GC(141)   Pre Evacuate Collection Set: 0,0ms
[15,139s][info][gc,phases   ] GC(141)   Merge Heap Roots: 0,0ms
[15,139s][info][gc,phases   ] GC(141)   Evacuate Collection Set: 0,5ms
[15,139s][info][gc,phases   ] GC(141)   Post Evacuate Collection Set: 0,1ms
[15,139s][info][gc,phases   ] GC(141)   Other: 0,1ms
[15,139s][info][gc,heap     ] GC(141) Eden regions: 31->0(28)
[15,139s][info][gc,heap     ] GC(141) Survivor regions: 1->4(4)
[15,139s][info][gc,heap     ] GC(141) Old regions: 12->13
[15,139s][info][gc,heap     ] GC(141) Archive regions: 2->2
[15,139s][info][gc,heap     ] GC(141) Humongous regions: 0->0
[15,139s][info][gc,metaspace] GC(141) Metaspace: 117K(320K)->117K(320K) NonClass: 108K(192K)->108K(192K) Class: 8K(128K)->8K(128K)
[15,139s][info][gc          ] GC(141) Pause Young (Mixed) (G1 Evacuation Pause) 43M->17M(64M) 0,823ms
[15,139s][info][gc,cpu      ] GC(141) User=0,01s Sys=0,00s Real=0,00s
[15,288s][info][gc,start    ] GC(142) Pause Young (Mixed) (G1 Evacuation Pause)
[15,288s][info][gc,task     ] GC(142) Using 4 workers of 8 for evacuation
[15,289s][info][gc,phases   ] GC(142)   Pre Evacuate Collection Set: 0,0ms
[15,289s][info][gc,phases   ] GC(142)   Merge Heap Roots: 0,0ms
[15,289s][info][gc,phases   ] GC(142)   Evacuate Collection Set: 0,1ms
[15,289s][info][gc,phases   ] GC(142)   Post Evacuate Collection Set: 0,1ms
[15,289s][info][gc,phases   ] GC(142)   Other: 0,1ms
[15,289s][info][gc,heap     ] GC(142) Eden regions: 28->0(31)
[15,289s][info][gc,heap     ] GC(142) Survivor regions: 4->1(4)
[15,289s][info][gc,heap     ] GC(142) Old regions: 13->12
[15,289s][info][gc,heap     ] GC(142) Archive regions: 2->2
[15,289s][info][gc,heap     ] GC(142) Humongous regions: 0->0
[15,289s][info][gc,metaspace] GC(142) Metaspace: 117K(320K)->117K(320K) NonClass: 108K(192K)->108K(192K) Class: 8K(128K)->8K(128K)
[15,289s][info][gc          ] GC(142) Pause Young (Mixed) (G1 Evacuation Pause) 45M->12M(64M) 0,469ms
[15,289s][info][gc,cpu      ] GC(142) User=0,00s Sys=0,00s Real=0,00s
[15,389s][info][gc,start    ] GC(143) Pause Young (Normal) (G1 Evacuation Pause)
[15,389s][info][gc,task     ] GC(143) Using 4 workers of 8 for evacuation
[15,390s][info][gc,phases   ] GC(143)   Pre Evacuate Collection Set: 0,0ms
[15,390s][info][gc,phases   ] GC(143)   Merge Heap Roots: 0,0ms
[15,390s][info][gc,phases   ] GC(143)   Evacuate Collection Set: 0,5ms
[15,390s][info][gc,phases   ] GC(143)   Post Evacuate Collection Set: 0,1ms
[15,390s][info][gc,phases   ] GC(143)   Other: 0,1ms
[15,390s][info][gc,heap     ] GC(143) Eden regions: 31->0(28)
[15,390s][info][gc,heap     ] GC(143) Survivor regions: 1->4(4)
[15,390s][info][gc,heap     ] GC(143) Old regions: 12->13
[15,390s][info][gc,heap     ] GC(143) Archive regions: 2->2
[15,390s][info][gc,heap     ] GC(143) Humongous regions: 0->0
[15,390s][info][gc,metaspace] GC(143) Metaspace: 117K(320K)->117K(320K) NonClass: 108K(192K)->108K(192K) Class: 8K(128K)->8K(128K)
[15,390s][info][gc          ] GC(143) Pause Young (Normal) (G1 Evacuation Pause) 43M->17M(64M) 0,844ms
[15,390s][info][gc,cpu      ] GC(143) User=0,00s Sys=0,00s Real=0,00s
[15,537s][info][gc,start    ] GC(144) Pause Young (Normal) (G1 Evacuation Pause)
[15,537s][info][gc,task     ] GC(144) Using 4 workers of 8 for evacuation
[15,538s][info][gc,phases   ] GC(144)   Pre Evacuate Collection Set: 0,0ms
[15,538s][info][gc,phases   ] GC(144)   Merge Heap Roots: 0,0ms
[15,538s][info][gc,phases   ] GC(144)   Evacuate Collection Set: 0,1ms
[15,538s][info][gc,phases   ] GC(144)   Post Evacuate Collection Set: 0,1ms
[15,538s][info][gc,phases   ] GC(144)   Other: 0,1ms
[15,538s][info][gc,heap     ] GC(144) Eden regions: 28->0(31)
[15,538s][info][gc,heap     ] GC(144) Survivor regions: 4->1(4)
[15,538s][info][gc,heap     ] GC(144) Old regions: 13->13
[15,538s][info][gc,heap     ] GC(144) Archive regions: 2->2
[15,538s][info][gc,heap     ] GC(144) Humongous regions: 0->0
[15,538s][info][gc,metaspace] GC(144) Metaspace: 117K(320K)->117K(320K) NonClass: 108K(192K)->108K(192K) Class: 8K(128K)->8K(128K)
[15,538s][info][gc          ] GC(144) Pause Young (Normal) (G1 Evacuation Pause) 45M->14M(64M) 0,545ms
[15,538s][info][gc,cpu      ] GC(144) User=0,00s Sys=0,00s Real=0,00s
[15,638s][info][gc,start    ] GC(145) Pause Young (Normal) (G1 Evacuation Pause)
[15,638s][info][gc,task     ] GC(145) Using 4 workers of 8 for evacuation
[15,639s][info][gc,phases   ] GC(145)   Pre Evacuate Collection Set: 0,0ms
[15,639s][info][gc,phases   ] GC(145)   Merge Heap Roots: 0,0ms
[15,639s][info][gc,phases   ] GC(145)   Evacuate Collection Set: 0,4ms
[15,639s][info][gc,phases   ] GC(145)   Post Evacuate Collection Set: 0,1ms
[15,639s][info][gc,phases   ] GC(145)   Other: 0,1ms
[15,639s][info][gc,heap     ] GC(145) Eden regions: 31->0(28)
[15,639s][info][gc,heap     ] GC(145) Survivor regions: 1->4(4)
[15,639s][info][gc,heap     ] GC(145) Old regions: 13->14
[15,639s][info][gc,heap     ] GC(145) Archive regions: 2->2
[15,639s][info][gc,heap     ] GC(145) Humongous regions: 0->0
[15,639s][info][gc,metaspace] GC(145) Metaspace: 117K(320K)->117K(320K) NonClass: 108K(192K)->108K(192K) Class: 8K(128K)->8K(128K)
[15,639s][info][gc          ] GC(145) Pause Young (Normal) (G1 Evacuation Pause) 44M->18M(64M) 0,736ms
[15,639s][info][gc,cpu      ] GC(145) User=0,00s Sys=0,00s Real=0,00s
[15,735s][info][gc,start    ] GC(146) Pause Young (Normal) (G1 Evacuation Pause)
[15,735s][info][gc,task     ] GC(146) Using 4 workers of 8 for evacuation
[15,736s][info][gc,phases   ] GC(146)   Pre Evacuate Collection Set: 0,0ms
[15,736s][info][gc,phases   ] GC(146)   Merge Heap Roots: 0,0ms
[15,736s][info][gc,phases   ] GC(146)   Evacuate Collection Set: 1,0ms
[15,736s][info][gc,phases   ] GC(146)   Post Evacuate Collection Set: 0,1ms
[15,736s][info][gc,phases   ] GC(146)   Other: 0,1ms
[15,736s][info][gc,heap     ] GC(146) Eden regions: 28->0(28)
[15,736s][info][gc,heap     ] GC(146) Survivor regions: 4->4(4)
[15,736s][info][gc,heap     ] GC(146) Old regions: 14->18
[15,736s][info][gc,heap     ] GC(146) Archive regions: 2->2
[15,736s][info][gc,heap     ] GC(146) Humongous regions: 0->0
[15,736s][info][gc,metaspace] GC(146) Metaspace: 117K(320K)->117K(320K) NonClass: 108K(192K)->108K(192K) Class: 8K(128K)->8K(128K)
[15,736s][info][gc          ] GC(146) Pause Young (Normal) (G1 Evacuation Pause) 46M->22M(64M) 1,330ms
[15,736s][info][gc,cpu      ] GC(146) User=0,00s Sys=0,00s Real=0,00s
[15,839s][info][gc,start    ] GC(147) Pause Young (Normal) (G1 Evacuation Pause)
[15,839s][info][gc,task     ] GC(147) Using 4 workers of 8 for evacuation
[15,839s][info][gc,phases   ] GC(147)   Pre Evacuate Collection Set: 0,0ms
[15,839s][info][gc,phases   ] GC(147)   Merge Heap Roots: 0,0ms
[15,839s][info][gc,phases   ] GC(147)   Evacuate Collection Set: 0,2ms
[15,840s][info][gc,phases   ] GC(147)   Post Evacuate Collection Set: 0,1ms
[15,840s][info][gc,phases   ] GC(147)   Other: 0,1ms
[15,840s][info][gc,heap     ] GC(147) Eden regions: 28->0(30)
[15,840s][info][gc,heap     ] GC(147) Survivor regions: 4->2(4)
[15,840s][info][gc,heap     ] GC(147) Old regions: 18->18
[15,840s][info][gc,heap     ] GC(147) Archive regions: 2->2
[15,840s][info][gc,heap     ] GC(147) Humongous regions: 0->0
[15,840s][info][gc,metaspace] GC(147) Metaspace: 117K(320K)->117K(320K) NonClass: 108K(192K)->108K(192K) Class: 8K(128K)->8K(128K)
[15,840s][info][gc          ] GC(147) Pause Young (Normal) (G1 Evacuation Pause) 50M->20M(64M) 0,533ms
[15,840s][info][gc,cpu      ] GC(147) User=0,01s Sys=0,00s Real=0,00s
[15,938s][info][gc,start    ] GC(148) Pause Young (Normal) (G1 Evacuation Pause)
[15,938s][info][gc,task     ] GC(148) Using 4 workers of 8 for evacuation
[15,939s][info][gc,phases   ] GC(148)   Pre Evacuate Collection Set: 0,0ms
[15,939s][info][gc,phases   ] GC(148)   Merge Heap Roots: 0,0ms
[15,939s][info][gc,phases   ] GC(148)   Evacuate Collection Set: 0,8ms
[15,939s][info][gc,phases   ] GC(148)   Post Evacuate Collection Set: 0,1ms
[15,939s][info][gc,phases   ] GC(148)   Other: 0,1ms
[15,939s][info][gc,heap     ] GC(148) Eden regions: 30->0(28)
[15,939s][info][gc,heap     ] GC(148) Survivor regions: 2->4(4)
[15,939s][info][gc,heap     ] GC(148) Old regions: 18->21
[15,939s][info][gc,heap     ] GC(148) Archive regions: 2->2
[15,939s][info][gc,heap     ] GC(148) Humongous regions: 0->0
[15,939s][info][gc,metaspace] GC(148) Metaspace: 117K(320K)->117K(320K) NonClass: 108K(192K)->108K(192K) Class: 8K(128K)->8K(128K)
[15,939s][info][gc          ] GC(148) Pause Young (Normal) (G1 Evacuation Pause) 50M->25M(64M) 1,136ms
[15,939s][info][gc,cpu      ] GC(148) User=0,00s Sys=0,00s Real=0,00s
[16,087s][info][gc,start    ] GC(149) Pause Young (Concurrent Start) (G1 Evacuation Pause)
[16,087s][info][gc,task     ] GC(149) Using 4 workers of 8 for evacuation
[16,087s][info][gc,phases   ] GC(149)   Pre Evacuate Collection Set: 0,0ms
[16,087s][info][gc,phases   ] GC(149)   Merge Heap Roots: 0,0ms
[16,087s][info][gc,phases   ] GC(149)   Evacuate Collection Set: 0,1ms
[16,087s][info][gc,phases   ] GC(149)   Post Evacuate Collection Set: 0,1ms
[16,087s][info][gc,phases   ] GC(149)   Other: 0,1ms
[16,087s][info][gc,heap     ] GC(149) Eden regions: 28->0(31)
[16,087s][info][gc,heap     ] GC(149) Survivor regions: 4->1(4)
[16,087s][info][gc,heap     ] GC(149) Old regions: 21->21
[16,087s][info][gc,heap     ] GC(149) Archive regions: 2->2
[16,088s][info][gc,heap     ] GC(149) Humongous regions: 0->0
[16,088s][info][gc,metaspace] GC(149) Metaspace: 117K(320K)->117K(320K) NonClass: 108K(192K)->108K(192K) Class: 8K(128K)->8K(128K)
[16,088s][info][gc          ] GC(149) Pause Young (Concurrent Start) (G1 Evacuation Pause) 53M->21M(64M) 0,500ms
[16,088s][info][gc,cpu      ] GC(149) User=0,00s Sys=0,00s Real=0,00s
[16,088s][info][gc          ] GC(150) Concurrent Mark Cycle
[16,088s][info][gc,marking  ] GC(150) Concurrent Clear Claimed Marks
[16,088s][info][gc,marking  ] GC(150) Concurrent Clear Claimed Marks 0,007ms
[16,088s][info][gc,marking  ] GC(150) Concurrent Scan Root Regions
[16,088s][info][gc,marking  ] GC(150) Concurrent Scan Root Regions 0,043ms
[16,088s][info][gc,marking  ] GC(150) Concurrent Mark
[16,088s][info][gc,marking  ] GC(150) Concurrent Mark From Roots
[16,088s][info][gc,task     ] GC(150) Using 2 workers of 2 for marking
[16,089s][info][gc,marking  ] GC(150) Concurrent Mark From Roots 1,180ms
[16,089s][info][gc,marking  ] GC(150) Concurrent Preclean
[16,089s][info][gc,marking  ] GC(150) Concurrent Preclean 0,023ms
[16,089s][info][gc,start    ] GC(150) Pause Remark
[16,089s][info][gc          ] GC(150) Pause Remark 29M->20M(64M) 0,182ms
[16,089s][info][gc,cpu      ] GC(150) User=0,00s Sys=0,00s Real=0,00s
[16,089s][info][gc,marking  ] GC(150) Concurrent Mark 1,546ms
[16,089s][info][gc,marking  ] GC(150) Concurrent Rebuild Remembered Sets
[16,090s][info][gc,marking  ] GC(150) Concurrent Rebuild Remembered Sets 0,382ms
[16,090s][info][gc,start    ] GC(150) Pause Cleanup
[16,090s][info][gc          ] GC(150) Pause Cleanup 20M->20M(64M) 0,062ms
[16,090s][info][gc,cpu      ] GC(150) User=0,00s Sys=0,00s Real=0,00s
[16,090s][info][gc,marking  ] GC(150) Concurrent Cleanup for Next Mark
[16,090s][info][gc,marking  ] GC(150) Concurrent Cleanup for Next Mark 0,102ms
[16,090s][info][gc          ] GC(150) Concurrent Mark Cycle 2,340ms
[16,189s][info][gc,start    ] GC(151) Pause Young (Prepare Mixed) (G1 Evacuation Pause)
[16,189s][info][gc,task     ] GC(151) Using 4 workers of 8 for evacuation
[16,190s][info][gc,phases   ] GC(151)   Pre Evacuate Collection Set: 0,0ms
[16,190s][info][gc,phases   ] GC(151)   Merge Heap Roots: 0,0ms
[16,190s][info][gc,phases   ] GC(151)   Evacuate Collection Set: 0,6ms
[16,190s][info][gc,phases   ] GC(151)   Post Evacuate Collection Set: 0,1ms
[16,190s][info][gc,phases   ] GC(151)   Other: 0,1ms
[16,190s][info][gc,heap     ] GC(151) Eden regions: 31->0(28)
[16,190s][info][gc,heap     ] GC(151) Survivor regions: 1->4(4)
[16,190s][info][gc,heap     ] GC(151) Old regions: 12->15
[16,190s][info][gc,heap     ] GC(151) Archive regions: 2->2
[16,190s][info][gc,heap     ] GC(151) Humongous regions: 0->0
[16,190s][info][gc,metaspace] GC(151) Metaspace: 117K(320K)->117K(320K) NonClass: 108K(192K)->108K(192K) Class: 8K(128K)->8K(128K)
[16,190s][info][gc          ] GC(151) Pause Young (Prepare Mixed) (G1 Evacuation Pause) 43M->19M(64M) 0,916ms
[16,190s][info][gc,cpu      ] GC(151) User=0,00s Sys=0,00s Real=0,00s
[16,334s][info][gc,start    ] GC(152) Pause Young (Mixed) (G1 Evacuation Pause)
[16,335s][info][gc,task     ] GC(152) Using 4 workers of 8 for evacuation
[16,335s][info][gc,phases   ] GC(152)   Pre Evacuate Collection Set: 0,0ms
[16,335s][info][gc,phases   ] GC(152)   Merge Heap Roots: 0,0ms
[16,335s][info][gc,phases   ] GC(152)   Evacuate Collection Set: 0,1ms
[16,335s][info][gc,phases   ] GC(152)   Post Evacuate Collection Set: 0,1ms
[16,335s][info][gc,phases   ] GC(152)   Other: 0,1ms
[16,335s][info][gc,heap     ] GC(152) Eden regions: 28->0(31)
[16,335s][info][gc,heap     ] GC(152) Survivor regions: 4->1(4)
[16,335s][info][gc,heap     ] GC(152) Old regions: 15->14
[16,335s][info][gc,heap     ] GC(152) Archive regions: 2->2
[16,335s][info][gc,heap     ] GC(152) Humongous regions: 0->0
[16,335s][info][gc,metaspace] GC(152) Metaspace: 117K(320K)->117K(320K) NonClass: 108K(192K)->108K(192K) Class: 8K(128K)->8K(128K)
[16,335s][info][gc          ] GC(152) Pause Young (Mixed) (G1 Evacuation Pause) 47M->14M(64M) 0,543ms
[16,335s][info][gc,cpu      ] GC(152) User=0,00s Sys=0,00s Real=0,00s
[16,439s][info][gc,start    ] GC(153) Pause Young (Mixed) (G1 Evacuation Pause)
[16,439s][info][gc,task     ] GC(153) Using 4 workers of 8 for evacuation
[16,440s][info][gc,phases   ] GC(153)   Pre Evacuate Collection Set: 0,0ms
[16,440s][info][gc,phases   ] GC(153)   Merge Heap Roots: 0,0ms
[16,440s][info][gc,phases   ] GC(153)   Evacuate Collection Set: 0,6ms
[16,440s][info][gc,phases   ] GC(153)   Post Evacuate Collection Set: 0,1ms
[16,440s][info][gc,phases   ] GC(153)   Other: 0,1ms
[16,440s][info][gc,heap     ] GC(153) Eden regions: 31->0(28)
[16,440s][info][gc,heap     ] GC(153) Survivor regions: 1->4(4)
[16,440s][info][gc,heap     ] GC(153) Old regions: 14->15
[16,440s][info][gc,heap     ] GC(153) Archive regions: 2->2
[16,440s][info][gc,heap     ] GC(153) Humongous regions: 0->0
[16,440s][info][gc,metaspace] GC(153) Metaspace: 117K(320K)->117K(320K) NonClass: 108K(192K)->108K(192K) Class: 8K(128K)->8K(128K)
[16,440s][info][gc          ] GC(153) Pause Young (Mixed) (G1 Evacuation Pause) 45M->19M(64M) 0,924ms
[16,440s][info][gc,cpu      ] GC(153) User=0,01s Sys=0,00s Real=0,00s
[16,538s][info][gc,start    ] GC(154) Pause Young (Mixed) (G1 Evacuation Pause)
[16,538s][info][gc,task     ] GC(154) Using 4 workers of 8 for evacuation
[16,538s][info][gc,phases   ] GC(154)   Pre Evacuate Collection Set: 0,0ms
[16,538s][info][gc,phases   ] GC(154)   Merge Heap Roots: 0,0ms
[16,538s][info][gc,phases   ] GC(154)   Evacuate Collection Set: 0,2ms
[16,538s][info][gc,phases   ] GC(154)   Post Evacuate Collection Set: 0,1ms
[16,538s][info][gc,phases   ] GC(154)   Other: 0,1ms
[16,538s][info][gc,heap     ] GC(154) Eden regions: 28->0(31)
[16,538s][info][gc,heap     ] GC(154) Survivor regions: 4->1(4)
[16,538s][info][gc,heap     ] GC(154) Old regions: 15->14
[16,538s][info][gc,heap     ] GC(154) Archive regions: 2->2
[16,538s][info][gc,heap     ] GC(154) Humongous regions: 0->0
[16,538s][info][gc,metaspace] GC(154) Metaspace: 117K(320K)->117K(320K) NonClass: 108K(192K)->108K(192K) Class: 8K(128K)->8K(128K)
[16,538s][info][gc          ] GC(154) Pause Young (Mixed) (G1 Evacuation Pause) 47M->14M(64M) 0,504ms
[16,538s][info][gc,cpu      ] GC(154) User=0,00s Sys=0,00s Real=0,00s
[16,635s][info][gc,start    ] GC(155) Pause Young (Mixed) (G1 Evacuation Pause)
[16,635s][info][gc,task     ] GC(155) Using 4 workers of 8 for evacuation
[16,636s][info][gc,phases   ] GC(155)   Pre Evacuate Collection Set: 0,0ms
[16,636s][info][gc,phases   ] GC(155)   Merge Heap Roots: 0,0ms
[16,636s][info][gc,phases   ] GC(155)   Evacuate Collection Set: 0,4ms
[16,636s][info][gc,phases   ] GC(155)   Post Evacuate Collection Set: 0,1ms
[16,636s][info][gc,phases   ] GC(155)   Other: 0,1ms
[16,636s][info][gc,heap     ] GC(155) Eden regions: 31->0(28)
[16,636s][info][gc,heap     ] GC(155) Survivor regions: 1->4(4)
[16,636s][info][gc,heap     ] GC(155) Old regions: 14->14
[16,636s][info][gc,heap     ] GC(155) Archive regions: 2->2
[16,636s][info][gc,heap     ] GC(155) Humongous regions: 0->0
[16,636s][info][gc,metaspace] GC(155) Metaspace: 117K(320K)->117K(320K) NonClass: 108K(192K)->108K(192K) Class: 8K(128K)->8K(128K)
[16,636s][info][gc          ] GC(155) Pause Young (Mixed) (G1 Evacuation Pause) 45M->18M(64M) 0,788ms
[16,636s][info][gc,cpu      ] GC(155) User=0,00s Sys=0,00s Real=0,00s
[16,777s][info][gc,heap,exit] Heap
[16,777s][info][gc,heap,exit]  garbage-first heap   total 65536K, used 48052K [0x00000007fc000000, 0x0000000800000000)
[16,777s][info][gc,heap,exit]   region size 1024K, 32 young (32768K), 4 survivors (4096K)
[16,777s][info][gc,heap,exit]  Metaspace       used 119K, committed 320K, reserved 1056768K
[16,777s][info][gc,heap,exit]   class space    used 8K, committed 128K, reserved 1048576K
